  WARNING: Previously-downloaded file /data/data/com.termux/files/home/python_wheels_for_termux/wheels/argcomplete-3.6.3-py3-none-any.whl has bad hash. Re-downloading.
  WARNING: Previously-downloaded file /data/data/com.termux/files/home/python_wheels_for_termux/wheels/asgiref-3.11.1-py3-none-any.whl has bad hash. Re-downloading.
  WARNING: Previously-downloaded file /data/data/com.termux/files/home/python_wheels_for_termux/wheels/cadwyn-6.2.2-py3-none-any.whl has bad hash. Re-downloading.
  WARNING: Previously-downloaded file /data/data/com.termux/files/home/python_wheels_for_termux/wheels/cron_descriptor-2.0.8-py3-none-any.whl has bad hash. Re-downloading.
  WARNING: Previously-downloaded file /data/data/com.termux/files/home/python_wheels_for_termux/wheels/croniter-6.2.2-py3-none-any.whl has bad hash. Re-downloading.
  WARNING: Previously-downloaded file /data/data/com.termux/files/home/python_wheels_for_termux/wheels/deprecated-1.3.1-py2.py3-none-any.whl has bad hash. Re-downloading.
  WARNING: Previously-downloaded file /data/data/com.termux/files/home/python_wheels_for_termux/wheels/dill-0.4.1-py3-none-any.whl has bad hash. Re-downloading.
  WARNING: Previously-downloaded file /data/data/com.termux/files/home/python_wheels_for_termux/wheels/fastapi-0.136.1-py3-none-any.whl has bad hash. Re-downloading.
  WARNING: Previously-downloaded file /data/data/com.termux/files/home/python_wheels_for_termux/wheels/httpx-0.28.1-py3-none-any.whl has bad hash. Re-downloading.
  WARNING: Previously-downloaded file /data/data/com.termux/files/home/python_wheels_for_termux/wheels/importlib_metadata-9.0.0-py3-none-any.whl has bad hash. Re-downloading.
  WARNING: Previously-downloaded file /data/data/com.termux/files/home/python_wheels_for_termux/wheels/itsdangerous-2.2.0-py3-none-any.whl has bad hash. Re-downloading.
  WARNING: Previously-downloaded file /data/data/com.termux/files/home/python_wheels_for_termux/wheels/linkify_it_py-2.1.0-py3-none-any.whl has bad hash. Re-downloading.
  WARNING: Previously-downloaded file /data/data/com.termux/files/home/python_wheels_for_termux/wheels/lockfile-0.12.2-py2.py3-none-any.whl has bad hash. Re-downloading.
  WARNING: Previously-downloaded file /data/data/com.termux/files/home/python_wheels_for_termux/wheels/methodtools-0.4.7-py2.py3-none-any.whl has bad hash. Re-downloading.
  WARNING: Previously-downloaded file /data/data/com.termux/files/home/python_wheels_for_termux/wheels/natsort-8.4.0-py3-none-any.whl has bad hash. Re-downloading.
  WARNING: Previously-downloaded file /data/data/com.termux/files/home/python_wheels_for_termux/wheels/opentelemetry_api-1.41.1-py3-none-any.whl has bad hash. Re-downloading.
  WARNING: Previously-downloaded file /data/data/com.termux/files/home/python_wheels_for_termux/wheels/opentelemetry_exporter_otlp-1.41.1-py3-none-any.whl has bad hash. Re-downloading.
  WARNING: Previously-downloaded file /data/data/com.termux/files/home/python_wheels_for_termux/wheels/opentelemetry_proto-1.41.1-py3-none-any.whl has bad hash. Re-downloading.
  WARNING: Previously-downloaded file /data/data/com.termux/files/home/python_wheels_for_termux/wheels/pathspec-1.1.1-py3-none-any.whl has bad hash. Re-downloading.
  WARNING: Previously-downloaded file /data/data/com.termux/files/home/python_wheels_for_termux/wheels/pendulum-3.2.0-py3-none-any.whl has bad hash. Re-downloading.
  WARNING: Previously-downloaded file /data/data/com.termux/files/home/python_wheels_for_termux/wheels/pluggy-1.6.0-py3-none-any.whl has bad hash. Re-downloading.
  error: subprocess-exited-with-error
  
  × Getting requirements to build wheel did not run successfully.
  │ exit code: 1
  ╰─> [1 lines of output]
      platform android is not supported
      [end of output]
  
  note: This error originates from a subprocess, and is likely not a problem with pip.
ERROR: Failed to build 'psutil' when getting requirements to build wheel
