WARNING: Retrying (Retry(total=4, connect=None, read=None, redirect=None, status=None)) after connection broken by 'ReadTimeoutError("HTTPSConnectionPool(host='mirrors.aliyun.com', port=443): Read timed out. (read timeout=15)")': /pypi/simple/pyarrow/
  error: subprocess-exited-with-error
  
  × Building wheel for pyarrow (pyproject.toml) did not run successfully.
  │ exit code: 1
  ╰─> [53 lines of output]
      WARNING: tool.scikit-build.metadata is deprecated; use the standard top-level [[tool.dynamic-metadata]] instead
      *** scikit-build-core 1.0.3 using CMake 4.4.3 (wheel)
      *** Configuring CMake...
      loading initial cache file /data/data/com.termux/files/usr/tmp/tmpkkos7s8j/build/CMakeInit.txt
      -- The C compiler identification is Clang 21.1.8
      -- The CXX compiler identification is Clang 21.1.8
      -- Detecting C compiler ABI info
      -- Detecting C compiler ABI info - done
      -- Check for working C compiler: /data/data/com.termux/files/usr/bin/clang - skipped
      -- Detecting C compile features
      -- Detecting C compile features - done
      -- Detecting CXX compiler ABI info
      -- Detecting CXX compiler ABI info - done
      -- Check for working CXX compiler: /data/data/com.termux/files/usr/bin/clang++ - skipped
      -- Detecting CXX compile features
      -- Detecting CXX compile features - done
      -- Using ccache: /data/data/com.termux/files/usr/bin/ccache
      -- System processor: aarch64
      -- Performing Test CXX_SUPPORTS_SVE
      -- Performing Test CXX_SUPPORTS_SVE - Success
      -- Arrow build warning level: PRODUCTION
      -- Build Type: Release
      -- CMAKE_C_FLAGS:  -Wall -Wno-unknown-warning-option -Wno-pass-failed -march=armv8-a -fPIC -Qunused-arguments -fcolor-diagnostics  -fno-omit-frame-pointer -Wno-unused-variable -Wno-maybe-uninitialized -Wno-parentheses-equality -Wno-constant-logical-operand -Wno-missing-declarations -Wno-sometimes-uninitialized -Wno-return-type-c-linkage
      -- CMAKE_CXX_FLAGS:   -Wall -Wno-unknown-warning-option -Wno-pass-failed -march=armv8-a -fPIC -Qunused-arguments -fcolor-diagnostics  -fno-omit-frame-pointer -Wno-unused-variable -Wno-maybe-uninitialized -Wno-parentheses-equality -Wno-constant-logical-operand -Wno-missing-declarations -Wno-sometimes-uninitialized -Wno-return-type-c-linkage
      -- Generator: Ninja
      -- Build output directory: /data/data/com.termux/files/usr/tmp/tmpkkos7s8j/build/release
      -- Found Python3: /data/data/com.termux/files/usr/bin/python3.14 (found version "3.14.6") found components: Interpreter Development.Module NumPy
      -- Found Python3Alt: /data/data/com.termux/files/usr/bin/python3.14
      -- Found NumPy version: 2.5.3
      -- NumPy include dir: /data/data/com.termux/files/usr/tmp/pip-build-env-69m2vgom/overlay/lib/python3.14/site-packages/numpy/_core/include
      -- Found Cython version: 3.3.0
      CMake Error at CMakeLists.txt:294 (find_package):
        By not providing "FindArrow.cmake" in CMAKE_MODULE_PATH this project has
        asked CMake to find a package configuration file provided by "Arrow", but
        CMake did not find one.
      
        Could not find a package configuration file provided by "Arrow" with any of
        the following names:
      
          Arrow.cps
          arrow.cps
          ArrowConfig.cmake
          arrow-config.cmake
      
        Add the installation prefix of "Arrow" to CMAKE_PREFIX_PATH or set
        "Arrow_DIR" to a directory containing one of the above files.  If "Arrow"
        provides a separate development package or SDK, be sure it has been
        installed.
      
      
      -- Configuring incomplete, errors occurred!
      
      *** CMake configuration failed
      [end of output]
  
  note: This error originates from a subprocess, and is likely not a problem with pip.
  ERROR: Failed building wheel for pyarrow
ERROR: Failed to build one or more wheels
