  WARNING: Previously-downloaded file /data/data/com.termux/files/home/python_wheels_for_termux/wheels/d6tflow-0.2.8-py3-none-any.whl has bad hash. Re-downloading.
  WARNING: Previously-downloaded file /data/data/com.termux/files/home/python_wheels_for_termux/wheels/luigi-3.8.1-py3-none-any.whl has bad hash. Re-downloading.
  WARNING: Previously-downloaded file /data/data/com.termux/files/home/python_wheels_for_termux/wheels/python_daemon-3.1.2-py3-none-any.whl has bad hash. Re-downloading.
  WARNING: Previously-downloaded file /data/data/com.termux/files/home/python_wheels_for_termux/wheels/tenacity-9.1.4-py3-none-any.whl has bad hash. Re-downloading.
  error: subprocess-exited-with-error
  
  × Building wheel for pyarrow (pyproject.toml) did not run successfully.
  │ exit code: 1
  ╰─> [52 lines of output]
      *** scikit-build-core 0.12.2 using CMake 4.3.1 (wheel)
      *** Configuring CMake...
      loading initial cache file /data/data/com.termux/files/usr/tmp/tmp1yn5oxz8/build/CMakeInit.txt
      -- The C compiler identification is Clang 21.1.8
      -- The CXX compiler identification is Clang 21.1.8
      -- Detecting C compiler ABI info
      -- Detecting C compiler ABI info - done
      -- Check for working C compiler: /data/data/com.termux/files/usr/bin/clang - skipped
      -- Detecting C compile features
      -- Detecting C compile features - done
      -- Detecting CXX compiler ABI info
      -- Detecting CXX compiler ABI info - done
      -- Check for working CXX compiler: /data/data/com.termux/files/usr/bin/clang++ - skipped
      -- Detecting CXX compile features
      -- Detecting CXX compile features - done
      -- Using ccache: /data/data/com.termux/files/usr/bin/ccache
      -- System processor: aarch64
      -- Performing Test CXX_SUPPORTS_SVE
      -- Performing Test CXX_SUPPORTS_SVE - Success
      -- Arrow build warning level: PRODUCTION
      -- Build Type: Release
      -- CMAKE_C_FLAGS:  -Wall -Wno-unknown-warning-option -Wno-pass-failed -march=armv8-a -fPIC -Qunused-arguments -fcolor-diagnostics  -fno-omit-frame-pointer -Wno-unused-variable -Wno-maybe-uninitialized -Wno-parentheses-equality -Wno-constant-logical-operand -Wno-missing-declarations -Wno-sometimes-uninitialized -Wno-return-type-c-linkage
      -- CMAKE_CXX_FLAGS:   -Wall -Wno-unknown-warning-option -Wno-pass-failed -march=armv8-a -fPIC -Qunused-arguments -fcolor-diagnostics  -fno-omit-frame-pointer -Wno-unused-variable -Wno-maybe-uninitialized -Wno-parentheses-equality -Wno-constant-logical-operand -Wno-missing-declarations -Wno-sometimes-uninitialized -Wno-return-type-c-linkage
      -- Generator: Ninja
      -- Build output directory: /data/data/com.termux/files/usr/tmp/tmp1yn5oxz8/build/release
      -- Found Python3: /data/data/com.termux/files/usr/bin/python3.13 (found version "3.13.13") found components: Interpreter Development.Module NumPy
      -- Found Python3Alt: /data/data/com.termux/files/usr/bin/python3.13
      -- Found NumPy version: 2.4.4
      -- NumPy include dir: /data/data/com.termux/files/usr/tmp/pip-build-env-dbcyysd_/overlay/lib/python3.13/site-packages/numpy/_core/include
      -- Found Cython version: 3.2.4
      CMake Error at CMakeLists.txt:294 (find_package):
        By not providing "FindArrow.cmake" in CMAKE_MODULE_PATH this project has
        asked CMake to find a package configuration file provided by "Arrow", but
        CMake did not find one.
      
        Could not find a package configuration file provided by "Arrow" with any of
        the following names:
      
          Arrow.cps
          arrow.cps
          ArrowConfig.cmake
          arrow-config.cmake
      
        Add the installation prefix of "Arrow" to CMAKE_PREFIX_PATH or set
        "Arrow_DIR" to a directory containing one of the above files.  If "Arrow"
        provides a separate development package or SDK, be sure it has been
        installed.
      
      
      -- Configuring incomplete, errors occurred!
      
      *** CMake configuration failed
      [end of output]
  
  note: This error originates from a subprocess, and is likely not a problem with pip.
  ERROR: Failed building wheel for pyarrow
ERROR: Failed to build one or more wheels
