  WARNING: Previously-downloaded file /data/data/com.termux/files/home/python_wheels_for_termux/wheels/hickle-5.0.3-py3-none-any.whl has bad hash. Re-downloading.
  error: subprocess-exited-with-error
  
  × Building wheel for h5py (pyproject.toml) did not run successfully.
  │ exit code: 1
  ╰─> [78 lines of output]
      running bdist_wheel
      running build
      running build_py
      creating build/lib.android-24-arm64_v8a-cpython-313/h5py
      copying h5py/__init__.py -> build/lib.android-24-arm64_v8a-cpython-313/h5py
      copying h5py/h5py_warnings.py -> build/lib.android-24-arm64_v8a-cpython-313/h5py
      copying h5py/ipy_completer.py -> build/lib.android-24-arm64_v8a-cpython-313/h5py
      copying h5py/version.py -> build/lib.android-24-arm64_v8a-cpython-313/h5py
      creating build/lib.android-24-arm64_v8a-cpython-313/h5py/_hl
      copying h5py/_hl/__init__.py -> build/lib.android-24-arm64_v8a-cpython-313/h5py/_hl
      copying h5py/_hl/attrs.py -> build/lib.android-24-arm64_v8a-cpython-313/h5py/_hl
      copying h5py/_hl/base.py -> build/lib.android-24-arm64_v8a-cpython-313/h5py/_hl
      copying h5py/_hl/compat.py -> build/lib.android-24-arm64_v8a-cpython-313/h5py/_hl
      copying h5py/_hl/dataset.py -> build/lib.android-24-arm64_v8a-cpython-313/h5py/_hl
      copying h5py/_hl/datatype.py -> build/lib.android-24-arm64_v8a-cpython-313/h5py/_hl
      copying h5py/_hl/dims.py -> build/lib.android-24-arm64_v8a-cpython-313/h5py/_hl
      copying h5py/_hl/files.py -> build/lib.android-24-arm64_v8a-cpython-313/h5py/_hl
      copying h5py/_hl/filters.py -> build/lib.android-24-arm64_v8a-cpython-313/h5py/_hl
      copying h5py/_hl/group.py -> build/lib.android-24-arm64_v8a-cpython-313/h5py/_hl
      copying h5py/_hl/selections.py -> build/lib.android-24-arm64_v8a-cpython-313/h5py/_hl
      copying h5py/_hl/selections2.py -> build/lib.android-24-arm64_v8a-cpython-313/h5py/_hl
      copying h5py/_hl/vds.py -> build/lib.android-24-arm64_v8a-cpython-313/h5py/_hl
      creating build/lib.android-24-arm64_v8a-cpython-313/h5py/tests
      copying h5py/tests/__init__.py -> build/lib.android-24-arm64_v8a-cpython-313/h5py/tests
      copying h5py/tests/common.py -> build/lib.android-24-arm64_v8a-cpython-313/h5py/tests
      copying h5py/tests/conftest.py -> build/lib.android-24-arm64_v8a-cpython-313/h5py/tests
      copying h5py/tests/test_attribute_create.py -> build/lib.android-24-arm64_v8a-cpython-313/h5py/tests
      copying h5py/tests/test_attrs.py -> build/lib.android-24-arm64_v8a-cpython-313/h5py/tests
      copying h5py/tests/test_attrs_data.py -> build/lib.android-24-arm64_v8a-cpython-313/h5py/tests
      copying h5py/tests/test_base.py -> build/lib.android-24-arm64_v8a-cpython-313/h5py/tests
      copying h5py/tests/test_big_endian_file.py -> build/lib.android-24-arm64_v8a-cpython-313/h5py/tests
      copying h5py/tests/test_completions.py -> build/lib.android-24-arm64_v8a-cpython-313/h5py/tests
      copying h5py/tests/test_dataset.py -> build/lib.android-24-arm64_v8a-cpython-313/h5py/tests
      copying h5py/tests/test_dataset_getitem.py -> build/lib.android-24-arm64_v8a-cpython-313/h5py/tests
      copying h5py/tests/test_dataset_swmr.py -> build/lib.android-24-arm64_v8a-cpython-313/h5py/tests
      copying h5py/tests/test_datatype.py -> build/lib.android-24-arm64_v8a-cpython-313/h5py/tests
      copying h5py/tests/test_dimension_scales.py -> build/lib.android-24-arm64_v8a-cpython-313/h5py/tests
      copying h5py/tests/test_dims_dimensionproxy.py -> build/lib.android-24-arm64_v8a-cpython-313/h5py/tests
      copying h5py/tests/test_dtype.py -> build/lib.android-24-arm64_v8a-cpython-313/h5py/tests
      copying h5py/tests/test_errors.py -> build/lib.android-24-arm64_v8a-cpython-313/h5py/tests
      copying h5py/tests/test_file.py -> build/lib.android-24-arm64_v8a-cpython-313/h5py/tests
      copying h5py/tests/test_file2.py -> build/lib.android-24-arm64_v8a-cpython-313/h5py/tests
      copying h5py/tests/test_file_alignment.py -> build/lib.android-24-arm64_v8a-cpython-313/h5py/tests
      copying h5py/tests/test_file_image.py -> build/lib.android-24-arm64_v8a-cpython-313/h5py/tests
      copying h5py/tests/test_filters.py -> build/lib.android-24-arm64_v8a-cpython-313/h5py/tests
      copying h5py/tests/test_group.py -> build/lib.android-24-arm64_v8a-cpython-313/h5py/tests
      copying h5py/tests/test_h5.py -> build/lib.android-24-arm64_v8a-cpython-313/h5py/tests
      copying h5py/tests/test_h5d_direct_chunk.py -> build/lib.android-24-arm64_v8a-cpython-313/h5py/tests
      copying h5py/tests/test_h5f.py -> build/lib.android-24-arm64_v8a-cpython-313/h5py/tests
      copying h5py/tests/test_h5o.py -> build/lib.android-24-arm64_v8a-cpython-313/h5py/tests
      copying h5py/tests/test_h5p.py -> build/lib.android-24-arm64_v8a-cpython-313/h5py/tests
      copying h5py/tests/test_h5pl.py -> build/lib.android-24-arm64_v8a-cpython-313/h5py/tests
      copying h5py/tests/test_h5s.py -> build/lib.android-24-arm64_v8a-cpython-313/h5py/tests
      copying h5py/tests/test_h5t.py -> build/lib.android-24-arm64_v8a-cpython-313/h5py/tests
      copying h5py/tests/test_h5z.py -> build/lib.android-24-arm64_v8a-cpython-313/h5py/tests
      copying h5py/tests/test_native_complex.py -> build/lib.android-24-arm64_v8a-cpython-313/h5py/tests
      copying h5py/tests/test_npystrings.py -> build/lib.android-24-arm64_v8a-cpython-313/h5py/tests
      copying h5py/tests/test_objects.py -> build/lib.android-24-arm64_v8a-cpython-313/h5py/tests
      copying h5py/tests/test_ros3.py -> build/lib.android-24-arm64_v8a-cpython-313/h5py/tests
      copying h5py/tests/test_selections.py -> build/lib.android-24-arm64_v8a-cpython-313/h5py/tests
      copying h5py/tests/test_slicing.py -> build/lib.android-24-arm64_v8a-cpython-313/h5py/tests
      creating build/lib.android-24-arm64_v8a-cpython-313/h5py/tests/data_files
      copying h5py/tests/data_files/__init__.py -> build/lib.android-24-arm64_v8a-cpython-313/h5py/tests/data_files
      creating build/lib.android-24-arm64_v8a-cpython-313/h5py/tests/test_vds
      copying h5py/tests/test_vds/__init__.py -> build/lib.android-24-arm64_v8a-cpython-313/h5py/tests/test_vds
      copying h5py/tests/test_vds/test_highlevel_vds.py -> build/lib.android-24-arm64_v8a-cpython-313/h5py/tests/test_vds
      copying h5py/tests/test_vds/test_lowlevel_vds.py -> build/lib.android-24-arm64_v8a-cpython-313/h5py/tests/test_vds
      copying h5py/tests/test_vds/test_virtual_source.py -> build/lib.android-24-arm64_v8a-cpython-313/h5py/tests/test_vds
      copying h5py/tests/data_files/compound-dtype-complex.h5 -> build/lib.android-24-arm64_v8a-cpython-313/h5py/tests/data_files
      copying h5py/tests/data_files/vlen_string_dset.h5 -> build/lib.android-24-arm64_v8a-cpython-313/h5py/tests/data_files
      copying h5py/tests/data_files/vlen_string_dset_utc.h5 -> build/lib.android-24-arm64_v8a-cpython-313/h5py/tests/data_files
      copying h5py/tests/data_files/vlen_string_s390x.h5 -> build/lib.android-24-arm64_v8a-cpython-313/h5py/tests/data_files
      running build_ext
      Loading library to get build settings and version: libhdf5.so
      error: Unable to load dependency HDF5, make sure HDF5 is installed properly
      on sys.platform='android' with platform.machine()='aarch64'
      Library dirs checked: []
      error: dlopen failed: library "libhdf5.so" not found
      [end of output]
  
  note: This error originates from a subprocess, and is likely not a problem with pip.
  ERROR: Failed building wheel for h5py
ERROR: Failed to build one or more wheels
