  error: subprocess-exited-with-error
  
  × installing build dependencies for scikit-learn did not run successfully.
  │ exit code: 1
  ╰─> [606 lines of output]
      Looking in indexes: https://mirrors.aliyun.com/pypi/simple/
      Looking in links: /data/data/com.termux/files/home/python_wheels_for_termux/wheels
      Collecting meson-python<0.22.0,>=0.17.1
        Downloading meson_python-0.21.1-py3-none-any.whl (29 kB)
      Collecting cython<3.2.6,>=3.1.2
        Downloading cython-3.2.5-py3-none-any.whl (1.3 MB)
           ━━━━━━━━━━━━━━━━━━━━━━━━━━━━━━━━━━━━━━━━ 1.3/1.3 MB 148.6 kB/s  0:00:08
      Processing ./numpy-2.5.3-cp314-cp314-android_24_arm64_v8a.whl
      Collecting scipy<1.19.0,>=1.10.0
        Using cached scipy-1.18.1.tar.gz (30.8 MB)
        Installing build dependencies: started
        Installing build dependencies: still running...
        Installing build dependencies: finished with status 'done'
        Getting requirements to build wheel: started
        Getting requirements to build wheel: finished with status 'done'
        Preparing metadata (pyproject.toml): started
        Preparing metadata (pyproject.toml): still running...
        Preparing metadata (pyproject.toml): still running...
        Preparing metadata (pyproject.toml): finished with status 'error'
        error: subprocess-exited-with-error
      
        × Preparing metadata (pyproject.toml) did not run successfully.
        │ exit code: 130
        ╰─> [572 lines of output]
            + meson setup /data/data/com.termux/files/usr/tmp/pip-install-es34yxxd/scipy_e619d31fe42747579de38535fa975db1 /data/data/com.termux/files/usr/tmp/pip-install-es34yxxd/scipy_e619d31fe42747579de38535fa975db1/.mesonpy-u027nemx -Dbuildtype=release -Db_ndebug=if-release -Db_vscrt=md --native-file=/data/data/com.termux/files/usr/tmp/pip-install-es34yxxd/scipy_e619d31fe42747579de38535fa975db1/.mesonpy-u027nemx/meson-python-native-file.ini
            The Meson build system
            Version: 1.12.0
            Source dir: /data/data/com.termux/files/usr/tmp/pip-install-es34yxxd/scipy_e619d31fe42747579de38535fa975db1
            Build dir: /data/data/com.termux/files/usr/tmp/pip-install-es34yxxd/scipy_e619d31fe42747579de38535fa975db1/.mesonpy-u027nemx
            Build type: native build
            Project name: scipy
            Project version: 1.18.1
            C compiler for the host machine: clang (clang 21.1.8 "clang version 21.1.8")
            C linker for the host machine: clang ld.lld 21.1.8
            C++ compiler for the host machine: clang++ (clang 21.1.8 "clang version 21.1.8")
            C++ linker for the host machine: clang++ ld.lld 21.1.8
            Cython compiler for the host machine: cython (cython 3.2.9)
            Host machine cpu family: aarch64
            Host machine cpu: aarch64
            Program python found: YES (/data/data/com.termux/files/usr/bin/python3.14)
            Found pkg-config: YES (/data/data/com.termux/files/usr/bin/pkg-config) 0.29.2
            Run-time dependency python found: YES 3.14
            Program cython found: YES (/data/data/com.termux/files/usr/tmp/pip-build-env-5q1680cy/overlay/bin/cython)
            Compiler for C supports arguments -Wno-unused-but-set-variable: YES
            Compiler for C supports arguments -Wno-unused-function: YES
            Compiler for C supports arguments -Wno-conversion: YES
            Compiler for C supports arguments -Wno-misleading-indentation: YES
            Library m found: YES
            Fortran compiler for the host machine: flang-new (llvm-flang 21.1.8 "flang version 21.1.8")
            Fortran linker for the host machine: flang-new ld.lld 21.1.8
            Compiler for Fortran supports arguments -Wno-conversion: NO
            Checking if "-Wl,--version-script" links: YES
            Program tools/generate_f2pymod.py found: YES (/data/data/com.termux/files/usr/bin/python3.14 /data/data/com.termux/files/usr/tmp/pip-install-es34yxxd/scipy_e619d31fe42747579de38535fa975db1/tools/generate_f2pymod.py)
            Program scipy/_build_utils/tempita.py found: YES (/data/data/com.termux/files/usr/bin/python3.14 /data/data/com.termux/files/usr/tmp/pip-install-es34yxxd/scipy_e619d31fe42747579de38535fa975db1/scipy/_build_utils/tempita.py)
            Program pythran found: YES 0.19.0 0.19.0 (/data/data/com.termux/files/usr/tmp/pip-build-env-5q1680cy/overlay/bin/pythran)
      
            Executing subproject array_api_compat for machine: host
      
            array_api_compat| Project name: array_api_compat
            array_api_compat| Project version: 1.13.0
            array_api_compat| Build targets in project: 0
            array_api_compat| Subproject array_api_compat finished.
      
      
            Executing subproject array_api_extra for machine: host
      
            array_api_extra| Project name: array-api-extra
            array_api_extra| Project version: 0.10.1
            array_api_extra| Program python found: YES (/data/data/com.termux/files/usr/bin/python3.14)
            array_api_extra| Build targets in project: 0
            array_api_extra| Subproject array_api_extra finished.
      
      
            Executing subproject cobyqa for machine: host
      
            cobyqa| Project name: cobyqa
            cobyqa| Project version: 1.1.3
            cobyqa| Build targets in project: 0
            cobyqa| Subproject cobyqa finished.
      
      
            Executing subproject duccfft for machine: host
      
            duccfft| Project name: duccfft
            duccfft| Project version: 0.40.0
            duccfft| Build targets in project: 0
            duccfft| Subproject duccfft finished.
      
      
            Executing subproject pyprima for machine: host
      
            pyprima| Project name: pyprima
            pyprima| Project version: undefined
            pyprima| Build targets in project: 0
            pyprima| Subproject pyprima finished.
      
      
            Executing subproject unuran for machine: host
      
            unuran| Project name: unuran
            unuran| Project version: 1.9.0
            unuran| Build targets in project: 0
            unuran| Subproject unuran finished.
      
      
            Executing subproject xsf for machine: host
      
            xsf| Project name: xsf
            xsf| Project version: 0.2.2
            xsf| C++ compiler for the host machine: clang++ (clang 21.1.8 "clang version 21.1.8")
            xsf| C++ linker for the host machine: clang++ ld.lld 21.1.8
            xsf| Build targets in project: 0
            xsf| Subproject xsf finished.
      
      
            Executing subproject boost_math for machine: host
      
            boost_math| Project name: boost-math
            boost_math| Project version: 1.91.0
            boost_math| Build targets in project: 0
            boost_math| Subproject boost_math finished.
      
      
            Executing subproject qhull_r for machine: host
      
            qhull_r| Project name: qhull_r
            qhull_r| Project version: 8.0.2
            qhull_r| C compiler for the host machine: clang (clang 21.1.8 "clang version 21.1.8")
            qhull_r| C linker for the host machine: clang ld.lld 21.1.8
            qhull_r| Compiler for C supports arguments -Wno-unused-but-set-variable: YES (cached)
            qhull_r| Build targets in project: 1
            qhull_r| Subproject qhull_r finished.
      
            Run-time dependency threads found: YES
            numpy-config found: YES (/data/data/com.termux/files/usr/tmp/pip-build-env-5q1680cy/overlay/bin/numpy-config) 2.5.3
            Run-time dependency numpy found: YES 2.5.3
            Message: f2py free-threading enabled
            pybind11-config found: YES (/data/data/com.termux/files/usr/tmp/pip-build-env-5q1680cy/overlay/bin/pybind11-config) 3.0.4
            Run-time dependency pybind11 found: YES 3.0.4
            Checking if "thread_local" compiles: NO
            Checking if "_Thread_local" compiles: YES
            Checking if "__thread" compiles: YES
            Configuring scipy_config.h using configuration
            Program f2py found: YES (/data/data/com.termux/files/usr/tmp/pip-build-env-5q1680cy/overlay/bin/f2py)
            Run-time dependency scipy-openblas found: NO  (tried pkg-config)
            Run-time dependency openblas found: YES 0.3.34
            Dependency openblas for host machine found: YES 0.3.34 (cached)
            Run-time dependency python found: YES 3.14
            Compiler for C supports arguments -Wno-maybe-uninitialized: NO
            Compiler for C supports arguments -Wno-discarded-qualifiers: NO
            Compiler for C supports arguments -Wno-empty-body: YES
            Compiler for C supports arguments -Wno-implicit-function-declaration: YES
            Compiler for C supports arguments -Wno-parentheses: YES
            Compiler for C supports arguments -Wno-switch: YES
            Compiler for C supports arguments -Wno-unused-label: YES
            Compiler for C supports arguments -Wno-unused-result: YES
            Compiler for C supports arguments -Wno-unused-variable: YES
            Compiler for C supports arguments -Wno-unused-but-set-variable: YES (cached)
            Compiler for C++ supports arguments -Wno-bitwise-instead-of-logical: YES
            Compiler for C++ supports arguments -Wno-cpp: YES
            Compiler for C++ supports arguments -Wno-class-memaccess: NO
            Compiler for C++ supports arguments -Wno-deprecated-declarations: YES
            Compiler for C++ supports arguments -Wno-deprecated-builtins: YES
            Compiler for C++ supports arguments -Wno-format-truncation: YES
            Compiler for C++ supports arguments -Wno-maybe-uninitialized: NO
            Compiler for C++ supports arguments -Wno-non-virtual-dtor: YES
            Compiler for C++ supports arguments -Wno-sign-compare: YES
            Compiler for C++ supports arguments -Wno-switch: YES
            Compiler for C++ supports arguments -Wno-terminate: NO
            Compiler for C++ supports arguments -Wno-uninitialized: YES
            Compiler for C++ supports arguments -Wno-unused-but-set-variable: YES
            Compiler for C++ supports arguments -Wno-unused-function: YES
            Compiler for C++ supports arguments -Wno-unused-local-typedefs: YES
            Compiler for C++ supports arguments -Wno-unused-variable: YES
            Compiler for C++ supports arguments -Wno-int-in-bool-context: YES
            Compiler for C++ supports arguments -Wno-unneeded-internal-declaration: YES
            Compiler for Fortran supports arguments -Wno-argument-mismatch: NO
            Compiler for Fortran supports arguments -Wno-conversion: NO (cached)
            Compiler for Fortran supports arguments -Wno-intrinsic-shadow: NO
            Compiler for Fortran supports arguments -Wno-maybe-uninitialized: NO
            Compiler for Fortran supports arguments -Wno-surprising: NO
            Compiler for Fortran supports arguments -Wno-uninitialized: NO
            Compiler for Fortran supports arguments -Wno-unused-dummy-argument: NO
            Compiler for Fortran supports arguments -Wno-unused-label: NO
            Compiler for Fortran supports arguments -Wno-unused-variable: NO
            Compiler for Fortran supports arguments -Wno-tabs: NO
            Compiler for Fortran supports arguments -cpp -ffree-line-length-none -ffixed-line-length-none: NO
            Compiler for Fortran supports arguments -fpp: NO
            Compiler for Fortran supports arguments /fpp: NO
            Compiler for Fortran supports arguments -cpp: NO
            First supported argument: None
            Checking if "Check atomic builtins without -latomic" links: YES
            Configuring __config__.py using configuration
            Program _generate_blas_wrapper.py found: YES (/data/data/com.termux/files/usr/bin/python3.14 /data/data/com.termux/files/usr/tmp/pip-install-es34yxxd/scipy_e619d31fe42747579de38535fa975db1/scipy/_build_utils/_generate_blas_wrapper.py)
            Checking for function "open_memstream" : YES
            Configuring messagestream_config.h using configuration
            Program _generate_pyx.py found: YES (/data/data/com.termux/files/usr/bin/python3.14 /data/data/com.termux/files/usr/tmp/pip-install-es34yxxd/scipy_e619d31fe42747579de38535fa975db1/scipy/linalg/_generate_pyx.py)
            Program _generate_pyx.py found: YES (/data/data/com.termux/files/usr/bin/python3.14 /data/data/com.termux/files/usr/tmp/pip-install-es34yxxd/scipy_e619d31fe42747579de38535fa975db1/scipy/special/_generate_pyx.py)
            Program ../_generate_sparsetools.py found: YES (/data/data/com.termux/files/usr/bin/python3.14 /data/data/com.termux/files/usr/tmp/pip-install-es34yxxd/scipy_e619d31fe42747579de38535fa975db1/scipy/sparse/sparsetools/../_generate_sparsetools.py)
            Configuring superlu_config.h using configuration
            Checking for size of "void*" : 8
      
            Executing subproject highs for machine: host
      
            highs| Project name: highs
            highs| Project version: 1.12.0
            highs| C compiler for the host machine: clang (clang 21.1.8 "clang version 21.1.8")
            highs| C linker for the host machine: clang ld.lld 21.1.8
            highs| C++ compiler for the host machine: clang++ (clang 21.1.8 "clang version 21.1.8")
            highs| C++ linker for the host machine: clang++ ld.lld 21.1.8
            highs| Compiler for C++ supports arguments -Wno-invalid-offsetof: YES
            highs| Compiler for C++ supports arguments -Wno-maybe-uninitialized: NO (cached)
            highs| Compiler for C++ supports arguments -Wno-reorder: YES
            highs| Compiler for C++ supports arguments -Wno-reorder-ctor: YES
            highs| Compiler for C++ supports arguments -Wno-sometimes-uninitialized: YES
            highs| Compiler for C++ supports arguments -Wno-unused-but-set-variable: YES (cached)
            highs| Compiler for C++ supports arguments -Wno-unused-variable: YES (cached)
            highs| Compiler for C++ supports arguments -Wno-use-after-free: NO
            highs| Compiler for C++ supports arguments -Wno-comment: YES
            highs| Compiler for C supports arguments -Wno-comment: YES
            highs| Compiler for C supports arguments -Wno-invalid-offsetof: YES
            highs| Compiler for C supports arguments -Wno-maybe-uninitialized: NO (cached)
            highs| Compiler for C supports arguments -Wno-sometimes-uninitialized: YES
            highs| Compiler for C supports arguments -Wno-unused-label: YES (cached)
            highs| Compiler for C supports arguments -Wno-unused-but-set-variable: YES (cached)
            highs| Compiler for C supports arguments -Wno-unused-variable: YES (cached)
            highs| Compiler for C supports arguments -Wno-use-after-free: NO
            highs| Dependency threads for host machine found: YES unknown (cached)
            highs| Checking if "Check atomic builtins without -latomic" links: YES (cached)
            highs| Dependency zlib for host machine skipped: feature use_zlib disabled
            highs| Checking if "mm_pause check" compiles: NO
            highs| Checking if "builtin_clz check" compiles: YES
            highs| Configuring HConfig.h.meson.interim using configuration
            highs| Build targets in project: 134
            highs| Subproject highs finished.
      
            Build targets in project: 176
      
            scipy 1.18.1
      
              Subprojects (for host machine)
                array_api_compat: YES
                array_api_extra : YES
                boost_math      : YES
                cobyqa          : YES
                duccfft         : YES
                highs           : YES
                pyprima         : YES
                qhull_r         : YES
                unuran          : YES
                xsf             : YES
      
              User defined options
                Native files    : /data/data/com.termux/files/usr/tmp/pip-install-es34yxxd/scipy_e619d31fe42747579de38535fa975db1/.mesonpy-u027nemx/meson-python-native-file.ini
                b_ndebug        : if-release
                b_vscrt         : md
                buildtype       : release
      
            Found ninja-1.13.2 at /data/data/com.termux/files/usr/bin/ninja
            + /data/data/com.termux/files/usr/bin/ninja
            [1/1162] Copying file scipy/linalg/_cythonized_array_utils.pxd
            [2/1162] Copying file scipy/__init__.py
            [3/1162] Copying file scipy/linalg/__init__.py
            [4/1162] Copying file scipy/optimize/cython_optimize/__init__.py
            [5/1162] Copying file scipy/_lib/messagestream.pxd
            [6/1162] Copying file scipy/_lib/ccallback.pxd
            [7/1162] Copying file scipy/_lib/_ccallback_c.pxd
            [8/1162] Copying file scipy/_lib/__init__.py
            [9/1162] Copying file scipy/linalg/__init__.pxd
            [10/1162] Copying file scipy/special/_agm.pxd
            [11/1162] Generating scipy/linalg/_decomp_update with a custom command
            [12/1162] Copying file scipy/special/__init__.py
            [13/1162] Copying file scipy/special/_boxcox.pxd
            [14/1162] Copying file scipy/special/_complexstuff.pxd
            [15/1162] Copying file scipy/special/_cdflib_wrappers.pxd
            [16/1162] Generating scipy/linalg/cython_linalg with a custom command
            [17/1162] Scanning target odrpack for modules
            [18/1162] Copying file scipy/special/_convex_analysis.pxd
            [19/1162] Copying file scipy/special/_ellip_harm.pxd
            [20/1162] Copying file scipy/special/_hyp0f1.pxd
            [21/1162] Copying file scipy/special/_ellipk.pxd
            [22/1162] Copying file scipy/special/_ellip_harm_2.pxd
            [23/1162] Copying file scipy/special/_factorial.pxd
            [24/1162] Copying file scipy/special/_hypergeometric.pxd
            [25/1162] Copying file scipy/special/_legacy.pxd
            [26/1162] Copying file scipy/special/_ndtri_exp.pxd
            [27/1162] Copying file scipy/special/_sici.pxd
            [28/1162] Copying file scipy/special/_spence.pxd
            [29/1162] Copying file scipy/special/cython_special.pxd
            [30/1162] Copying file scipy/special/orthogonal_eval.pxd
            [31/1162] Copying file scipy/special/_ufuncs_extra_code.pxi
            [32/1162] Copying file scipy/special/_ufuncs_extra_code_common.pxi
            [33/1162] Copying file scipy/special/sf_error.pxd
            [34/1162] Generating scipy/special/cython_special with a custom command
            [35/1162] Copying file scipy/special/__init__.pxd
            [36/1162] Generating scipy/sparse/_csparsetools_pyx with a custom command
            [37/1162] Copying file scipy/sparse/csgraph/parameters.pxi
            [38/1162] Copying file scipy/stats/_stats.pxd
            [39/1162] Copying file scipy/stats/__init__.py
            [40/1162] Copying file scipy/stats/_biasedurn.pxd
            [41/1162] Copying file scipy/stats/_unuran/__init__.py
            [42/1162] Copying file scipy/stats/_unuran/unuran.pxd
            [43/1162] Copying file scipy/optimize/__init__.py
            [44/1162] Copying file scipy/optimize/__init__.pxd
            [45/1162] Copying file scipy/optimize/cython_optimize.pxd
            [46/1162] Copying file scipy/optimize/cython_optimize/c_zeros.pxd
            [47/1162] Generating scipy/optimize/cython_optimize/_zeros_pyx with a custom command
            [48/1162] Generating subprojects/highs/highs/HConfig.h with a custom command
            [49/1162] Copying file scipy/optimize/cython_optimize/_zeros.pxd
            [50/1162] Copying file scipy/spatial/_qhull.pxd
            [51/1162] Copying file scipy/spatial/setlist.pxd
            [52/1162] Generating dynamic dependency information for target odrpack
            [53/1162] Compiling C object subprojects/qhull_r/liblibqhull_r.a.p/libqhull_r_mem_r.c.o
            [54/1162] Compiling C object subprojects/qhull_r/liblibqhull_r.a.p/libqhull_r_libqhull_r.c.o
            [55/1162] Compiling C object subprojects/qhull_r/liblibqhull_r.a.p/libqhull_r_geom_r.c.o
            [56/1162] Compiling C object subprojects/qhull_r/liblibqhull_r.a.p/libqhull_r_qset_r.c.o
            [57/1162] Compiling C object subprojects/qhull_r/liblibqhull_r.a.p/libqhull_r_poly_r.c.o
            [58/1162] Compiling C object subprojects/qhull_r/liblibqhull_r.a.p/libqhull_r_random_r.c.o
            [59/1162] Compiling C object subprojects/qhull_r/liblibqhull_r.a.p/libqhull_r_user_r.c.o
            [60/1162] Compiling C object subprojects/qhull_r/liblibqhull_r.a.p/libqhull_r_usermem_r.c.o
            [61/1162] Compiling C object subprojects/qhull_r/liblibqhull_r.a.p/libqhull_r_userprintf_r.c.o
            [62/1162] Compiling C object subprojects/qhull_r/liblibqhull_r.a.p/libqhull_r_userprintf_rbox_r.c.o
            [63/1162] Compiling C object subprojects/qhull_r/liblibqhull_r.a.p/libqhull_r_geom2_r.c.o
            [64/1162] Compiling C object scipy/libdummy_g77_abi_wrappers.a.p/_build_utils_src_wrap_dummy_g77_abi.c.o
            [65/1162] Compiling C object subprojects/qhull_r/liblibqhull_r.a.p/libqhull_r_rboxlib_r.c.o
            [66/1162] Compiling C object subprojects/qhull_r/liblibqhull_r.a.p/libqhull_r_stat_r.c.o
            [67/1162] Compiling C object subprojects/qhull_r/liblibqhull_r.a.p/libqhull_r_poly2_r.c.o
            [68/1162] Compiling C object scipy/lib_fortranobject.a.p/821274ac7e1ac76ac5d6b381c3545de7d7db4380_site-packages_numpy_f2py_src_fortranobject.c.o
            [69/1162] Compiling C object subprojects/qhull_r/liblibqhull_r.a.p/libqhull_r_merge_r.c.o
            [70/1162] Compiling C object subprojects/qhull_r/liblibqhull_r.a.p/libqhull_r_io_r.c.o
            [71/1162] Generating scipy/_cyutility.c with a custom command
            [72/1162] Compiling C object subprojects/qhull_r/liblibqhull_r.a.p/libqhull_r_global_r.c.o
            [73/1162] Generating 'scipy/_lib/_ccallback_c.cpython-314-aarch64-linux-android.so.p/_ccallback_c.c'
            [74/1162] Generating 'scipy/_lib/messagestream.cpython-314-aarch64-linux-android.so.p/messagestream.c'
            [75/1162] Generating 'scipy/linalg/_matfuncs_sqrtm_triu.cpython-314-aarch64-linux-android.so.p/_matfuncs_sqrtm_triu.c'
            [76/1162] Generating 'scipy/linalg/_solve_toeplitz.cpython-314-aarch64-linux-android.so.p/_solve_toeplitz.c'
            [77/1162] Compiling C object scipy/_cyutility.cpython-314-aarch64-linux-android.so.p/meson-generated_..__cyutility.c.o
            [78/1162] Compiling C object scipy/special/libcdflib.a.p/cdflib.c.o
            [79/1162] Linking target scipy/_cyutility.cpython-314-aarch64-linux-android.so
            [80/1162] Generating 'scipy/linalg/cython_blas.cpython-314-aarch64-linux-android.so.p/cython_blas.c'
            [81/1162] Generating scipy/linalg/fblas_module with a custom command
            [82/1162] Generating 'scipy/_lib/_test_deprecation_call.cpython-314-aarch64-linux-android.so.p/_test_deprecation_call.c'
            [83/1162] Generating 'scipy/linalg/_cythonized_array_utils.cpython-314-aarch64-linux-android.so.p/_cythonized_array_utils.c'
            [84/1162] Generating 'scipy/_lib/_test_deprecation_def.cpython-314-aarch64-linux-android.so.p/_test_deprecation_def.c'
            [85/1162] Generating 'scipy/special/_specfun.cpython-314-aarch64-linux-android.so.p/_specfun.cpp'
            [86/1162] Generating 'scipy/linalg/_decomp_interpolative.cpython-314-aarch64-linux-android.so.p/_decomp_interpolative.c'
            [87/1162] Generating 'scipy/special/_ufuncs_cxx.cpython-314-aarch64-linux-android.so.p/_ufuncs_cxx.cpp'
            [88/1162] Generating 'scipy/special/_comb.cpython-314-aarch64-linux-android.so.p/_comb.c'
            [89/1162] Generating scipy/sparse/sparsetools/_sparsetools_headers with a custom command
            [90/1162] Generating 'scipy/special/_test_internal.cpython-314-aarch64-linux-android.so.p/_test_internal.c'
            [91/1162] Generating 'scipy/special/_ellip_harm_2.cpython-314-aarch64-linux-android.so.p/_ellip_harm_2.c'
            [92/1162] Generating 'scipy/sparse/csgraph/_flow.cpython-314-aarch64-linux-android.so.p/_flow.c'
            [93/1162] Generating 'scipy/linalg/_decomp_update.cpython-314-aarch64-linux-android.so.p/_decomp_update.c'
            [94/1162] Generating 'scipy/sparse/csgraph/_matching.cpython-314-aarch64-linux-android.so.p/_matching.c'
            [95/1162] Generating 'scipy/sparse/_csparsetools.cpython-314-aarch64-linux-android.so.p/_csparsetools.c'
            [96/1162] Generating 'scipy/sparse/csgraph/_min_spanning_tree.cpython-314-aarch64-linux-android.so.p/_min_spanning_tree.c'
            [97/1162] Compiling C object scipy/sparse/linalg/_dsolve/libsuperlu_lib.a.p/SuperLU_SRC_ccolumn_bmod.c.o
            [98/1162] Compiling C object scipy/sparse/linalg/_dsolve/libsuperlu_lib.a.p/SuperLU_SRC_ccolumn_dfs.c.o
            [99/1162] Compiling C object scipy/sparse/linalg/_dsolve/libsuperlu_lib.a.p/SuperLU_SRC_ccopy_to_ucol.c.o
            [100/1162] Generating 'scipy/sparse/csgraph/_reordering.cpython-314-aarch64-linux-android.so.p/_reordering.c'
            [101/1162] Compiling C object scipy/sparse/linalg/_dsolve/libsuperlu_lib.a.p/SuperLU_SRC_cdiagonal.c.o
            [102/1162] Generating 'scipy/sparse/csgraph/_tools.cpython-314-aarch64-linux-android.so.p/_tools.c'
            [103/1162] Compiling C object scipy/sparse/linalg/_dsolve/libsuperlu_lib.a.p/SuperLU_SRC_cgscon.c.o
            [104/1162] Compiling C object scipy/sparse/linalg/_dsolve/libsuperlu_lib.a.p/SuperLU_SRC_cgsequ.c.o
            [105/1162] Compiling C object scipy/sparse/linalg/_dsolve/libsuperlu_lib.a.p/SuperLU_SRC_cgsisx.c.o
            [106/1162] Compiling C object scipy/sparse/linalg/_dsolve/libsuperlu_lib.a.p/SuperLU_SRC_cgsitrf.c.o
            [107/1162] Compiling C object scipy/sparse/linalg/_dsolve/libsuperlu_lib.a.p/SuperLU_SRC_cgssv.c.o
            [108/1162] Generating 'scipy/linalg/_linalg_pythran.cpython-314-aarch64-linux-android.so.p/_linalg_pythran.cpp'
            [109/1162] Compiling C object scipy/sparse/linalg/_dsolve/libsuperlu_lib.a.p/SuperLU_SRC_cgsrfs.c.o
            [110/1162] Compiling C object scipy/sparse/linalg/_dsolve/libsuperlu_lib.a.p/SuperLU_SRC_cgstrf.c.o
            [111/1162] Compiling C object scipy/sparse/linalg/_dsolve/libsuperlu_lib.a.p/SuperLU_SRC_cgssvx.c.o
            [112/1162] Compiling C object scipy/sparse/linalg/_dsolve/libsuperlu_lib.a.p/SuperLU_SRC_clacon2.c.o
            [113/1162] Compiling C object scipy/sparse/linalg/_dsolve/libsuperlu_lib.a.p/SuperLU_SRC_cgstrs.c.o
            [114/1162] Compiling C object scipy/sparse/linalg/_dsolve/libsuperlu_lib.a.p/SuperLU_SRC_clangs.c.o
            [115/1162] Compiling C object scipy/sparse/linalg/_dsolve/libsuperlu_lib.a.p/SuperLU_SRC_claqgs.c.o
            [116/1162] Compiling C object scipy/sparse/linalg/_dsolve/libsuperlu_lib.a.p/SuperLU_SRC_cldperm.c.o
            [117/1162] Compiling C object scipy/sparse/linalg/_dsolve/libsuperlu_lib.a.p/SuperLU_SRC_cmyblas2.c.o
            [118/1162] Compiling C object scipy/sparse/linalg/_dsolve/libsuperlu_lib.a.p/SuperLU_SRC_cmemory.c.o
            [119/1162] Compiling C object scipy/sparse/linalg/_dsolve/libsuperlu_lib.a.p/SuperLU_SRC_cpanel_dfs.c.o
            [120/1162] Compiling C object scipy/sparse/linalg/_dsolve/libsuperlu_lib.a.p/SuperLU_SRC_cpivotL.c.o
            [121/1162] Compiling C object scipy/sparse/linalg/_dsolve/libsuperlu_lib.a.p/SuperLU_SRC_cpivotgrowth.c.o
            [122/1162] Compiling C object scipy/sparse/linalg/_dsolve/libsuperlu_lib.a.p/SuperLU_SRC_colamd.c.o
            [123/1162] Compiling C object scipy/sparse/linalg/_dsolve/libsuperlu_lib.a.p/SuperLU_SRC_cpruneL.c.o
            [124/1162] Compiling C object scipy/sparse/linalg/_dsolve/libsuperlu_lib.a.p/SuperLU_SRC_cpanel_bmod.c.o
            [125/1162] Compiling C object scipy/sparse/linalg/_dsolve/libsuperlu_lib.a.p/SuperLU_SRC_creadMM.c.o
            [126/1162] Compiling C object scipy/sparse/linalg/_dsolve/libsuperlu_lib.a.p/SuperLU_SRC_creadtriple.c.o
            [127/1162] Compiling C object scipy/sparse/linalg/_dsolve/libsuperlu_lib.a.p/SuperLU_SRC_creadrb.c.o
            [128/1162] Compiling C object scipy/sparse/linalg/_dsolve/libsuperlu_lib.a.p/SuperLU_SRC_creadhb.c.o
            [129/1162] Compiling C object scipy/sparse/linalg/_dsolve/libsuperlu_lib.a.p/SuperLU_SRC_csnode_bmod.c.o
            [130/1162] Compiling C object scipy/sparse/linalg/_dsolve/libsuperlu_lib.a.p/SuperLU_SRC_csnode_dfs.c.o
            [131/1162] Compiling C object scipy/sparse/linalg/_dsolve/libsuperlu_lib.a.p/SuperLU_SRC_csp_blas3.c.o
            [132/1162] Compiling C object scipy/sparse/linalg/_dsolve/libsuperlu_lib.a.p/SuperLU_SRC_dGetDiagU.c.o
            [133/1162] Generating 'scipy/sparse/csgraph/_shortest_path.cpython-314-aarch64-linux-android.so.p/_shortest_path.cpp'
            [134/1162] Compiling C object scipy/sparse/linalg/_dsolve/libsuperlu_lib.a.p/SuperLU_SRC_dcomplex.c.o
            [135/1162] Compiling C object scipy/sparse/linalg/_dsolve/libsuperlu_lib.a.p/SuperLU_SRC_dcolumn_bmod.c.o
            [136/1162] Compiling C object scipy/sparse/linalg/_dsolve/libsuperlu_lib.a.p/SuperLU_SRC_dcolumn_dfs.c.o
            [137/1162] Generating 'scipy/sparse/csgraph/_traversal.cpython-314-aarch64-linux-android.so.p/_traversal.cpp'
            [138/1162] Compiling C object scipy/sparse/linalg/_dsolve/libsuperlu_lib.a.p/SuperLU_SRC_csp_blas2.c.o
            [139/1162] Compiling C object scipy/sparse/linalg/_dsolve/libsuperlu_lib.a.p/SuperLU_SRC_cutil.c.o
            [140/1162] Compiling C object scipy/sparse/linalg/_dsolve/libsuperlu_lib.a.p/SuperLU_SRC_dgscon.c.o
            [141/1162] Compiling C object scipy/sparse/linalg/_dsolve/libsuperlu_lib.a.p/SuperLU_SRC_dcopy_to_ucol.c.o
            [142/1162] Compiling C object scipy/sparse/linalg/_dsolve/libsuperlu_lib.a.p/SuperLU_SRC_ddiagonal.c.o
            [143/1162] Compiling C object scipy/sparse/linalg/_dsolve/libsuperlu_lib.a.p/SuperLU_SRC_dgsequ.c.o
            [144/1162] Compiling C object scipy/sparse/linalg/_dsolve/libsuperlu_lib.a.p/SuperLU_SRC_dgssv.c.o
            [145/1162] Compiling C object scipy/sparse/linalg/_dsolve/libsuperlu_lib.a.p/SuperLU_SRC_dgsisx.c.o
            [146/1162] Compiling C object scipy/sparse/linalg/_dsolve/libsuperlu_lib.a.p/SuperLU_SRC_dgstrf.c.o
            [147/1162] Compiling C object scipy/sparse/linalg/_dsolve/libsuperlu_lib.a.p/SuperLU_SRC_dgsitrf.c.o
            [148/1162] Compiling C object scipy/sparse/linalg/_dsolve/libsuperlu_lib.a.p/SuperLU_SRC_dgssvx.c.o
            [149/1162] Compiling C object scipy/sparse/linalg/_dsolve/libsuperlu_lib.a.p/SuperLU_SRC_dlacon2.c.o
            [150/1162] Compiling C object scipy/sparse/linalg/_dsolve/libsuperlu_lib.a.p/SuperLU_SRC_dgsrfs.c.o
            [151/1162] Compiling C object scipy/sparse/linalg/_dsolve/libsuperlu_lib.a.p/SuperLU_SRC_dlangs.c.o
            [152/1162] Compiling C object scipy/sparse/linalg/_dsolve/libsuperlu_lib.a.p/SuperLU_SRC_dgstrs.c.o
            [153/1162] Compiling C object scipy/sparse/linalg/_dsolve/libsuperlu_lib.a.p/SuperLU_SRC_dlaqgs.c.o
            [154/1162] Compiling C object scipy/sparse/linalg/_dsolve/libsuperlu_lib.a.p/SuperLU_SRC_dmach.c.o
            [155/1162] Compiling C object scipy/sparse/linalg/_dsolve/libsuperlu_lib.a.p/SuperLU_SRC_dldperm.c.o
            [156/1162] Compiling C object scipy/sparse/linalg/_dsolve/libsuperlu_lib.a.p/SuperLU_SRC_dpanel_dfs.c.o
            [157/1162] Compiling C object scipy/sparse/linalg/_dsolve/libsuperlu_lib.a.p/SuperLU_SRC_dpivotL.c.o
            [158/1162] Compiling C object scipy/sparse/linalg/_dsolve/libsuperlu_lib.a.p/SuperLU_SRC_dmyblas2.c.o
            [159/1162] Compiling C object scipy/sparse/linalg/_dsolve/libsuperlu_lib.a.p/SuperLU_SRC_dpivotgrowth.c.o
            [160/1162] Compiling C object scipy/sparse/linalg/_dsolve/libsuperlu_lib.a.p/SuperLU_SRC_dpanel_bmod.c.o
            [161/1162] Compiling C object scipy/sparse/linalg/_dsolve/libsuperlu_lib.a.p/SuperLU_SRC_dmemory.c.o
            [162/1162] Compiling C object scipy/sparse/linalg/_dsolve/libsuperlu_lib.a.p/SuperLU_SRC_dpruneL.c.o
            [163/1162] Compiling C object scipy/sparse/linalg/_dsolve/libsuperlu_lib.a.p/SuperLU_SRC_dreadMM.c.o
            [164/1162] Compiling C object scipy/sparse/linalg/_dsolve/libsuperlu_lib.a.p/SuperLU_SRC_dreadtriple.c.o
            [165/1162] Compiling C object scipy/sparse/linalg/_dsolve/libsuperlu_lib.a.p/SuperLU_SRC_dsnode_bmod.c.o
            [166/1162] Compiling C object scipy/sparse/linalg/_dsolve/libsuperlu_lib.a.p/SuperLU_SRC_dsnode_dfs.c.o
            [167/1162] Compiling C object scipy/sparse/linalg/_dsolve/libsuperlu_lib.a.p/SuperLU_SRC_dreadrb.c.o
            [168/1162] Compiling C object scipy/sparse/linalg/_dsolve/libsuperlu_lib.a.p/SuperLU_SRC_dreadhb.c.o
            [169/1162] Compiling C object scipy/sparse/linalg/_dsolve/libsuperlu_lib.a.p/SuperLU_SRC_dsp_blas3.c.o
            [170/1162] Compiling C object scipy/sparse/linalg/_dsolve/libsuperlu_lib.a.p/SuperLU_SRC_dzsum1.c.o
            [171/1162] Compiling C object scipy/sparse/linalg/_dsolve/libsuperlu_lib.a.p/SuperLU_SRC_dsp_blas2.c.o
            [172/1162] Compiling C object scipy/sparse/linalg/_dsolve/libsuperlu_lib.a.p/SuperLU_SRC_icmax1.c.o
            [173/1162] Compiling C object scipy/sparse/linalg/_dsolve/libsuperlu_lib.a.p/SuperLU_SRC_heap_relax_snode.c.o
            [174/1162] Compiling C object scipy/sparse/linalg/_dsolve/libsuperlu_lib.a.p/SuperLU_SRC_dutil.c.o
            [175/1162] Compiling C object scipy/sparse/linalg/_dsolve/libsuperlu_lib.a.p/SuperLU_SRC_ilu_ccolumn_dfs.c.o
            [176/1162] Compiling C object scipy/sparse/linalg/_dsolve/libsuperlu_lib.a.p/SuperLU_SRC_get_perm_c.c.o
            [177/1162] Compiling C object scipy/sparse/linalg/_dsolve/libsuperlu_lib.a.p/SuperLU_SRC_ilu_ccopy_to_ucol.c.o
            [178/1162] Compiling C object scipy/sparse/linalg/_dsolve/libsuperlu_lib.a.p/SuperLU_SRC_ilu_cpanel_dfs.c.o
            [179/1162] Compiling C object scipy/sparse/linalg/_dsolve/libsuperlu_lib.a.p/SuperLU_SRC_ilu_csnode_dfs.c.o
            [180/1162] Compiling C object scipy/sparse/linalg/_dsolve/libsuperlu_lib.a.p/SuperLU_SRC_ilu_cpivotL.c.o
            [181/1162] Compiling C object scipy/sparse/linalg/_dsolve/libsuperlu_lib.a.p/SuperLU_SRC_ilu_cdrop_row.c.o
            [182/1162] Compiling C object scipy/sparse/linalg/_dsolve/libsuperlu_lib.a.p/SuperLU_SRC_ilu_dcolumn_dfs.c.o
            [183/1162] Compiling C object scipy/sparse/linalg/_dsolve/libsuperlu_lib.a.p/SuperLU_SRC_ilu_dcopy_to_ucol.c.o
            [184/1162] Compiling C object scipy/sparse/linalg/_dsolve/libsuperlu_lib.a.p/SuperLU_SRC_ilu_dpanel_dfs.c.o
            [185/1162] Compiling C object scipy/sparse/linalg/_dsolve/libsuperlu_lib.a.p/SuperLU_SRC_ilu_dsnode_dfs.c.o
            [186/1162] Compiling C object scipy/sparse/linalg/_dsolve/libsuperlu_lib.a.p/SuperLU_SRC_ilu_dpivotL.c.o
            [187/1162] Generating 'scipy/special/_ufuncs.cpython-314-aarch64-linux-android.so.p/_ufuncs.c'
            [188/1162] Compiling C object scipy/sparse/linalg/_dsolve/libsuperlu_lib.a.p/SuperLU_SRC_ilu_relax_snode.c.o
            [189/1162] Compiling C object scipy/sparse/linalg/_dsolve/libsuperlu_lib.a.p/SuperLU_SRC_ilu_heap_relax_snode.c.o
            [190/1162] Compiling C object scipy/sparse/linalg/_dsolve/libsuperlu_lib.a.p/SuperLU_SRC_ilu_ddrop_row.c.o
            [191/1162] Compiling C object scipy/sparse/linalg/_dsolve/libsuperlu_lib.a.p/SuperLU_SRC_ilu_scopy_to_ucol.c.o
            [192/1162] Compiling C object scipy/sparse/linalg/_dsolve/libsuperlu_lib.a.p/SuperLU_SRC_ilu_scolumn_dfs.c.o
            [193/1162] Compiling C object scipy/sparse/linalg/_dsolve/libsuperlu_lib.a.p/SuperLU_SRC_ilu_spanel_dfs.c.o
            [194/1162] Compiling C object scipy/sparse/linalg/_dsolve/libsuperlu_lib.a.p/SuperLU_SRC_ilu_ssnode_dfs.c.o
            [195/1162] Compiling C object scipy/sparse/linalg/_dsolve/libsuperlu_lib.a.p/SuperLU_SRC_ilu_spivotL.c.o
            [196/1162] Compiling C object scipy/sparse/linalg/_dsolve/libsuperlu_lib.a.p/SuperLU_SRC_ilu_zcolumn_dfs.c.o
            [197/1162] Compiling C object scipy/sparse/linalg/_dsolve/libsuperlu_lib.a.p/SuperLU_SRC_ilu_zcopy_to_ucol.c.o
            [198/1162] Compiling C object scipy/sparse/linalg/_dsolve/libsuperlu_lib.a.p/SuperLU_SRC_ilu_sdrop_row.c.o
            [199/1162] Compiling C object scipy/sparse/linalg/_dsolve/libsuperlu_lib.a.p/SuperLU_SRC_ilu_zpanel_dfs.c.o
            [200/1162] Compiling C object scipy/sparse/linalg/_dsolve/libsuperlu_lib.a.p/SuperLU_SRC_input_error.c.o
            [201/1162] Compiling C object scipy/sparse/linalg/_dsolve/libsuperlu_lib.a.p/SuperLU_SRC_ilu_zdrop_row.c.o
            [202/1162] Compiling C object scipy/sparse/linalg/_dsolve/libsuperlu_lib.a.p/SuperLU_SRC_ilu_zsnode_dfs.c.o
            [203/1162] Compiling C object scipy/sparse/linalg/_dsolve/libsuperlu_lib.a.p/SuperLU_SRC_ilu_zpivotL.c.o
            [204/1162] Compiling C object scipy/sparse/linalg/_dsolve/libsuperlu_lib.a.p/SuperLU_SRC_izmax1.c.o
            [205/1162] Compiling C object scipy/sparse/linalg/_dsolve/libsuperlu_lib.a.p/SuperLU_SRC_mark_relax.c.o
            [206/1162] Compiling C object scipy/sparse/linalg/_dsolve/libsuperlu_lib.a.p/SuperLU_SRC_memory.c.o
            [207/1162] Compiling C object scipy/sparse/linalg/_dsolve/libsuperlu_lib.a.p/SuperLU_SRC_relax_snode.c.o
            [208/1162] Compiling C object scipy/sparse/linalg/_dsolve/libsuperlu_lib.a.p/SuperLU_SRC_qselect.c.o
            [209/1162] Compiling C object scipy/sparse/linalg/_dsolve/libsuperlu_lib.a.p/SuperLU_SRC_scolumn_dfs.c.o
            [210/1162] Compiling C object scipy/sparse/linalg/_dsolve/libsuperlu_lib.a.p/SuperLU_SRC_scomplex.c.o
            [211/1162] Compiling C object scipy/sparse/linalg/_dsolve/libsuperlu_lib.a.p/SuperLU_SRC_scolumn_bmod.c.o
            [212/1162] Compiling C object scipy/sparse/linalg/_dsolve/libsuperlu_lib.a.p/SuperLU_SRC_scopy_to_ucol.c.o
            [213/1162] Compiling C object scipy/sparse/linalg/_dsolve/libsuperlu_lib.a.p/SuperLU_SRC_scsum1.c.o
            [214/1162] Compiling C object scipy/sparse/linalg/_dsolve/libsuperlu_lib.a.p/SuperLU_SRC_sgscon.c.o
            [215/1162] Compiling C object scipy/sparse/linalg/_dsolve/libsuperlu_lib.a.p/SuperLU_SRC_mmd.c.o
            [216/1162] Compiling C object scipy/sparse/linalg/_dsolve/libsuperlu_lib.a.p/SuperLU_SRC_sdiagonal.c.o
            [217/1162] Compiling C object scipy/sparse/linalg/_dsolve/libsuperlu_lib.a.p/SuperLU_SRC_sgsequ.c.o
            [218/1162] Compiling C object scipy/sparse/linalg/_dsolve/libsuperlu_lib.a.p/SuperLU_SRC_sgssv.c.o
            [219/1162] Compiling C object scipy/sparse/linalg/_dsolve/libsuperlu_lib.a.p/SuperLU_SRC_sgsisx.c.o
            [220/1162] Compiling C object scipy/sparse/linalg/_dsolve/libsuperlu_lib.a.p/SuperLU_SRC_sgstrf.c.o
            [221/1162] Compiling C object scipy/sparse/linalg/_dsolve/libsuperlu_lib.a.p/SuperLU_SRC_sgsrfs.c.o
            [222/1162] Compiling C object scipy/sparse/linalg/_dsolve/libsuperlu_lib.a.p/SuperLU_SRC_sgsitrf.c.o
            [223/1162] Compiling C object scipy/sparse/linalg/_dsolve/libsuperlu_lib.a.p/SuperLU_SRC_sgssvx.c.o
            [224/1162] Compiling C object scipy/sparse/linalg/_dsolve/libsuperlu_lib.a.p/SuperLU_SRC_slacon2.c.o
            [225/1162] Compiling C object scipy/sparse/linalg/_dsolve/libsuperlu_lib.a.p/SuperLU_SRC_sgstrs.c.o
            [226/1162] Compiling C object scipy/sparse/linalg/_dsolve/libsuperlu_lib.a.p/SuperLU_SRC_slangs.c.o
            [227/1162] Compiling C object scipy/sparse/linalg/_dsolve/libsuperlu_lib.a.p/SuperLU_SRC_slaqgs.c.o
            [228/1162] Compiling C object scipy/sparse/linalg/_dsolve/libsuperlu_lib.a.p/SuperLU_SRC_smach.c.o
            [229/1162] Compiling C object scipy/sparse/linalg/_dsolve/libsuperlu_lib.a.p/SuperLU_SRC_sldperm.c.o
            [230/1162] Compiling C object scipy/sparse/linalg/_dsolve/libsuperlu_lib.a.p/SuperLU_SRC_sp_ienv.c.o
            [231/1162] Compiling C object scipy/sparse/linalg/_dsolve/libsuperlu_lib.a.p/SuperLU_SRC_sp_coletree.c.o
            [232/1162] Compiling C object scipy/sparse/linalg/_dsolve/libsuperlu_lib.a.p/SuperLU_SRC_smyblas2.c.o
            [233/1162] Compiling C object scipy/sparse/linalg/_dsolve/libsuperlu_lib.a.p/SuperLU_SRC_sp_preorder.c.o
            [234/1162] Compiling C object scipy/sparse/linalg/_dsolve/libsuperlu_lib.a.p/SuperLU_SRC_spanel_dfs.c.o
            [235/1162] Compiling C object scipy/sparse/linalg/_dsolve/libsuperlu_lib.a.p/SuperLU_SRC_smemory.c.o
            [236/1162] Compiling C object scipy/sparse/linalg/_dsolve/libsuperlu_lib.a.p/SuperLU_SRC_spivotL.c.o
            [237/1162] Compiling C object scipy/sparse/linalg/_dsolve/libsuperlu_lib.a.p/SuperLU_SRC_spivotgrowth.c.o
            [238/1162] Compiling C object scipy/sparse/linalg/_dsolve/libsuperlu_lib.a.p/SuperLU_SRC_spanel_bmod.c.o
            [239/1162] Compiling C object scipy/sparse/linalg/_dsolve/libsuperlu_lib.a.p/SuperLU_SRC_spruneL.c.o
            [240/1162] Compiling C object scipy/sparse/linalg/_dsolve/libsuperlu_lib.a.p/SuperLU_SRC_sreadMM.c.o
            [241/1162] Compiling C object scipy/sparse/linalg/_dsolve/libsuperlu_lib.a.p/SuperLU_SRC_ssnode_bmod.c.o
            [242/1162] Compiling C object scipy/sparse/linalg/_dsolve/libsuperlu_lib.a.p/SuperLU_SRC_sreadtriple.c.o
            [243/1162] Compiling C object scipy/sparse/linalg/_dsolve/libsuperlu_lib.a.p/SuperLU_SRC_ssnode_dfs.c.o
            [244/1162] Compiling C object scipy/sparse/linalg/_dsolve/libsuperlu_lib.a.p/SuperLU_SRC_sreadhb.c.o
            [245/1162] Compiling C object scipy/sparse/linalg/_dsolve/libsuperlu_lib.a.p/SuperLU_SRC_sreadrb.c.o
            [246/1162] Compiling C object scipy/sparse/linalg/_dsolve/libsuperlu_lib.a.p/SuperLU_SRC_ssp_blas3.c.o
            [247/1162] Compiling C object scipy/sparse/linalg/_dsolve/libsuperlu_lib.a.p/SuperLU_SRC_superlu_timer.c.o
            [248/1162] Compiling C object scipy/sparse/linalg/_dsolve/libsuperlu_lib.a.p/SuperLU_SRC_ssp_blas2.c.o
            [249/1162] Compiling C object scipy/sparse/linalg/_dsolve/libsuperlu_lib.a.p/SuperLU_SRC_zcopy_to_ucol.c.o
            [250/1162] Compiling C object scipy/sparse/linalg/_dsolve/libsuperlu_lib.a.p/SuperLU_SRC_zcolumn_dfs.c.o
            [251/1162] Compiling C object scipy/sparse/linalg/_dsolve/libsuperlu_lib.a.p/SuperLU_SRC_zcolumn_bmod.c.o
            [252/1162] Compiling C object scipy/sparse/linalg/_dsolve/libsuperlu_lib.a.p/SuperLU_SRC_zgscon.c.o
            [253/1162] Compiling C object scipy/sparse/linalg/_dsolve/libsuperlu_lib.a.p/SuperLU_SRC_zdiagonal.c.o
            [254/1162] Compiling C object scipy/sparse/linalg/_dsolve/libsuperlu_lib.a.p/SuperLU_SRC_util.c.o
            [255/1162] Compiling C object scipy/sparse/linalg/_dsolve/libsuperlu_lib.a.p/SuperLU_SRC_sutil.c.o
            [256/1162] Compiling C object scipy/sparse/linalg/_dsolve/libsuperlu_lib.a.p/SuperLU_SRC_zgsequ.c.o
            [257/1162] Compiling C object scipy/sparse/linalg/_dsolve/libsuperlu_lib.a.p/SuperLU_SRC_zgssv.c.o
            [258/1162] Compiling C object scipy/sparse/linalg/_dsolve/libsuperlu_lib.a.p/SuperLU_SRC_zgstrf.c.o
            [259/1162] Compiling C object scipy/sparse/linalg/_dsolve/libsuperlu_lib.a.p/SuperLU_SRC_zgsisx.c.o
            [260/1162] Compiling C object scipy/sparse/linalg/_dsolve/libsuperlu_lib.a.p/SuperLU_SRC_zlacon2.c.o
            [261/1162] Compiling C object scipy/sparse/linalg/_dsolve/libsuperlu_lib.a.p/SuperLU_SRC_zgsrfs.c.o
            [262/1162] Compiling C object scipy/sparse/linalg/_dsolve/libsuperlu_lib.a.p/SuperLU_SRC_zgssvx.c.o
            [263/1162] Compiling C object scipy/sparse/linalg/_dsolve/libsuperlu_lib.a.p/SuperLU_SRC_zgsitrf.c.o
            [264/1162] Compiling C object scipy/sparse/linalg/_dsolve/libsuperlu_lib.a.p/SuperLU_SRC_zgstrs.c.o
            [265/1162] Compiling C object scipy/sparse/linalg/_dsolve/libsuperlu_lib.a.p/SuperLU_SRC_zlangs.c.o
            [266/1162] Compiling C object scipy/sparse/linalg/_dsolve/libsuperlu_lib.a.p/SuperLU_SRC_zlaqgs.c.o
            [267/1162] Compiling C object scipy/sparse/linalg/_dsolve/libsuperlu_lib.a.p/SuperLU_SRC_zldperm.c.o
            [268/1162] Compiling C object scipy/sparse/linalg/_dsolve/libsuperlu_lib.a.p/SuperLU_SRC_zpanel_dfs.c.o
            [269/1162] Compiling C object scipy/sparse/linalg/_dsolve/libsuperlu_lib.a.p/SuperLU_SRC_zpivotL.c.o
            [270/1162] Compiling C object scipy/sparse/linalg/_dsolve/libsuperlu_lib.a.p/SuperLU_SRC_zpivotgrowth.c.o
            [271/1162] Compiling C object scipy/sparse/linalg/_dsolve/libsuperlu_lib.a.p/SuperLU_SRC_zmyblas2.c.o
            [272/1162] Compiling C object scipy/sparse/linalg/_dsolve/libsuperlu_lib.a.p/SuperLU_SRC_zpruneL.c.o
            [273/1162] Compiling C object scipy/sparse/linalg/_dsolve/libsuperlu_lib.a.p/SuperLU_SRC_zmemory.c.o
            [274/1162] Compiling C object scipy/sparse/linalg/_dsolve/libsuperlu_lib.a.p/SuperLU_SRC_zpanel_bmod.c.o
            [275/1162] Compiling C object scipy/sparse/linalg/_dsolve/libsuperlu_lib.a.p/SuperLU_SRC_zreadMM.c.o
            [276/1162] Compiling C object scipy/sparse/linalg/_dsolve/libsuperlu_lib.a.p/SuperLU_SRC_zsnode_bmod.c.o
            [277/1162] Compiling C object scipy/sparse/linalg/_dsolve/libsuperlu_lib.a.p/SuperLU_SRC_zreadtriple.c.o
            [278/1162] Compiling C object scipy/sparse/linalg/_dsolve/libsuperlu_lib.a.p/SuperLU_SRC_zsnode_dfs.c.o
            [279/1162] Compiling C object scipy/sparse/linalg/_dsolve/libsuperlu_lib.a.p/SuperLU_SRC_zreadrb.c.o
            [280/1162] Compiling C object scipy/sparse/linalg/_dsolve/libsuperlu_lib.a.p/SuperLU_SRC_zreadhb.c.o
            [281/1162] Compiling C object scipy/sparse/linalg/_dsolve/libsuperlu_lib.a.p/SuperLU_SRC_zsp_blas3.c.o
            [282/1162] Compiling C object scipy/sparse/linalg/_dsolve/libsuperlu_lib.a.p/SuperLU_SRC_zsp_blas2.c.o
            [283/1162] Compiling C object scipy/sparse/linalg/_dsolve/libsuperlu_lib.a.p/SuperLU_SRC_zutil.c.o
            [284/1162] Generating 'scipy/special/cython_special.cpython-314-aarch64-linux-android.so.p/cython_special.c'
            [285/1162] Compiling C object scipy/sparse/linalg/_eigen/arpack/libarnaud.a.p/arnaud_src_arnaud_n_double_complex.c.o
            [286/1162] Compiling C object scipy/sparse/linalg/_eigen/arpack/libarnaud.a.p/arnaud_src_arnaud_n_single_complex.c.o
            [287/1162] Compiling C object scipy/sparse/linalg/_eigen/arpack/libarnaud.a.p/arnaud_src_arnaud_n_single.c.o
            [288/1162] Compiling C object scipy/sparse/linalg/_eigen/arpack/libarnaud.a.p/arnaud_src_arnaud_n_double.c.o
            [289/1162] Compiling C object scipy/sparse/linalg/_eigen/arpack/libarnaud.a.p/arnaud_src_arnaud_s_single.c.o
            [290/1162] Compiling C object scipy/sparse/linalg/_eigen/arpack/libarnaud.a.p/arnaud_src_arnaud_s_double.c.o
            [291/1162] Compiling C object scipy/stats/_levy_stable/lib_levyst.a.p/c_src_levyst.c.o
            [292/1162] Generating 'scipy/linalg/cython_lapack.cpython-314-aarch64-linux-android.so.p/cython_lapack.c'
            [293/1162] Generating 'scipy/stats/_levy_stable/levyst.cpython-314-aarch64-linux-android.so.p/levyst.c'
            [294/1162] Generating 'scipy/stats/_biasedurn.cpython-314-aarch64-linux-android.so.p/_biasedurn.cpp'
            [295/1162] Generating 'scipy/stats/_ansari_swilk_statistics.cpython-314-aarch64-linux-android.so.p/_ansari_swilk_statistics.c'
            [296/1162] Generating 'scipy/stats/_qmc_cy.cpython-314-aarch64-linux-android.so.p/_qmc_cy.cpp'
            [297/1162] Generating 'scipy/stats/_sobol.cpython-314-aarch64-linux-android.so.p/_sobol.c'
            [298/1162] Generating 'scipy/stats/_qmvnt_cy.cpython-314-aarch64-linux-android.so.p/_qmvnt_cy.cpp'
            [299/1162] Compiling C object scipy/optimize/librootfind.a.p/Zeros_bisect.c.o
            [300/1162] Compiling C object scipy/optimize/librootfind.a.p/Zeros_brenth.c.o
            [301/1162] Compiling C object scipy/optimize/librootfind.a.p/Zeros_brentq.c.o
            [302/1162] Compiling C object scipy/optimize/librootfind.a.p/Zeros_ridder.c.o
            [303/1162] Generating 'scipy/stats/_rcont/rcont.cpython-314-aarch64-linux-android.so.p/rcont.c'
            [304/1162] Generating 'scipy/stats/_stats.cpython-314-aarch64-linux-android.so.p/_stats.c'
            [305/1162] Generating 'scipy/io/matlab/_mio_utils.cpython-314-aarch64-linux-android.so.p/_mio_utils.c'
            [306/1162] Generating 'scipy/io/matlab/_streams.cpython-314-aarch64-linux-android.so.p/_streams.c'
            [307/1162] Generating 'scipy/stats/_unuran/unuran_wrapper.cpython-314-aarch64-linux-android.so.p/unuran_wrapper.c'
            [308/1162] Generating 'scipy/optimize/_moduleTNC.cpython-314-aarch64-linux-android.so.p/_moduleTNC.c'
            [309/1162] Compiling C++ object scipy/optimize/librectangular_lsap.a.p/rectangular_lsap_rectangular_lsap.cpp.o
            [310/1162] Generating 'scipy/io/matlab/_mio5_utils.cpython-314-aarch64-linux-android.so.p/_mio5_utils.c'
            [311/1162] Generating 'scipy/optimize/cython_optimize/_zeros.cpython-314-aarch64-linux-android.so.p/_zeros.c'
            [312/1162] Generating 'scipy/optimize/_bglu_dense.cpython-314-aarch64-linux-android.so.p/_bglu_dense.c'
            [313/1162] Generating 'scipy/optimize/_trlib/_trlib.cpython-314-aarch64-linux-android.so.p/_trlib.c'
            [314/1162] Compiling C++ object scipy/optimize/_highspy/libhighs.a.p/.._.._.._subprojects_highs_highs_io_Filereader.cpp.o
            [315/1162] Generating 'scipy/optimize/_lsq/givens_elimination.cpython-314-aarch64-linux-android.so.p/givens_elimination.c'
            [316/1162] Compiling C++ object scipy/optimize/_highspy/libhighs.a.p/.._.._.._subprojects_highs_highs_io_FilereaderEms.cpp.o
            [317/1162] Compiling C++ object scipy/optimize/_highspy/libhighs.a.p/.._.._.._subprojects_highs_highs_io_FilereaderMps.cpp.o
            [318/1162] Compiling C++ object scipy/optimize/_highspy/libhighs.a.p/.._.._.._subprojects_highs_highs_interfaces_highs_c_api.cpp.o
            [319/1162] Compiling C++ object scipy/optimize/_highspy/libhighs.a.p/.._.._.._subprojects_highs_extern_filereaderlp_reader.cpp.o
            [320/1162] Generating 'scipy/stats/_stats_pythran.cpython-314-aarch64-linux-android.so.p/_stats_pythran.cpp'
            [321/1162] Compiling C++ object scipy/optimize/_highspy/libhighs.a.p/.._.._.._subprojects_highs_highs_io_HMPSIO.cpp.o
            [322/1162] Compiling C++ object scipy/optimize/_highspy/libhighs.a.p/.._.._.._subprojects_highs_highs_io_FilereaderLp.cpp.o
            [323/1162] Compiling C++ object scipy/optimize/_highspy/libhighs.a.p/.._.._.._subprojects_highs_highs_io_HighsIO.cpp.o
            [324/1162] Compiling C++ object scipy/optimize/_highspy/libhighs.a.p/.._.._.._subprojects_highs_highs_io_LoadOptions.cpp.o
            [325/1162] Generating scipy/linalg/flapack_module with a custom command
            [326/1162] Compiling C++ object scipy/optimize/_highspy/libhighs.a.p/.._.._.._subprojects_highs_highs_lp_data_HighsDebug.cpp.o
            [327/1162] Compiling C++ object scipy/optimize/_highspy/libhighs.a.p/.._.._.._subprojects_highs_highs_ipm_IpxWrapper.cpp.o
            [328/1162] Compiling C++ object scipy/optimize/_highspy/libhighs.a.p/.._.._.._subprojects_highs_highs_lp_data_HighsInfo.cpp.o
            [329/1162] Compiling C++ object scipy/optimize/_highspy/libhighs.a.p/.._.._.._subprojects_highs_highs_lp_data_HighsInfoDebug.cpp.o
            [330/1162] Compiling C++ object scipy/optimize/_highspy/libhighs.a.p/.._.._.._subprojects_highs_highs_io_HMpsFF.cpp.o
            [331/1162] Compiling C++ object scipy/optimize/_highspy/libhighs.a.p/.._.._.._subprojects_highs_highs_lp_data_HighsDeprecated.cpp.o
            [332/1162] Generating 'scipy/optimize/_group_columns.cpython-314-aarch64-linux-android.so.p/_group_columns.cpp'
            [333/1162] Compiling C++ object scipy/optimize/_highspy/libhighs.a.p/.._.._.._subprojects_highs_highs_lp_data_HighsCallback.cpp.o
            [334/1162] Compiling C++ object scipy/optimize/_highspy/libhighs.a.p/.._.._.._subprojects_highs_highs_lp_data_HighsIis.cpp.o
            [335/1162] Compiling C++ object scipy/optimize/_highspy/libhighs.a.p/.._.._.._subprojects_highs_highs_lp_data_HighsLp.cpp.o
            ninja: build stopped: interrupted by user.
            [end of output]
      
        note: This error originates from a subprocess, and is likely not a problem with pip.
      error: metadata-generation-failed
      
      × Encountered error while generating package metadata.
      ╰─> scipy
      
      note: This is an issue with the package mentioned above, not pip.
      hint: See above for details.
      [end of output]
  
  note: This error originates from a subprocess, and is likely not a problem with pip.
ERROR: Failed to build 'scikit-learn' when installing build dependencies for scikit-learn
