========================================
[2026-05-08 21:07:36] a2wsgi: 完成
[2026-05-08 21:07:38] addict: 完成
[2026-05-08 21:07:42] agate: 完成
[2026-05-08 21:07:45] agate-dbf: 完成
[2026-05-08 21:07:49] agate-excel: 完成
[2026-05-08 21:08:11] agate-sql: 完成
[2026-05-08 21:08:47] aioboto3: 完成
[2026-05-08 21:08:59] aiobotocore: 完成
[2026-05-08 21:09:02] aiocache: 完成
[2026-05-08 21:09:04] aiofiles: 完成
[2026-05-08 21:09:05] aiohappyeyeballs: 完成
[2026-05-08 21:09:11] aiohttp: 完成
[2026-05-08 21:09:18] aiohttp-cors: 完成
[2026-05-08 21:09:20] aioitertools: 完成
[2026-05-08 21:09:23] aiomisc: 完成
[2026-05-08 21:22:02] aiosignal: 完成
[2026-05-08 21:22:04] aiosmtplib: 完成
[2026-05-08 21:22:06] aiosqlite: 完成
[2026-05-08 21:22:08] aiothreads: 完成
[2026-05-08 21:22:10] alabaster: 完成
[2026-05-08 21:22:23] alembic: 完成
[2026-05-08 21:22:26] algorithms: 完成
[2026-05-08 21:24:04] altair: 完成
[2026-05-08 21:24:08] amplitude-analytics: 完成
[2026-05-08 21:24:11] amqp: 完成
[2026-05-08 21:24:14] aniso8601: 完成
[2026-05-08 21:24:16] annotated-doc: 完成
[2026-05-08 21:24:17] annotated-types: 完成
