========================================
开始更新: 2026-10-06 10:09:18
========================================
[2026-10-06 10:39:28] gsheetsdb: 完成
[2026-10-06 10:40:28] h11: 完成
[2026-10-06 10:41:28] h2: 完成
[2026-10-06 10:42:28] happybase: 完成
[2026-10-06 10:44:29] hiredis: 完成
[2026-10-06 10:45:29] holidays: 完成
[2026-10-06 10:46:29] hpack: 完成
[2026-10-06 10:47:29] html5lib: 完成
[2026-10-06 10:48:29] httpcore: 完成
[2026-10-06 10:49:30] httplib2: 完成
[2026-10-06 10:50:30] httptools: 完成
[2026-10-06 10:51:30] httpx: 完成
[2026-10-06 10:52:30] hub: 完成
[2026-10-06 10:53:30] huey: 完成
[2026-10-06 10:54:31] humanize: 完成
[2026-10-06 10:55:31] humbug: 完成
[2026-10-06 10:56:31] hyperframe: 完成
[2026-10-06 10:57:31] ibis-framework: 完成
[2026-10-06 10:58:31] id: 完成
[2026-10-06 10:59:32] identify: 完成
[2026-10-06 11:00:32] idna: 完成
[2026-10-06 11:01:32] ijson: 完成
[2026-10-06 11:02:32] imagesize: 完成
[2026-10-06 11:03:33] immutables: 完成
[2026-10-06 11:04:33] importlib-metadata: 完成
[2026-10-06 11:05:33] importlib-resources: 完成
[2026-10-06 11:06:33] inflect: 完成
[2026-10-06 11:07:33] inflection: 完成
[2026-10-06 11:08:34] influxdb: 完成
[2026-10-06 11:09:34] installer: 完成
[2026-10-06 11:10:34] intake: 完成
[2026-10-06 11:11:34] interchange: 完成
[2026-10-06 11:12:34] invoke: 完成
[2026-10-06 11:13:35] ipykernel: 完成
[2026-10-06 11:14:35] ipython: 完成
[2026-10-06 11:15:35] ipython-genutils: 完成
[2026-10-06 11:16:35] ipython-pygments-lexers: 完成
[2026-10-06 11:17:36] ipywidgets: 完成
[2026-10-06 11:18:36] iso8601: 完成
[2026-10-06 11:19:36] isodate: 完成
[2026-10-06 11:20:36] isoduration: 完成
[2026-10-06 11:21:37] itsdangerous: 完成
[2026-10-06 11:22:37] janus: 完成
[2026-10-06 11:23:37] jaraco-classes: 完成
[2026-10-06 11:24:37] jaraco-context: 完成
[2026-10-06 11:25:37] jaraco-functools: 完成
[2026-10-06 11:26:38] jedi: 完成
[2026-10-06 11:27:38] jeepney: 完成
[2026-10-06 11:28:38] jinja2: 完成
[2026-10-06 11:29:38] jinja2-ansible-filters: 完成
[2026-10-06 11:30:39] jinja2-humanize-extension: 完成
[2026-10-06 11:31:39] jmespath: 完成
[2026-10-06 11:32:39] joblib: 完成
[2026-10-06 11:33:40] json-table-schema: 完成
[2026-10-06 11:34:40] json5: 完成
[2026-10-06 11:35:40] jsonlines: 完成
[2026-10-06 11:36:40] jsonpatch: 完成
[2026-10-06 11:37:40] jsonpickle: 完成
[2026-10-06 11:38:40] jsonpointer: 完成
[2026-10-06 11:39:41] jsonref: 完成
[2026-10-06 11:40:41] jsonschema: 完成
[2026-10-06 11:41:41] jsonschema-specifications: 完成
[2026-10-06 11:42:41] jupyter: 完成
[2026-10-06 11:43:44] jupyter-builder: 完成
[2026-10-06 11:44:44] jupyter-client: 完成
[2026-10-06 11:45:44] jupyter-console: 完成
[2026-10-06 11:46:45] jupyter-core: 完成
[2026-10-06 11:47:45] jupyter-events: 完成
[2026-10-06 11:48:45] jupyter-lsp: 完成
[2026-10-06 11:49:45] jupyter-server: 完成
[2026-10-06 11:50:46] jupyter-server-terminals: 完成
[2026-10-06 11:51:46] jupyterlab: 完成
[2026-10-06 11:52:46] jupyterlab-pygments: 完成
[2026-10-06 11:53:46] jupyterlab-server: 完成
[2026-10-06 11:54:47] jupyterlab-widgets: 完成
[2026-10-06 11:55:47] jupytext: 完成
[2026-10-06 11:56:47] kafka-python: 完成
[2026-10-06 11:57:47] kedro: 完成
[2026-10-06 11:58:48] kedro-telemetry: 完成
[2026-10-06 11:59:48] keyboard: 完成
[2026-10-06 12:00:49] keyring: 完成
[2026-10-06 12:01:49] kfp: 完成
[2026-10-06 12:02:49] kfp-pipeline-spec: 完成
[2026-10-06 12:03:49] kfp-server-api: 完成
[2026-10-06 12:04:49] kivy-garden: 完成
[2026-10-06 12:05:50] kiwisolver: 完成
[2026-10-06 12:06:50] kombu: 完成
[暂停] 电量 79%，状态 DISCHARGING
