========================================
[2026-05-12 06:29:55] a2wsgi: 完成
[2026-05-12 06:29:57] addict: 完成
[2026-05-12 06:30:01] agate: 完成
[2026-05-12 06:30:04] agate-dbf: 完成
[2026-05-12 06:30:08] agate-excel: 完成
[2026-05-12 06:30:12] agate-sql: 完成
[2026-05-12 06:30:23] aioboto3: 完成
[2026-05-12 06:30:32] aiobotocore: 完成
[2026-05-12 06:30:33] aiocache: 完成
[2026-05-12 06:30:35] aiofiles: 完成
[2026-05-12 06:30:37] aiohappyeyeballs: 完成
[2026-05-12 06:30:43] aiohttp: 完成
[2026-05-12 06:30:49] aiohttp-cors: 完成
[2026-05-12 06:30:50] aioitertools: 完成
[2026-05-12 06:30:52] aiomisc: 完成
[2026-05-12 06:31:05] aiosignal: 完成
[2026-05-12 06:31:06] aiosmtplib: 完成
[2026-05-12 06:31:08] aiosqlite: 完成
[2026-05-12 06:31:10] aiothreads: 完成
[2026-05-12 06:31:11] alabaster: 完成
[2026-05-12 06:31:15] alembic: 完成
[2026-05-12 06:31:17] algorithms: 完成
[2026-05-12 06:31:21] altair: 完成
[2026-05-12 06:31:23] amplitude-analytics: 完成
[2026-05-12 06:31:25] amqp: 完成
[2026-05-12 06:31:27] aniso8601: 完成
[2026-05-12 06:31:29] annotated-doc: 完成
[2026-05-12 06:31:30] annotated-types: 完成
[2026-05-12 06:31:35] ansible: 完成
[2026-05-12 06:31:39] ansible-core: 完成
[2026-05-12 06:31:40] antlr4-python3-runtime: 完成
[2026-05-12 06:31:42] anyascii: 完成
[2026-05-12 06:31:44] anyio: 完成
[2026-05-12 06:31:45] anytree: 完成
[2026-05-12 06:34:45] apache-libcloud: 完成
[2026-05-12 06:34:46] appdirs: 完成
[2026-05-12 06:34:50] apprise: 完成
[2026-05-12 06:34:52] argcomplete: 完成
[2026-05-12 06:34:57] argo-models: 完成
[2026-05-12 06:35:00] argon2-cffi: 完成
[2026-05-12 06:35:02] argon2-cffi-bindings: 完成
[2026-05-12 06:35:04] argparse: 完成
[2026-05-12 06:35:06] args: 完成
[2026-05-12 06:35:13] arq: 完成
[2026-05-12 06:35:16] arraykit: 完成
[2026-05-12 06:35:19] arrow: 完成
[2026-05-12 06:35:23] asciimatics: 完成
[2026-05-12 06:35:24] asgi-lifespan: 完成
[2026-05-12 06:35:26] asgiref: 完成
[2026-05-12 06:35:27] asn1crypto: 完成
[2026-05-12 06:35:29] asttokens: 完成
[2026-05-12 06:35:31] async-lru: 完成
[2026-05-12 06:35:33] asyncer: 完成
[2026-05-12 06:35:35] asyncpg: 完成
[2026-05-12 06:35:36] atom: 完成
[2026-05-12 06:35:38] atpublic: 完成
[2026-05-12 06:35:39] attrs: 完成
[2026-05-12 06:35:41] autocommand: 完成
[2026-05-12 06:35:43] autopep8: 完成
[2026-05-12 06:35:46] awesome-slugify: 完成
[2026-05-12 06:35:52] awscli: 完成
[2026-05-12 06:41:51] azure-core: 完成
[2026-05-12 06:41:58] azure-storage-blob: 完成
[2026-05-12 06:42:03] babel: 完成
[2026-05-12 06:42:08] backoff: 完成
[2026-05-12 06:42:12] backports-zstd: 完成
[2026-05-12 06:42:13] banal: 完成
[2026-05-12 06:42:15] bashplotlib: 完成
[2026-05-12 06:42:27] bcrypt: 完成
[2026-05-12 06:42:28] beaker: 完成
[2026-05-12 06:42:30] beartype: 完成
[2026-05-12 06:42:32] beautifulsoup4: 完成
[2026-05-12 06:42:34] bibtexparser: 完成
[2026-05-12 06:42:36] bidict: 完成
[2026-05-12 06:42:38] billiard: 完成
[2026-05-12 06:42:39] binaryornot: 完成
[2026-05-12 06:42:41] birch: 完成
[2026-05-12 06:42:45] black: 完成
[2026-05-12 06:42:47] bleach: 完成
[2026-05-12 06:42:48] blessings: 完成
[2026-05-12 06:42:50] blinker: 完成
[2026-05-12 06:42:52] boltons: 完成
[2026-05-12 06:43:07] botflow: 完成
[2026-05-12 06:43:11] boto3: 完成
[2026-05-12 06:43:16] botocore: 完成
[2026-05-12 06:43:17] bottle: 完成
[2026-05-12 06:46:31] bottleneck: 完成
[2026-05-12 06:46:34] bracex: 完成
[2026-05-12 06:46:36] build: 完成
[2026-05-12 06:46:37] burner-redis: 完成
[2026-05-12 06:46:39] bytecode: 完成
[2026-05-12 06:46:42] cachecontrol: 完成
[2026-05-12 06:46:44] cached-property: 完成
[2026-05-12 06:46:47] cachelib: 完成
[2026-05-12 06:46:49] cachetools: 完成
[2026-05-12 06:46:51] cachier: 完成
[2026-05-12 06:46:57] cadwyn: 完成
[2026-05-12 06:46:59] catalogue: 完成
[2026-05-12 06:47:04] celery: 完成
[2026-05-12 06:47:06] cerberus: 完成
[2026-05-12 06:47:08] certifi: 完成
[2026-05-12 06:47:10] cffi: 完成
[2026-05-12 06:47:11] cfgv: 完成
[2026-05-12 06:47:13] chardet: 完成
[2026-05-12 06:47:15] charset-normalizer: 完成
[2026-05-12 06:47:16] ciso8601: 完成
[2026-05-12 06:47:20] cleo: 完成
[2026-05-12 06:47:21] cleverdict: 完成
[2026-05-12 06:47:23] click: 完成
[2026-05-12 06:47:25] click-didyoumean: 完成
[2026-05-12 06:47:29] click-extra: 完成
[2026-05-12 06:47:31] click-option-group: 完成
[2026-05-12 06:47:32] click-plugins: 完成
[2026-05-12 06:47:34] click-repl: 完成
[2026-05-12 06:47:36] clint: 完成
[2026-05-12 06:47:39] cloudant: 完成
[2026-05-12 06:47:40] cloudpickle: 完成
[2026-05-12 06:47:42] cloup: 完成
[2026-05-12 06:47:44] colorama: 完成
[2026-05-12 06:47:46] colorclass: 完成
[2026-05-12 06:47:48] colored: 完成
[2026-05-12 06:47:49] colorlog: 完成
[2026-05-12 06:47:52] colout: 完成
[2026-05-12 06:47:53] comm: 完成
[2026-05-12 06:47:55] commonregex: 完成
[2026-05-12 06:47:57] configargparse: 完成
[2026-05-12 06:47:58] configobj: 完成
[2026-05-12 06:48:00] configupdater: 完成
[2026-05-12 06:48:03] constraints-txt: 完成
[2026-05-12 06:48:04] contextlib2: 完成
[2026-05-12 06:48:07] contourpy: 完成
[2026-05-12 06:48:12] cookiecutter: 完成
[2026-05-12 06:48:14] coolname: 完成
[2026-05-12 06:48:22] copier: 完成
[2026-05-12 06:48:24] crashtest: 完成
[2026-05-12 06:48:26] cron-descriptor: 完成
[2026-05-12 06:48:28] croniter: 完成
[2026-05-12 06:48:29] cronsim: 完成
[2026-05-12 06:48:32] cryptography: 完成
[2026-05-12 06:48:38] csvkit: 完成
[2026-05-12 06:48:43] csvs-to-sqlite: 完成
[2026-05-12 06:48:45] cycler: 完成
[2026-05-12 06:48:48] cyclopts: 完成
[2026-05-12 06:48:50] cython: 完成
[2026-05-12 06:49:16] daffy: 完成
[2026-05-12 06:49:19] dask: 完成
[2026-05-12 06:49:22] databases: 完成
[2026-05-12 06:49:24] dataclasses: 完成
[2026-05-12 06:49:27] dataset: 完成
[2026-05-12 06:49:30] datasketch: 完成
[2026-05-12 06:49:32] datatest: 完成
[2026-05-12 06:49:34] datatile: 完成
[2026-05-12 06:49:38] dateparser: 完成
[2026-05-12 06:49:41] datetime: 完成
[2026-05-12 06:50:06] db-py: 完成
[2026-05-12 06:50:08] dbfread: 完成
[2026-05-12 06:50:10] debuglater: 完成
[2026-05-12 06:50:12] debugpy: 完成
[2026-05-12 06:50:13] decorator: 完成
[2026-05-12 06:50:15] decore: 完成
[2026-05-12 06:50:17] deepdiff: 完成
[2026-05-12 06:50:34] deeplake: 完成
[2026-05-12 06:50:36] deepmerge: 完成
[2026-05-12 06:50:37] defusedxml: 完成
[2026-05-12 06:50:41] deprecated: 完成
[2026-05-12 06:50:42] dialite: 完成
[2026-05-12 06:50:44] dill: 完成
[2026-05-12 06:50:45] dirty-equals: 完成
[2026-05-12 06:50:47] distlib: 完成
[2026-05-12 06:50:49] distro: 完成
[2026-05-12 06:50:51] dnspython: 完成
[2026-05-12 06:50:53] docker: 完成
[2026-05-12 06:50:55] docopt: 完成
[2026-05-12 06:50:56] docopt-ng: 完成
[2026-05-12 06:50:58] docstring-parser: 完成
[2026-05-12 06:51:00] docutils: 完成
[2026-05-12 06:51:02] donfig: 完成
[2026-05-12 06:51:04] dulwich: 完成
[2026-05-12 06:51:06] dunamai: 完成
[2026-05-12 06:51:10] durationpy: 完成
[2026-05-12 06:51:12] dynaconf: 完成
[2026-05-12 06:51:14] easyprocess: 完成
[2026-05-12 06:54:26] elastic-transport: 完成
[2026-05-12 06:54:29] elasticsearch: 完成
[2026-05-12 06:54:31] elasticsearch-dsl: 完成
[2026-05-12 06:54:33] email-validator: 完成
[2026-05-12 06:54:34] emoji: 完成
[2026-05-12 06:54:37] enaml: 完成
[2026-05-12 06:54:38] entrypoint2: 完成
[2026-05-12 06:54:40] entrypoints: 完成
[2026-05-12 06:54:41] et-xmlfile: 完成
[2026-05-12 06:54:43] everett: 完成
[2026-05-12 06:54:44] exceptiongroup: 完成
[2026-05-12 06:54:46] executing: 完成
[2026-05-12 06:54:47] extra-platforms: 完成
[2026-05-12 06:54:52] fabric: 完成
[2026-05-12 06:54:56] fabric39: 完成
[2026-05-12 06:55:00] fabtools: 完成
[2026-05-12 06:55:02] face: 完成
[2026-05-12 06:55:04] fake-useragent: 完成
[2026-05-12 06:55:06] faker: 完成
[2026-05-12 06:55:08] fakeredis: 完成
[2026-05-12 06:55:13] fastapi: 完成
[2026-05-12 06:55:18] fastapi-cli: 完成
[2026-05-12 06:55:20] fastcore: 完成
[2026-05-12 06:55:21] fastjsonschema: 完成
[2026-05-12 06:55:30] faust: 完成
[2026-05-12 06:55:32] feedparser: 完成
[2026-05-12 06:55:33] filedepot: 完成
[2026-05-12 06:55:35] filelock: 完成
[2026-05-12 06:55:36] filetype: 完成
[2026-05-12 06:55:38] findpython: 完成
[2026-05-12 06:55:40] fire: 完成
[2026-05-12 06:55:42] flask: 完成
[2026-05-12 06:55:46] flask-restful: 完成
[2026-05-12 06:55:47] flatbuffers: 完成
[2026-05-12 06:55:49] flexx: 完成
[2026-05-12 06:55:51] flupy: 完成
[2026-05-12 06:55:53] fonttools: 完成
[2026-05-12 06:55:55] fqdn: 完成
[2026-05-12 06:55:58] free-proxy: 完成
[2026-05-12 06:55:59] frozenlist: 完成
[2026-05-12 06:56:01] fs: 完成
[2026-05-12 06:56:03] fsspec: 完成
[2026-05-12 06:56:04] funcy: 完成
[2026-05-12 06:56:06] future: 完成
[2026-05-12 06:56:08] future-typing: 完成
[2026-05-12 06:56:09] futures: 完成
[2026-05-12 06:56:13] gdown: 完成
[2026-05-12 06:59:28] gin-config: 完成
[2026-05-12 06:59:31] gino: 完成
[2026-05-12 06:59:33] gitdb: 完成
[2026-05-12 06:59:35] gitpython: 完成
[2026-05-12 06:59:37] glom: 完成
[2026-05-12 06:59:50] google-api-core: 完成
[2026-05-12 06:59:56] google-api-python-client: 完成
[2026-05-12 06:59:59] google-auth: 完成
[2026-05-12 07:00:03] google-auth-httplib2: 完成
[2026-05-12 07:00:07] google-auth-oauthlib: 完成
[2026-05-12 07:36:06] google-cloud-core: 完成
[2026-05-12 07:36:12] google-cloud-storage: 完成
[2026-05-12 07:36:13] google-crc32c: 完成
[2026-05-12 07:36:15] google-resumable-media: 完成
[2026-05-12 07:36:18] googleapis-common-protos: 完成
[2026-05-12 07:36:19] graphviz: 完成
[2026-05-12 07:36:34] great-expectations: 完成
[2026-05-12 07:36:36] greenback: 完成
[2026-05-12 07:36:39] greenlet: 完成
[2026-05-12 07:36:41] griffe: 完成
[2026-05-12 07:36:43] griffecli: 完成
[2026-05-12 07:36:44] griffelib: 完成
[2026-05-12 08:49:00] gsheetsdb: 完成
[2026-05-12 08:49:01] h11: 完成
[2026-05-12 08:49:03] h2: 完成
[2026-05-12 08:49:05] happybase: 完成
[2026-05-12 08:49:23] hiredis: 完成
[2026-05-12 08:49:25] holidays: 完成
[2026-05-12 08:49:27] hpack: 完成
[2026-05-12 08:49:29] html5lib: 完成
[2026-05-12 08:49:31] httpcore: 完成
[2026-05-12 08:49:33] httplib2: 完成
[2026-05-12 08:49:35] httptools: 完成
[2026-05-12 08:49:37] httpx: 完成
[2026-05-12 08:49:56] hub: 完成
[2026-05-12 08:49:58] huey: 完成
[2026-05-12 08:49:59] humanize: 完成
[2026-05-12 08:50:02] humbug: 完成
[2026-05-12 08:50:04] hyperframe: 完成
[2026-05-12 08:50:07] ibis-framework: 完成
[2026-05-12 08:50:09] id: 完成
[2026-05-12 08:50:11] identify: 完成
[2026-05-12 08:50:12] idna: 完成
[2026-05-12 08:50:14] ijson: 完成
[2026-05-12 08:50:16] imagesize: 完成
[2026-05-12 08:50:18] immutables: 完成
[2026-05-12 08:50:20] importlib-metadata: 完成
[2026-05-12 08:50:21] importlib-resources: 完成
[2026-05-12 08:50:24] inflect: 完成
[2026-05-12 08:50:26] inflection: 完成
[2026-05-12 08:50:29] influxdb: 完成
[2026-05-12 08:50:31] installer: 完成
[2026-05-12 08:50:34] intake: 完成
[2026-05-12 08:50:36] interchange: 完成
[2026-05-12 08:50:37] invoke: 完成
[2026-05-12 08:51:03] ipython-genutils: 完成
[2026-05-12 08:51:05] ipython-pygments-lexers: 完成
[2026-05-12 08:51:15] iso8601: 完成
[2026-05-12 08:51:17] isodate: 完成
[2026-05-12 08:51:19] isoduration: 完成
[2026-05-12 08:51:21] itsdangerous: 完成
[2026-05-12 08:51:22] janus: 完成
[2026-05-12 08:51:25] jaraco-classes: 完成
[2026-05-12 08:51:27] jaraco-context: 完成
[2026-05-12 08:51:29] jaraco-functools: 完成
[2026-05-12 08:51:33] jedi: 完成
[2026-05-12 08:51:34] jeepney: 完成
[2026-05-12 08:51:36] jinja2: 完成
[2026-05-12 08:51:38] jinja2-ansible-filters: 完成
[2026-05-12 08:51:40] jinja2-humanize-extension: 完成
[2026-05-12 08:51:42] jmespath: 完成
[2026-05-12 08:51:43] joblib: 完成
[2026-05-12 08:51:45] json-table-schema: 完成
[2026-05-12 08:51:47] json5: 完成
[2026-05-12 08:51:48] jsonlines: 完成
[2026-05-12 08:51:50] jsonpatch: 完成
[2026-05-12 08:51:51] jsonpickle: 完成
[2026-05-12 08:51:53] jsonpointer: 完成
[2026-05-12 08:51:56] jsonref: 完成
[2026-05-12 08:51:59] jsonschema: 完成
[2026-05-12 08:52:02] jsonschema-specifications: 完成
[2026-05-12 08:52:15] jupyter-client: 完成
[2026-05-12 08:52:26] jupyter-core: 完成
[2026-05-12 08:52:32] jupyter-events: 完成
[2026-05-12 08:52:43] jupyter-lsp: 完成
[2026-05-12 08:52:53] jupyter-server: 完成
[2026-05-12 08:52:55] jupyter-server-terminals: 完成
[2026-05-12 08:53:10] jupyterlab-pygments: 完成
[2026-05-12 08:53:23] jupyterlab-server: 完成
[2026-05-12 08:53:25] jupyterlab-widgets: 完成
[2026-05-12 08:53:30] jupytext: 完成
[2026-05-12 08:53:31] kafka-python: 完成
[2026-05-12 08:53:40] kedro: 完成
[2026-05-12 08:53:46] kedro-telemetry: 完成
[2026-05-12 08:53:47] keyboard: 完成
[2026-05-12 08:53:49] keyring: 完成
[2026-05-12 08:53:58] kfp: 完成
[2026-05-12 08:54:00] kfp-pipeline-spec: 完成
[2026-05-12 08:54:02] kfp-server-api: 完成
[2026-05-12 08:54:05] kivy-garden: 完成
[2026-05-12 08:54:07] kiwisolver: 完成
[2026-05-12 08:54:09] kombu: 完成
[2026-05-12 08:54:24] kubernetes: 完成
[2026-05-12 08:54:25] lark: 完成
[2026-05-12 08:54:27] lazy-import: 完成
[2026-05-12 08:54:28] lazy-object-proxy: 完成
[2026-05-12 08:54:32] lazydata: 完成
[2026-05-12 08:54:34] leather: 完成
[2026-05-12 08:54:38] libcst: 完成
[2026-05-12 08:54:39] linear-tsv: 完成
[2026-05-12 08:54:41] linkify-it-py: 完成
[2026-05-12 08:54:43] lml: 完成
[2026-05-12 08:54:44] locket: 完成
[2026-05-12 08:54:46] lockfile: 完成
[2026-05-12 08:54:48] luigi: 完成
[2026-05-12 08:58:18] lxml: 完成
[2026-05-12 08:58:20] lz4: 完成
[2026-05-12 08:58:22] mako: 完成
[2026-05-12 08:58:29] mara-db: 完成
[2026-05-12 08:58:32] mara-page: 完成
[2026-05-12 08:58:41] markdown: 完成
[2026-05-12 08:58:42] markdown-it-py: 完成
[2026-05-12 08:58:44] markupsafe: 完成
[2026-05-12 08:58:46] marshmallow: 完成
[2026-05-12 08:58:52] matplotlib: 完成
[2026-05-12 08:58:53] matplotlib-inline: 完成
[2026-05-12 08:58:55] maturin: 完成
[2026-05-12 08:58:57] mdit-py-plugins: 完成
[2026-05-12 08:58:58] mdurl: 完成
[2026-05-12 08:59:02] messytables: 完成
[2026-05-12 08:59:04] methodtools: 完成
[2026-05-12 08:59:09] meza: 完成
[2026-05-12 08:59:11] mezmorize: 完成
[2026-05-12 08:59:13] millify: 完成
[2026-05-12 08:59:16] minio: 完成
[2026-05-12 08:59:18] mistune: 完成
[2026-05-12 09:30:04] mleap: 完成
[2026-05-12 09:30:08] mo-dots: 完成
[2026-05-12 09:30:10] mo-future: 完成
[2026-05-12 09:30:12] mo-imports: 完成
[2026-05-12 09:30:14] mo-kwargs: 完成
[2026-05-12 09:30:16] mo-logs: 完成
[2026-05-12 09:30:19] mode: 完成
[2026-05-12 09:30:50] mongo-connector: 完成
[2026-05-12 09:30:54] mongoengine: 完成
[2026-05-12 09:30:56] monotonic: 完成
[2026-05-12 09:30:58] more-itertools: 完成
[2026-05-12 09:31:02] motor: 完成
[2026-05-12 09:31:05] moz-sql-parser: 完成
[2026-05-12 09:31:08] mpmath: 完成
[2026-05-12 09:31:11] mrjob: 完成
[2026-05-12 09:31:13] msgpack: 完成
[2026-05-12 09:31:16] msgpack-numpy: 完成
[2026-05-12 09:31:31] msgspec: 完成
[2026-05-12 09:31:34] mss: 完成
[2026-05-12 09:31:38] multidict: 完成
[2026-05-12 09:31:39] multimethod: 完成
[2026-05-12 09:31:41] multiprocess: 完成
[2026-05-12 09:31:43] munch: 完成
[2026-05-12 09:31:45] mypy-extensions: 完成
[2026-05-12 09:31:47] narwhals: 完成
[2026-05-12 09:31:49] natsort: 完成
[2026-05-12 09:32:18] nbclient: 完成
[2026-05-12 09:32:25] nbconvert: 完成
[2026-05-12 09:32:29] nbformat: 完成
[2026-05-12 09:32:31] neo4j-driver: 完成
[2026-05-12 09:32:33] nest-asyncio: 完成
[2026-05-12 09:32:40] netmiko: 完成
[2026-05-12 09:32:42] networkx: 完成
[2026-05-12 09:34:12] nh3: 完成
[2026-05-12 09:34:14] nodeenv: 完成
[2026-05-12 09:34:40] notebook-shim: 完成
[2026-05-12 09:34:42] ntc-templates: 完成
[2026-05-12 09:36:37] numcodecs: 完成
[2026-05-12 09:36:58] numexpr: 完成
[2026-05-12 09:37:00] numpy: 完成
[2026-05-12 09:37:03] numpy-groupies: 完成
[2026-05-12 09:37:05] oauthlib: 完成
[2026-05-12 09:37:11] odmantic: 完成
[2026-05-12 09:37:13] olefile: 完成
[2026-05-12 09:37:15] omegaconf: 完成
[2026-05-12 09:37:22] onecite: 完成
[2026-05-12 09:52:21] openpyxl: 完成
[2026-05-12 09:52:24] opentelemetry-api: 完成
