========================================
[2026-03-26 22:00:07] a2wsgi: 完成
[2026-03-26 22:00:13] addict: 完成
[2026-03-26 22:00:27] agate: 完成
[2026-03-26 22:00:45] agate-dbf: 完成
[2026-03-26 22:01:00] agate-excel: 完成
[2026-03-26 22:01:28] agate-sql: 完成
[2026-03-26 22:02:41] aioboto3: 完成
[2026-03-26 22:03:22] aiobotocore: 完成
[2026-03-26 22:03:31] aiocache: 完成
[2026-03-26 22:03:38] aiofiles: 完成
[2026-03-26 22:03:42] aiohappyeyeballs: 完成
[2026-03-26 22:03:59] aiohttp: 完成
[2026-03-26 22:04:19] aiohttp-cors: 完成
[2026-03-26 22:04:23] aioitertools: 完成
[2026-03-26 22:04:31] aiomisc: 完成
[2026-03-26 22:04:41] aioprometheus: 完成
[2026-03-26 22:04:48] aiosignal: 完成
[2026-03-26 22:04:53] aiosmtplib: 完成
[2026-03-26 22:04:59] aiosqlite: 完成
[2026-03-26 22:05:04] aiothreads: 完成
[2026-03-26 22:05:17] alabaster: 完成
[2026-03-26 22:05:30] alembic: 完成
[2026-03-26 22:05:37] algorithms: 完成
[2026-03-26 22:06:03] altair: 完成
[2026-03-26 22:06:07] amplitude-analytics: 完成
[2026-03-26 22:06:16] amqp: 完成
[2026-03-26 22:06:19] aniso8601: 完成
[2026-03-26 22:06:23] annotated-doc: 完成
[2026-03-26 22:06:28] annotated-types: 完成
[2026-03-26 22:07:35] antlr4-python3-runtime: 完成
[2026-03-26 22:07:39] anyascii: 完成
[2026-03-26 22:07:48] anyio: 完成
[2026-03-26 22:07:52] anytree: 完成
[2026-03-26 22:14:43] apache-libcloud: 完成
[2026-03-26 22:14:47] appdirs: 完成
[2026-03-26 22:15:05] apprise: 完成
[2026-03-26 22:15:10] argcomplete: 完成
[2026-03-26 22:15:48] argo-models: 完成
[2026-03-26 22:16:07] argon2-cffi: 完成
[2026-03-26 22:16:15] argon2-cffi-bindings: 完成
[2026-03-26 22:16:20] argparse: 完成
[2026-03-26 22:16:23] args: 完成
[2026-03-26 22:16:31] arq: 完成
[2026-03-26 22:16:37] arrow: 完成
[2026-03-26 22:16:47] asciimatics: 完成
[2026-03-26 22:16:52] asgi-lifespan: 完成
[2026-03-26 22:16:59] asgiref: 完成
[2026-03-26 22:17:02] asn1crypto: 完成
[2026-03-26 22:17:07] asttokens: 完成
[2026-03-26 22:17:11] async-lru: 完成
[2026-03-26 22:17:22] asyncer: 完成
[2026-03-26 22:17:25] asyncpg: 完成
[2026-03-26 22:17:29] atom: 完成
[2026-03-26 22:17:32] atpublic: 完成
[2026-03-26 22:17:36] attrs: 完成
[2026-03-26 22:17:39] autocommand: 完成
[2026-03-26 22:17:43] autopep8: 完成
[2026-03-26 22:17:51] awesome-slugify: 完成
[2026-03-26 22:18:21] awscli: 完成
[2026-03-26 22:19:10] azure-core: 完成
[2026-03-26 22:19:32] babel: 完成
[2026-03-26 22:19:39] backoff: 完成
[2026-03-26 22:19:42] banal: 完成
[2026-03-26 22:19:47] bashplotlib: 完成
[2026-03-26 22:20:16] bcrypt: 完成
[2026-03-26 22:20:20] beaker: 完成
[2026-03-26 22:20:23] beartype: 完成
[2026-03-26 22:20:29] beautifulsoup4: 完成
[2026-03-26 22:20:36] bibtexparser: 完成
[2026-03-26 22:20:41] bidict: 完成
[2026-03-26 22:20:50] billiard: 完成
[2026-03-26 22:20:54] binaryornot: 完成
[2026-03-26 22:20:59] birch: 完成
[2026-03-26 22:21:16] black: 完成
[2026-03-26 22:21:25] bleach: 完成
[2026-03-26 22:21:30] blessings: 完成
[2026-03-26 22:21:37] blinker: 完成
[2026-03-26 22:21:42] boltons: 完成
[2026-03-26 22:22:50] botflow: 完成
[2026-03-26 22:23:14] boto3: 完成
[2026-03-26 22:23:25] botocore: 完成
[2026-03-26 22:23:29] bottle: 完成
[2026-03-26 22:24:15] bottleneck: 完成
[2026-03-26 22:24:19] bracex: 完成
[2026-03-26 22:24:27] build: 完成
[2026-03-26 22:24:32] bytecode: 完成
[2026-03-26 22:24:55] cachecontrol: 完成
[2026-03-26 22:25:00] cached-property: 完成
[2026-03-26 22:25:05] cachelib: 完成
[2026-03-26 22:25:12] cachetools: 完成
[2026-03-26 22:25:28] cachier: 完成
[2026-03-26 22:26:06] cadwyn: 完成
[2026-03-26 22:26:13] catalogue: 完成
[2026-03-26 22:26:52] celery: 完成
[2026-03-26 22:26:57] cerberus: 完成
[2026-03-26 22:27:02] certifi: 完成
[2026-03-26 22:27:09] cffi: 完成
[2026-03-26 22:27:14] cfgv: 完成
[2026-03-26 22:27:18] chardet: 完成
[2026-03-26 22:27:28] charset-normalizer: 完成
[2026-03-26 22:27:35] ciso8601: 完成
[2026-03-26 22:27:47] cleo: 完成
[2026-03-26 22:27:52] cleverdict: 完成
[2026-03-26 22:27:59] click: 完成
[2026-03-26 22:28:07] click-didyoumean: 完成
[2026-03-26 22:28:43] click-extra: 完成
[2026-03-26 22:28:52] click-option-group: 完成
[2026-03-26 22:28:59] click-plugins: 完成
[2026-03-26 22:29:10] click-repl: 完成
[2026-03-26 22:29:17] clint: 完成
[2026-03-26 22:29:32] cloudant: 完成
[2026-03-26 22:29:37] cloudpickle: 完成
[2026-03-26 22:29:43] cloup: 完成
[2026-03-26 22:29:49] colorama: 完成
[2026-03-26 22:30:04] colorclass: 完成
[2026-03-26 22:30:26] colored: 完成
[2026-03-26 22:30:32] colorlog: 完成
[2026-03-26 22:30:47] colout: 完成
[2026-03-26 22:30:54] comm: 完成
[2026-03-26 22:31:01] commonregex: 完成
[2026-03-26 22:31:05] configargparse: 完成
[2026-03-26 22:31:15] configobj: 完成
[2026-03-26 22:31:22] configupdater: 完成
[2026-03-26 22:31:28] constraints-txt: 完成
[2026-03-26 22:31:33] contextlib2: 完成
[2026-03-26 22:31:39] contourpy: 完成
[2026-03-26 22:32:21] cookiecutter: 完成
[2026-03-26 22:32:27] coolname: 完成
[2026-03-26 22:33:12] copier: 完成
[2026-03-26 22:33:17] crashtest: 完成
[2026-03-26 22:33:24] cron-descriptor: 完成
[2026-03-26 22:33:32] croniter: 完成
[2026-03-26 22:33:37] cronsim: 完成
[2026-03-26 22:35:05] csvkit: 完成
[2026-03-26 22:35:41] csvs-to-sqlite: 完成
[2026-03-26 22:35:50] cycler: 完成
[2026-03-26 22:36:13] cyclopts: 完成
[2026-03-26 22:36:19] cython: 完成
[2026-03-26 22:37:04] daffy: 完成
[2026-03-26 22:37:26] dask: 完成
[2026-03-26 22:37:40] databases: 完成
[2026-03-26 22:37:45] dataclasses: 完成
[2026-03-26 22:38:07] dataset: 完成
[2026-03-26 22:38:31] datasketch: 完成
[2026-03-26 22:38:42] datatest: 完成
[2026-03-26 22:38:49] datatile: 完成
[2026-03-26 22:39:21] dateparser: 完成
[2026-03-26 22:39:30] datetime: 完成
[2026-03-26 22:41:03] db-py: 完成
[2026-03-26 22:41:12] dbfread: 完成
[2026-03-26 22:41:21] debuglater: 完成
[2026-03-26 22:41:28] debugpy: 完成
[2026-03-26 22:41:35] decorator: 完成
[2026-03-26 22:41:38] decore: 完成
[2026-03-26 22:41:44] deepdiff: 完成
[2026-03-26 22:43:52] deeplake: 完成
[2026-03-26 22:43:57] deepmerge: 完成
[2026-03-26 22:44:02] defusedxml: 完成
[2026-03-26 22:44:10] deprecated: 完成
[2026-03-26 22:44:14] dialite: 完成
[2026-03-26 22:44:23] dill: 完成
[2026-03-26 22:44:27] dirty-equals: 完成
[2026-03-26 22:44:34] distlib: 完成
[2026-03-26 22:44:39] distro: 完成
[2026-03-26 22:44:48] dnspython: 完成
[2026-03-26 22:45:03] docker: 完成
[2026-03-26 22:45:13] docopt: 完成
[2026-03-26 22:45:17] docopt-ng: 完成
[2026-03-26 22:45:21] docstring-parser: 完成
[2026-03-26 22:45:29] docutils: 完成
[2026-03-26 22:45:33] donfig: 完成
[2026-03-26 22:45:41] dulwich: 完成
[2026-03-26 22:45:46] dunamai: 完成
[2026-03-26 22:45:50] durationpy: 完成
[2026-03-26 22:46:00] dynaconf: 完成
[2026-03-26 22:46:05] easyprocess: 完成
[2026-03-26 22:46:45] elastic-transport: 完成
[2026-03-26 22:47:08] elasticsearch: 完成
[2026-03-26 22:47:25] elasticsearch-dsl: 完成
[2026-03-26 22:47:34] email-validator: 完成
[2026-03-26 22:47:39] emoji: 完成
[2026-03-26 22:47:53] enaml: 完成
[2026-03-26 22:47:56] entrypoint2: 完成
[2026-03-26 22:47:59] entrypoints: 完成
[2026-03-26 22:48:04] et-xmlfile: 完成
[2026-03-26 22:48:10] everett: 完成
[2026-03-26 22:48:14] exceptiongroup: 完成
[2026-03-26 22:48:18] executing: 完成
[2026-03-26 22:48:23] extra-platforms: 完成
[2026-03-26 22:50:06] face: 完成
[2026-03-26 22:50:15] fake-useragent: 完成
[2026-03-26 22:50:20] faker: 完成
[2026-03-26 22:50:28] fakeredis: 完成
[2026-03-26 22:50:50] fastapi: 完成
[2026-03-26 22:51:36] fastapi-cli: 完成
[2026-03-26 22:51:41] fastcore: 完成
[2026-03-26 22:51:46] fastjsonschema: 完成
[2026-03-26 22:52:36] faust: 完成
[2026-03-26 22:52:42] feedparser: 完成
[2026-03-26 22:52:48] filedepot: 完成
[2026-03-26 22:52:59] filelock: 完成
[2026-03-26 22:53:04] filetype: 完成
[2026-03-26 22:53:14] findpython: 完成
[2026-03-26 22:53:21] fire: 完成
[2026-03-26 22:53:39] flask: 完成
[2026-03-26 22:54:00] flask-restful: 完成
[2026-03-26 22:54:05] flatbuffers: 完成
[2026-03-26 22:54:16] flexx: 完成
[2026-03-26 22:54:23] flupy: 完成
[2026-03-26 22:54:27] fonttools: 完成
[2026-03-26 22:54:32] fqdn: 完成
[2026-03-26 22:54:45] free-proxy: 完成
[2026-03-26 22:54:50] frozenlist: 完成
[2026-03-26 22:55:03] fs: 完成
[2026-03-26 22:55:14] fsspec: 完成
[2026-03-26 22:55:21] funcy: 完成
[2026-03-26 22:55:42] future: 完成
[2026-03-26 22:55:46] future-typing: 完成
[2026-03-26 22:55:50] futures: 完成
[2026-03-26 22:56:16] gdown: 完成
[2026-03-26 22:56:41] gin-config: 完成
[2026-03-26 22:56:52] gino: 完成
[2026-03-26 22:56:58] gitdb: 完成
[2026-03-26 22:57:06] gitpython: 完成
[2026-03-26 22:57:15] glom: 完成
[2026-03-26 23:05:46] google-crc32c: 完成
[2026-03-26 23:05:53] google-resumable-media: 完成
[2026-03-26 23:05:58] googleapis-common-protos: 完成
[2026-03-26 23:06:02] graphviz: 完成
[2026-03-26 23:06:41] greenback: 完成
[2026-03-26 23:06:45] greenlet: 完成
[2026-03-26 23:06:53] griffe: 完成
[2026-03-26 23:07:00] griffecli: 完成
[2026-03-26 23:07:05] griffelib: 完成
[2026-03-26 23:07:14] grpcio: 完成
[2026-03-26 23:07:30] grpcio-status: 完成
[2026-03-26 23:08:02] h11: 完成
[2026-03-26 23:08:08] h2: 完成
[2026-03-26 23:08:18] happybase: 完成
[2026-03-26 23:08:39] hiredis: 完成
[2026-03-26 23:08:48] holidays: 完成
[2026-03-26 23:08:52] hpack: 完成
[2026-03-26 23:08:58] html5lib: 完成
[2026-03-26 23:09:04] httpcore: 完成
[2026-03-26 23:09:09] httplib2: 完成
[2026-03-26 23:09:13] httptools: 完成
[2026-03-26 23:09:27] httpx: 完成
[2026-03-26 23:10:54] hub: 完成
[2026-03-26 23:11:00] huey: 完成
[2026-03-26 23:11:05] humanize: 完成
[2026-03-26 23:11:16] humbug: 完成
[2026-03-26 23:11:20] hyperframe: 完成
[2026-03-26 23:11:35] ibis-framework: 完成
[2026-03-26 23:11:40] id: 完成
[2026-03-26 23:11:49] identify: 完成
[2026-03-26 23:11:56] idna: 完成
[2026-03-26 23:12:00] ijson: 完成
[2026-03-26 23:12:14] imagesize: 完成
[2026-03-26 23:12:18] immutables: 完成
[2026-03-26 23:12:25] importlib-metadata: 完成
[2026-03-26 23:12:30] importlib-resources: 完成
[2026-03-26 23:12:42] inflect: 完成
[2026-03-26 23:12:48] inflection: 完成
[2026-03-26 23:13:08] influxdb: 完成
[2026-03-26 23:13:14] installer: 完成
[2026-03-26 23:13:24] intake: 完成
[2026-03-26 23:13:30] interchange: 完成
[2026-03-26 23:13:36] invoke: 完成
[2026-03-26 23:14:06] ipdb: 完成
[2026-03-26 23:14:53] ipykernel: 完成
[2026-03-26 23:15:27] ipython: 完成
[2026-03-26 23:15:31] ipython-genutils: 完成
[2026-03-26 23:15:37] ipython-pygments-lexers: 完成
[2026-03-26 23:16:16] ipywidgets: 完成
[2026-03-26 23:16:21] iso8601: 完成
[2026-03-26 23:16:31] isodate: 完成
[2026-03-26 23:16:40] isoduration: 完成
[2026-03-26 23:16:45] itsdangerous: 完成
[2026-03-26 23:16:49] janus: 完成
[2026-03-26 23:16:56] jaraco-classes: 完成
[2026-03-26 23:17:00] jaraco-context: 完成
[2026-03-26 23:17:07] jaraco-functools: 完成
[2026-03-26 23:17:16] jedi: 完成
[2026-03-26 23:17:20] jeepney: 完成
[2026-03-26 23:17:26] jinja2: 完成
[2026-03-26 23:17:40] jinja2-ansible-filters: 完成
[2026-03-26 23:17:48] jinja2-humanize-extension: 完成
[2026-03-26 23:17:55] jmespath: 完成
[2026-03-26 23:17:59] joblib: 完成
[2026-03-26 23:18:02] json-table-schema: 完成
[2026-03-26 23:18:08] json5: 完成
[2026-03-26 23:18:16] jsonlines: 完成
[2026-03-26 23:18:22] jsonpatch: 完成
[2026-03-26 23:18:26] jsonpickle: 完成
[2026-03-26 23:18:29] jsonpointer: 完成
[2026-03-26 23:18:34] jsonref: 完成
[2026-03-26 23:18:49] jsonschema: 完成
[2026-03-26 23:18:59] jsonschema-specifications: 完成
[2026-03-26 23:21:59] jupyter: 完成
[2026-03-26 23:22:17] jupyter-client: 完成
[2026-03-26 23:23:12] jupyter-console: 完成
[2026-03-26 23:23:24] jupyter-core: 完成
[2026-03-26 23:24:15] jupyter-events: 完成
[2026-03-26 23:25:54] jupyter-lsp: 完成
[2026-03-26 23:27:51] jupyter-server: 完成
[2026-03-26 23:28:01] jupyter-server-terminals: 完成
[2026-03-26 23:30:52] jupyterlab: 完成
[2026-03-26 23:30:56] jupyterlab-pygments: 完成
[2026-03-26 23:32:44] jupyterlab-server: 完成
[2026-03-26 23:32:48] jupyterlab-widgets: 完成
[2026-03-26 23:33:19] jupytext: 完成
[2026-03-26 23:33:23] kafka-python: 完成
[2026-03-26 23:34:38] kedro: 完成
[2026-03-26 23:35:57] kedro-telemetry: 完成
[2026-03-26 23:36:05] keyboard: 完成
[2026-03-26 23:36:27] keyring: 完成
[2026-03-26 23:37:21] kfp-pipeline-spec: 完成
[2026-03-26 23:37:42] kfp-server-api: 完成
[2026-03-26 23:37:55] kivy-garden: 完成
[2026-03-26 23:38:01] kiwisolver: 完成
[2026-03-26 23:38:21] kombu: 完成
[2026-03-26 23:40:10] kubernetes: 完成
[2026-03-26 23:40:15] lark: 完成
[2026-03-26 23:40:21] lazy-import: 完成
[2026-03-26 23:40:27] lazy-object-proxy: 完成
[2026-03-26 23:40:47] lazydata: 完成
[2026-03-26 23:40:52] leather: 完成
[2026-03-26 23:40:57] libcst: 完成
[2026-03-26 23:41:02] linear-tsv: 完成
[2026-03-26 23:41:11] linkify-it-py: 完成
[2026-03-26 23:41:15] lml: 完成
[2026-03-26 23:41:22] locket: 完成
[2026-03-26 23:41:27] lockfile: 完成
[2026-03-26 23:41:42] luigi: 完成
[2026-03-26 23:41:48] lupa: 完成
[2026-03-26 23:41:54] lxml: 完成
[2026-03-26 23:41:59] lz4: 完成
[2026-03-26 23:42:05] mako: 完成
[2026-03-26 23:42:40] mara-db: 完成
[2026-03-26 23:43:08] mara-page: 完成
[2026-03-26 23:44:05] mara-pipelines: 完成
[2026-03-26 23:44:12] markdown: 完成
[2026-03-26 23:44:21] markdown-it-py: 完成
[2026-03-26 23:44:25] markupsafe: 完成
[2026-03-26 23:44:33] marshmallow: 完成
[2026-03-26 23:45:01] matplotlib: 完成
[2026-03-26 23:45:08] matplotlib-inline: 完成
[2026-03-26 23:45:17] maturin: 完成
[2026-03-26 23:45:24] mdit-py-plugins: 完成
[2026-03-26 23:45:28] mdurl: 完成
[2026-03-26 23:46:01] messytables: 完成
[2026-03-26 23:46:07] methodtools: 完成
[2026-03-26 23:46:44] meza: 完成
[2026-03-26 23:47:01] mezmorize: 完成
[2026-03-26 23:47:10] millify: 完成
[2026-03-26 23:47:35] minio: 完成
[2026-03-26 23:47:49] mistune: 完成
[2026-03-26 23:48:17] mleap: 完成
[2026-03-26 23:48:31] mo-dots: 完成
[2026-03-26 23:48:37] mo-future: 完成
[2026-03-26 23:48:41] mo-imports: 完成
[2026-03-26 23:48:49] mo-kwargs: 完成
[2026-03-26 23:48:59] mo-logs: 完成
[2026-03-26 23:49:08] mode: 完成
[2026-03-26 23:49:40] modin: 完成
[2026-03-26 23:49:58] mongo-connector: 完成
[2026-03-26 23:50:16] mongoengine: 完成
[2026-03-26 23:50:23] monotonic: 完成
[2026-03-26 23:50:26] more-itertools: 完成
[2026-03-26 23:50:42] motor: 完成
[2026-03-26 23:50:58] moz-sql-parser: 完成
[2026-03-26 23:51:02] mpmath: 完成
[2026-03-26 23:51:12] mrjob: 完成
[2026-03-26 23:51:17] msgpack: 完成
[2026-03-26 23:51:29] msgpack-numpy: 完成
[2026-03-26 23:51:36] msgspec: 完成
[2026-03-26 23:51:40] mss: 完成
[2026-03-26 23:51:50] multidict: 完成
[2026-03-26 23:51:56] multimethod: 完成
[2026-03-26 23:52:03] multiprocess: 完成
[2026-03-26 23:52:06] munch: 完成
[2026-03-26 23:52:10] mypy-extensions: 完成
[2026-03-26 23:52:16] narwhals: 完成
[2026-03-26 23:52:23] natsort: 完成
[2026-03-26 23:54:53] nbclassic: 完成
[2026-03-26 23:55:22] nbclient: 完成
[2026-03-26 23:56:14] nbconvert: 完成
[2026-03-26 23:56:39] nbformat: 完成
[2026-03-26 23:56:46] neo4j-driver: 完成
[2026-03-26 23:56:51] nest-asyncio: 完成
[2026-03-26 23:57:28] networkx: 完成
[2026-03-26 23:57:33] nh3: 完成
[2026-03-26 23:57:39] nodeenv: 完成
[2026-03-27 00:00:09] notebook: 完成
[2026-03-27 00:01:40] notebook-shim: 完成
[2026-03-27 00:01:48] ntc-templates: 完成
[2026-03-27 00:02:23] numcodecs: 完成
[2026-03-27 00:02:31] numexpr: 完成
[2026-03-27 00:02:39] numpy: 完成
[2026-03-27 00:02:45] numpy-groupies: 完成
[2026-03-27 00:02:50] oauthlib: 完成
[2026-03-27 00:03:12] odmantic: 完成
[2026-03-27 00:03:17] olefile: 完成
[2026-03-27 00:03:23] omegaconf: 完成
[2026-03-27 00:05:28] onecite: 完成
[2026-03-27 00:09:37] openpyxl: 完成
[2026-03-27 00:09:49] opentelemetry-api: 完成
[2026-03-27 00:10:33] opentelemetry-exporter-otlp: 完成
[2026-03-27 00:10:41] opentelemetry-exporter-otlp-proto-common: 完成
[2026-03-27 00:11:02] opentelemetry-exporter-otlp-proto-grpc: 完成
[2026-03-27 00:11:35] opentelemetry-exporter-otlp-proto-http: 完成
[2026-03-27 00:11:57] opentelemetry-instrumentation: 完成
[2026-03-27 00:12:24] opentelemetry-instrumentation-grpc: 完成
[2026-03-27 00:12:32] opentelemetry-proto: 完成
[2026-03-27 00:12:42] opentelemetry-sdk: 完成
[2026-03-27 00:12:54] opentelemetry-semantic-conventions: 完成
[2026-03-27 00:12:59] opentracing: 完成
[2026-03-27 00:13:03] ordered-set: 完成
[2026-03-27 00:13:08] orderly-set: 完成
[2026-03-27 00:13:12] orjson: 完成
[2026-03-27 00:13:18] outcome: 完成
[2026-03-27 00:13:22] packaging: 完成
[2026-03-27 00:13:29] pampy: 完成
[2026-03-27 00:14:39] pandarallel: 完成
[2026-03-27 00:14:59] pandas: 完成
[2026-03-27 00:15:28] pandas-datareader: 完成
[2026-03-27 00:16:10] pandas-summary: 完成
[2026-03-27 00:16:27] pandasql: 完成
[2026-03-27 00:16:49] pandera: 完成
[2026-03-27 00:16:53] pandocfilters: 完成
[2026-03-27 00:17:02] pansi: 完成
[2026-03-27 00:17:41] papermill: 完成
[2026-03-27 00:17:47] param: 完成
[2026-03-27 00:18:06] parse: 完成
[2026-03-27 00:18:10] parsedatetime: 完成
[2026-03-27 00:18:16] parso: 完成
[2026-03-27 00:18:20] parsy: 完成
[2026-03-27 00:18:29] partd: 完成
[2026-03-27 00:18:32] path: 完成
[2026-03-27 00:18:36] pathlib: 完成
[2026-03-27 00:18:39] pathlib-abc: 完成
[2026-03-27 00:18:44] pathlib2: 完成
[2026-03-27 00:18:55] pathos: 完成
[2026-03-27 00:19:00] pathspec: 完成
[2026-03-27 00:19:05] pbs-installer: 完成
[2026-03-27 00:19:12] pdfminer: 完成
[2026-03-27 00:19:31] pdpipe: 完成
[2026-03-27 00:19:35] peewee: 完成
[2026-03-27 00:19:39] pegen: 完成
[2026-03-27 00:19:49] pendulum: 完成
[2026-03-27 00:19:57] petl: 完成
[2026-03-27 00:20:01] pexpect: 完成
[2026-03-27 00:20:05] phonenumbers: 完成
[2026-03-27 00:20:46] piccolo: 完成
[2026-03-27 00:20:56] pickledb: 完成
[2026-03-27 00:21:01] pillow: 完成
[2026-03-27 00:21:15] pinject: 完成
[2026-03-27 00:21:22] pkginfo: 完成
[2026-03-27 00:21:27] platformdirs: 完成
[2026-03-27 00:24:59] ploomber: 完成
[2026-03-27 00:25:26] ploomber-core: 完成
[2026-03-27 00:26:39] ploomber-engine: 完成
[2026-03-27 00:26:58] ploomber-extension: 完成
[2026-03-27 00:27:07] ploomber-scaffold: 完成
[2026-03-27 00:27:13] pluggy: 完成
[2026-03-27 00:27:16] pluginbase: 完成
[2026-03-27 00:27:20] plumbum: 完成
[2026-03-27 00:27:22] ply: 完成
[2026-03-27 00:28:14] poetry: 完成
[2026-03-27 00:28:19] poetry-core: 完成
[2026-03-27 00:28:24] pony: 完成
[2026-03-27 00:28:28] portalocker: 完成
[2026-03-27 00:28:41] posthog: 完成
[2026-03-27 00:28:46] powerline-shell: 完成
[2026-03-27 00:28:49] pox: 完成
[2026-03-27 00:28:52] ppft: 完成
[2026-03-27 00:29:06] pre-commit: 完成
[2026-03-27 00:29:35] prettytable: 完成
[2026-03-27 00:29:40] price-parser: 完成
[2026-03-27 00:30:04] prisma: 完成
[2026-03-27 00:30:09] prometheus-client: 完成
[2026-03-27 00:30:15] prompt-toolkit: 完成
[2026-03-27 00:30:20] propcache: 完成
[2026-03-27 00:30:24] proto-plus: 完成
[2026-03-27 00:30:28] protobuf: 完成
[2026-03-27 00:30:34] pscript: 完成
[2026-03-27 00:30:42] psutil: 完成
[2026-03-27 00:30:46] psycopg2: 完成
[2026-03-27 00:30:50] psycopg2-binary: 完成
[2026-03-27 00:30:53] ptyprocess: 完成
[2026-03-27 00:31:00] pugsql: 完成
[2026-03-27 00:31:34] pulumi: 完成
[2026-03-27 00:31:40] pure-eval: 完成
[2026-03-27 00:31:47] py-key-value-aio: 完成
[2026-03-27 00:31:52] py-lru-cache: 完成
[2026-03-27 00:32:06] py2neo: 完成
[2026-03-27 00:32:09] py4j: 完成
[2026-03-27 00:32:14] pyahocorasick: 完成
[2026-03-27 00:32:17] pyasn1: 完成
[2026-03-27 00:32:23] pyasn1-modules: 完成
[2026-03-27 00:32:28] pybars3: 完成
[2026-03-27 00:32:32] pycodestyle: 完成
[2026-03-27 00:32:35] pycparser: 完成
[2026-03-27 00:32:40] pycryptodome: 完成
[2026-03-27 00:32:45] pycryptodomex: 完成
[2026-03-27 00:33:00] pydantic: 完成
[2026-03-27 00:33:10] pydantic-core: 完成
[2026-03-27 00:33:25] pydantic-extra-types: 完成
[2026-03-27 00:33:38] pydantic-settings: 完成
[2026-03-27 00:34:33] pydocket: 完成
[2026-03-27 00:34:37] pyexcel-io: 完成
[2026-03-27 00:34:46] pyexcel-xlsx: 完成
[2026-03-27 00:34:50] pyfiglet: 完成
[2026-03-27 00:34:54] pyflakes: 完成
[2026-03-27 00:34:58] pyfunctional: 完成
[2026-03-27 00:35:02] pygame: 完成
[2026-03-27 00:35:06] pygments: 完成
[2026-03-27 00:35:10] pygogo: 完成
[2026-03-27 00:35:49] pygtrie: 完成
[2026-03-27 00:35:52] pyhdb: 完成
[2026-03-27 00:36:13] pyjwt: 完成
[2026-03-27 00:36:16] pymeta3: 完成
[2026-03-27 00:36:21] pymodm: 完成
[2026-03-27 00:36:26] pymongo: 完成
[2026-03-27 00:36:31] pymysql: 完成
[2026-03-27 00:36:36] pynacl: 完成
[2026-03-27 00:36:48] pynamodb: 完成
[2026-03-27 00:36:53] pyparsing: 完成
[2026-03-27 00:36:56] pypattyrn: 完成
[2026-03-27 00:37:00] pypeln: 完成
[2026-03-27 00:37:04] pypika: 完成
[2026-03-27 00:37:08] pypika-tortoise: 完成
[2026-03-27 00:37:11] pyproject-hooks: 完成
[2026-03-27 00:37:18] pypyr: 完成
[2026-03-27 00:37:21] pyrsistent: 完成
[2026-03-27 00:37:31] pyscaffold: 完成
[2026-03-27 00:37:37] pyscreenshot: 完成
[2026-03-27 00:37:40] pyserial: 完成
[2026-03-27 00:37:45] pysimdjson: 完成
[2026-03-27 00:37:50] pysimplegui: 完成
[2026-03-27 00:37:54] pysocks: 完成
[2026-03-27 00:38:04] pysolr: 完成
[2026-03-27 00:38:11] pysparkling: 完成
[2026-03-27 00:38:17] pystorm: 完成
[2026-03-27 00:38:30] python-benedict: 完成
[2026-03-27 00:38:34] python-box: 完成
[2026-03-27 00:38:38] python-daemon: 完成
[2026-03-27 00:38:45] python-dateutil: 完成
[2026-03-27 00:38:49] python-decouple: 完成
[2026-03-27 00:38:56] python-discovery: 完成
[2026-03-27 00:39:00] python-dotenv: 完成
[2026-03-27 00:39:05] python-fsutil: 完成
[2026-03-27 00:39:10] python-json-logger: 完成
[2026-03-27 00:39:14] python-magic: 完成
[2026-03-27 00:39:16] python-multipart: 完成
[2026-03-27 00:39:20] python-rapidjson: 完成
[2026-03-27 00:39:26] python-slugify: 完成
[2026-03-27 00:39:31] pythondialog: 完成
[2026-03-27 00:39:36] pytimeparse: 完成
[2026-03-27 00:39:41] pytokens: 完成
[2026-03-27 00:39:44] pytz: 完成
[2026-03-27 00:39:47] pyyaml: 完成
[2026-03-27 00:39:52] pyyaml-ft: 完成
[2026-03-27 00:39:57] pyzmq: 完成
[2026-03-27 00:40:00] quantile-python: 完成
[2026-03-27 00:40:06] queries: 完成
[2026-03-27 00:40:13] questionary: 完成
[2026-03-27 00:40:19] rapidfuzz: 完成
[2026-03-27 00:40:41] rasgoql: 完成
[2026-03-27 00:40:49] rasgotransforms: 完成
[2026-03-27 00:40:56] ratelimit: 完成
[2026-03-27 00:40:59] readchar: 完成
[2026-03-27 00:41:09] readme-renderer: 完成
[2026-03-27 00:41:24] records: 完成
[2026-03-27 00:41:29] redis: 完成
[2026-03-27 00:41:33] redis-py-cluster: 完成
[2026-03-27 00:41:43] referencing: 完成
[2026-03-27 00:41:49] regex: 完成
[2026-03-27 00:42:00] requests: 完成
[2026-03-27 00:42:11] requests-oauthlib: 完成
[2026-03-27 00:42:21] requests-toolbelt: 完成
[2026-03-27 00:42:26] resolvelib: 完成
[2026-03-27 00:42:30] retrying: 完成
[2026-03-27 00:42:35] returns: 完成
[2026-03-27 00:42:40] rfc3339-validator: 完成
[2026-03-27 00:42:43] rfc3986: 完成
[2026-03-27 00:42:45] rfc3986-validator: 完成
[2026-03-27 00:42:52] rfc3987-syntax: 完成
[2026-03-27 00:43:01] rich: 完成
[2026-03-27 00:43:10] rich-argparse: 完成
[2026-03-27 00:43:19] rich-rst: 完成
[2026-03-27 00:43:31] rich-toolkit: 完成
[2026-03-27 00:44:04] riko: 完成
[2026-03-27 00:44:09] robinhood-aiokafka: 完成
[2026-03-27 00:44:12] roman-numerals: 完成
[2026-03-27 00:44:22] rows: 完成
[2026-03-27 00:44:26] rpds-py: 完成
[2026-03-27 00:44:37] rq: 完成
[2026-03-27 00:44:43] rsa: 完成
[2026-03-27 00:44:46] rtoml: 完成
[2026-03-27 00:44:50] ruamel-yaml: 完成
[2026-03-27 00:44:54] ruamel-yaml-clib: 完成
[2026-03-27 00:45:21] s3fs: 完成
[2026-03-27 00:45:32] s3transfer: 完成
[2026-03-27 00:45:36] scandir: 完成
[2026-03-27 00:45:40] schedule: 完成
[2026-03-27 00:45:44] schema: 完成
[2026-03-27 00:45:46] schematics: 完成
[2026-03-27 00:47:06] scholarly: 完成
[2026-03-27 00:47:17] scikit-learn: 完成
[2026-03-27 00:47:24] scipy: 完成
[2026-03-27 00:47:57] seaborn: 完成
[2026-03-27 00:48:27] selenium: 完成
[2026-03-27 00:48:30] semver: 完成
[2026-03-27 00:48:34] send2trash: 完成
[2026-03-27 00:48:37] setproctitle: 完成
[2026-03-27 00:48:40] setuptools: 完成
[2026-03-27 00:48:47] setuptools-scm: 完成
[2026-03-27 00:48:50] sgmllib3k: 完成
[2026-03-27 00:48:53] sh: 完成
[2026-03-27 00:48:56] shellingham: 完成
[2026-03-27 00:48:59] simplejson: 完成
[2026-03-27 00:49:12] singer-python: 完成
[2026-03-27 00:49:17] six: 完成
[2026-03-27 00:49:23] skutil: 完成
[2026-03-27 00:49:29] smart-open: 完成
[2026-03-27 00:49:32] smmap: 完成
[2026-03-27 00:49:41] sniffio: 完成
[2026-03-27 00:49:45] snowballstemmer: 完成
[2026-03-27 00:49:51] sortedcontainers: 完成
[2026-03-27 00:49:55] soupsieve: 完成
[2026-03-27 00:50:20] sphinx: 完成
[2026-03-27 00:50:55] sphinx-rtd-theme: 完成
[2026-03-27 00:51:01] sphinxcontrib-applehelp: 完成
[2026-03-27 00:51:05] sphinxcontrib-devhelp: 完成
[2026-03-27 00:51:08] sphinxcontrib-htmlhelp: 完成
[2026-03-27 00:51:45] sphinxcontrib-jquery: 完成
[2026-03-27 00:51:49] sphinxcontrib-jsmath: 完成
[2026-03-27 00:51:52] sphinxcontrib-qthelp: 完成
[2026-03-27 00:51:54] sphinxcontrib-serializinghtml: 完成
[2026-03-27 00:52:02] sqlalchemy: 完成
[2026-03-27 00:52:12] sqlalchemy-jsonfield: 完成
[2026-03-27 00:52:20] sqlalchemy-utils: 完成
[2026-03-27 00:52:24] sqlglot: 完成
[2026-03-27 00:52:28] sqlitedict: 完成
[2026-03-27 00:52:49] sqlmodel: 完成
[2026-03-27 00:52:58] sqlparse: 完成
[2026-03-27 00:53:41] squirrel-core: 完成
[2026-03-27 00:53:47] srsly: 完成
[2026-03-27 00:54:11] stack-data: 完成
[2026-03-27 00:54:17] starlette: 完成
[2026-03-27 00:54:44] stopit: 完成
[2026-03-27 00:54:48] storm: 完成
[2026-03-27 00:54:52] strct: 完成
[2026-03-27 00:55:29] strictyaml: 完成
[2026-03-27 00:55:36] structlog: 完成
[2026-03-27 00:55:40] supervisor: 完成
[2026-03-27 00:55:44] svcs: 完成
[2026-03-27 00:56:18] sympy: 完成
[2026-03-27 00:56:22] tablib: 完成
[2026-03-27 00:56:27] tabulate: 完成
[2026-03-27 00:57:02] tabulator: 完成
[2026-03-27 00:57:10] targ: 完成
[2026-03-27 00:57:18] tasktiger: 完成
[2026-03-27 00:57:22] tenacity: 完成
[2026-03-27 00:57:27] termcolor: 完成
[2026-03-27 00:57:32] terminado: 完成
[2026-03-27 00:57:36] terminaltables: 完成
[2026-03-27 00:57:39] text-unidecode: 完成
[2026-03-27 00:57:42] textfsm: 完成
[2026-03-27 00:57:47] texttable: 完成
[2026-03-27 00:57:59] thefuzz: 完成
[2026-03-27 00:58:04] threadpoolctl: 完成
[2026-03-27 00:58:14] thriftpy2: 完成
[2026-03-27 00:58:18] tinycss2: 完成
[2026-03-27 00:58:21] tinydb: 完成
[2026-03-27 00:58:28] toga: 完成
[2026-03-27 00:58:33] toga-android: 完成
[2026-03-27 00:58:37] toga-core: 完成
[2026-03-27 00:58:40] toml: 完成
[2026-03-27 00:58:44] tomli: 完成
[2026-03-27 00:58:48] tomli-w: 完成
[2026-03-27 00:58:51] tomlkit: 完成
[2026-03-27 00:58:55] toolz: 完成
[2026-03-27 00:58:58] tornado: 完成
[2026-03-27 00:59:07] tortoise-orm: 完成
[2026-03-27 00:59:11] tqdm: 完成
[2026-03-27 00:59:16] traceml: 完成
[2026-03-27 00:59:19] traitlets: 完成
[2026-03-27 00:59:25] transitions: 完成
[2026-03-27 00:59:38] travertino: 完成
[2026-03-27 00:59:51] trio: 完成
[2026-03-27 01:00:11] trio-websocket: 完成
[2026-03-27 01:00:15] trove-classifiers: 完成
[2026-03-27 01:00:48] twine: 完成
[2026-03-27 01:00:54] typeguard: 完成
[2026-03-27 01:01:12] typer: 完成
[2026-03-27 01:01:15] types-python-dateutil: 完成
[2026-03-27 01:01:25] typical: 完成
[2026-03-27 01:01:30] typing: 完成
[2026-03-27 01:01:33] typing-extensions: 完成
[2026-03-27 01:01:40] typing-inspect: 完成
[2026-03-27 01:01:45] typing-inspection: 完成
[2026-03-27 01:01:49] tzdata: 完成
[2026-03-27 01:01:54] tzlocal: 完成
[2026-03-27 01:01:57] ubelt: 完成
[2026-03-27 01:02:02] uc-micro-py: 完成
[2026-03-27 01:02:09] ujson: 完成
[2026-03-27 01:02:16] umongo: 完成
[2026-03-27 01:02:18] uncalled-for: 完成
[2026-03-27 01:02:22] unicodecsv: 完成
[2026-03-27 01:02:25] unidecode: 完成
[2026-03-27 01:02:28] unipath: 完成
[2026-03-27 01:02:35] universal-pathlib: 完成
[2026-03-27 01:02:39] uri-template: 完成
[2026-03-27 01:02:43] uritemplate: 完成
[2026-03-27 01:02:50] urllib3: 完成
[2026-03-27 01:02:57] useful-types: 完成
[2026-03-27 01:03:00] uuid6: 完成
[2026-03-27 01:03:04] uvicorn: 完成
[2026-03-27 01:03:07] uvloop: 完成
[2026-03-27 01:03:10] validators: 完成
[2026-03-27 01:03:18] valideer: 完成
[2026-03-27 01:03:24] validr: 完成
[2026-03-27 01:03:28] venusian: 完成
[2026-03-27 01:03:31] vine: 完成
[2026-03-27 01:03:39] virtualenv: 完成
[2026-03-27 01:03:43] voluptuous: 完成
[2026-03-27 01:03:46] watchdog: 完成
[2026-03-27 01:03:52] watchfiles: 完成
[2026-03-27 01:03:59] wcmatch: 完成
[2026-03-27 01:04:03] wcwidth: 完成
[2026-03-27 01:04:07] webcolors: 完成
[2026-03-27 01:04:09] webencodings: 完成
[2026-03-27 01:04:13] webruntime: 完成
[2026-03-27 01:04:16] websocket-client: 完成
[2026-03-27 01:04:21] websockets: 完成
[2026-03-27 01:04:25] werkzeug: 完成
[2026-03-27 01:04:31] whenever: 完成
[2026-03-27 01:04:36] widgetsnbextension: 完成
[2026-03-27 01:04:40] wirerope: 完成
[2026-03-27 01:04:45] wrapt: 完成
[2026-03-27 01:04:49] wsproto: 完成
[2026-03-27 01:04:54] wssh: 完成
[2026-03-27 01:05:05] xarray: 完成
[2026-03-27 01:05:08] xlrd: 完成
[2026-03-27 01:05:14] xlsxwriter: 完成
[2026-03-27 01:05:19] xlwings: 完成
[2026-03-27 01:05:22] xmltodict: 完成
[2026-03-27 01:05:29] yarl: 完成
[2026-03-27 01:05:42] zarr: 完成
[2026-03-27 01:06:25] zenml: 完成
[2026-03-27 01:06:32] zipp: 完成
[2026-03-27 01:06:38] zope-event: 完成
[2026-03-27 01:06:44] zope-interface: 完成
[2026-03-27 01:06:47] zstandard: 完成
