========================================
[2026-03-27 22:00:03] a2wsgi: 完成
[2026-03-27 22:00:05] addict: 完成
[2026-03-27 22:00:09] agate: 完成
[2026-03-27 22:00:13] agate-dbf: 完成
[2026-03-27 22:00:18] agate-excel: 完成
[2026-03-27 22:00:24] agate-sql: 完成
[2026-03-27 22:00:42] aioboto3: 完成
[2026-03-27 22:00:53] aiobotocore: 完成
[2026-03-27 22:00:55] aiocache: 完成
[2026-03-27 22:00:56] aiofiles: 完成
[2026-03-27 22:00:58] aiohappyeyeballs: 完成
[2026-03-27 22:01:06] aiohttp: 完成
[2026-03-27 22:01:12] aiohttp-cors: 完成
[2026-03-27 22:01:14] aioitertools: 完成
[2026-03-27 22:01:16] aiomisc: 完成
[2026-03-27 22:01:20] aioprometheus: 完成
[2026-03-27 22:01:22] aiosignal: 完成
[2026-03-27 22:01:23] aiosmtplib: 完成
[2026-03-27 22:01:25] aiosqlite: 完成
[2026-03-27 22:01:27] aiothreads: 完成
[2026-03-27 22:01:29] alabaster: 完成
[2026-03-27 22:01:33] alembic: 完成
[2026-03-27 22:01:35] algorithms: 完成
[2026-03-27 22:01:40] altair: 完成
[2026-03-27 22:01:42] amplitude-analytics: 完成
[2026-03-27 22:01:44] amqp: 完成
[2026-03-27 22:01:46] aniso8601: 完成
[2026-03-27 22:01:47] annotated-doc: 完成
[2026-03-27 22:01:49] annotated-types: 完成
[2026-03-27 22:02:19] antlr4-python3-runtime: 完成
[2026-03-27 22:02:21] anyascii: 完成
[2026-03-27 22:02:22] anyio: 完成
[2026-03-27 22:02:24] anytree: 完成
[2026-03-27 22:03:42] apache-libcloud: 完成
[2026-03-27 22:03:43] appdirs: 完成
[2026-03-27 22:03:48] apprise: 完成
[2026-03-27 22:03:50] argcomplete: 完成
[2026-03-27 22:03:57] argo-models: 完成
[2026-03-27 22:04:03] argon2-cffi: 完成
[2026-03-27 22:04:05] argon2-cffi-bindings: 完成
[2026-03-27 22:04:07] argparse: 完成
[2026-03-27 22:04:08] args: 完成
[2026-03-27 22:04:11] arq: 完成
[2026-03-27 22:04:14] arrow: 完成
[2026-03-27 22:04:18] asciimatics: 完成
[2026-03-27 22:04:20] asgi-lifespan: 完成
[2026-03-27 22:04:22] asgiref: 完成
[2026-03-27 22:04:23] asn1crypto: 完成
[2026-03-27 22:04:25] asttokens: 完成
[2026-03-27 22:04:27] async-lru: 完成
[2026-03-27 22:04:30] asyncer: 完成
[2026-03-27 22:04:32] asyncpg: 完成
[2026-03-27 22:04:34] atom: 完成
[2026-03-27 22:04:36] atpublic: 完成
[2026-03-27 22:04:37] attrs: 完成
[2026-03-27 22:04:39] autocommand: 完成
[2026-03-27 22:04:40] autopep8: 完成
[2026-03-27 22:04:44] awesome-slugify: 完成
[2026-03-27 22:04:55] awscli: 完成
[2026-03-27 22:05:11] azure-core: 完成
[2026-03-27 22:05:18] babel: 完成
[2026-03-27 22:05:20] backoff: 完成
[2026-03-27 22:05:21] banal: 完成
[2026-03-27 22:05:23] bashplotlib: 完成
[2026-03-27 22:05:35] bcrypt: 完成
[2026-03-27 22:05:38] beaker: 完成
[2026-03-27 22:05:42] beartype: 完成
[2026-03-27 22:05:46] beautifulsoup4: 完成
[2026-03-27 22:05:49] bibtexparser: 完成
[2026-03-27 22:05:51] bidict: 完成
[2026-03-27 22:05:56] billiard: 完成
[2026-03-27 22:05:58] binaryornot: 完成
[2026-03-27 22:06:01] birch: 完成
[2026-03-27 22:06:06] black: 完成
[2026-03-27 22:06:08] bleach: 完成
[2026-03-27 22:06:10] blessings: 完成
[2026-03-27 22:06:12] blinker: 完成
[2026-03-27 22:06:14] boltons: 完成
[2026-03-27 22:06:31] botflow: 完成
[2026-03-27 22:06:36] boto3: 完成
[2026-03-27 22:06:39] botocore: 完成
[2026-03-27 22:06:41] bottle: 完成
[2026-03-27 22:06:52] bottleneck: 完成
[2026-03-27 22:06:54] bracex: 完成
[2026-03-27 22:06:56] build: 完成
[2026-03-27 22:06:58] bytecode: 完成
[2026-03-27 22:07:02] cachecontrol: 完成
[2026-03-27 22:07:03] cached-property: 完成
[2026-03-27 22:07:05] cachelib: 完成
[2026-03-27 22:07:06] cachetools: 完成
[2026-03-27 22:07:09] cachier: 完成
[2026-03-27 22:07:18] cadwyn: 完成
[2026-03-27 22:07:20] catalogue: 完成
[2026-03-27 22:07:26] celery: 完成
[2026-03-27 22:07:27] cerberus: 完成
[2026-03-27 22:07:29] certifi: 完成
[2026-03-27 22:07:31] cffi: 完成
[2026-03-27 22:07:33] cfgv: 完成
[2026-03-27 22:07:35] chardet: 完成
[2026-03-27 22:07:37] charset-normalizer: 完成
[2026-03-27 22:07:39] ciso8601: 完成
[2026-03-27 22:07:45] cleo: 完成
[2026-03-27 22:07:46] cleverdict: 完成
[2026-03-27 22:07:48] click: 完成
[2026-03-27 22:07:50] click-didyoumean: 完成
[2026-03-27 22:07:59] click-extra: 完成
[2026-03-27 22:08:01] click-option-group: 完成
[2026-03-27 22:08:03] click-plugins: 完成
[2026-03-27 22:08:05] click-repl: 完成
[2026-03-27 22:08:07] clint: 完成
[2026-03-27 22:08:11] cloudant: 完成
[2026-03-27 22:08:12] cloudpickle: 完成
[2026-03-27 22:08:14] cloup: 完成
[2026-03-27 22:08:15] colorama: 完成
[2026-03-27 22:08:17] colorclass: 完成
[2026-03-27 22:08:18] colored: 完成
[2026-03-27 22:08:20] colorlog: 完成
[2026-03-27 22:08:22] colout: 完成
[2026-03-27 22:08:24] comm: 完成
[2026-03-27 22:08:25] commonregex: 完成
[2026-03-27 22:08:27] configargparse: 完成
[2026-03-27 22:08:28] configobj: 完成
[2026-03-27 22:08:30] configupdater: 完成
[2026-03-27 22:08:31] constraints-txt: 完成
[2026-03-27 22:08:32] contextlib2: 完成
[2026-03-27 22:08:35] contourpy: 完成
[2026-03-27 22:08:43] cookiecutter: 完成
[2026-03-27 22:08:44] coolname: 完成
[2026-03-27 22:08:53] copier: 完成
[2026-03-27 22:08:54] crashtest: 完成
[2026-03-27 22:08:56] cron-descriptor: 完成
[2026-03-27 22:08:59] croniter: 完成
[2026-03-27 22:09:00] cronsim: 完成
[2026-03-27 22:09:13] csvkit: 完成
[2026-03-27 22:09:19] csvs-to-sqlite: 完成
[2026-03-27 22:09:21] cycler: 完成
[2026-03-27 22:09:25] cyclopts: 完成
[2026-03-27 22:09:27] cython: 完成
[2026-03-27 22:09:36] daffy: 完成
[2026-03-27 22:09:39] dask: 完成
[2026-03-27 22:09:43] databases: 完成
[2026-03-27 22:09:45] dataclasses: 完成
[2026-03-27 22:09:50] dataset: 完成
[2026-03-27 22:09:53] datasketch: 完成
[2026-03-27 22:09:54] datatest: 完成
[2026-03-27 22:09:56] datatile: 完成
[2026-03-27 22:10:00] dateparser: 完成
[2026-03-27 22:10:03] datetime: 完成
[2026-03-27 22:10:14] db-py: 完成
[2026-03-27 22:10:16] dbfread: 完成
[2026-03-27 22:10:18] debuglater: 完成
[2026-03-27 22:10:20] debugpy: 完成
[2026-03-27 22:10:21] decorator: 完成
[2026-03-27 22:10:23] decore: 完成
[2026-03-27 22:10:25] deepdiff: 完成
[2026-03-27 22:10:47] deeplake: 完成
[2026-03-27 22:10:49] deepmerge: 完成
[2026-03-27 22:10:50] defusedxml: 完成
[2026-03-27 22:10:53] deprecated: 完成
[2026-03-27 22:10:54] dialite: 完成
[2026-03-27 22:10:56] dill: 完成
[2026-03-27 22:10:58] dirty-equals: 完成
[2026-03-27 22:11:01] distlib: 完成
[2026-03-27 22:11:03] distro: 完成
[2026-03-27 22:11:04] dnspython: 完成
[2026-03-27 22:11:08] docker: 完成
[2026-03-27 22:11:09] docopt: 完成
[2026-03-27 22:11:11] docopt-ng: 完成
[2026-03-27 22:11:13] docstring-parser: 完成
[2026-03-27 22:11:14] docutils: 完成
[2026-03-27 22:11:16] donfig: 完成
[2026-03-27 22:11:18] dulwich: 完成
[2026-03-27 22:11:20] dunamai: 完成
[2026-03-27 22:11:22] durationpy: 完成
[2026-03-27 22:11:23] dynaconf: 完成
[2026-03-27 22:11:25] easyprocess: 完成
[2026-03-27 22:11:37] elastic-transport: 完成
[2026-03-27 22:11:44] elasticsearch: 完成
[2026-03-27 22:12:00] elasticsearch-dsl: 完成
[2026-03-27 22:12:10] email-validator: 完成
[2026-03-27 22:12:13] emoji: 完成
[2026-03-27 22:12:16] enaml: 完成
[2026-03-27 22:12:17] entrypoint2: 完成
[2026-03-27 22:12:19] entrypoints: 完成
[2026-03-27 22:12:21] et-xmlfile: 完成
[2026-03-27 22:12:22] everett: 完成
[2026-03-27 22:12:24] exceptiongroup: 完成
[2026-03-27 22:12:25] executing: 完成
[2026-03-27 22:12:27] extra-platforms: 完成
[2026-03-27 22:12:50] face: 完成
[2026-03-27 22:12:51] fake-useragent: 完成
[2026-03-27 22:12:53] faker: 完成
[2026-03-27 22:12:56] fakeredis: 完成
[2026-03-27 22:13:02] fastapi: 完成
[2026-03-27 22:13:09] fastapi-cli: 完成
[2026-03-27 22:13:10] fastcore: 完成
[2026-03-27 22:13:12] fastjsonschema: 完成
[2026-03-27 22:13:21] faust: 完成
[2026-03-27 22:13:23] feedparser: 完成
[2026-03-27 22:13:25] filedepot: 完成
[2026-03-27 22:13:27] filelock: 完成
[2026-03-27 22:13:29] filetype: 完成
[2026-03-27 22:13:31] findpython: 完成
[2026-03-27 22:13:33] fire: 完成
[2026-03-27 22:13:37] flask: 完成
[2026-03-27 22:13:41] flask-restful: 完成
[2026-03-27 22:13:43] flatbuffers: 完成
[2026-03-27 22:13:46] flexx: 完成
[2026-03-27 22:13:47] flupy: 完成
[2026-03-27 22:13:49] fonttools: 完成
[2026-03-27 22:13:51] fqdn: 完成
[2026-03-27 22:13:55] free-proxy: 完成
[2026-03-27 22:13:56] frozenlist: 完成
[2026-03-27 22:13:59] fs: 完成
[2026-03-27 22:14:00] fsspec: 完成
[2026-03-27 22:14:02] funcy: 完成
[2026-03-27 22:14:03] future: 完成
[2026-03-27 22:14:04] future-typing: 完成
[2026-03-27 22:14:06] futures: 完成
[2026-03-27 22:14:11] gdown: 完成
[2026-03-27 22:14:18] gin-config: 完成
[2026-03-27 22:14:21] gino: 完成
[2026-03-27 22:14:23] gitdb: 完成
[2026-03-27 22:14:25] gitpython: 完成
[2026-03-27 22:14:28] glom: 完成
[2026-03-27 22:18:26] google-crc32c: 完成
[2026-03-27 22:18:28] google-resumable-media: 完成
[2026-03-27 22:18:30] googleapis-common-protos: 完成
[2026-03-27 22:18:32] graphviz: 完成
[2026-03-27 22:18:40] greenback: 完成
[2026-03-27 22:18:42] greenlet: 完成
[2026-03-27 22:18:44] griffe: 完成
[2026-03-27 22:18:47] griffecli: 完成
[2026-03-27 22:18:48] griffelib: 完成
[2026-03-27 22:18:52] grpcio: 完成
[2026-03-27 22:18:56] grpcio-status: 完成
[2026-03-27 22:19:06] h11: 完成
[2026-03-27 22:19:08] h2: 完成
[2026-03-27 22:19:11] happybase: 完成
[2026-03-27 22:19:18] hiredis: 完成
[2026-03-27 22:19:20] holidays: 完成
[2026-03-27 22:19:22] hpack: 完成
[2026-03-27 22:19:24] html5lib: 完成
[2026-03-27 22:19:26] httpcore: 完成
[2026-03-27 22:19:28] httplib2: 完成
[2026-03-27 22:19:29] httptools: 完成
[2026-03-27 22:19:32] httpx: 完成
[2026-03-27 22:19:53] hub: 完成
[2026-03-27 22:19:55] huey: 完成
[2026-03-27 22:19:56] humanize: 完成
[2026-03-27 22:20:00] humbug: 完成
[2026-03-27 22:20:02] hyperframe: 完成
[2026-03-27 22:20:06] ibis-framework: 完成
[2026-03-27 22:20:08] id: 完成
[2026-03-27 22:20:10] identify: 完成
[2026-03-27 22:20:11] idna: 完成
[2026-03-27 22:20:13] ijson: 完成
[2026-03-27 22:20:15] imagesize: 完成
[2026-03-27 22:20:17] immutables: 完成
[2026-03-27 22:20:19] importlib-metadata: 完成
[2026-03-27 22:20:20] importlib-resources: 完成
[2026-03-27 22:20:23] inflect: 完成
[2026-03-27 22:20:24] inflection: 完成
[2026-03-27 22:20:29] influxdb: 完成
[2026-03-27 22:20:30] installer: 完成
[2026-03-27 22:20:33] intake: 完成
[2026-03-27 22:20:36] interchange: 完成
[2026-03-27 22:20:40] invoke: 完成
[2026-03-27 22:20:45] ipdb: 完成
[2026-03-27 22:20:58] ipykernel: 完成
[2026-03-27 22:21:02] ipython: 完成
[2026-03-27 22:21:04] ipython-genutils: 完成
[2026-03-27 22:21:07] ipython-pygments-lexers: 完成
[2026-03-27 22:21:30] ipywidgets: 完成
[2026-03-27 22:21:32] iso8601: 完成
[2026-03-27 22:21:34] isodate: 完成
[2026-03-27 22:21:36] isoduration: 完成
[2026-03-27 22:21:37] itsdangerous: 完成
[2026-03-27 22:21:40] janus: 完成
[2026-03-27 22:21:42] jaraco-classes: 完成
[2026-03-27 22:21:46] jaraco-context: 完成
[2026-03-27 22:21:48] jaraco-functools: 完成
[2026-03-27 22:21:50] jedi: 完成
[2026-03-27 22:21:51] jeepney: 完成
[2026-03-27 22:21:53] jinja2: 完成
[2026-03-27 22:21:55] jinja2-ansible-filters: 完成
[2026-03-27 22:21:57] jinja2-humanize-extension: 完成
[2026-03-27 22:21:59] jmespath: 完成
[2026-03-27 22:22:00] joblib: 完成
[2026-03-27 22:22:02] json-table-schema: 完成
[2026-03-27 22:22:03] json5: 完成
[2026-03-27 22:22:05] jsonlines: 完成
[2026-03-27 22:22:07] jsonpatch: 完成
[2026-03-27 22:22:09] jsonpickle: 完成
[2026-03-27 22:22:10] jsonpointer: 完成
[2026-03-27 22:22:12] jsonref: 完成
[2026-03-27 22:22:15] jsonschema: 完成
[2026-03-27 22:22:18] jsonschema-specifications: 完成
[2026-03-27 22:22:53] jupyter: 完成
[2026-03-27 22:23:00] jupyter-client: 完成
[2026-03-27 22:23:14] jupyter-console: 完成
[2026-03-27 22:23:16] jupyter-core: 完成
[2026-03-27 22:23:24] jupyter-events: 完成
[2026-03-27 22:23:41] jupyter-lsp: 完成
[2026-03-27 22:24:02] jupyter-server: 完成
[2026-03-27 22:24:05] jupyter-server-terminals: 完成
[2026-03-27 22:24:55] jupyterlab: 完成
[2026-03-27 22:24:58] jupyterlab-pygments: 完成
[2026-03-27 22:25:19] jupyterlab-server: 完成
[2026-03-27 22:25:22] jupyterlab-widgets: 完成
[2026-03-27 22:25:28] jupytext: 完成
[2026-03-27 22:25:30] kafka-python: 完成
[2026-03-27 22:25:42] kedro: 完成
[2026-03-27 22:25:54] kedro-telemetry: 完成
[2026-03-27 22:25:55] keyboard: 完成
[2026-03-27 22:25:58] keyring: 完成
[2026-03-27 22:26:11] kfp-pipeline-spec: 完成
[2026-03-27 22:26:14] kfp-server-api: 完成
[2026-03-27 22:26:17] kivy-garden: 完成
[2026-03-27 22:26:35] kiwisolver: 完成
[2026-03-27 22:26:38] kombu: 完成
[2026-03-27 22:27:17] kubernetes: 完成
[2026-03-27 22:27:19] lark: 完成
[2026-03-27 22:27:21] lazy-import: 完成
[2026-03-27 22:27:23] lazy-object-proxy: 完成
[2026-03-27 22:27:32] lazydata: 完成
[2026-03-27 22:27:34] leather: 完成
[2026-03-27 22:27:37] libcst: 完成
[2026-03-27 22:27:39] linear-tsv: 完成
[2026-03-27 22:27:40] linkify-it-py: 完成
[2026-03-27 22:27:42] lml: 完成
[2026-03-27 22:27:44] locket: 完成
[2026-03-27 22:27:46] lockfile: 完成
[2026-03-27 22:27:49] luigi: 完成
[2026-03-27 22:27:52] lupa: 完成
[2026-03-27 22:27:55] lxml: 完成
[2026-03-27 22:27:57] lz4: 完成
[2026-03-27 22:28:00] mako: 完成
[2026-03-27 22:28:09] mara-db: 完成
[2026-03-27 22:28:12] mara-page: 完成
[2026-03-27 22:28:24] mara-pipelines: 完成
[2026-03-27 22:28:26] markdown: 完成
[2026-03-27 22:28:28] markdown-it-py: 完成
[2026-03-27 22:28:30] markupsafe: 完成
[2026-03-27 22:28:32] marshmallow: 完成
[2026-03-27 22:28:39] matplotlib: 完成
[2026-03-27 22:28:41] matplotlib-inline: 完成
[2026-03-27 22:28:43] maturin: 完成
[2026-03-27 22:28:45] mdit-py-plugins: 完成
[2026-03-27 22:28:47] mdurl: 完成
[2026-03-27 22:28:53] messytables: 完成
[2026-03-27 22:28:55] methodtools: 完成
[2026-03-27 22:29:01] meza: 完成
[2026-03-27 22:29:04] mezmorize: 完成
[2026-03-27 22:29:06] millify: 完成
[2026-03-27 22:29:11] minio: 完成
[2026-03-27 22:29:13] mistune: 完成
[2026-03-27 22:29:20] mleap: 完成
[2026-03-27 22:29:22] mo-dots: 完成
[2026-03-27 22:29:24] mo-future: 完成
[2026-03-27 22:29:26] mo-imports: 完成
[2026-03-27 22:29:29] mo-kwargs: 完成
[2026-03-27 22:29:31] mo-logs: 完成
[2026-03-27 22:29:34] mode: 完成
[2026-03-27 22:29:40] modin: 完成
[2026-03-27 22:29:45] mongo-connector: 完成
[2026-03-27 22:29:48] mongoengine: 完成
[2026-03-27 22:29:50] monotonic: 完成
[2026-03-27 22:29:53] more-itertools: 完成
[2026-03-27 22:29:56] motor: 完成
[2026-03-27 22:30:00] moz-sql-parser: 完成
[2026-03-27 22:30:03] mpmath: 完成
[2026-03-27 22:30:05] mrjob: 完成
[2026-03-27 22:30:07] msgpack: 完成
[2026-03-27 22:30:10] msgpack-numpy: 完成
[2026-03-27 22:30:12] msgspec: 完成
[2026-03-27 22:30:14] mss: 完成
[2026-03-27 22:30:31] multidict: 完成
[2026-03-27 22:30:48] multimethod: 完成
[2026-03-27 22:31:06] multiprocess: 完成
[2026-03-27 22:31:12] munch: 完成
[2026-03-27 22:31:16] mypy-extensions: 完成
[2026-03-27 22:31:18] narwhals: 完成
[2026-03-27 22:31:19] natsort: 完成
[2026-03-27 22:31:39] nbclassic: 完成
[2026-03-27 22:31:44] nbclient: 完成
[2026-03-27 22:31:53] nbconvert: 完成
[2026-03-27 22:32:05] nbformat: 完成
[2026-03-27 22:32:08] neo4j-driver: 完成
[2026-03-27 22:32:10] nest-asyncio: 完成
[2026-03-27 22:32:43] networkx: 完成
[2026-03-27 22:32:45] nh3: 完成
[2026-03-27 22:32:47] nodeenv: 完成
[2026-03-27 22:33:12] notebook: 完成
[2026-03-27 22:33:24] notebook-shim: 完成
[2026-03-27 22:33:27] ntc-templates: 完成
[2026-03-27 22:33:40] numcodecs: 完成
[2026-03-27 22:33:43] numexpr: 完成
[2026-03-27 22:33:45] numpy: 完成
[2026-03-27 22:33:47] numpy-groupies: 完成
[2026-03-27 22:33:49] oauthlib: 完成
[2026-03-27 22:33:58] odmantic: 完成
[2026-03-27 22:34:00] olefile: 完成
[2026-03-27 22:34:02] omegaconf: 完成
[2026-03-27 22:34:17] onecite: 完成
[2026-03-27 22:44:59] openpyxl: 完成
[2026-03-27 22:45:02] opentelemetry-api: 完成
[2026-03-27 22:45:15] opentelemetry-exporter-otlp: 完成
[2026-03-27 22:45:18] opentelemetry-exporter-otlp-proto-common: 完成
[2026-03-27 22:45:24] opentelemetry-exporter-otlp-proto-grpc: 完成
[2026-03-27 22:45:31] opentelemetry-exporter-otlp-proto-http: 完成
[2026-03-27 22:45:36] opentelemetry-instrumentation: 完成
[2026-03-27 22:45:40] opentelemetry-instrumentation-grpc: 完成
[2026-03-27 22:45:43] opentelemetry-proto: 完成
[2026-03-27 22:45:46] opentelemetry-sdk: 完成
[2026-03-27 22:45:49] opentelemetry-semantic-conventions: 完成
[2026-03-27 22:45:51] opentracing: 完成
[2026-03-27 22:45:53] ordered-set: 完成
[2026-03-27 22:45:55] orderly-set: 完成
[2026-03-27 22:45:58] orjson: 完成
[2026-03-27 22:46:00] outcome: 完成
[2026-03-27 22:46:02] packaging: 完成
[2026-03-27 22:46:04] pampy: 完成
[2026-03-27 22:46:35] pandarallel: 完成
[2026-03-27 22:46:39] pandas: 完成
[2026-03-27 22:46:46] pandas-datareader: 完成
[2026-03-27 22:47:06] pandas-summary: 完成
[2026-03-27 22:47:12] pandasql: 完成
[2026-03-27 22:47:22] pandera: 完成
[2026-03-27 22:47:23] pandocfilters: 完成
[2026-03-27 22:47:26] pansi: 完成
[2026-03-27 22:47:40] papermill: 完成
[2026-03-27 22:47:43] param: 完成
[2026-03-27 22:47:53] parse: 完成
[2026-03-27 22:47:56] parsedatetime: 完成
[2026-03-27 22:47:57] parso: 完成
[2026-03-27 22:47:59] parsy: 完成
[2026-03-27 22:48:01] partd: 完成
[2026-03-27 22:48:03] path: 完成
[2026-03-27 22:48:05] pathlib: 完成
[2026-03-27 22:48:07] pathlib-abc: 完成
[2026-03-27 22:48:09] pathlib2: 完成
[2026-03-27 22:48:11] pathos: 完成
[2026-03-27 22:48:13] pathspec: 完成
[2026-03-27 22:48:15] pbs-installer: 完成
[2026-03-27 22:48:17] pdfminer: 完成
[2026-03-27 22:48:23] pdpipe: 完成
[2026-03-27 22:48:25] peewee: 完成
[2026-03-27 22:48:27] pegen: 完成
[2026-03-27 22:48:31] pendulum: 完成
[2026-03-27 22:48:33] petl: 完成
[2026-03-27 22:48:35] pexpect: 完成
[2026-03-27 22:48:37] phonenumbers: 完成
[2026-03-27 22:48:50] piccolo: 完成
[2026-03-27 22:48:53] pickledb: 完成
[2026-03-27 22:48:56] pillow: 完成
[2026-03-27 22:48:59] pinject: 完成
[2026-03-27 22:49:01] pkginfo: 完成
[2026-03-27 22:49:04] platformdirs: 完成
[2026-03-27 22:49:48] ploomber: 完成
[2026-03-27 22:49:53] ploomber-core: 完成
[2026-03-27 22:50:09] ploomber-engine: 完成
[2026-03-27 22:50:14] ploomber-extension: 完成
[2026-03-27 22:50:17] ploomber-scaffold: 完成
[2026-03-27 22:50:18] pluggy: 完成
[2026-03-27 22:50:20] pluginbase: 完成
[2026-03-27 22:50:22] plumbum: 完成
[2026-03-27 22:50:24] ply: 完成
[2026-03-27 22:50:44] poetry: 完成
[2026-03-27 22:50:46] poetry-core: 完成
[2026-03-27 22:50:48] pony: 完成
[2026-03-27 22:50:49] portalocker: 完成
[2026-03-27 22:50:53] posthog: 完成
[2026-03-27 22:50:55] powerline-shell: 完成
[2026-03-27 22:50:57] pox: 完成
[2026-03-27 22:51:00] ppft: 完成
[2026-03-27 22:51:04] pre-commit: 完成
[2026-03-27 22:51:14] prettytable: 完成
[2026-03-27 22:51:16] price-parser: 完成
[2026-03-27 22:51:26] prisma: 完成
[2026-03-27 22:51:27] prometheus-client: 完成
[2026-03-27 22:51:29] prompt-toolkit: 完成
[2026-03-27 22:51:31] propcache: 完成
[2026-03-27 22:51:37] proto-plus: 完成
[2026-03-27 22:51:41] protobuf: 完成
[2026-03-27 22:51:44] pscript: 完成
[2026-03-27 22:51:46] psutil: 完成
[2026-03-27 22:51:48] psycopg2: 完成
[2026-03-27 22:51:50] psycopg2-binary: 完成
[2026-03-27 22:51:52] ptyprocess: 完成
[2026-03-27 22:51:57] pugsql: 完成
[2026-03-27 22:52:07] pulumi: 完成
[2026-03-27 22:52:09] pure-eval: 完成
[2026-03-27 22:52:11] py-key-value-aio: 完成
[2026-03-27 22:52:12] py-lru-cache: 完成
[2026-03-27 22:52:17] py2neo: 完成
[2026-03-27 22:52:19] py4j: 完成
[2026-03-27 22:52:21] pyahocorasick: 完成
[2026-03-27 22:52:23] pyasn1: 完成
[2026-03-27 22:52:25] pyasn1-modules: 完成
[2026-03-27 22:52:26] pybars3: 完成
[2026-03-27 22:52:28] pycodestyle: 完成
[2026-03-27 22:52:30] pycparser: 完成
[2026-03-27 22:52:32] pycryptodome: 完成
[2026-03-27 22:52:34] pycryptodomex: 完成
[2026-03-27 22:52:38] pydantic: 完成
[2026-03-27 22:52:48] pydantic-extra-types: 完成
[2026-03-27 22:52:53] pydantic-settings: 完成
[2026-03-27 22:53:06] pydocket: 完成
[2026-03-27 22:53:07] pyexcel-io: 完成
[2026-03-27 22:53:09] pyexcel-xlsx: 完成
[2026-03-27 22:53:11] pyfiglet: 完成
[2026-03-27 22:53:12] pyflakes: 完成
[2026-03-27 22:53:14] pyfunctional: 完成
[2026-03-27 22:53:16] pygame: 完成
[2026-03-27 22:53:18] pygments: 完成
[2026-03-27 22:53:20] pygogo: 完成
[2026-03-27 22:53:30] pygtrie: 完成
[2026-03-27 22:53:31] pyhdb: 完成
[2026-03-27 22:53:45] pyjwt: 完成
[2026-03-27 22:53:47] pymeta3: 完成
[2026-03-27 22:53:49] pymodm: 完成
[2026-03-27 22:53:52] pymongo: 完成
[2026-03-27 22:53:53] pympler: 完成
[2026-03-27 22:53:55] pymysql: 完成
[2026-03-27 22:53:58] pynacl: 完成
[2026-03-27 22:54:02] pynamodb: 完成
[2026-03-27 22:54:04] pyparsing: 完成
[2026-03-27 22:54:06] pypattyrn: 完成
[2026-03-27 22:54:07] pypeln: 完成
[2026-03-27 22:54:09] pypika: 完成
[2026-03-27 22:54:11] pypika-tortoise: 完成
[2026-03-27 22:54:15] pyproject-hooks: 完成
[2026-03-27 22:54:18] pypyr: 完成
[2026-03-27 22:54:20] pyrsistent: 完成
[2026-03-27 22:54:23] pyscaffold: 完成
[2026-03-27 22:54:25] pyscreenshot: 完成
[2026-03-27 22:54:26] pyserial: 完成
[2026-03-27 22:54:28] pysimdjson: 完成
[2026-03-27 22:54:30] pysimplegui: 完成
[2026-03-27 22:54:32] pysocks: 完成
[2026-03-27 22:54:35] pysolr: 完成
[2026-03-27 22:54:37] pysparkling: 完成
[2026-03-27 22:54:39] pystorm: 完成
[2026-03-27 22:54:43] python-benedict: 完成
[2026-03-27 22:54:45] python-box: 完成
[2026-03-27 22:54:47] python-daemon: 完成
[2026-03-27 22:54:48] python-dateutil: 完成
[2026-03-27 22:54:50] python-decouple: 完成
[2026-03-27 22:54:52] python-discovery: 完成
[2026-03-27 22:54:53] python-dotenv: 完成
[2026-03-27 22:54:55] python-fsutil: 完成
[2026-03-27 22:54:56] python-json-logger: 完成
[2026-03-27 22:54:58] python-magic: 完成
[2026-03-27 22:55:00] python-multipart: 完成
[2026-03-27 22:55:02] python-rapidjson: 完成
[2026-03-27 22:55:04] python-slugify: 完成
[2026-03-27 22:55:05] pythondialog: 完成
[2026-03-27 22:55:07] pytimeparse: 完成
[2026-03-27 22:55:08] pytokens: 完成
[2026-03-27 22:55:10] pytz: 完成
[2026-03-27 22:55:11] pyyaml: 完成
[2026-03-27 22:55:13] pyyaml-ft: 完成
[2026-03-27 22:55:16] pyzmq: 完成
[2026-03-27 22:55:18] quantile-python: 完成
[2026-03-27 22:55:19] queries: 完成
[2026-03-27 22:55:21] questionary: 完成
[2026-03-27 22:55:26] rapidfuzz: 完成
[2026-03-27 22:55:33] rasgoql: 完成
[2026-03-27 22:55:35] rasgotransforms: 完成
[2026-03-27 22:55:37] ratelimit: 完成
[2026-03-27 22:55:39] readchar: 完成
[2026-03-27 22:55:41] readme-renderer: 完成
[2026-03-27 22:55:45] records: 完成
[2026-03-27 22:55:46] redis: 完成
[2026-03-27 22:55:48] redis-py-cluster: 完成
[2026-03-27 22:55:52] referencing: 完成
[2026-03-27 22:55:54] regex: 完成
[2026-03-27 22:55:57] requests: 完成
[2026-03-27 22:55:59] requests-oauthlib: 完成
[2026-03-27 22:56:02] requests-toolbelt: 完成
[2026-03-27 22:56:03] resolvelib: 完成
[2026-03-27 22:56:05] retrying: 完成
[2026-03-27 22:56:06] returns: 完成
[2026-03-27 22:56:08] rfc3339-validator: 完成
[2026-03-27 22:56:10] rfc3986: 完成
[2026-03-27 22:56:11] rfc3986-validator: 完成
[2026-03-27 22:56:13] rfc3987-syntax: 完成
[2026-03-27 22:56:15] rich: 完成
[2026-03-27 22:56:17] rich-argparse: 完成
[2026-03-27 22:56:19] rich-rst: 完成
[2026-03-27 22:56:22] rich-toolkit: 完成
[2026-03-27 22:56:29] riko: 完成
[2026-03-27 22:56:31] robinhood-aiokafka: 完成
[2026-03-27 22:56:33] roman-numerals: 完成
[2026-03-27 22:56:34] rows: 完成
[2026-03-27 22:56:39] rpds-py: 完成
[2026-03-27 22:56:43] rq: 完成
[2026-03-27 22:56:45] rsa: 完成
[2026-03-27 22:56:47] rtoml: 完成
[2026-03-27 22:56:49] ruamel-yaml: 完成
[2026-03-27 22:56:51] ruamel-yaml-clib: 完成
[2026-03-27 22:57:03] s3fs: 完成
[2026-03-27 22:57:08] s3transfer: 完成
[2026-03-27 22:57:10] scandir: 完成
[2026-03-27 22:57:11] schedule: 完成
[2026-03-27 22:57:13] schema: 完成
[2026-03-27 22:57:15] schematics: 完成
[2026-03-27 22:57:25] scholarly: 完成
[2026-03-27 22:57:31] scikit-learn: 完成
[2026-03-27 22:57:34] scipy: 完成
[2026-03-27 22:57:47] seaborn: 完成
[2026-03-27 22:57:55] selenium: 完成
[2026-03-27 22:57:57] semver: 完成
[2026-03-27 22:57:59] send2trash: 完成
[2026-03-27 22:58:01] setproctitle: 完成
[2026-03-27 22:58:03] setuptools: 完成
[2026-03-27 22:58:05] setuptools-scm: 完成
[2026-03-27 22:58:07] sgmllib3k: 完成
[2026-03-27 22:58:09] sh: 完成
[2026-03-27 22:58:25] shellingham: 完成
[2026-03-27 22:58:27] simplejson: 完成
[2026-03-27 22:58:30] singer-python: 完成
[2026-03-27 22:58:32] six: 完成
[2026-03-27 22:58:35] skutil: 完成
[2026-03-27 22:58:37] smart-open: 完成
[2026-03-27 22:58:39] smmap: 完成
[2026-03-27 22:58:40] sniffio: 完成
[2026-03-27 22:58:41] snowballstemmer: 完成
[2026-03-27 22:58:43] sortedcontainers: 完成
[2026-03-27 22:58:45] soupsieve: 完成
[2026-03-27 22:58:50] sphinx: 完成
[2026-03-27 22:58:56] sphinx-rtd-theme: 完成
[2026-03-27 22:58:59] sphinxcontrib-applehelp: 完成
[2026-03-27 22:59:00] sphinxcontrib-devhelp: 完成
[2026-03-27 22:59:02] sphinxcontrib-htmlhelp: 完成
[2026-03-27 22:59:08] sphinxcontrib-jquery: 完成
[2026-03-27 22:59:09] sphinxcontrib-jsmath: 完成
[2026-03-27 22:59:11] sphinxcontrib-qthelp: 完成
[2026-03-27 22:59:13] sphinxcontrib-serializinghtml: 完成
[2026-03-27 22:59:17] sqlalchemy: 完成
[2026-03-27 22:59:19] sqlalchemy-jsonfield: 完成
[2026-03-27 22:59:23] sqlalchemy-utils: 完成
[2026-03-27 22:59:26] sqlglot: 完成
[2026-03-27 22:59:27] sqlitedict: 完成
[2026-03-27 22:59:33] sqlmodel: 完成
[2026-03-27 22:59:34] sqlparse: 完成
[2026-03-27 22:59:45] squirrel-core: 完成
[2026-03-27 22:59:47] srsly: 完成
[2026-03-27 22:59:55] stack-data: 完成
[2026-03-27 22:59:57] starlette: 完成
[2026-03-27 23:00:05] stopit: 完成
[2026-03-27 23:00:07] storm: 完成
[2026-03-27 23:00:09] strct: 完成
[2026-03-27 23:00:20] strictyaml: 完成
[2026-03-27 23:00:21] structlog: 完成
[2026-03-27 23:00:23] supervisor: 完成
[2026-03-27 23:00:25] svcs: 完成
[2026-03-27 23:00:36] sympy: 完成
[2026-03-27 23:00:37] tablib: 完成
[2026-03-27 23:00:39] tabulate: 完成
[2026-03-27 23:00:47] tabulator: 完成
[2026-03-27 23:00:49] targ: 完成
[2026-03-27 23:00:51] tasktiger: 完成
[2026-03-27 23:00:53] tenacity: 完成
[2026-03-27 23:00:54] termcolor: 完成
[2026-03-27 23:00:56] terminado: 完成
[2026-03-27 23:00:58] terminaltables: 完成
[2026-03-27 23:01:00] text-unidecode: 完成
[2026-03-27 23:01:01] textfsm: 完成
[2026-03-27 23:01:03] texttable: 完成
[2026-03-27 23:01:06] thefuzz: 完成
[2026-03-27 23:01:07] threadpoolctl: 完成
[2026-03-27 23:01:09] thriftpy2: 完成
[2026-03-27 23:01:11] tinycss2: 完成
[2026-03-27 23:01:12] tinydb: 完成
[2026-03-27 23:01:15] toga: 完成
[2026-03-27 23:01:16] toga-android: 完成
[2026-03-27 23:01:18] toga-core: 完成
[2026-03-27 23:01:20] toml: 完成
[2026-03-27 23:01:22] tomli: 完成
[2026-03-27 23:01:23] tomli-w: 完成
[2026-03-27 23:01:25] tomlkit: 完成
[2026-03-27 23:01:26] toolz: 完成
[2026-03-27 23:01:28] tornado: 完成
[2026-03-27 23:01:30] tortoise-orm: 完成
[2026-03-27 23:01:32] tqdm: 完成
[2026-03-27 23:01:34] traceml: 完成
[2026-03-27 23:01:35] traitlets: 完成
[2026-03-27 23:01:37] transitions: 完成
[2026-03-27 23:01:41] travertino: 完成
[2026-03-27 23:01:44] trio: 完成
[2026-03-27 23:01:47] trio-websocket: 完成
[2026-03-27 23:01:49] trove-classifiers: 完成
[2026-03-27 23:01:54] twine: 完成
[2026-03-27 23:01:56] typeguard: 完成
[2026-03-27 23:01:58] typer: 完成
[2026-03-27 23:02:00] types-python-dateutil: 完成
[2026-03-27 23:02:03] typical: 完成
[2026-03-27 23:02:05] typing: 完成
[2026-03-27 23:02:06] typing-extensions: 完成
[2026-03-27 23:02:08] typing-inspect: 完成
[2026-03-27 23:02:10] typing-inspection: 完成
[2026-03-27 23:02:13] tzdata: 完成
[2026-03-27 23:02:15] tzlocal: 完成
[2026-03-27 23:02:17] ubelt: 完成
[2026-03-27 23:02:18] uc-micro-py: 完成
[2026-03-27 23:02:21] ujson: 完成
[2026-03-27 23:02:24] umongo: 完成
[2026-03-27 23:02:26] uncalled-for: 完成
[2026-03-27 23:02:28] unicodecsv: 完成
[2026-03-27 23:02:29] unidecode: 完成
[2026-03-27 23:02:31] unipath: 完成
[2026-03-27 23:02:33] universal-pathlib: 完成
[2026-03-27 23:02:34] uri-template: 完成
[2026-03-27 23:02:36] uritemplate: 完成
[2026-03-27 23:02:37] urllib3: 完成
[2026-03-27 23:02:39] useful-types: 完成
[2026-03-27 23:02:40] uuid6: 完成
[2026-03-27 23:02:42] uvicorn: 完成
[2026-03-27 23:02:44] uvloop: 完成
[2026-03-27 23:02:46] validators: 完成
[2026-03-27 23:02:47] valideer: 完成
[2026-03-27 23:02:49] validr: 完成
[2026-03-27 23:02:51] vcs-versioning: 完成
[2026-03-27 23:02:52] venusian: 完成
[2026-03-27 23:02:54] vine: 完成
[2026-03-27 23:02:56] virtualenv: 完成
[2026-03-27 23:02:58] voluptuous: 完成
[2026-03-27 23:03:00] watchdog: 完成
[2026-03-27 23:03:02] watchfiles: 完成
[2026-03-27 23:03:04] wcmatch: 完成
[2026-03-27 23:03:06] wcwidth: 完成
[2026-03-27 23:03:08] webcolors: 完成
[2026-03-27 23:03:10] webencodings: 完成
[2026-03-27 23:03:11] webruntime: 完成
[2026-03-27 23:03:13] websocket-client: 完成
[2026-03-27 23:03:14] websockets: 完成
[2026-03-27 23:03:18] werkzeug: 完成
[2026-03-27 23:03:22] whenever: 完成
[2026-03-27 23:03:24] widgetsnbextension: 完成
[2026-03-27 23:03:26] wirerope: 完成
[2026-03-27 23:03:28] wrapt: 完成
[2026-03-27 23:03:29] wsproto: 完成
[2026-03-27 23:03:31] wssh: 完成
[2026-03-27 23:03:35] xarray: 完成
[2026-03-27 23:03:36] xlrd: 完成
[2026-03-27 23:03:38] xlsxwriter: 完成
[2026-03-27 23:03:41] xlwings: 完成
[2026-03-27 23:03:42] xmltodict: 完成
[2026-03-27 23:03:46] yarl: 完成
[2026-03-27 23:03:50] zarr: 完成
[2026-03-27 23:04:01] zenml: 完成
[2026-03-27 23:04:02] zipp: 完成
[2026-03-27 23:04:04] zope-event: 完成
[2026-03-27 23:04:06] zope-interface: 完成
[2026-03-27 23:04:09] zstandard: 完成
