========================================
开始更新: 2026-10-05 15:22:06
========================================
[2026-10-05 15:23:07] apache-libcloud: 完成
[2026-10-05 15:24:07] appdirs: 完成
[2026-10-05 15:25:07] apprise: 完成
[2026-10-05 15:26:07] argcomplete: 完成
[2026-10-05 15:27:08] argo-models: 完成
[2026-10-05 15:28:08] argon2-cffi: 完成
[2026-10-05 15:29:08] argon2-cffi-bindings: 完成
[2026-10-05 15:30:08] argparse: 完成
[2026-10-05 15:31:09] args: 完成
[2026-10-05 15:32:09] arq: 完成
[2026-10-05 15:33:09] arraykit: 完成
[2026-10-05 15:34:09] arrow: 完成
[2026-10-05 15:35:09] asciimatics: 完成
[2026-10-05 15:36:10] asgi-lifespan: 完成
[2026-10-05 15:37:10] asgiref: 完成
[2026-10-05 15:38:10] asn1crypto: 完成
[2026-10-05 15:39:10] asttokens: 完成
[2026-10-05 15:40:11] async-lru: 完成
[2026-10-05 15:41:11] asyncer: 完成
[2026-10-05 15:42:11] asyncpg: 完成
[2026-10-05 15:43:11] atom: 完成
[2026-10-05 15:44:11] atpublic: 完成
[2026-10-05 15:45:12] attrs: 完成
[2026-10-05 15:46:12] autocommand: 完成
[2026-10-05 15:47:12] autopep8: 完成
[2026-10-05 15:48:12] awesome-slugify: 完成
[2026-10-05 15:49:13] awscli: 完成
[2026-10-05 15:55:14] azure-core: 完成
[2026-10-05 15:56:14] azure-storage-blob: 完成
[2026-10-05 15:57:15] babel: 完成
[2026-10-05 15:58:15] backoff: 完成
[2026-10-05 16:00:16] banal: 完成
[2026-10-05 16:01:17] bashplotlib: 完成
[2026-10-05 16:03:17] bcrypt: 完成
[2026-10-05 16:04:17] beaker: 完成
[2026-10-05 16:05:17] beartype: 完成
[2026-10-05 16:06:18] beautifulsoup4: 完成
[2026-10-05 16:07:18] bibtexparser: 完成
[2026-10-05 16:08:18] bidict: 完成
[2026-10-05 16:09:18] billiard: 完成
[2026-10-05 16:10:19] binaryornot: 完成
[2026-10-05 16:11:19] birch: 完成
[2026-10-05 16:12:19] black: 完成
[2026-10-05 16:13:19] bleach: 完成
[2026-10-05 16:14:19] blessings: 完成
[2026-10-05 16:15:20] blinker: 完成
[2026-10-05 16:16:20] boltons: 完成
[2026-10-05 16:18:20] botflow: 完成
[2026-10-05 16:19:20] boto3: 完成
[2026-10-05 16:20:21] botocore: 完成
[2026-10-05 16:21:21] bottle: 完成
[2026-10-05 16:27:22] bottleneck: 完成
[2026-10-05 16:28:22] bracex: 完成
[2026-10-05 16:29:22] build: 完成
[2026-10-05 16:30:22] burner-redis: 完成
[2026-10-05 16:31:23] bytecode: 完成
[2026-10-05 16:39:24] cachebox: 完成
[2026-10-05 16:40:24] cachecontrol: 完成
[2026-10-05 16:41:26] cached-property: 完成
[2026-10-05 16:42:27] cachelib: 完成
[2026-10-05 16:43:27] cachetools: 完成
[2026-10-05 16:44:27] cachier: 完成
[2026-10-05 16:45:27] cadwyn: 完成
[2026-10-05 16:46:28] catalogue: 完成
[2026-10-05 16:47:28] celery: 完成
[2026-10-05 16:48:28] cerberus: 完成
[2026-10-05 16:49:28] certifi: 完成
[2026-10-05 16:50:28] cffi: 完成
[2026-10-05 16:51:29] cfgv: 完成
[2026-10-05 16:52:29] chardet: 完成
[2026-10-05 16:53:29] charset-normalizer: 完成
[2026-10-05 16:54:29] ciso8601: 完成
[2026-10-05 16:55:29] cleo: 完成
[2026-10-05 16:56:30] cleverdict: 完成
[2026-10-05 16:57:30] click: 完成
[2026-10-05 16:58:30] click-didyoumean: 完成
[2026-10-05 16:59:30] click-extra: 完成
[2026-10-05 17:00:31] click-option-group: 完成
[2026-10-05 17:01:31] click-plugins: 完成
[2026-10-05 17:02:31] click-repl: 完成
[2026-10-05 17:03:32] clint: 完成
[2026-10-05 17:04:32] cloudant: 完成
[2026-10-05 17:05:32] cloudpickle: 完成
[2026-10-05 17:06:32] cloup: 完成
[2026-10-05 17:07:32] colorama: 完成
[2026-10-05 17:08:33] colorclass: 完成
[2026-10-05 17:09:33] colored: 完成
[2026-10-05 17:10:33] colorlog: 完成
[2026-10-05 17:11:33] colout: 完成
[2026-10-05 17:12:33] comm: 完成
[2026-10-05 17:13:34] commonregex: 完成
[2026-10-05 17:14:34] configargparse: 完成
[2026-10-05 17:15:34] configobj: 完成
[2026-10-05 17:16:34] configupdater: 完成
[2026-10-05 17:17:34] constraints-txt: 完成
[2026-10-05 17:18:35] contextlib2: 完成
[2026-10-05 17:19:35] contourpy: 完成
[2026-10-05 17:20:35] cookiecutter: 完成
[2026-10-05 17:21:38] coolname: 完成
[2026-10-05 17:22:38] copier: 完成
[2026-10-05 17:23:38] crashtest: 完成
[2026-10-05 17:24:38] cron-descriptor: 完成
[2026-10-05 17:25:39] croniter: 完成
[2026-10-05 17:26:39] cronsim: 完成
[2026-10-05 17:27:39] cryptography: 完成
[2026-10-05 17:28:39] csvkit: 完成
[2026-10-05 17:29:39] csvs-to-sqlite: 完成
[2026-10-05 17:30:40] cycler: 完成
[2026-10-05 17:31:40] cyclopts: 完成
[2026-10-05 17:32:40] cython: 完成
[2026-10-05 17:34:40] daffy: 完成
[2026-10-05 17:35:40] dask: 完成
[2026-10-05 17:36:41] databases: 完成
[2026-10-05 17:37:41] dataclasses: 完成
[2026-10-05 17:38:41] dataset: 完成
[2026-10-05 17:39:41] datasketch: 完成
[2026-10-05 17:40:42] datatest: 完成
[2026-10-05 17:41:42] datatile: 完成
[2026-10-05 17:42:42] dateparser: 完成
[2026-10-05 17:43:42] datetime: 完成
[2026-10-05 17:45:42] db-py: 完成
[2026-10-05 17:46:43] dbfread: 完成
[2026-10-05 17:47:43] debuglater: 完成
[2026-10-05 17:48:43] debugpy: 完成
[2026-10-05 17:49:43] decorator: 完成
[2026-10-05 17:50:44] decore: 完成
[暂停] 电量 79%，状态 DISCHARGING
[继续] 电量 100%
[2026-10-05 23:25:08] deeplake: 完成
[2026-10-05 23:26:08] deepmerge: 完成
[2026-10-05 23:27:09] defusedxml: 完成
[2026-10-05 23:28:09] deprecated: 完成
[2026-10-05 23:29:09] dialite: 完成
[2026-10-05 23:30:10] dill: 完成
[2026-10-05 23:31:10] dirty-equals: 完成
[2026-10-05 23:32:10] distlib: 完成
[2026-10-05 23:33:10] distro: 完成
[2026-10-05 23:34:11] dnspython: 完成
[2026-10-05 23:35:11] docker: 完成
[2026-10-05 23:36:11] docopt: 完成
[2026-10-05 23:37:11] docopt-ng: 完成
[2026-10-05 23:38:12] docstring-parser: 完成
[2026-10-05 23:39:12] docutils: 完成
[2026-10-05 23:40:12] donfig: 完成
[2026-10-05 23:41:12] dulwich: 完成
[2026-10-05 23:42:13] dunamai: 完成
[2026-10-05 23:43:13] durationpy: 完成
[2026-10-05 23:44:13] dynaconf: 完成
[2026-10-05 23:45:13] easyprocess: 完成
[2026-10-05 23:51:14] elastic-transport: 完成
[2026-10-05 23:52:15] elasticsearch: 完成
[2026-10-05 23:53:15] elasticsearch-dsl: 完成
[2026-10-05 23:54:15] email-validator: 完成
[2026-10-05 23:55:15] emoji: 完成
[2026-10-05 23:56:16] enaml: 完成
[2026-10-05 23:57:16] entrypoint2: 完成
[2026-10-05 23:58:16] entrypoints: 完成
[2026-10-05 23:59:16] et-xmlfile: 完成
[2026-10-06 00:00:16] everett: 完成
[2026-10-06 00:01:17] exceptiongroup: 完成
[2026-10-06 00:02:17] executing: 完成
[2026-10-06 00:03:18] extra-platforms: 完成
[2026-10-06 00:04:18] fabric: 完成
[2026-10-06 00:05:18] fabric39: 完成
[2026-10-06 00:06:19] fabtools: 完成
[2026-10-06 00:07:19] face: 完成
[2026-10-06 00:08:20] fake-useragent: 完成
[2026-10-06 00:09:20] faker: 完成
[2026-10-06 00:10:20] fakeredis: 完成
[2026-10-06 00:11:21] fastapi: 完成
[2026-10-06 00:12:21] fastapi-cli: 完成
[2026-10-06 00:13:21] fastcore: 完成
[2026-10-06 00:14:21] fastjsonschema: 完成
[2026-10-06 00:15:22] faust: 完成
[2026-10-06 00:16:22] feedparser: 完成
[2026-10-06 00:17:22] feedparser-sgmllib: 完成
[2026-10-06 00:18:22] filedepot: 完成
[2026-10-06 00:19:23] filelock: 完成
[2026-10-06 00:20:23] filetype: 完成
[2026-10-06 00:21:23] findpython: 完成
[2026-10-06 00:22:23] fire: 完成
[2026-10-06 00:23:23] flask: 完成
[2026-10-06 00:24:24] flask-restful: 完成
[2026-10-06 00:25:24] flatbuffers: 完成
[2026-10-06 00:26:24] flexx: 完成
[2026-10-06 00:27:24] flupy: 完成
[2026-10-06 00:28:25] fonttools: 完成
[2026-10-06 00:29:25] fqdn: 完成
[2026-10-06 00:30:25] free-proxy: 完成
[2026-10-06 00:31:25] frozenlist: 完成
[2026-10-06 00:32:26] fs: 完成
[2026-10-06 00:33:26] fsspec: 完成
[2026-10-06 00:34:26] funcy: 完成
[2026-10-06 00:35:26] future: 完成
[2026-10-06 00:36:27] future-typing: 完成
[2026-10-06 00:37:27] futures: 完成
[2026-10-06 00:38:27] gdown: 完成
[2026-10-06 00:44:28] gin-config: 完成
[2026-10-06 00:45:28] gino: 完成
[2026-10-06 00:46:29] gitdb: 完成
[2026-10-06 00:47:29] gitpython: 完成
[2026-10-06 00:48:29] glom: 完成
[2026-10-06 00:49:29] google-api-core: 完成
[2026-10-06 00:50:30] google-api-python-client: 完成
[2026-10-06 00:51:30] google-auth: 完成
[2026-10-06 00:52:30] google-auth-httplib2: 完成
[2026-10-06 00:53:30] google-auth-oauthlib: 完成
[2026-10-06 01:42:47] google-cloud-core: 完成
[2026-10-06 01:43:47] google-cloud-storage: 完成
[2026-10-06 01:44:48] google-crc32c: 完成
[2026-10-06 01:45:48] google-resumable-media: 完成
[2026-10-06 01:46:48] googleapis-common-protos: 完成
[2026-10-06 01:47:48] graphviz: 完成
[2026-10-06 02:53:14] great-expectations: 完成
[2026-10-06 02:54:15] greenback: 完成
[2026-10-06 02:55:15] greenlet: 完成
[2026-10-06 02:56:15] griffe: 完成
[2026-10-06 02:57:16] griffecli: 完成
[2026-10-06 02:58:16] griffelib: 完成
[暂停] 电量 79%，状态 DISCHARGING
