========================================
开始更新: 2026-09-11 22:02:21
========================================
[2026-09-11 22:02:33] a2wsgi: 完成
[2026-09-11 22:02:43] addict: 完成
[2026-09-11 22:02:53] agate: 完成
[2026-09-11 22:03:03] agate-dbf: 完成
[2026-09-11 22:03:13] agate-excel: 完成
[2026-09-11 22:03:34] agate-sql: 完成
[2026-09-11 22:04:14] aioboto3: 完成
[2026-09-11 22:04:24] aiobotocore: 完成
[2026-09-11 22:04:35] aiocache: 完成
[2026-09-11 22:04:47] aiofiles: 完成
[2026-09-11 22:04:58] aiohappyeyeballs: 完成
[2026-09-11 22:05:08] aiohttp: 完成
[2026-09-11 22:05:18] aiohttp-cors: 完成
[2026-09-11 22:05:29] aioitertools: 完成
[2026-09-11 22:05:39] aiomisc: 完成
[2026-09-11 22:06:40] aioprometheus: 完成
[2026-09-11 22:06:50] aiosignal: 完成
[2026-09-11 22:07:00] aiosmtplib: 完成
[2026-09-11 22:07:10] aiosqlite: 完成
[2026-09-11 22:07:20] aiothreads: 完成
[2026-09-11 22:07:31] alabaster: 完成
[2026-09-11 22:07:51] alembic: 完成
[2026-09-11 22:08:01] algorithms: 完成
[2026-09-11 22:17:06] altair: 完成
[2026-09-11 22:17:16] amplitude-analytics: 完成
[2026-09-11 22:17:26] amqp: 完成
[2026-09-11 22:17:36] aniso8601: 完成
[2026-09-11 22:17:47] annotated-doc: 完成
[2026-09-11 22:17:57] annotated-types: 完成
[2026-09-11 22:31:56] ansible: 完成
[2026-09-11 22:36:21] ansible-core: 完成
[2026-09-11 22:36:31] antlr4-python3-runtime: 完成
[2026-09-11 22:36:41] anyascii: 完成
[2026-09-11 22:36:51] anyio: 完成
[2026-09-11 22:37:01] anytree: 完成
[2026-09-11 22:44:56] apache-libcloud: 完成
[2026-09-11 22:45:06] appdirs: 完成
[2026-09-11 22:45:37] apprise: 完成
[2026-09-11 22:45:47] argcomplete: 完成
[2026-09-11 22:46:58] argo-models: 完成
[2026-09-11 22:47:38] argon2-cffi: 完成
[2026-09-11 22:47:48] argon2-cffi-bindings: 完成
[2026-09-11 22:47:58] argparse: 完成
[2026-09-11 22:48:19] args: 完成
[2026-09-11 22:48:49] arq: 完成
[2026-09-11 22:59:03] arrow: 完成
[2026-09-11 23:07:07] asciimatics: 完成
[2026-09-11 23:07:18] asgi-lifespan: 完成
[2026-09-11 23:07:28] asgiref: 完成
[2026-09-11 23:07:38] asn1crypto: 完成
[2026-09-11 23:07:48] asttokens: 完成
[2026-09-11 23:07:58] async-lru: 完成
[2026-09-11 23:08:08] asyncer: 完成
[2026-09-11 23:09:19] asyncpg: 完成
[2026-09-11 23:10:40] atom: 完成
[2026-09-11 23:10:50] atpublic: 完成
[2026-09-11 23:11:00] attrs: 完成
[2026-09-11 23:11:10] autocommand: 完成
[2026-09-11 23:11:20] autopep8: 完成
[2026-09-11 23:12:11] awesome-slugify: 完成
[2026-09-11 23:15:22] awscli: 完成
[2026-09-11 23:31:36] azure-core: 完成
[2026-09-11 23:36:20] azure-storage-blob: 完成
[2026-09-11 23:36:30] babel: 完成
[2026-09-11 23:36:41] backoff: 完成
[2026-09-11 23:37:01] banal: 完成
[2026-09-11 23:37:11] bashplotlib: 完成
[2026-09-12 00:05:01] bcrypt: 完成
[2026-09-12 00:05:11] beaker: 完成
[2026-09-12 00:05:21] beartype: 完成
[2026-09-12 00:05:31] beautifulsoup4: 完成
[2026-09-12 00:05:41] bibtexparser: 完成
[2026-09-12 00:05:51] bidict: 完成
[2026-09-12 00:06:01] billiard: 完成
[2026-09-12 00:06:12] binaryornot: 完成
[2026-09-12 00:06:22] birch: 完成
[2026-09-12 00:06:32] black: 完成
[2026-09-12 00:06:42] bleach: 完成
[2026-09-12 00:06:52] blessings: 完成
[2026-09-12 00:07:02] blinker: 完成
[2026-09-12 00:07:13] boltons: 完成
[2026-09-12 00:10:44] botflow: 完成
[2026-09-12 00:11:05] boto3: 完成
[2026-09-12 00:11:15] botocore: 完成
[2026-09-12 00:11:25] bottle: 完成
[2026-09-12 00:17:29] bottleneck: 完成
[2026-09-12 00:17:39] bracex: 完成
[2026-09-12 00:17:49] build: 完成
[2026-09-12 00:21:03] burner-redis: 完成
[2026-09-12 00:21:13] bytecode: 完成
[2026-09-12 00:21:43] cachecontrol: 完成
[2026-09-12 00:21:53] cached-property: 完成
[2026-09-12 00:22:03] cachelib: 完成
[2026-09-12 00:22:13] cachetools: 完成
[2026-09-12 00:22:34] cachier: 完成
[2026-09-12 00:30:50] cadwyn: 完成
[2026-09-12 00:31:00] catalogue: 完成
[2026-09-12 00:31:10] celery: 完成
[2026-09-12 00:31:21] cerberus: 完成
[2026-09-12 00:31:31] certifi: 完成
[2026-09-12 00:31:41] cffi: 完成
[2026-09-12 00:31:51] cfgv: 完成
[2026-09-12 00:32:01] chardet: 完成
[2026-09-12 00:32:11] charset-normalizer: 完成
[2026-09-12 00:32:32] ciso8601: 完成
[2026-09-12 00:39:36] cleo: 完成
[2026-09-12 00:39:46] cleverdict: 完成
[2026-09-12 00:39:56] click: 完成
[2026-09-12 00:40:06] click-didyoumean: 完成
[2026-09-12 00:40:17] click-extra: 完成
[2026-09-12 00:40:27] click-option-group: 完成
[2026-09-12 00:40:37] click-plugins: 完成
[2026-09-12 00:40:47] click-repl: 完成
[2026-09-12 00:40:57] clint: 完成
[2026-09-12 00:41:07] cloudant: 完成
[2026-09-12 00:41:17] cloudpickle: 完成
[2026-09-12 00:41:28] cloup: 完成
[2026-09-12 00:41:38] colorama: 完成
[2026-09-12 00:41:48] colorclass: 完成
[2026-09-12 00:41:58] colored: 完成
[2026-09-12 00:42:08] colorlog: 完成
[2026-09-12 00:42:18] colout: 完成
[2026-09-12 00:42:28] comm: 完成
[2026-09-12 00:42:39] commonregex: 完成
[2026-09-12 00:42:49] configargparse: 完成
[2026-09-12 00:42:59] configobj: 完成
[2026-09-12 00:43:09] configupdater: 完成
[2026-09-12 00:43:19] constraints-txt: 完成
[2026-09-12 00:43:29] contextlib2: 完成
[2026-09-12 00:45:52] contourpy: 完成
[2026-09-12 00:46:03] cookiecutter: 完成
[2026-09-12 00:46:13] coolname: 完成
[2026-09-12 00:54:19] copier: 完成
[2026-09-12 00:54:29] crashtest: 完成
[2026-09-12 00:54:39] cron-descriptor: 完成
[2026-09-12 00:54:49] croniter: 完成
[2026-09-12 00:55:00] cronsim: 完成
[2026-09-12 00:58:54] cryptography: 完成
[2026-09-12 00:59:14] csvkit: 完成
[2026-09-12 01:00:05] csvs-to-sqlite: 完成
[2026-09-12 01:00:15] cycler: 完成
[2026-09-12 01:00:25] cyclopts: 完成
[2026-09-12 01:00:35] cython: 完成
[2026-09-12 01:01:36] daffy: 完成
[2026-09-12 01:01:46] dask: 完成
[2026-09-12 01:01:56] databases: 完成
[2026-09-12 01:02:06] dataclasses: 完成
[2026-09-12 01:02:16] dataset: 完成
[2026-09-12 01:21:28] datatest: 完成
[2026-09-12 01:21:38] datatile: 完成
[2026-09-12 01:21:48] dateparser: 完成
[2026-09-12 01:21:58] datetime: 完成
[2026-09-12 01:22:59] db-py: 完成
[2026-09-12 01:23:09] dbfread: 完成
[2026-09-12 01:23:19] debuglater: 完成
[2026-09-12 01:23:29] debugpy: 完成
[2026-09-12 01:23:39] decorator: 完成
[2026-09-12 01:23:50] decore: 完成
[2026-09-12 01:26:11] deepdiff: 完成
[2026-09-12 01:37:49] deeplake: 完成
[2026-09-12 01:37:59] deepmerge: 完成
[2026-09-12 01:38:09] defusedxml: 完成
[2026-09-12 01:38:19] deprecated: 完成
[2026-09-12 01:38:29] dialite: 完成
[2026-09-12 01:38:40] dill: 完成
[2026-09-12 01:38:50] dirty-equals: 完成
[2026-09-12 01:39:00] distlib: 完成
[2026-09-12 01:39:10] distro: 完成
[2026-09-12 01:39:20] dnspython: 完成
[2026-09-12 01:39:30] docker: 完成
[2026-09-12 01:39:40] docopt: 完成
[2026-09-12 01:39:51] docopt-ng: 完成
[2026-09-12 01:40:01] docstring-parser: 完成
[2026-09-12 01:40:11] docutils: 完成
[2026-09-12 01:40:21] donfig: 完成
[2026-09-12 01:40:31] dulwich: 完成
[2026-09-12 01:40:41] dunamai: 完成
[2026-09-12 01:40:51] durationpy: 完成
[2026-09-12 01:41:02] dynaconf: 完成
[2026-09-12 01:41:12] easyprocess: 完成
[2026-09-12 01:46:04] elastic-transport: 完成
[2026-09-12 01:46:14] elasticsearch: 完成
[2026-09-12 01:46:25] elasticsearch-dsl: 完成
[2026-09-12 01:46:35] email-validator: 完成
[2026-09-12 01:46:45] emoji: 完成
[2026-09-12 01:48:26] enaml: 完成
[2026-09-12 01:48:36] entrypoint2: 完成
[2026-09-12 01:48:46] entrypoints: 完成
[2026-09-12 01:48:56] et-xmlfile: 完成
[2026-09-12 01:49:06] everett: 完成
[2026-09-12 01:49:17] exceptiongroup: 完成
[2026-09-12 01:49:27] executing: 完成
[2026-09-12 01:49:37] extra-platforms: 完成
[2026-09-12 01:58:23] fabric: 完成
[2026-09-12 02:02:27] fabric39: 完成
[2026-09-12 02:06:41] fabtools: 完成
[2026-09-12 02:06:51] face: 完成
[2026-09-12 02:07:01] fake-useragent: 完成
[2026-09-12 02:07:12] faker: 完成
[2026-09-12 02:07:22] fakeredis: 完成
[2026-09-12 02:15:08] fastapi: 完成
[2026-09-12 02:19:10] fastapi-cli: 完成
[2026-09-12 02:19:21] fastcore: 完成
[2026-09-12 02:19:31] fastjsonschema: 完成
[2026-09-12 02:19:51] faust: 完成
[2026-09-12 02:20:01] feedparser: 完成
[2026-09-12 02:20:11] filedepot: 完成
[2026-09-12 02:20:21] filelock: 完成
[2026-09-12 02:20:31] filetype: 完成
[2026-09-12 02:20:42] findpython: 完成
[2026-09-12 02:20:52] fire: 完成
[2026-09-12 02:21:02] flask: 完成
[2026-09-12 02:21:12] flask-restful: 完成
[2026-09-12 02:21:22] flatbuffers: 完成
[2026-09-12 02:21:32] flexx: 完成
[2026-09-12 02:21:43] flupy: 完成
[2026-09-12 02:21:53] fonttools: 完成
[2026-09-12 02:22:03] fqdn: 完成
[2026-09-12 02:22:13] free-proxy: 完成
[2026-09-12 02:22:23] frozenlist: 完成
[2026-09-12 02:22:33] fs: 完成
[2026-09-12 02:22:43] fsspec: 完成
[2026-09-12 02:22:54] funcy: 完成
[2026-09-12 02:23:04] future: 完成
[2026-09-12 02:23:14] future-typing: 完成
[2026-09-12 02:23:24] futures: 完成
[2026-09-12 02:23:34] gdown: 完成
[2026-09-12 02:28:27] gin-config: 完成
[2026-09-12 02:28:57] gino: 完成
[2026-09-12 02:29:07] gitdb: 完成
[2026-09-12 02:29:17] gitpython: 完成
[2026-09-12 02:29:28] glom: 完成
[2026-09-12 02:33:11] google-api-core: 完成
[2026-09-12 02:37:35] google-api-python-client: 完成
[2026-09-12 02:41:39] google-auth: 完成
[2026-09-12 02:45:44] google-auth-httplib2: 完成
[2026-09-12 02:49:48] google-auth-oauthlib: 完成
[2026-09-12 03:50:30] google-cloud-core: 完成
[2026-09-12 03:54:33] google-cloud-storage: 完成
[2026-09-12 03:54:44] google-crc32c: 完成
[2026-09-12 03:54:54] google-resumable-media: 完成
[2026-09-12 03:55:04] googleapis-common-protos: 完成
[2026-09-12 03:55:14] graphviz: 完成
[2026-09-12 04:15:15] greenback: 完成
[2026-09-12 04:15:25] greenlet: 完成
[2026-09-12 04:15:35] griffe: 完成
[2026-09-12 04:15:45] griffecli: 完成
[2026-09-12 04:15:55] griffelib: 完成
[暂停] 电量 79%
