========================================
开始更新: 2026-10-06 14:51:45
========================================
[2026-10-06 14:52:51] lazy-import: 完成
[2026-10-06 14:53:51] lazy-object-proxy: 完成
[2026-10-06 14:54:52] lazydata: 完成
[2026-10-06 14:55:52] leather: 完成
[2026-10-06 14:56:52] libcst: 完成
[2026-10-06 14:57:52] linear-tsv: 完成
[2026-10-06 14:58:52] linkify-it-py: 完成
[2026-10-06 14:59:53] lml: 完成
[2026-10-06 15:00:53] locket: 完成
[2026-10-06 15:01:53] lockfile: 完成
[2026-10-06 15:02:53] luigi: 完成
[2026-10-06 15:08:55] lxml: 完成
[2026-10-06 15:09:56] lz4: 完成
[2026-10-06 15:10:56] mako: 完成
[2026-10-06 15:11:56] mara-db: 完成
[2026-10-06 15:12:56] mara-page: 完成
[2026-10-06 15:13:56] markdown: 完成
[2026-10-06 15:14:57] markdown-it-py: 完成
[2026-10-06 15:15:57] markupsafe: 完成
[2026-10-06 15:16:57] marshmallow: 完成
[2026-10-06 15:17:57] matplotlib: 完成
[2026-10-06 15:18:57] matplotlib-inline: 完成
[2026-10-06 15:19:58] maturin: 完成
[2026-10-06 15:20:58] mdit-py-plugins: 完成
[2026-10-06 15:21:58] mdurl: 完成
[2026-10-06 15:22:58] messytables: 完成
[2026-10-06 15:23:58] methodtools: 完成
[2026-10-06 15:24:59] meza: 完成
[2026-10-06 15:25:59] mezmorize: 完成
[2026-10-06 15:26:21] millify: 完成
[2026-10-06 15:27:21] minio: 完成
