========================================
开始更新: 2026-09-13 12:49:21
========================================
[2026-09-13 12:52:30] pygame: 完成
[2026-09-13 12:53:30] pygments: 完成
[2026-09-13 12:54:30] pygogo: 完成
[2026-09-13 12:57:31] pygsheets: 完成
[2026-09-13 12:58:31] pygtrie: 完成
[2026-09-13 12:59:31] pyhdb: 完成
[2026-09-13 13:12:33] pyjwt: 完成
[2026-09-13 13:13:33] pylatexenc: 完成
[2026-09-13 13:14:33] pymeta3: 完成
[2026-09-13 13:15:33] pymodm: 完成
[2026-09-13 13:16:34] pymongo: 完成
[2026-09-13 13:17:34] pympler: 完成
[2026-09-13 13:18:34] pymysql: 完成
[2026-09-13 13:19:34] pynacl: 完成
[2026-09-13 13:20:35] pynamodb: 完成
[2026-09-13 13:21:35] pyparsing: 完成
[2026-09-13 13:22:35] pypattyrn: 完成
[2026-09-13 13:23:35] pypeln: 完成
[2026-09-13 13:24:35] pypika: 完成
[2026-09-13 13:25:36] pypika-tortoise: 完成
[2026-09-13 13:26:36] pyproject-hooks: 完成
[2026-09-13 13:27:36] pypyr: 完成
[2026-09-13 13:28:36] pyrsistent: 完成
[2026-09-13 13:29:37] pyscaffold: 完成
[2026-09-13 13:30:37] pyscreenshot: 完成
[2026-09-13 13:31:37] pyserial: 完成
[2026-09-13 13:32:37] pysimdjson: 完成
[2026-09-13 13:33:38] pysimplegui: 完成
[2026-09-13 13:34:38] pysocks: 完成
[2026-09-13 13:35:38] pysolr: 完成
[2026-09-13 13:36:38] pysparkling: 完成
[2026-09-13 13:37:38] pystorm: 完成
[2026-09-13 13:38:39] python-benedict: 完成
[2026-09-13 13:39:39] python-box: 完成
[2026-09-13 13:40:39] python-daemon: 完成
[2026-09-13 13:41:39] python-dateutil: 完成
[2026-09-13 13:42:40] python-decouple: 完成
[2026-09-13 13:43:40] python-discovery: 完成
[2026-09-13 13:44:40] python-dotenv: 完成
[2026-09-13 13:45:40] python-fsutil: 完成
[2026-09-13 13:46:41] python-json-logger: 完成
[2026-09-13 13:47:41] python-magic: 完成
[2026-09-13 13:48:41] python-multipart: 完成
[2026-09-13 13:49:41] python-rapidjson: 完成
[2026-09-13 13:50:41] python-slugify: 完成
[2026-09-13 13:51:41] pytimeparse: 完成
[2026-09-13 13:52:42] pytokens: 完成
[2026-09-13 13:53:42] pytz: 完成
[2026-09-13 13:54:42] pyyaml: 完成
[2026-09-13 13:55:42] pyyaml-ft: 完成
[2026-09-13 13:56:43] pyzmq: 完成
[2026-09-13 13:57:43] quantile-python: 完成
[2026-09-13 13:58:43] queries: 完成
[2026-09-13 13:59:43] questionary: 完成
[2026-09-13 14:00:43] rapidfuzz: 完成
[2026-09-13 14:01:44] rasgoql: 完成
[2026-09-13 14:02:44] rasgotransforms: 完成
[2026-09-13 14:03:44] ratelimit: 完成
[2026-09-13 14:04:44] readchar: 完成
[2026-09-13 14:06:45] readme-renderer: 完成
[2026-09-13 14:07:45] records: 完成
[2026-09-13 14:08:45] redis: 完成
[2026-09-13 14:09:46] redis-py-cluster: 完成
[2026-09-13 14:10:46] referencing: 完成
[2026-09-13 14:11:46] regex: 完成
[2026-09-13 14:12:46] requests: 完成
[2026-09-13 14:13:48] requests-oauthlib: 完成
[2026-09-13 14:14:49] requests-toolbelt: 完成
[2026-09-13 14:15:50] resolvelib: 完成
[2026-09-13 14:16:50] retrying: 完成
[2026-09-13 14:17:50] returns: 完成
[2026-09-13 14:18:50] rfc3339-validator: 完成
[2026-09-13 14:19:51] rfc3986: 完成
[2026-09-13 14:20:51] rfc3986-validator: 完成
[2026-09-13 14:21:51] rfc3987-syntax: 完成
[2026-09-13 14:22:51] rich: 完成
[2026-09-13 14:23:51] rich-argparse: 完成
[2026-09-13 14:24:51] rich-rst: 完成
[2026-09-13 14:25:52] rich-toolkit: 完成
[2026-09-13 14:26:52] riko: 完成
[2026-09-13 14:27:52] robinhood-aiokafka: 完成
[2026-09-13 14:28:52] roman-numerals: 完成
[2026-09-13 14:29:53] rows: 完成
[2026-09-13 14:30:53] rpds-py: 完成
[2026-09-13 14:31:53] rq: 完成
[2026-09-13 14:32:53] rsa: 完成
[2026-09-13 14:34:54] rtoml: 完成
[2026-09-13 14:35:54] ruamel-yaml: 完成
[2026-09-13 14:36:54] ruamel-yaml-clib: 完成
[2026-09-13 14:37:54] s3fs: 完成
[2026-09-13 14:38:55] s3transfer: 完成
[暂停] 电量 79%，状态 DISCHARGING
