========================================
[2026-07-24 10:39:58] a2wsgi: 完成
[2026-07-24 10:40:00] addict: 完成
[2026-07-24 10:40:03] agate: 完成
[2026-07-24 10:40:06] agate-dbf: 完成
[2026-07-24 10:40:09] agate-excel: 完成
[2026-07-24 10:40:13] agate-sql: 完成
[2026-07-24 10:40:22] aioboto3: 完成
[2026-07-24 10:40:30] aiobotocore: 完成
[2026-07-24 10:40:33] aiocache: 完成
[2026-07-24 10:40:35] aiofiles: 完成
[2026-07-24 10:40:36] aiohappyeyeballs: 完成
[2026-07-24 10:40:42] aiohttp: 完成
[2026-07-24 10:40:47] aiohttp-cors: 完成
[2026-07-24 10:40:49] aioitertools: 完成
[2026-07-24 10:40:51] aiomisc: 完成
[2026-07-24 10:48:29] aioprometheus: 完成
[2026-07-24 10:48:32] aiosignal: 完成
[2026-07-24 10:48:34] aiosmtplib: 完成
[2026-07-24 10:48:36] aiosqlite: 完成
[2026-07-24 10:48:37] aiothreads: 完成
[2026-07-24 10:48:38] alabaster: 完成
[2026-07-24 10:48:42] alembic: 完成
[2026-07-24 10:48:43] algorithms: 完成
[2026-07-24 10:49:43] altair: 完成
[2026-07-24 10:49:45] amplitude-analytics: 完成
[2026-07-24 10:49:48] amqp: 完成
[2026-07-24 10:49:50] aniso8601: 完成
[2026-07-24 10:49:51] annotated-doc: 完成
[2026-07-24 10:49:53] annotated-types: 完成
[2026-07-24 10:52:05] ansible: 完成
[2026-07-24 10:54:09] ansible-core: 完成
[2026-07-24 10:54:10] antlr4-python3-runtime: 完成
[2026-07-24 10:54:12] anyascii: 完成
[2026-07-24 10:54:13] anyio: 完成
[2026-07-24 10:54:15] anytree: 完成
