========================================
[2026-03-29 22:00:02] a2wsgi: 完成
[2026-03-29 22:00:04] addict: 完成
[2026-03-29 22:00:12] agate: 完成
[2026-03-29 22:00:16] agate-dbf: 完成
[2026-03-29 22:00:21] agate-excel: 完成
[2026-03-29 22:00:26] agate-sql: 完成
[2026-03-29 22:01:17] aioboto3: 完成
[2026-03-29 22:01:28] aiobotocore: 完成
[2026-03-29 22:01:29] aiocache: 完成
[2026-03-29 22:01:31] aiofiles: 完成
[2026-03-29 22:01:32] aiohappyeyeballs: 完成
[2026-03-29 22:01:38] aiohttp: 完成
[2026-03-29 22:01:44] aiohttp-cors: 完成
[2026-03-29 22:01:46] aioitertools: 完成
[2026-03-29 22:01:48] aiomisc: 完成
[2026-03-29 22:01:51] aioprometheus: 完成
[2026-03-29 22:01:56] aiosignal: 完成
[2026-03-29 22:01:57] aiosmtplib: 完成
[2026-03-29 22:01:59] aiosqlite: 完成
[2026-03-29 22:02:00] aiothreads: 完成
[2026-03-29 22:02:01] alabaster: 完成
[2026-03-29 22:02:05] alembic: 完成
[2026-03-29 22:02:07] algorithms: 完成
[2026-03-29 22:02:12] altair: 完成
[2026-03-29 22:02:14] amplitude-analytics: 完成
[2026-03-29 22:02:16] amqp: 完成
[2026-03-29 22:02:17] aniso8601: 完成
[2026-03-29 22:02:19] annotated-doc: 完成
[2026-03-29 22:02:21] annotated-types: 完成
[2026-03-29 22:02:36] antlr4-python3-runtime: 完成
[2026-03-29 22:02:37] anyascii: 完成
[2026-03-29 22:02:39] anyio: 完成
[2026-03-29 22:02:41] anytree: 完成
[2026-03-29 22:04:06] apache-libcloud: 完成
[2026-03-29 22:04:08] appdirs: 完成
[2026-03-29 22:04:12] apprise: 完成
[2026-03-29 22:04:14] argcomplete: 完成
[2026-03-29 22:04:19] argo-models: 完成
[2026-03-29 22:04:21] argon2-cffi: 完成
[2026-03-29 22:04:23] argon2-cffi-bindings: 完成
[2026-03-29 22:04:25] argparse: 完成
[2026-03-29 22:04:26] args: 完成
[2026-03-29 22:04:29] arq: 完成
[2026-03-29 22:04:32] arrow: 完成
[2026-03-29 22:04:35] asciimatics: 完成
[2026-03-29 22:04:36] asgi-lifespan: 完成
[2026-03-29 22:04:38] asgiref: 完成
[2026-03-29 22:04:39] asn1crypto: 完成
[2026-03-29 22:04:41] asttokens: 完成
[2026-03-29 22:04:42] async-lru: 完成
[2026-03-29 22:04:45] asyncer: 完成
[2026-03-29 22:04:47] asyncpg: 完成
[2026-03-29 22:04:48] atom: 完成
[2026-03-29 22:04:50] atpublic: 完成
[2026-03-29 22:04:51] attrs: 完成
[2026-03-29 22:04:53] autocommand: 完成
[2026-03-29 22:04:55] autopep8: 完成
[2026-03-29 22:05:18] awesome-slugify: 完成
[2026-03-29 22:05:23] awscli: 完成
[2026-03-29 22:13:20] azure-core: 完成
[2026-03-29 22:13:26] babel: 完成
[2026-03-29 22:13:28] backoff: 完成
[2026-03-29 22:13:29] banal: 完成
[2026-03-29 22:13:31] bashplotlib: 完成
[2026-03-29 22:13:44] bcrypt: 完成
[2026-03-29 22:13:45] beaker: 完成
[2026-03-29 22:13:47] beartype: 完成
[2026-03-29 22:13:49] beautifulsoup4: 完成
[2026-03-29 22:13:51] bibtexparser: 完成
[2026-03-29 22:13:53] bidict: 完成
[2026-03-29 22:13:55] billiard: 完成
[2026-03-29 22:13:57] binaryornot: 完成
[2026-03-29 22:13:59] birch: 完成
[2026-03-29 22:14:02] black: 完成
[2026-03-29 22:14:04] bleach: 完成
[2026-03-29 22:14:05] blessings: 完成
[2026-03-29 22:14:07] blinker: 完成
[2026-03-29 22:14:08] boltons: 完成
[2026-03-29 22:14:26] botflow: 完成
[2026-03-29 22:14:30] boto3: 完成
[2026-03-29 22:14:33] botocore: 完成
[2026-03-29 22:14:34] bottle: 完成
[2026-03-29 22:14:44] bottleneck: 完成
[2026-03-29 22:14:46] bracex: 完成
[2026-03-29 22:14:48] build: 完成
[2026-03-29 22:14:49] bytecode: 完成
[2026-03-29 22:14:53] cachecontrol: 完成
[2026-03-29 22:14:55] cached-property: 完成
[2026-03-29 22:14:56] cachelib: 完成
[2026-03-29 22:14:58] cachetools: 完成
[2026-03-29 22:15:01] cachier: 完成
[2026-03-29 22:15:08] cadwyn: 完成
[2026-03-29 22:15:10] catalogue: 完成
[2026-03-29 22:15:15] celery: 完成
[2026-03-29 22:15:17] cerberus: 完成
[2026-03-29 22:15:18] certifi: 完成
[2026-03-29 22:15:20] cffi: 完成
[2026-03-29 22:15:22] cfgv: 完成
[2026-03-29 22:15:24] chardet: 完成
[2026-03-29 22:15:26] charset-normalizer: 完成
[2026-03-29 22:15:28] ciso8601: 完成
[2026-03-29 22:15:31] cleo: 完成
[2026-03-29 22:15:33] cleverdict: 完成
[2026-03-29 22:15:35] click: 完成
[2026-03-29 22:15:36] click-didyoumean: 完成
[2026-03-29 22:15:42] click-extra: 完成
[2026-03-29 22:15:43] click-option-group: 完成
[2026-03-29 22:15:45] click-plugins: 完成
[2026-03-29 22:15:47] click-repl: 完成
[2026-03-29 22:15:49] clint: 完成
[2026-03-29 22:15:52] cloudant: 完成
[2026-03-29 22:15:54] cloudpickle: 完成
[2026-03-29 22:15:56] cloup: 完成
[2026-03-29 22:15:57] colorama: 完成
[2026-03-29 22:15:59] colorclass: 完成
[2026-03-29 22:16:01] colored: 完成
[2026-03-29 22:16:02] colorlog: 完成
[2026-03-29 22:16:05] colout: 完成
[2026-03-29 22:16:06] comm: 完成
[2026-03-29 22:16:07] commonregex: 完成
[2026-03-29 22:16:09] configargparse: 完成
[2026-03-29 22:16:10] configobj: 完成
[2026-03-29 22:16:12] configupdater: 完成
[2026-03-29 22:16:13] constraints-txt: 完成
[2026-03-29 22:16:15] contextlib2: 完成
[2026-03-29 22:16:18] contourpy: 完成
[2026-03-29 22:16:24] cookiecutter: 完成
[2026-03-29 22:16:26] coolname: 完成
[2026-03-29 22:16:32] copier: 完成
[2026-03-29 22:16:34] crashtest: 完成
[2026-03-29 22:16:35] cron-descriptor: 完成
[2026-03-29 22:16:37] croniter: 完成
[2026-03-29 22:16:39] cronsim: 完成
[2026-03-29 22:16:50] csvkit: 完成
[2026-03-29 22:16:55] csvs-to-sqlite: 完成
[2026-03-29 22:16:57] cycler: 完成
[2026-03-29 22:17:00] cyclopts: 完成
[2026-03-29 22:17:02] cython: 完成
[2026-03-29 22:17:27] daffy: 完成
[2026-03-29 22:17:31] dask: 完成
[2026-03-29 22:17:34] databases: 完成
[2026-03-29 22:17:35] dataclasses: 完成
[2026-03-29 22:17:40] dataset: 完成
[2026-03-29 22:17:43] datasketch: 完成
[2026-03-29 22:17:44] datatest: 完成
[2026-03-29 22:17:46] datatile: 完成
[2026-03-29 22:17:51] dateparser: 完成
[2026-03-29 22:17:54] datetime: 完成
[2026-03-29 22:18:24] db-py: 完成
[2026-03-29 22:18:25] dbfread: 完成
[2026-03-29 22:18:26] debuglater: 完成
[2026-03-29 22:18:28] debugpy: 完成
[2026-03-29 22:18:30] decorator: 完成
[2026-03-29 22:18:31] decore: 完成
[2026-03-29 22:18:33] deepdiff: 完成
[2026-03-29 22:18:54] deeplake: 完成
[2026-03-29 22:18:55] deepmerge: 完成
[2026-03-29 22:18:57] defusedxml: 完成
[2026-03-29 22:18:59] deprecated: 完成
[2026-03-29 22:19:01] dialite: 完成
[2026-03-29 22:19:02] dill: 完成
[2026-03-29 22:19:04] dirty-equals: 完成
[2026-03-29 22:19:06] distlib: 完成
[2026-03-29 22:19:08] distro: 完成
[2026-03-29 22:19:10] dnspython: 完成
[2026-03-29 22:19:13] docker: 完成
[2026-03-29 22:19:15] docopt: 完成
[2026-03-29 22:19:17] docopt-ng: 完成
[2026-03-29 22:19:18] docstring-parser: 完成
[2026-03-29 22:19:20] docutils: 完成
[2026-03-29 22:19:21] donfig: 完成
[2026-03-29 22:19:24] dulwich: 完成
[2026-03-29 22:19:25] dunamai: 完成
[2026-03-29 22:19:27] durationpy: 完成
[2026-03-29 22:19:28] dynaconf: 完成
[2026-03-29 22:19:30] easyprocess: 完成
[2026-03-29 22:19:40] elastic-transport: 完成
[2026-03-29 22:19:43] elasticsearch: 完成
[2026-03-29 22:19:46] elasticsearch-dsl: 完成
[2026-03-29 22:19:48] email-validator: 完成
[2026-03-29 22:19:49] emoji: 完成
[2026-03-29 22:19:54] enaml: 完成
[2026-03-29 22:19:56] entrypoint2: 完成
[2026-03-29 22:19:57] entrypoints: 完成
[2026-03-29 22:20:01] et-xmlfile: 完成
[2026-03-29 22:20:02] everett: 完成
[2026-03-29 22:20:04] exceptiongroup: 完成
[2026-03-29 22:20:05] executing: 完成
[2026-03-29 22:20:07] extra-platforms: 完成
[2026-03-29 22:20:29] face: 完成
[2026-03-29 22:20:31] fake-useragent: 完成
[2026-03-29 22:20:33] faker: 完成
[2026-03-29 22:20:36] fakeredis: 完成
[2026-03-29 22:20:41] fastapi: 完成
[2026-03-29 22:20:49] fastapi-cli: 完成
[2026-03-29 22:20:51] fastcore: 完成
[2026-03-29 22:20:53] fastjsonschema: 完成
[2026-03-29 22:21:02] faust: 完成
[2026-03-29 22:21:04] feedparser: 完成
[2026-03-29 22:21:06] filedepot: 完成
[2026-03-29 22:21:08] filelock: 完成
[2026-03-29 22:21:10] filetype: 完成
[2026-03-29 22:21:12] findpython: 完成
[2026-03-29 22:21:14] fire: 完成
[2026-03-29 22:21:16] flask: 完成
[2026-03-29 22:21:20] flask-restful: 完成
[2026-03-29 22:21:22] flatbuffers: 完成
[2026-03-29 22:21:24] flexx: 完成
[2026-03-29 22:21:26] flupy: 完成
[2026-03-29 22:21:28] fonttools: 完成
[2026-03-29 22:21:30] fqdn: 完成
[2026-03-29 22:21:34] free-proxy: 完成
[2026-03-29 22:21:36] frozenlist: 完成
[2026-03-29 22:21:38] fs: 完成
[2026-03-29 22:21:40] fsspec: 完成
[2026-03-29 22:21:42] funcy: 完成
[2026-03-29 22:21:44] future: 完成
[2026-03-29 22:21:45] future-typing: 完成
[2026-03-29 22:21:48] futures: 完成
[2026-03-29 22:21:52] gdown: 完成
[2026-03-29 22:22:07] gin-config: 完成
[2026-03-29 22:22:10] gino: 完成
[2026-03-29 22:22:12] gitdb: 完成
[2026-03-29 22:22:15] gitpython: 完成
[2026-03-29 22:22:17] glom: 完成
[2026-03-29 22:27:50] google-crc32c: 完成
[2026-03-29 22:27:53] google-resumable-media: 完成
[2026-03-29 22:27:55] googleapis-common-protos: 完成
[2026-03-29 22:27:57] graphviz: 完成
[2026-03-29 22:28:09] greenback: 完成
[2026-03-29 22:28:11] greenlet: 完成
[2026-03-29 22:28:13] griffe: 完成
[2026-03-29 22:28:16] griffecli: 完成
[2026-03-29 22:28:17] griffelib: 完成
[2026-03-29 22:28:21] grpcio: 完成
[2026-03-29 22:28:26] grpcio-status: 完成
[2026-03-29 22:28:34] h11: 完成
[2026-03-29 22:28:36] h2: 完成
[2026-03-29 22:28:39] happybase: 完成
[2026-03-29 22:28:57] hiredis: 完成
[2026-03-29 22:28:59] holidays: 完成
[2026-03-29 22:29:01] hpack: 完成
[2026-03-29 22:29:03] html5lib: 完成
[2026-03-29 22:29:05] httpcore: 完成
[2026-03-29 22:29:07] httplib2: 完成
[2026-03-29 22:29:09] httptools: 完成
[2026-03-29 22:29:11] httpx: 完成
[2026-03-29 22:29:37] hub: 完成
[2026-03-29 22:29:38] huey: 完成
[2026-03-29 22:29:40] humanize: 完成
[2026-03-29 22:29:43] humbug: 完成
[2026-03-29 22:29:45] hyperframe: 完成
[2026-03-29 22:29:48] ibis-framework: 完成
[2026-03-29 22:29:50] id: 完成
[2026-03-29 22:29:52] identify: 完成
[2026-03-29 22:29:54] idna: 完成
[2026-03-29 22:29:57] ijson: 完成
[2026-03-29 22:29:58] imagesize: 完成
[2026-03-29 22:30:00] immutables: 完成
[2026-03-29 22:30:03] importlib-metadata: 完成
[2026-03-29 22:30:05] importlib-resources: 完成
[2026-03-29 22:30:08] inflect: 完成
[2026-03-29 22:30:10] inflection: 完成
[2026-03-29 22:30:20] influxdb: 完成
[2026-03-29 22:30:23] installer: 完成
[2026-03-29 22:30:26] intake: 完成
[2026-03-29 22:30:30] interchange: 完成
[2026-03-29 22:30:32] invoke: 完成
[2026-03-29 22:30:36] ipdb: 完成
[2026-03-29 22:30:44] ipykernel: 完成
[2026-03-29 22:30:47] ipython: 完成
[2026-03-29 22:30:49] ipython-genutils: 完成
[2026-03-29 22:30:51] ipython-pygments-lexers: 完成
[2026-03-29 22:30:55] ipywidgets: 完成
[2026-03-29 22:30:57] iso8601: 完成
[2026-03-29 22:31:03] isodate: 完成
[2026-03-29 22:31:09] isoduration: 完成
[2026-03-29 22:31:15] itsdangerous: 完成
[2026-03-29 22:31:18] janus: 完成
[2026-03-29 22:31:20] jaraco-classes: 完成
[2026-03-29 22:31:23] jaraco-context: 完成
[2026-03-29 22:31:25] jaraco-functools: 完成
[2026-03-29 22:31:26] jedi: 完成
[2026-03-29 22:31:28] jeepney: 完成
[2026-03-29 22:31:30] jinja2: 完成
[2026-03-29 22:31:32] jinja2-ansible-filters: 完成
[2026-03-29 22:31:34] jinja2-humanize-extension: 完成
[2026-03-29 22:31:36] jmespath: 完成
[2026-03-29 22:31:38] joblib: 完成
[2026-03-29 22:31:40] json-table-schema: 完成
[2026-03-29 22:31:41] json5: 完成
[2026-03-29 22:31:43] jsonlines: 完成
[2026-03-29 22:31:45] jsonpatch: 完成
[2026-03-29 22:31:47] jsonpickle: 完成
[2026-03-29 22:31:49] jsonpointer: 完成
[2026-03-29 22:31:50] jsonref: 完成
[2026-03-29 22:31:59] jsonschema: 完成
[2026-03-29 22:32:02] jsonschema-specifications: 完成
[2026-03-29 22:32:21] jupyter: 完成
[2026-03-29 22:32:24] jupyter-client: 完成
[2026-03-29 22:32:33] jupyter-console: 完成
[2026-03-29 22:32:35] jupyter-core: 完成
[2026-03-29 22:32:40] jupyter-events: 完成
[2026-03-29 22:32:48] jupyter-lsp: 完成
[2026-03-29 22:32:57] jupyter-server: 完成
[2026-03-29 22:32:59] jupyter-server-terminals: 完成
[2026-03-29 22:33:12] jupyterlab: 完成
[2026-03-29 22:33:17] jupyterlab-pygments: 完成
[2026-03-29 22:33:28] jupyterlab-server: 完成
[2026-03-29 22:33:29] jupyterlab-widgets: 完成
[2026-03-29 22:33:34] jupytext: 完成
[2026-03-29 22:33:35] kafka-python: 完成
[2026-03-29 22:33:44] kedro: 完成
[2026-03-29 22:33:52] kedro-telemetry: 完成
[2026-03-29 22:33:54] keyboard: 完成
[2026-03-29 22:33:57] keyring: 完成
[2026-03-29 22:34:12] kfp-pipeline-spec: 完成
[2026-03-29 22:34:14] kfp-server-api: 完成
[2026-03-29 22:34:16] kivy-garden: 完成
[2026-03-29 22:34:18] kiwisolver: 完成
[2026-03-29 22:34:21] kombu: 完成
[2026-03-29 22:34:47] kubernetes: 完成
[2026-03-29 22:34:49] lark: 完成
[2026-03-29 22:34:50] lazy-import: 完成
[2026-03-29 22:34:52] lazy-object-proxy: 完成
[2026-03-29 22:34:57] lazydata: 完成
[2026-03-29 22:34:58] leather: 完成
[2026-03-29 22:35:01] libcst: 完成
[2026-03-29 22:35:02] linear-tsv: 完成
[2026-03-29 22:35:05] linkify-it-py: 完成
[2026-03-29 22:35:06] lml: 完成
[2026-03-29 22:35:08] locket: 完成
[2026-03-29 22:35:09] lockfile: 完成
[2026-03-29 22:35:13] luigi: 完成
[2026-03-29 22:35:15] lupa: 完成
[2026-03-29 22:35:18] lxml: 完成
[2026-03-29 22:35:20] lz4: 完成
[2026-03-29 22:35:22] mako: 完成
[2026-03-29 22:35:28] mara-db: 完成
[2026-03-29 22:35:30] mara-page: 完成
[2026-03-29 22:35:38] mara-pipelines: 完成
[2026-03-29 22:35:39] markdown: 完成
[2026-03-29 22:35:41] markdown-it-py: 完成
[2026-03-29 22:35:43] markupsafe: 完成
[2026-03-29 22:35:45] marshmallow: 完成
[2026-03-29 22:35:55] matplotlib: 完成
[2026-03-29 22:35:57] matplotlib-inline: 完成
[2026-03-29 22:36:01] maturin: 完成
[2026-03-29 22:36:03] mdit-py-plugins: 完成
[2026-03-29 22:36:04] mdurl: 完成
[2026-03-29 22:36:08] messytables: 完成
[2026-03-29 22:36:10] methodtools: 完成
[2026-03-29 22:36:14] meza: 完成
[2026-03-29 22:36:16] mezmorize: 完成
[2026-03-29 22:36:17] millify: 完成
[2026-03-29 22:36:21] minio: 完成
[2026-03-29 22:36:23] mistune: 完成
[2026-03-29 22:36:29] mleap: 完成
[2026-03-29 22:36:31] mo-dots: 完成
[2026-03-29 22:36:32] mo-future: 完成
[2026-03-29 22:36:34] mo-imports: 完成
[2026-03-29 22:36:36] mo-kwargs: 完成
[2026-03-29 22:36:38] mo-logs: 完成
[2026-03-29 22:36:40] mode: 完成
[2026-03-29 22:36:45] modin: 完成
[2026-03-29 22:36:51] mongo-connector: 完成
[2026-03-29 22:36:57] mongoengine: 完成
[2026-03-29 22:37:00] monotonic: 完成
[2026-03-29 22:37:02] more-itertools: 完成
[2026-03-29 22:37:04] motor: 完成
[2026-03-29 22:37:07] moz-sql-parser: 完成
[2026-03-29 22:37:08] mpmath: 完成
[2026-03-29 22:37:10] mrjob: 完成
[2026-03-29 22:37:12] msgpack: 完成
[2026-03-29 22:37:15] msgpack-numpy: 完成
[2026-03-29 22:37:18] msgspec: 完成
[2026-03-29 22:37:20] mss: 完成
[2026-03-29 22:37:22] multidict: 完成
[2026-03-29 22:37:24] multimethod: 完成
[2026-03-29 22:37:25] multiprocess: 完成
[2026-03-29 22:37:27] munch: 完成
[2026-03-29 22:37:29] mypy-extensions: 完成
[2026-03-29 22:37:31] narwhals: 完成
[2026-03-29 22:37:33] natsort: 完成
[2026-03-29 22:37:45] nbclassic: 完成
[2026-03-29 22:37:50] nbclient: 完成
[2026-03-29 22:37:57] nbconvert: 完成
[2026-03-29 22:38:01] nbformat: 完成
[2026-03-29 22:38:04] neo4j-driver: 完成
[2026-03-29 22:38:06] nest-asyncio: 完成
[2026-03-29 22:38:16] networkx: 完成
[2026-03-29 22:38:19] nh3: 完成
[2026-03-29 22:38:21] nodeenv: 完成
[2026-03-29 22:38:37] notebook: 完成
[2026-03-29 22:38:47] notebook-shim: 完成
[2026-03-29 22:38:49] ntc-templates: 完成
[2026-03-29 22:39:02] numcodecs: 完成
[2026-03-29 22:39:05] numexpr: 完成
[2026-03-29 22:39:07] numpy: 完成
[2026-03-29 22:39:09] numpy-groupies: 完成
[2026-03-29 22:39:11] oauthlib: 完成
[2026-03-29 22:39:16] odmantic: 完成
[2026-03-29 22:39:18] olefile: 完成
[2026-03-29 22:39:20] omegaconf: 完成
[2026-03-29 22:39:35] onecite: 完成
[2026-03-29 23:01:36] openpyxl: 完成
[2026-03-29 23:01:41] opentelemetry-api: 完成
[2026-03-29 23:01:47] opentelemetry-exporter-otlp: 完成
[2026-03-29 23:01:50] opentelemetry-exporter-otlp-proto-common: 完成
[2026-03-29 23:01:54] opentelemetry-exporter-otlp-proto-grpc: 完成
[2026-03-29 23:01:58] opentelemetry-exporter-otlp-proto-http: 完成
[2026-03-29 23:02:01] opentelemetry-instrumentation: 完成
[2026-03-29 23:02:05] opentelemetry-instrumentation-grpc: 完成
[2026-03-29 23:02:07] opentelemetry-proto: 完成
[2026-03-29 23:02:09] opentelemetry-sdk: 完成
[2026-03-29 23:02:11] opentelemetry-semantic-conventions: 完成
[2026-03-29 23:02:13] opentracing: 完成
[2026-03-29 23:02:14] ordered-set: 完成
[2026-03-29 23:02:16] orderly-set: 完成
[2026-03-29 23:02:19] orjson: 完成
[2026-03-29 23:02:20] outcome: 完成
[2026-03-29 23:02:22] packaging: 完成
[2026-03-29 23:02:23] pampy: 完成
[2026-03-29 23:02:41] pandarallel: 完成
[2026-03-29 23:02:44] pandas: 完成
[2026-03-29 23:02:49] pandas-datareader: 完成
[2026-03-29 23:03:15] pandas-summary: 完成
[2026-03-29 23:03:22] pandasql: 完成
[2026-03-29 23:03:28] pandera: 完成
[2026-03-29 23:03:29] pandocfilters: 完成
[2026-03-29 23:03:31] pansi: 完成
[2026-03-29 23:03:38] papermill: 完成
[2026-03-29 23:03:40] param: 完成
[2026-03-29 23:03:47] parse: 完成
[2026-03-29 23:03:48] parsedatetime: 完成
[2026-03-29 23:03:49] parso: 完成
[2026-03-29 23:03:51] parsy: 完成
[2026-03-29 23:03:53] partd: 完成
[2026-03-29 23:03:54] path: 完成
[2026-03-29 23:03:56] pathlib: 完成
[2026-03-29 23:03:57] pathlib-abc: 完成
[2026-03-29 23:03:59] pathlib2: 完成
[2026-03-29 23:04:01] pathos: 完成
[2026-03-29 23:04:02] pathspec: 完成
[2026-03-29 23:04:04] pbs-installer: 完成
[2026-03-29 23:04:06] pdfminer: 完成
[2026-03-29 23:04:10] pdpipe: 完成
[2026-03-29 23:04:12] peewee: 完成
[2026-03-29 23:04:13] pegen: 完成
[2026-03-29 23:04:16] pendulum: 完成
[2026-03-29 23:04:17] petl: 完成
[2026-03-29 23:04:19] pexpect: 完成
[2026-03-29 23:04:21] phonenumbers: 完成
[2026-03-29 23:04:28] piccolo: 完成
[2026-03-29 23:04:31] pickledb: 完成
[2026-03-29 23:04:33] pillow: 完成
[2026-03-29 23:04:34] pinject: 完成
[2026-03-29 23:04:36] pkginfo: 完成
[2026-03-29 23:04:37] platformdirs: 完成
[2026-03-29 23:05:03] ploomber: 完成
[2026-03-29 23:05:07] ploomber-core: 完成
[2026-03-29 23:05:17] ploomber-engine: 完成
[2026-03-29 23:05:20] ploomber-extension: 完成
[2026-03-29 23:05:22] ploomber-scaffold: 完成
[2026-03-29 23:05:23] pluggy: 完成
[2026-03-29 23:05:25] pluginbase: 完成
[2026-03-29 23:05:26] plumbum: 完成
[2026-03-29 23:05:28] ply: 完成
[2026-03-29 23:05:39] poetry: 完成
[2026-03-29 23:05:40] poetry-core: 完成
[2026-03-29 23:05:42] pony: 完成
[2026-03-29 23:05:44] portalocker: 完成
[2026-03-29 23:05:47] posthog: 完成
[2026-03-29 23:05:48] powerline-shell: 完成
[2026-03-29 23:05:50] pox: 完成
[2026-03-29 23:05:51] ppft: 完成
[2026-03-29 23:05:54] pre-commit: 完成
[2026-03-29 23:06:10] prettytable: 完成
[2026-03-29 23:06:14] price-parser: 完成
[2026-03-29 23:06:20] prisma: 完成
[2026-03-29 23:06:22] prometheus-client: 完成
[2026-03-29 23:06:23] prompt-toolkit: 完成
[2026-03-29 23:06:25] propcache: 完成
[2026-03-29 23:06:27] proto-plus: 完成
[2026-03-29 23:06:29] protobuf: 完成
[2026-03-29 23:06:30] pscript: 完成
[2026-03-29 23:06:32] psutil: 完成
[2026-03-29 23:06:34] psycopg2: 完成
[2026-03-29 23:06:36] psycopg2-binary: 完成
[2026-03-29 23:06:38] ptyprocess: 完成
[2026-03-29 23:06:41] pugsql: 完成
[2026-03-29 23:06:49] pulumi: 完成
[2026-03-29 23:06:51] pure-eval: 完成
[2026-03-29 23:06:53] py-key-value-aio: 完成
[2026-03-29 23:06:55] py-lru-cache: 完成
[2026-03-29 23:07:14] py2neo: 完成
[2026-03-29 23:07:16] py4j: 完成
[2026-03-29 23:07:18] pyahocorasick: 完成
[2026-03-29 23:07:19] pyasn1: 完成
[2026-03-29 23:07:21] pyasn1-modules: 完成
[2026-03-29 23:07:23] pybars3: 完成
[2026-03-29 23:07:26] pycodestyle: 完成
[2026-03-29 23:07:27] pycparser: 完成
[2026-03-29 23:07:29] pycryptodome: 完成
[2026-03-29 23:07:32] pycryptodomex: 完成
[2026-03-29 23:07:35] pydantic: 完成
[2026-03-29 23:07:48] pydantic-extra-types: 完成
[2026-03-29 23:07:53] pydantic-settings: 完成
[2026-03-29 23:08:03] pydocket: 完成
[2026-03-29 23:08:05] pyexcel-io: 完成
[2026-03-29 23:08:07] pyexcel-xlsx: 完成
[2026-03-29 23:08:09] pyfiglet: 完成
[2026-03-29 23:08:10] pyflakes: 完成
[2026-03-29 23:08:13] pyfunctional: 完成
[2026-03-29 23:08:15] pygame: 完成
[2026-03-29 23:08:17] pygments: 完成
[2026-03-29 23:08:18] pygogo: 完成
[2026-03-29 23:08:27] pygtrie: 完成
[2026-03-29 23:08:28] pyhdb: 完成
[2026-03-29 23:08:36] pyjwt: 完成
[2026-03-29 23:08:38] pymeta3: 完成
[2026-03-29 23:08:40] pymodm: 完成
[2026-03-29 23:08:43] pymongo: 完成
[2026-03-29 23:08:45] pympler: 完成
[2026-03-29 23:08:46] pymysql: 完成
[2026-03-29 23:08:48] pynacl: 完成
[2026-03-29 23:08:52] pynamodb: 完成
[2026-03-29 23:08:53] pyparsing: 完成
[2026-03-29 23:08:55] pypattyrn: 完成
[2026-03-29 23:08:56] pypeln: 完成
[2026-03-29 23:08:58] pypika: 完成
[2026-03-29 23:09:00] pypika-tortoise: 完成
[2026-03-29 23:09:01] pyproject-hooks: 完成
[2026-03-29 23:09:04] pypyr: 完成
[2026-03-29 23:09:07] pyrsistent: 完成
[2026-03-29 23:09:12] pyscaffold: 完成
[2026-03-29 23:09:15] pyscreenshot: 完成
[2026-03-29 23:09:16] pyserial: 完成
[2026-03-29 23:09:18] pysimdjson: 完成
[2026-03-29 23:09:20] pysimplegui: 完成
[2026-03-29 23:09:21] pysocks: 完成
[2026-03-29 23:09:24] pysolr: 完成
[2026-03-29 23:09:27] pysparkling: 完成
[2026-03-29 23:09:29] pystorm: 完成
[2026-03-29 23:09:32] python-benedict: 完成
[2026-03-29 23:09:34] python-box: 完成
[2026-03-29 23:09:36] python-daemon: 完成
[2026-03-29 23:09:38] python-dateutil: 完成
[2026-03-29 23:09:39] python-decouple: 完成
[2026-03-29 23:09:41] python-discovery: 完成
[2026-03-29 23:09:42] python-dotenv: 完成
[2026-03-29 23:09:44] python-fsutil: 完成
[2026-03-29 23:09:45] python-json-logger: 完成
[2026-03-29 23:09:47] python-magic: 完成
[2026-03-29 23:09:49] python-multipart: 完成
[2026-03-29 23:09:51] python-rapidjson: 完成
[2026-03-29 23:09:53] python-slugify: 完成
[2026-03-29 23:09:54] pythondialog: 完成
[2026-03-29 23:09:56] pytimeparse: 完成
[2026-03-29 23:09:57] pytokens: 完成
[2026-03-29 23:09:59] pytz: 完成
[2026-03-29 23:10:00] pyyaml: 完成
[2026-03-29 23:10:02] pyyaml-ft: 完成
[2026-03-29 23:10:04] pyzmq: 完成
[2026-03-29 23:10:05] quantile-python: 完成
[2026-03-29 23:10:07] queries: 完成
[2026-03-29 23:10:09] questionary: 完成
[2026-03-29 23:10:12] rapidfuzz: 完成
[2026-03-29 23:10:17] rasgoql: 完成
[2026-03-29 23:10:19] rasgotransforms: 完成
[2026-03-29 23:10:20] ratelimit: 完成
[2026-03-29 23:10:22] readchar: 完成
[2026-03-29 23:10:24] readme-renderer: 完成
[2026-03-29 23:10:28] records: 完成
[2026-03-29 23:10:29] redis: 完成
[2026-03-29 23:10:31] redis-py-cluster: 完成
[2026-03-29 23:10:34] referencing: 完成
[2026-03-29 23:10:37] regex: 完成
[2026-03-29 23:10:40] requests: 完成
[2026-03-29 23:10:43] requests-oauthlib: 完成
[2026-03-29 23:10:45] requests-toolbelt: 完成
[2026-03-29 23:10:47] resolvelib: 完成
[2026-03-29 23:10:48] retrying: 完成
[2026-03-29 23:10:50] returns: 完成
[2026-03-29 23:10:51] rfc3339-validator: 完成
[2026-03-29 23:10:53] rfc3986: 完成
[2026-03-29 23:10:54] rfc3986-validator: 完成
[2026-03-29 23:10:56] rfc3987-syntax: 完成
[2026-03-29 23:10:58] rich: 完成
[2026-03-29 23:11:00] rich-argparse: 完成
[2026-03-29 23:11:02] rich-rst: 完成
[2026-03-29 23:11:04] rich-toolkit: 完成
[2026-03-29 23:11:11] riko: 完成
[2026-03-29 23:11:13] robinhood-aiokafka: 完成
[2026-03-29 23:11:14] roman-numerals: 完成
[2026-03-29 23:11:16] rows: 完成
[2026-03-29 23:11:18] rpds-py: 完成
[2026-03-29 23:11:21] rq: 完成
[2026-03-29 23:11:23] rsa: 完成
[2026-03-29 23:11:25] rtoml: 完成
[2026-03-29 23:11:27] ruamel-yaml: 完成
[2026-03-29 23:11:29] ruamel-yaml-clib: 完成
[2026-03-29 23:11:38] s3fs: 完成
[2026-03-29 23:11:41] s3transfer: 完成
[2026-03-29 23:11:42] scandir: 完成
[2026-03-29 23:11:44] schedule: 完成
[2026-03-29 23:11:45] schema: 完成
[2026-03-29 23:11:47] schematics: 完成
[2026-03-29 23:11:58] scholarly: 完成
[2026-03-29 23:12:03] scikit-learn: 完成
[2026-03-29 23:12:06] scipy: 完成
[2026-03-29 23:12:18] seaborn: 完成
[2026-03-29 23:12:26] selenium: 完成
[2026-03-29 23:12:28] semver: 完成
[2026-03-29 23:12:29] send2trash: 完成
[2026-03-29 23:12:31] setproctitle: 完成
[2026-03-29 23:12:33] setuptools: 完成
[2026-03-29 23:12:36] setuptools-scm: 完成
[2026-03-29 23:12:37] sgmllib3k: 完成
[2026-03-29 23:12:39] sh: 完成
[2026-03-29 23:12:40] shellingham: 完成
[2026-03-29 23:12:42] simplejson: 完成
[2026-03-29 23:12:45] singer-python: 完成
[2026-03-29 23:12:46] six: 完成
[2026-03-29 23:12:49] skutil: 完成
[2026-03-29 23:12:51] smart-open: 完成
[2026-03-29 23:12:52] smmap: 完成
[2026-03-29 23:12:54] sniffio: 完成
[2026-03-29 23:12:55] snowballstemmer: 完成
[2026-03-29 23:12:57] sortedcontainers: 完成
[2026-03-29 23:12:58] soupsieve: 完成
[2026-03-29 23:13:02] sphinx: 完成
[2026-03-29 23:13:07] sphinx-rtd-theme: 完成
[2026-03-29 23:13:08] sphinxcontrib-applehelp: 完成
[2026-03-29 23:13:10] sphinxcontrib-devhelp: 完成
[2026-03-29 23:13:11] sphinxcontrib-htmlhelp: 完成
[2026-03-29 23:13:16] sphinxcontrib-jquery: 完成
[2026-03-29 23:13:17] sphinxcontrib-jsmath: 完成
[2026-03-29 23:13:19] sphinxcontrib-qthelp: 完成
[2026-03-29 23:13:23] sphinxcontrib-serializinghtml: 完成
[2026-03-29 23:13:27] sqlalchemy: 完成
[2026-03-29 23:13:30] sqlalchemy-jsonfield: 完成
[2026-03-29 23:13:33] sqlalchemy-utils: 完成
[2026-03-29 23:13:35] sqlglot: 完成
[2026-03-29 23:13:37] sqlitedict: 完成
[2026-03-29 23:13:43] sqlmodel: 完成
[2026-03-29 23:13:44] sqlparse: 完成
[2026-03-29 23:13:54] squirrel-core: 完成
[2026-03-29 23:13:56] srsly: 完成
[2026-03-29 23:14:03] stack-data: 完成
[2026-03-29 23:14:05] starlette: 完成
[2026-03-29 23:14:29] stopit: 完成
[2026-03-29 23:14:31] storm: 完成
[2026-03-29 23:14:32] strct: 完成
[2026-03-29 23:14:42] strictyaml: 完成
[2026-03-29 23:14:43] structlog: 完成
[2026-03-29 23:14:45] supervisor: 完成
[2026-03-29 23:14:46] svcs: 完成
[2026-03-29 23:15:11] sympy: 完成
[2026-03-29 23:15:14] tablib: 完成
[2026-03-29 23:15:18] tabulate: 完成
[2026-03-29 23:15:26] tabulator: 完成
[2026-03-29 23:15:30] targ: 完成
[2026-03-29 23:15:32] tasktiger: 完成
[2026-03-29 23:15:36] tenacity: 完成
[2026-03-29 23:15:38] termcolor: 完成
[2026-03-29 23:15:40] terminado: 完成
[2026-03-29 23:15:42] terminaltables: 完成
[2026-03-29 23:15:44] text-unidecode: 完成
[2026-03-29 23:15:45] textfsm: 完成
[2026-03-29 23:15:47] texttable: 完成
[2026-03-29 23:15:49] thefuzz: 完成
[2026-03-29 23:15:51] threadpoolctl: 完成
[2026-03-29 23:15:53] thriftpy2: 完成
[2026-03-29 23:15:54] tinycss2: 完成
[2026-03-29 23:15:56] tinydb: 完成
[2026-03-29 23:15:58] toga: 完成
[2026-03-29 23:16:00] toga-android: 完成
[2026-03-29 23:16:02] toga-core: 完成
[2026-03-29 23:16:03] toml: 完成
[2026-03-29 23:16:05] tomli: 完成
[2026-03-29 23:16:08] tomli-w: 完成
[2026-03-29 23:16:10] tomlkit: 完成
[2026-03-29 23:16:13] toolz: 完成
[2026-03-29 23:16:15] tornado: 完成
[2026-03-29 23:16:18] tortoise-orm: 完成
[2026-03-29 23:16:19] tqdm: 完成
[2026-03-29 23:16:21] traceml: 完成
[2026-03-29 23:16:23] traitlets: 完成
[2026-03-29 23:16:25] transitions: 完成
[2026-03-29 23:16:27] travertino: 完成
[2026-03-29 23:16:29] trio: 完成
[2026-03-29 23:16:31] trio-websocket: 完成
[2026-03-29 23:16:32] trove-classifiers: 完成
[2026-03-29 23:16:37] twine: 完成
[2026-03-29 23:16:39] typeguard: 完成
[2026-03-29 23:16:42] typer: 完成
[2026-03-29 23:16:43] types-python-dateutil: 完成
[2026-03-29 23:16:46] typical: 完成
[2026-03-29 23:16:48] typing: 完成
[2026-03-29 23:16:51] typing-extensions: 完成
[2026-03-29 23:16:53] typing-inspect: 完成
[2026-03-29 23:16:55] typing-inspection: 完成
[2026-03-29 23:16:58] tzdata: 完成
[2026-03-29 23:16:59] tzlocal: 完成
[2026-03-29 23:17:01] ubelt: 完成
[2026-03-29 23:17:03] uc-micro-py: 完成
[2026-03-29 23:17:05] ujson: 完成
[2026-03-29 23:17:07] umongo: 完成
[2026-03-29 23:17:09] uncalled-for: 完成
[2026-03-29 23:17:11] unicodecsv: 完成
[2026-03-29 23:17:13] unidecode: 完成
[2026-03-29 23:17:14] unipath: 完成
[2026-03-29 23:17:16] universal-pathlib: 完成
[2026-03-29 23:17:18] uri-template: 完成
[2026-03-29 23:17:19] uritemplate: 完成
[2026-03-29 23:17:21] urllib3: 完成
[2026-03-29 23:17:22] useful-types: 完成
[2026-03-29 23:17:24] uuid6: 完成
[2026-03-29 23:17:26] uvicorn: 完成
[2026-03-29 23:17:28] uvloop: 完成
[2026-03-29 23:17:29] validators: 完成
[2026-03-29 23:17:31] valideer: 完成
[2026-03-29 23:17:33] validr: 完成
[2026-03-29 23:17:35] vcs-versioning: 完成
[2026-03-29 23:17:36] venusian: 完成
[2026-03-29 23:17:38] vine: 完成
[2026-03-29 23:17:40] virtualenv: 完成
[2026-03-29 23:17:42] voluptuous: 完成
[2026-03-29 23:17:44] watchdog: 完成
[2026-03-29 23:17:50] watchfiles: 完成
[2026-03-29 23:17:52] wcmatch: 完成
[2026-03-29 23:17:54] wcwidth: 完成
[2026-03-29 23:17:55] webcolors: 完成
[2026-03-29 23:17:57] webencodings: 完成
[2026-03-29 23:17:59] webruntime: 完成
[2026-03-29 23:18:00] websocket-client: 完成
[2026-03-29 23:18:03] websockets: 完成
[2026-03-29 23:18:05] werkzeug: 完成
[2026-03-29 23:18:08] whenever: 完成
[2026-03-29 23:18:09] widgetsnbextension: 完成
[2026-03-29 23:18:11] wirerope: 完成
[2026-03-29 23:18:13] wrapt: 完成
[2026-03-29 23:18:14] wsproto: 完成
[2026-03-29 23:18:16] wssh: 完成
[2026-03-29 23:18:19] xarray: 完成
[2026-03-29 23:18:21] xlrd: 完成
[2026-03-29 23:18:23] xlsxwriter: 完成
[2026-03-29 23:18:25] xlwings: 完成
[2026-03-29 23:18:27] xmltodict: 完成
[2026-03-29 23:18:30] yarl: 完成
[2026-03-29 23:18:34] zarr: 完成
[2026-03-29 23:18:42] zenml: 完成
[2026-03-29 23:18:44] zipp: 完成
[2026-03-29 23:18:46] zope-event: 完成
[2026-03-29 23:18:47] zope-interface: 完成
[2026-03-29 23:18:49] zstandard: 完成
