========================================
[2026-03-25 18:50:01] a2wsgi: 完成
[2026-03-25 18:50:05] addict: 完成
[2026-03-25 18:50:20] agate: 完成
[2026-03-25 18:50:30] agate-dbf: 完成
[2026-03-25 18:50:51] agate-excel: 完成
[2026-03-25 18:51:06] agate-sql: 完成
[2026-03-25 18:51:36] aioboto3: 完成
[2026-03-25 18:51:58] aiobotocore: 完成
[2026-03-25 18:52:01] aiocache: 完成
[2026-03-25 18:52:04] aiofiles: 完成
[2026-03-25 18:52:07] aiohappyeyeballs: 完成
[2026-03-25 18:52:22] aiohttp: 完成
[2026-03-25 18:52:40] aiohttp-cors: 完成
[2026-03-25 18:52:45] aioitertools: 完成
[2026-03-25 18:52:53] aiomisc: 完成
[2026-03-25 18:52:59] aioprometheus: 完成
[2026-03-25 18:53:04] aiosignal: 完成
[2026-03-25 18:53:07] aiosmtplib: 完成
[2026-03-25 18:53:11] aiosqlite: 完成
[2026-03-25 18:53:14] aiothreads: 完成
[2026-03-25 18:53:17] alabaster: 完成
[2026-03-25 18:53:29] alembic: 完成
[2026-03-25 18:53:33] algorithms: 完成
[2026-03-25 18:53:46] altair: 完成
[2026-03-25 18:53:50] amplitude-analytics: 完成
[2026-03-25 18:53:57] amqp: 完成
[2026-03-25 18:54:01] aniso8601: 完成
[2026-03-25 18:54:05] annotated-doc: 完成
[2026-03-25 18:54:08] annotated-types: 完成
[2026-03-25 18:54:24] ansible: 完成
[2026-03-25 18:54:38] ansible-core: 完成
[2026-03-25 18:54:43] antlr4-python3-runtime: 完成
[2026-03-25 18:54:48] anyascii: 完成
[2026-03-25 18:54:56] anyio: 完成
[2026-03-25 18:54:59] anytree: 完成
[2026-03-25 18:57:43] apache-airflow: 完成
[2026-03-25 19:00:37] apache-airflow-core: 完成
[2026-03-25 19:03:26] apache-airflow-providers-common-compat: 完成
[2026-03-25 19:06:09] apache-airflow-providers-common-io: 完成
[2026-03-25 19:08:42] apache-airflow-providers-common-sql: 完成
[2026-03-25 19:11:22] apache-airflow-providers-smtp: 完成
[2026-03-25 19:14:06] apache-airflow-providers-standard: 完成
[2026-03-25 19:16:47] apache-airflow-task-sdk: 完成
[2026-03-25 19:17:01] apache-libcloud: 完成
[2026-03-25 19:17:04] appdirs: 完成
[2026-03-25 19:17:22] apprise: 完成
[2026-03-25 19:17:27] argcomplete: 完成
[2026-03-25 19:17:38] argon2-cffi: 完成
[2026-03-25 19:17:45] argon2-cffi-bindings: 完成
[2026-03-25 19:17:48] argparse: 完成
[2026-03-25 19:17:54] args: 完成
[2026-03-25 19:18:03] arq: 完成
[2026-03-25 19:18:11] arrow: 完成
[2026-03-25 19:18:20] asciimatics: 完成
[2026-03-25 19:18:25] asgi-lifespan: 完成
[2026-03-25 19:18:31] asgiref: 完成
[2026-03-25 19:18:35] asn1crypto: 完成
[2026-03-25 19:18:38] asttokens: 完成
[2026-03-25 19:18:41] async-lru: 完成
[2026-03-25 19:18:51] asyncer: 完成
[2026-03-25 19:18:56] asyncpg: 完成
[2026-03-25 19:19:00] atom: 完成
[2026-03-25 19:19:03] atpublic: 完成
[2026-03-25 19:19:08] attrs: 完成
[2026-03-25 19:19:12] autocommand: 完成
[2026-03-25 19:19:16] autopep8: 完成
[2026-03-25 19:19:24] awesome-slugify: 完成
[2026-03-25 19:19:41] awscli: 完成
[2026-03-25 19:20:48] azure-core: 完成
[2026-03-25 19:21:04] azure-storage-blob: 完成
[2026-03-25 19:21:08] babel: 完成
[2026-03-25 19:21:13] backoff: 完成
[2026-03-25 19:21:17] banal: 完成
[2026-03-25 19:21:21] bashplotlib: 完成
[2026-03-25 19:21:44] bcrypt: 完成
[2026-03-25 19:21:47] beaker: 完成
[2026-03-25 19:21:52] beartype: 完成
[2026-03-25 19:21:58] beautifulsoup4: 完成
[2026-03-25 19:22:03] bibtexparser: 完成
[2026-03-25 19:22:10] bidict: 完成
[2026-03-25 19:22:13] billiard: 完成
[2026-03-25 19:22:16] binaryornot: 完成
[2026-03-25 19:22:22] birch: 完成
[2026-03-25 19:22:35] black: 完成
[2026-03-25 19:22:40] bleach: 完成
[2026-03-25 19:22:46] blessings: 完成
[2026-03-25 19:22:50] blinker: 完成
[2026-03-25 19:22:54] boltons: 完成
[2026-03-25 19:23:37] botflow: 完成
[2026-03-25 19:23:47] boto3: 完成
[2026-03-25 19:23:58] botocore: 完成
[2026-03-25 19:24:01] bottle: 完成
[2026-03-25 19:27:16] bottleneck: 完成
[2026-03-25 19:27:21] bracex: 完成
[2026-03-25 19:27:27] build: 完成
[2026-03-25 19:27:31] bytecode: 完成
[2026-03-25 19:27:42] cachecontrol: 完成
[2026-03-25 19:27:46] cached-property: 完成
[2026-03-25 19:27:54] cachelib: 完成
[2026-03-25 19:27:58] cachetools: 完成
[2026-03-25 19:28:02] cachier: 完成
[2026-03-25 19:28:22] cadwyn: 完成
[2026-03-25 19:28:25] catalogue: 完成
[2026-03-25 19:28:48] celery: 完成
[2026-03-25 19:28:52] cerberus: 完成
[2026-03-25 19:28:55] certifi: 完成
[2026-03-25 19:29:00] cffi: 完成
[2026-03-25 19:29:04] cfgv: 完成
[2026-03-25 19:29:09] chardet: 完成
[2026-03-25 19:29:12] charset-normalizer: 完成
[2026-03-25 19:29:16] ciso8601: 完成
[2026-03-25 19:29:25] cleo: 完成
[2026-03-25 19:29:28] cleverdict: 完成
[2026-03-25 19:29:31] click: 完成
[2026-03-25 19:29:36] click-didyoumean: 完成
[2026-03-25 19:29:55] click-extra: 完成
[2026-03-25 19:30:02] click-option-group: 完成
[2026-03-25 19:30:07] click-plugins: 完成
[2026-03-25 19:30:14] click-repl: 完成
[2026-03-25 19:30:18] clint: 完成
[2026-03-25 19:30:27] cloudant: 完成
[2026-03-25 19:30:31] cloudpickle: 完成
[2026-03-25 19:30:36] cloup: 完成
[2026-03-25 19:30:39] colorama: 完成
[2026-03-25 19:30:43] colorclass: 完成
[2026-03-25 19:30:46] colored: 完成
[2026-03-25 19:30:51] colorlog: 完成
[2026-03-25 19:30:56] colout: 完成
[2026-03-25 19:31:02] comm: 完成
[2026-03-25 19:31:05] commonregex: 完成
[2026-03-25 19:31:09] configargparse: 完成
[2026-03-25 19:31:13] configobj: 完成
[2026-03-25 19:31:17] configupdater: 完成
[2026-03-25 19:31:22] constraints-txt: 完成
[2026-03-25 19:31:25] contextlib2: 完成
[2026-03-25 19:31:32] contourpy: 完成
[2026-03-25 19:32:02] cookiecutter: 完成
[2026-03-25 19:32:04] coolname: 完成
[2026-03-25 19:32:37] copier: 完成
[2026-03-25 19:32:41] crashtest: 完成
[2026-03-25 19:32:48] cron-descriptor: 完成
[2026-03-25 19:32:53] croniter: 完成
[2026-03-25 19:32:57] cronsim: 完成
[2026-03-25 19:33:03] cryptography: 完成
[2026-03-25 19:33:26] csvkit: 完成
[2026-03-25 19:33:44] csvs-to-sqlite: 完成
[2026-03-25 19:33:48] cycler: 完成
[2026-03-25 19:34:00] cyclopts: 完成
[2026-03-25 19:34:04] cython: 完成
[2026-03-25 19:35:01] daffy: 完成
[2026-03-25 19:35:16] dask: 完成
[2026-03-25 19:35:25] databases: 完成
[2026-03-25 19:35:28] dataclasses: 完成
[2026-03-25 19:35:54] dataset: 完成
[2026-03-25 19:36:00] datasketch: 完成
[2026-03-25 19:36:05] datatest: 完成
[2026-03-25 19:36:10] datatile: 完成
[2026-03-25 19:36:26] dateparser: 完成
[2026-03-25 19:36:33] datetime: 完成
[2026-03-25 19:37:30] db-py: 完成
[2026-03-25 19:37:37] dbfread: 完成
[2026-03-25 19:37:42] debuglater: 完成
[2026-03-25 19:37:46] debugpy: 完成
[2026-03-25 19:37:50] decorator: 完成
[2026-03-25 19:37:53] decore: 完成
[2026-03-25 19:37:59] deepdiff: 完成
[2026-03-25 19:39:03] deeplake: 完成
[2026-03-25 19:39:07] deepmerge: 完成
[2026-03-25 19:39:11] defusedxml: 完成
[2026-03-25 19:39:17] deprecated: 完成
[2026-03-25 19:39:20] dialite: 完成
[2026-03-25 19:39:25] dill: 完成
[2026-03-25 19:39:28] dirty-equals: 完成
[2026-03-25 19:39:32] distlib: 完成
[2026-03-25 19:39:35] distro: 完成
[2026-03-25 19:39:38] dnspython: 完成
[2026-03-25 19:39:49] docker: 完成
[2026-03-25 19:39:52] docopt: 完成
[2026-03-25 19:39:56] docopt-ng: 完成
[2026-03-25 19:40:01] docstring-parser: 完成
[2026-03-25 19:40:04] docutils: 完成
[2026-03-25 19:40:10] donfig: 完成
[2026-03-25 19:40:14] dulwich: 完成
[2026-03-25 19:40:22] dunamai: 完成
[2026-03-25 19:40:27] dynaconf: 完成
[2026-03-25 19:40:31] easyprocess: 完成
[2026-03-25 19:44:20] elastic-transport: 完成
[2026-03-25 19:44:35] elasticsearch: 完成
[2026-03-25 19:44:50] elasticsearch-dsl: 完成
[2026-03-25 19:44:57] email-validator: 完成
[2026-03-25 19:45:02] emoji: 完成
[2026-03-25 19:45:13] enaml: 完成
[2026-03-25 19:45:18] entrypoint2: 完成
[2026-03-25 19:45:24] entrypoints: 完成
[2026-03-25 19:45:27] et-xmlfile: 完成
[2026-03-25 19:45:31] everett: 完成
[2026-03-25 19:45:35] exceptiongroup: 完成
[2026-03-25 19:45:40] executing: 完成
[2026-03-25 19:45:43] extra-platforms: 完成
[2026-03-25 19:45:58] fabric: 完成
[2026-03-25 19:46:16] fabric39: 完成
[2026-03-25 19:46:36] fabtools: 完成
[2026-03-25 19:46:40] face: 完成
[2026-03-25 19:46:43] fake-useragent: 完成
[2026-03-25 19:46:47] faker: 完成
[2026-03-25 19:46:52] fakeredis: 完成
[2026-03-25 19:47:07] fastapi: 完成
[2026-03-25 19:47:36] fastapi-cli: 完成
[2026-03-25 19:47:40] fastcore: 完成
[2026-03-25 19:47:46] fastjsonschema: 完成
[2026-03-25 19:48:20] faust: 完成
[2026-03-25 19:48:26] feedparser: 完成
[2026-03-25 19:48:32] filedepot: 完成
[2026-03-25 19:48:36] filelock: 完成
[2026-03-25 19:48:39] filetype: 完成
[2026-03-25 19:48:46] findpython: 完成
[2026-03-25 19:48:52] fire: 完成
[2026-03-25 19:49:03] flask: 完成
[2026-03-25 19:49:19] flask-restful: 完成
[2026-03-25 19:49:25] flatbuffers: 完成
[2026-03-25 19:49:35] flexx: 完成
[2026-03-25 19:49:41] flupy: 完成
[2026-03-25 19:49:45] fonttools: 完成
[2026-03-25 19:49:49] fqdn: 完成
[2026-03-25 19:50:01] free-proxy: 完成
[2026-03-25 19:50:05] frozenlist: 完成
[2026-03-25 19:50:11] fs: 完成
[2026-03-25 19:50:16] fsspec: 完成
[2026-03-25 19:50:19] funcy: 完成
[2026-03-25 19:50:25] future: 完成
[2026-03-25 19:50:28] future-typing: 完成
[2026-03-25 19:50:31] futures: 完成
[2026-03-25 19:50:43] gdown: 完成
[2026-03-25 19:54:28] gin-config: 完成
[2026-03-25 19:54:34] gino: 完成
[2026-03-25 19:54:39] gitdb: 完成
[2026-03-25 19:54:45] gitpython: 完成
[2026-03-25 19:54:54] glom: 完成
[2026-03-25 19:58:41] google-api-core: 完成
[2026-03-25 19:59:10] google-api-python-client: 完成
[2026-03-25 19:59:21] google-auth: 完成
[2026-03-25 19:59:36] google-auth-httplib2: 完成
[2026-03-25 19:59:59] google-auth-oauthlib: 完成
[2026-03-25 20:00:40] google-cloud-bigquery: 完成
[2026-03-25 20:01:04] google-cloud-core: 完成
[2026-03-25 20:01:50] google-cloud-storage: 完成
[2026-03-25 20:01:53] google-crc32c: 完成
[2026-03-25 20:01:58] google-resumable-media: 完成
[2026-03-25 20:02:06] googleapis-common-protos: 完成
[2026-03-25 20:02:09] graphviz: 完成
[2026-03-25 20:02:57] great-expectations: 完成
[2026-03-25 20:03:07] greenback: 完成
[2026-03-25 20:03:11] greenlet: 完成
[2026-03-25 20:03:18] griffe: 完成
[2026-03-25 20:03:24] griffecli: 完成
[2026-03-25 20:03:27] griffelib: 完成
[2026-03-25 20:03:32] grpcio: 完成
[2026-03-25 20:03:43] grpcio-status: 完成
[2026-03-25 20:04:12] gsheetsdb: 完成
[2026-03-25 20:04:18] h11: 完成
[2026-03-25 20:04:23] h2: 完成
[2026-03-25 20:04:35] happybase: 完成
[2026-03-25 20:05:03] hiredis: 完成
[2026-03-25 20:05:14] holidays: 完成
[2026-03-25 20:05:17] hpack: 完成
[2026-03-25 20:05:25] html5lib: 完成
[2026-03-25 20:05:35] httpcore: 完成
[2026-03-25 20:05:46] httplib2: 完成
[2026-03-25 20:05:49] httptools: 完成
[2026-03-25 20:05:58] httpx: 完成
[2026-03-25 20:07:03] hub: 完成
[2026-03-25 20:07:08] huey: 完成
[2026-03-25 20:07:11] humanize: 完成
[2026-03-25 20:07:20] humbug: 完成
[2026-03-25 20:07:27] hyperframe: 完成
[2026-03-25 20:07:43] ibis-framework: 完成
[2026-03-25 20:07:49] id: 完成
[2026-03-25 20:07:53] identify: 完成
[2026-03-25 20:07:56] idna: 完成
[2026-03-25 20:08:00] ijson: 完成
[2026-03-25 20:08:03] imagesize: 完成
[2026-03-25 20:08:08] immutables: 完成
[2026-03-25 20:08:12] importlib-metadata: 完成
[2026-03-25 20:08:16] importlib-resources: 完成
[2026-03-25 20:08:25] inflect: 完成
[2026-03-25 20:08:28] inflection: 完成
[2026-03-25 20:08:43] influxdb: 完成
[2026-03-25 20:08:47] installer: 完成
[2026-03-25 20:08:54] intake: 完成
[2026-03-25 20:08:59] interchange: 完成
[2026-03-25 20:09:02] invoke: 完成
[2026-03-25 20:09:27] ipdb: 完成
[2026-03-25 20:10:02] ipykernel: 完成
[2026-03-25 20:10:25] ipython: 完成
[2026-03-25 20:10:28] ipython-genutils: 完成
[2026-03-25 20:10:32] ipython-pygments-lexers: 完成
[2026-03-25 20:11:05] ipywidgets: 完成
[2026-03-25 20:11:11] iso8601: 完成
[2026-03-25 20:11:14] isodate: 完成
[2026-03-25 20:11:22] isoduration: 完成
[2026-03-25 20:11:27] itsdangerous: 完成
[2026-03-25 20:11:31] janus: 完成
[2026-03-25 20:11:37] jaraco-classes: 完成
[2026-03-25 20:11:40] jaraco-context: 完成
[2026-03-25 20:11:45] jaraco-functools: 完成
[2026-03-25 20:11:52] jedi: 完成
[2026-03-25 20:11:55] jeepney: 完成
[2026-03-25 20:11:59] jinja2: 完成
[2026-03-25 20:12:06] jinja2-ansible-filters: 完成
[2026-03-25 20:12:13] jinja2-humanize-extension: 完成
[2026-03-25 20:12:17] jmespath: 完成
[2026-03-25 20:12:20] joblib: 完成
[2026-03-25 20:12:23] json-table-schema: 完成
[2026-03-25 20:12:27] json5: 完成
[2026-03-25 20:12:32] jsonlines: 完成
[2026-03-25 20:12:36] jsonpatch: 完成
[2026-03-25 20:12:39] jsonpickle: 完成
[2026-03-25 20:12:42] jsonpointer: 完成
[2026-03-25 20:12:45] jsonref: 完成
[2026-03-25 20:12:56] jsonschema: 完成
[2026-03-25 20:13:05] jsonschema-specifications: 完成
[2026-03-25 20:14:55] jupyter: 完成
[2026-03-25 20:15:07] jupyter-client: 完成
[2026-03-25 20:15:42] jupyter-console: 完成
[2026-03-25 20:15:47] jupyter-core: 完成
[2026-03-25 20:16:16] jupyter-events: 完成
[2026-03-25 20:17:28] jupyter-lsp: 完成
[2026-03-25 20:18:33] jupyter-server: 完成
[2026-03-25 20:18:42] jupyter-server-terminals: 完成
[2026-03-25 20:20:20] jupyterlab: 完成
[2026-03-25 20:20:23] jupyterlab-pygments: 完成
[2026-03-25 20:21:37] jupyterlab-server: 完成
[2026-03-25 20:21:41] jupyterlab-widgets: 完成
[2026-03-25 20:22:04] jupytext: 完成
[2026-03-25 20:22:09] kafka-python: 完成
[2026-03-25 20:22:58] kedro: 完成
[2026-03-25 20:23:51] kedro-telemetry: 完成
[2026-03-25 20:23:54] keyboard: 完成
[2026-03-25 20:24:00] keyring: 完成
[2026-03-25 20:24:46] kfp: 完成
[2026-03-25 20:24:51] kfp-pipeline-spec: 完成
[2026-03-25 20:25:02] kfp-server-api: 完成
[2026-03-25 20:25:12] kivy-garden: 完成
[2026-03-25 20:25:15] kiwisolver: 完成
[2026-03-25 20:25:23] kombu: 完成
[2026-03-25 20:27:48] kubeflow-kale: 完成
[2026-03-25 20:28:06] kubernetes: 完成
[2026-03-25 20:28:09] lark: 完成
[2026-03-25 20:28:12] lazy-import: 完成
[2026-03-25 20:28:16] lazy-object-proxy: 完成
[2026-03-25 20:28:33] lazydata: 完成
[2026-03-25 20:28:36] leather: 完成
[2026-03-25 20:28:39] libcst: 完成
[2026-03-25 20:28:44] linear-tsv: 完成
[2026-03-25 20:28:49] linkify-it-py: 完成
[2026-03-25 20:28:54] lml: 完成
[2026-03-25 20:28:57] locket: 完成
[2026-03-25 20:29:00] lockfile: 完成
[2026-03-25 20:29:10] luigi: 完成
[2026-03-25 20:29:13] lupa: 完成
[2026-03-25 20:29:18] lxml: 完成
[2026-03-25 20:29:22] lz4: 完成
[2026-03-25 20:29:26] mako: 完成
[2026-03-25 20:29:49] mara-db: 完成
[2026-03-25 20:30:02] mara-page: 完成
[2026-03-25 20:30:44] mara-pipelines: 完成
[2026-03-25 20:30:48] markdown: 完成
[2026-03-25 20:30:52] markdown-it-py: 完成
[2026-03-25 20:30:57] markupsafe: 完成
[2026-03-25 20:31:05] marshmallow: 完成
[2026-03-25 20:31:23] matplotlib: 完成
[2026-03-25 20:31:29] matplotlib-inline: 完成
[2026-03-25 20:31:33] maturin: 完成
[2026-03-25 20:31:39] mdit-py-plugins: 完成
[2026-03-25 20:31:42] mdurl: 完成
[2026-03-25 20:32:00] messytables: 完成
[2026-03-25 20:32:05] methodtools: 完成
[2026-03-25 20:32:30] meza: 完成
[2026-03-25 20:32:37] mezmorize: 完成
[2026-03-25 20:32:41] millify: 完成
[2026-03-25 20:32:55] minio: 完成
[2026-03-25 20:32:58] mistune: 完成
[2026-03-25 20:33:12] mleap: 完成
[2026-03-25 20:33:19] mo-dots: 完成
[2026-03-25 20:33:23] mo-future: 完成
[2026-03-25 20:33:28] mo-imports: 完成
[2026-03-25 20:33:38] mo-kwargs: 完成
[2026-03-25 20:33:46] mo-logs: 完成
[2026-03-25 20:33:53] mode: 完成
[2026-03-25 20:34:13] modin: 完成
[2026-03-25 20:34:24] mongo-connector: 完成
[2026-03-25 20:34:33] mongoengine: 完成
[2026-03-25 20:34:36] monotonic: 完成
[2026-03-25 20:34:40] more-itertools: 完成
[2026-03-25 20:34:47] motor: 完成
[2026-03-25 20:34:57] moz-sql-parser: 完成
[2026-03-25 20:35:01] mpmath: 完成
[2026-03-25 20:35:10] mrjob: 完成
[2026-03-25 20:35:15] msgpack: 完成
[2026-03-25 20:35:22] msgpack-numpy: 完成
[2026-03-25 20:35:26] msgspec: 完成
[2026-03-25 20:35:32] mss: 完成
[2026-03-25 20:35:36] multidict: 完成
[2026-03-25 20:35:38] multimethod: 完成
[2026-03-25 20:35:43] multiprocess: 完成
[2026-03-25 20:35:47] munch: 完成
[2026-03-25 20:35:50] mypy-extensions: 完成
[2026-03-25 20:35:55] narwhals: 完成
[2026-03-25 20:35:59] natsort: 完成
[2026-03-25 20:37:48] nbclassic: 完成
[2026-03-25 20:38:11] nbclient: 完成
[2026-03-25 20:38:51] nbconvert: 完成
[2026-03-25 20:39:08] nbformat: 完成
[2026-03-25 20:39:13] neo4j-driver: 完成
[2026-03-25 20:39:18] nest-asyncio: 完成
[2026-03-25 20:39:41] netmiko: 完成
[2026-03-25 20:39:45] networkx: 完成
[2026-03-25 20:41:06] nh3: 完成
[2026-03-25 20:41:13] nodeenv: 完成
[2026-03-25 20:42:56] notebook: 完成
[2026-03-25 20:44:14] notebook-shim: 完成
[2026-03-25 20:44:22] ntc-templates: 完成
[2026-03-25 20:44:43] numcodecs: 完成
[2026-03-25 20:44:48] numexpr: 完成
[2026-03-25 20:44:52] numpy: 完成
[2026-03-25 20:44:58] numpy-groupies: 完成
[2026-03-25 20:45:02] oauthlib: 完成
[2026-03-25 20:45:20] odmantic: 完成
[2026-03-25 20:45:23] olefile: 完成
[2026-03-25 20:45:31] omegaconf: 完成
[2026-03-25 20:47:00] onecite: 完成
[2026-03-25 21:08:24] openpyxl: 完成
[2026-03-25 21:08:33] opentelemetry-api: 完成
[2026-03-25 21:08:57] opentelemetry-exporter-otlp: 完成
[2026-03-25 21:09:04] opentelemetry-exporter-otlp-proto-common: 完成
[2026-03-25 21:09:23] opentelemetry-exporter-otlp-proto-grpc: 完成
[2026-03-25 21:09:51] opentelemetry-exporter-otlp-proto-http: 完成
[2026-03-25 21:10:04] opentelemetry-instrumentation: 完成
[2026-03-25 21:10:17] opentelemetry-instrumentation-grpc: 完成
[2026-03-25 21:10:21] opentelemetry-proto: 完成
[2026-03-25 21:10:33] opentelemetry-sdk: 完成
[2026-03-25 21:10:49] opentelemetry-semantic-conventions: 完成
[2026-03-25 21:11:01] opentracing: 完成
[2026-03-25 21:11:04] ordered-set: 完成
[2026-03-25 21:11:09] orderly-set: 完成
[2026-03-25 21:11:13] orjson: 完成
[2026-03-25 21:11:17] outcome: 完成
[2026-03-25 21:11:20] packaging: 完成
[2026-03-25 21:11:43] pampy: 完成
[2026-03-25 21:12:46] pandarallel: 完成
[2026-03-25 21:12:56] pandas: 完成
[2026-03-25 21:13:18] pandas-datareader: 完成
[2026-03-25 21:14:55] pandas-summary: 完成
[2026-03-25 21:15:11] pandasql: 完成
[2026-03-25 21:15:28] pandera: 完成
[2026-03-25 21:15:36] pandocfilters: 完成
[2026-03-25 21:15:42] pansi: 完成
[2026-03-25 21:16:23] papermill: 完成
[2026-03-25 21:16:28] param: 完成
[2026-03-25 21:16:39] paramiko: 完成
[2026-03-25 21:16:44] parse: 完成
[2026-03-25 21:16:49] parsedatetime: 完成
[2026-03-25 21:16:52] parso: 完成
[2026-03-25 21:16:56] parsy: 完成
[2026-03-25 21:17:06] partd: 完成
[2026-03-25 21:17:11] path: 完成
[2026-03-25 21:17:14] pathlib: 完成
[2026-03-25 21:17:30] pathlib2: 完成
[2026-03-25 21:17:38] pathos: 完成
[2026-03-25 21:17:43] pathspec: 完成
[2026-03-25 21:17:48] pbs-installer: 完成
[2026-03-25 21:17:52] pdfminer: 完成
[2026-03-25 21:18:09] pdpipe: 完成
[2026-03-25 21:18:12] peewee: 完成
[2026-03-25 21:18:16] pegen: 完成
[2026-03-25 21:18:23] pendulum: 完成
[2026-03-25 21:18:28] petl: 完成
[2026-03-25 21:18:34] pexpect: 完成
[2026-03-25 21:18:38] phonenumbers: 完成
[2026-03-25 21:19:08] piccolo: 完成
[2026-03-25 21:19:20] pickledb: 完成
[2026-03-25 21:19:24] pillow: 完成
[2026-03-25 21:19:32] pinject: 完成
[2026-03-25 21:19:36] pkginfo: 完成
[2026-03-25 21:19:39] platformdirs: 完成
[2026-03-25 21:22:23] ploomber: 完成
[2026-03-25 21:22:45] ploomber-core: 完成
[2026-03-25 21:23:52] ploomber-engine: 完成
[2026-03-25 21:24:15] ploomber-extension: 完成
[2026-03-25 21:24:23] ploomber-scaffold: 完成
[2026-03-25 21:24:27] pluggy: 完成
[2026-03-25 21:24:30] pluginbase: 完成
[2026-03-25 21:24:36] plumbum: 完成
[2026-03-25 21:24:41] ply: 完成
[2026-03-25 21:25:36] poetry: 完成
[2026-03-25 21:25:43] poetry-core: 完成
[2026-03-25 21:25:47] pony: 完成
[2026-03-25 21:25:51] portalocker: 完成
[2026-03-25 21:26:11] posthog: 完成
[2026-03-25 21:26:18] powerline-shell: 完成
[2026-03-25 21:26:22] pox: 完成
[2026-03-25 21:26:26] ppft: 完成
[2026-03-25 21:26:40] pre-commit: 完成
[2026-03-25 21:29:28] prefect: 完成
[2026-03-25 21:29:35] prettytable: 完成
[2026-03-25 21:29:41] price-parser: 完成
[2026-03-25 21:30:17] prisma: 完成
[2026-03-25 21:30:20] prometheus-client: 完成
[2026-03-25 21:30:28] prompt-toolkit: 完成
[2026-03-25 21:30:33] propcache: 完成
[2026-03-25 21:30:39] proto-plus: 完成
[2026-03-25 21:30:42] protobuf: 完成
[2026-03-25 21:30:46] pscript: 完成
[2026-03-25 21:30:49] psutil: 完成
[2026-03-25 21:30:53] psycopg2: 完成
[2026-03-25 21:30:59] psycopg2-binary: 完成
[2026-03-25 21:31:02] ptyprocess: 完成
[2026-03-25 21:31:13] pugsql: 完成
[2026-03-25 21:31:45] pulumi: 完成
[2026-03-25 21:31:48] pure-eval: 完成
[2026-03-25 21:31:53] py-key-value-aio: 完成
[2026-03-25 21:31:57] py-lru-cache: 完成
[2026-03-25 21:32:14] py2neo: 完成
[2026-03-25 21:32:18] py4j: 完成
[2026-03-25 21:32:24] pyahocorasick: 完成
[2026-03-25 21:32:28] pyasn1: 完成
[2026-03-25 21:32:34] pyasn1-modules: 完成
[2026-03-25 21:32:40] pybars3: 完成
[2026-03-25 21:32:48] pycodestyle: 完成
[2026-03-25 21:32:51] pycparser: 完成
[2026-03-25 21:32:54] pycryptodome: 完成
[2026-03-25 21:32:58] pycryptodomex: 完成
[2026-03-25 21:33:09] pydantic: 完成
[2026-03-25 21:38:07] pydantic-core: 完成
[2026-03-25 21:38:21] pydantic-extra-types: 完成
[2026-03-25 21:38:36] pydantic-settings: 完成
[2026-03-25 21:39:00] pydata-google-auth: 完成
[2026-03-25 21:39:36] pydocket: 完成
[2026-03-25 21:39:40] pyexcel-io: 完成
[2026-03-25 21:39:49] pyexcel-xlsx: 完成
[2026-03-25 21:39:52] pyfiglet: 完成
[2026-03-25 21:39:57] pyflakes: 完成
[2026-03-25 21:40:04] pyfunctional: 完成
[2026-03-25 21:40:07] pygame: 完成
[2026-03-25 21:40:12] pygments: 完成
[2026-03-25 21:40:15] pygogo: 完成
[2026-03-25 21:40:53] pygsheets: 完成
[2026-03-25 21:40:56] pygtrie: 完成
[2026-03-25 21:40:59] pyhdb: 完成
[2026-03-25 21:45:18] pyjwt: 完成
[2026-03-25 21:45:21] pymeta3: 完成
[2026-03-25 21:45:28] pymodm: 完成
[2026-03-25 21:45:35] pymongo: 完成
[2026-03-25 21:45:39] pymysql: 完成
[2026-03-25 21:45:47] pynacl: 完成
[2026-03-25 21:45:58] pynamodb: 完成
[2026-03-25 21:46:03] pyparsing: 完成
[2026-03-25 21:46:06] pypattyrn: 完成
[2026-03-25 21:46:12] pypeln: 完成
[2026-03-25 21:46:15] pypika: 完成
[2026-03-25 21:46:18] pypika-tortoise: 完成
[2026-03-25 21:46:22] pyproject-hooks: 完成
[2026-03-25 21:46:33] pypyr: 完成
[2026-03-25 21:46:37] pyrsistent: 完成
[2026-03-25 21:46:49] pyscaffold: 完成
[2026-03-25 21:46:58] pyscreenshot: 完成
[2026-03-25 21:47:01] pyserial: 完成
[2026-03-25 21:47:04] pysimdjson: 完成
[2026-03-25 21:47:13] pysimplegui: 完成
[2026-03-25 21:47:18] pysocks: 完成
[2026-03-25 21:47:31] pysolr: 完成
[2026-03-25 21:47:42] pysparkling: 完成
[2026-03-25 21:47:47] pystorm: 完成
[2026-03-25 21:48:08] python-benedict: 完成
[2026-03-25 21:48:12] python-box: 完成
[2026-03-25 21:48:17] python-daemon: 完成
[2026-03-25 21:48:23] python-dateutil: 完成
[2026-03-25 21:48:26] python-decouple: 完成
[2026-03-25 21:48:34] python-discovery: 完成
[2026-03-25 21:48:38] python-dotenv: 完成
[2026-03-25 21:48:41] python-fsutil: 完成
[2026-03-25 21:48:45] python-json-logger: 完成
[2026-03-25 21:48:48] python-magic: 完成
[2026-03-25 21:48:51] python-multipart: 完成
[2026-03-25 21:48:56] python-rapidjson: 完成
[2026-03-25 21:49:02] python-slugify: 完成
[2026-03-25 21:49:06] pythondialog: 完成
[2026-03-25 21:49:09] pytimeparse: 完成
[2026-03-25 21:49:14] pytokens: 完成
[2026-03-25 21:49:20] pytz: 完成
[2026-03-25 21:49:28] pyyaml: 完成
[2026-03-25 21:49:32] pyyaml-ft: 完成
[2026-03-25 21:49:37] pyzmq: 完成
[2026-03-25 21:49:41] quantile-python: 完成
[2026-03-25 21:49:47] queries: 完成
[2026-03-25 21:49:59] questionary: 完成
[2026-03-25 21:50:03] rapidfuzz: 完成
[2026-03-25 21:50:33] rasgoql: 完成
[2026-03-25 21:50:40] rasgotransforms: 完成
[2026-03-25 21:50:43] ratelimit: 完成
[2026-03-25 21:50:49] readchar: 完成
[2026-03-25 21:50:56] readme-renderer: 完成
[2026-03-25 21:51:09] records: 完成
[2026-03-25 21:51:12] redis: 完成
[2026-03-25 21:51:22] redis-py-cluster: 完成
[2026-03-25 21:51:27] referencing: 完成
[2026-03-25 21:51:32] regex: 完成
[2026-03-25 21:51:43] requests: 完成
[2026-03-25 21:52:00] requests-oauthlib: 完成
[2026-03-25 21:52:10] requests-toolbelt: 完成
[2026-03-25 21:52:14] resolvelib: 完成
[2026-03-25 21:52:21] retrying: 完成
[2026-03-25 21:52:26] returns: 完成
[2026-03-25 21:52:32] rfc3339-validator: 完成
[2026-03-25 21:52:36] rfc3986: 完成
[2026-03-25 21:52:41] rfc3986-validator: 完成
[2026-03-25 21:52:50] rfc3987-syntax: 完成
[2026-03-25 21:52:58] rich: 完成
[2026-03-25 21:53:06] rich-argparse: 完成
[2026-03-25 21:53:16] rich-rst: 完成
[2026-03-25 21:53:27] rich-toolkit: 完成
[2026-03-25 21:54:06] riko: 完成
[2026-03-25 21:54:11] robinhood-aiokafka: 完成
[2026-03-25 21:54:15] roman-numerals: 完成
[2026-03-25 21:54:21] rows: 完成
[2026-03-25 21:54:26] rpds-py: 完成
[2026-03-25 21:54:33] rq: 完成
[2026-03-25 21:54:38] rsa: 完成
[2026-03-25 21:54:42] rtoml: 完成
[2026-03-25 21:54:47] ruamel-yaml: 完成
[2026-03-25 21:54:51] ruamel-yaml-clib: 完成
[2026-03-25 21:55:23] s3fs: 完成
[2026-03-25 21:55:33] s3transfer: 完成
[2026-03-25 21:55:38] scandir: 完成
[2026-03-25 21:55:42] schedule: 完成
[2026-03-25 21:55:47] schema: 完成
[2026-03-25 21:55:50] schematics: 完成
[2026-03-25 21:57:12] scholarly: 完成
[2026-03-25 21:57:22] scikit-learn: 完成
[2026-03-25 21:57:28] scipy: 完成
[2026-03-25 21:57:40] scp: 完成
[2026-03-25 21:58:03] seaborn: 完成
[2026-03-25 21:58:12] secretstorage: 完成
[2026-03-25 21:58:39] selenium: 完成
[2026-03-25 21:58:44] semver: 完成
[2026-03-25 21:58:51] send2trash: 完成
[2026-03-25 21:58:56] setproctitle: 完成
[2026-03-25 21:59:06] setuptools: 完成
[2026-03-25 21:59:14] setuptools-scm: 完成
[2026-03-25 21:59:17] sgmllib3k: 完成
[2026-03-25 21:59:20] sh: 完成
[2026-03-25 21:59:23] shellingham: 完成
[2026-03-25 21:59:27] simplejson: 完成
[2026-03-25 21:59:41] singer-python: 完成
[2026-03-25 21:59:56] six: 完成
[2026-03-25 22:00:04] skutil: 完成
[2026-03-25 22:00:08] smart-open: 完成
[2026-03-25 22:00:11] smmap: 完成
[2026-03-25 22:00:13] sniffio: 完成
[2026-03-25 22:00:16] snowballstemmer: 完成
[2026-03-25 22:00:20] sortedcontainers: 完成
[2026-03-25 22:00:24] soupsieve: 完成
[2026-03-25 22:00:59] sphinx: 完成
[2026-03-25 22:01:38] sphinx-rtd-theme: 完成
[2026-03-25 22:01:43] sphinxcontrib-applehelp: 完成
[2026-03-25 22:01:46] sphinxcontrib-devhelp: 完成
[2026-03-25 22:01:51] sphinxcontrib-htmlhelp: 完成
[2026-03-25 22:02:27] sphinxcontrib-jquery: 完成
[2026-03-25 22:02:31] sphinxcontrib-jsmath: 完成
[2026-03-25 22:02:35] sphinxcontrib-qthelp: 完成
[2026-03-25 22:02:39] sphinxcontrib-serializinghtml: 完成
[2026-03-25 22:02:46] sqlalchemy: 完成
[2026-03-25 22:03:02] sqlalchemy-jsonfield: 完成
[2026-03-25 22:03:11] sqlalchemy-utils: 完成
[2026-03-25 22:03:17] sqlglot: 完成
[2026-03-25 22:03:22] sqlitedict: 完成
[2026-03-25 22:03:39] sqlmodel: 完成
[2026-03-25 22:03:44] sqlparse: 完成
[2026-03-25 22:04:25] squirrel-core: 完成
[2026-03-25 22:05:04] srsly: 完成
[2026-03-25 22:05:18] sshtunnel: 完成
[2026-03-25 22:05:25] stack-data: 完成
[2026-03-25 22:05:32] starlette: 完成
[2026-03-25 22:06:03] stopit: 完成
[2026-03-25 22:06:07] storm: 完成
[2026-03-25 22:06:10] strct: 完成
[2026-03-25 22:06:45] streamparse: 完成
[2026-03-25 22:06:51] strictyaml: 完成
[2026-03-25 22:06:56] structlog: 完成
[2026-03-25 22:07:03] supervisor: 完成
[2026-03-25 22:07:10] svcs: 完成
[2026-03-25 22:08:02] sympy: 完成
[2026-03-25 22:08:08] tablib: 完成
[2026-03-25 22:08:11] tabulate: 完成
[2026-03-25 22:08:47] tabulator: 完成
[2026-03-25 22:08:53] targ: 完成
[2026-03-25 22:09:01] tasktiger: 完成
[2026-03-25 22:09:05] tenacity: 完成
[2026-03-25 22:09:10] termcolor: 完成
[2026-03-25 22:09:16] terminado: 完成
[2026-03-25 22:09:19] terminaltables: 完成
[2026-03-25 22:09:22] text-unidecode: 完成
[2026-03-25 22:09:24] textfsm: 完成
[2026-03-25 22:09:27] texttable: 完成
[2026-03-25 22:09:33] thefuzz: 完成
[2026-03-25 22:09:38] threadpoolctl: 完成
[2026-03-25 22:09:43] thriftpy2: 完成
[2026-03-25 22:09:46] tinycss2: 完成
[2026-03-25 22:09:50] tinydb: 完成
[2026-03-25 22:09:57] toga: 完成
[2026-03-25 22:10:04] toga-android: 完成
[2026-03-25 22:10:10] toga-core: 完成
[2026-03-25 22:10:13] toml: 完成
[2026-03-25 22:10:17] tomli: 完成
[2026-03-25 22:10:20] tomli-w: 完成
[2026-03-25 22:10:23] tomlkit: 完成
[2026-03-25 22:10:27] toolz: 完成
[2026-03-25 22:10:29] tornado: 完成
[2026-03-25 22:10:42] tortoise-orm: 完成
[2026-03-25 22:10:45] tqdm: 完成
[2026-03-25 22:10:48] traceml: 完成
[2026-03-25 22:10:53] traitlets: 完成
[2026-03-25 22:10:58] transitions: 完成
[2026-03-25 22:11:01] travertino: 完成
[2026-03-25 22:11:14] trio: 完成
[2026-03-25 22:11:28] trio-websocket: 完成
[2026-03-25 22:11:31] trove-classifiers: 完成
[2026-03-25 22:12:04] twine: 完成
[2026-03-25 22:12:08] typeguard: 完成
[2026-03-25 22:12:24] typer: 完成
[2026-03-25 22:12:29] types-python-dateutil: 完成
[2026-03-25 22:12:37] typical: 完成
[2026-03-25 22:12:41] typing: 完成
[2026-03-25 22:12:44] typing-extensions: 完成
[2026-03-25 22:12:54] typing-inspect: 完成
[2026-03-25 22:12:59] typing-inspection: 完成
[2026-03-25 22:13:04] tzdata: 完成
[2026-03-25 22:13:07] tzlocal: 完成
[2026-03-25 22:13:10] ubelt: 完成
[2026-03-25 22:13:17] uc-micro-py: 完成
[2026-03-25 22:13:20] ujson: 完成
[2026-03-25 22:13:33] umongo: 完成
[2026-03-25 22:13:37] uncalled-for: 完成
[2026-03-25 22:13:41] unicodecsv: 完成
[2026-03-25 22:13:46] unidecode: 完成
[2026-03-25 22:13:53] unipath: 完成
[2026-03-25 22:14:00] universal-pathlib: 完成
[2026-03-25 22:14:03] uri-template: 完成
[2026-03-25 22:14:07] uritemplate: 完成
[2026-03-25 22:14:12] urllib3: 完成
[2026-03-25 22:14:16] useful-types: 完成
[2026-03-25 22:14:20] uuid6: 完成
[2026-03-25 22:14:27] uvicorn: 完成
[2026-03-25 22:14:30] uvloop: 完成
[2026-03-25 22:14:33] validators: 完成
[2026-03-25 22:14:39] valideer: 完成
[2026-03-25 22:14:46] validr: 完成
[2026-03-25 22:14:50] venusian: 完成
[2026-03-25 22:14:54] vine: 完成
[2026-03-25 22:15:05] virtualenv: 完成
[2026-03-25 22:15:08] voluptuous: 完成
[2026-03-25 22:15:11] watchdog: 完成
[2026-03-25 22:15:23] watchfiles: 完成
[2026-03-25 22:15:28] wcmatch: 完成
[2026-03-25 22:15:31] wcwidth: 完成
[2026-03-25 22:15:34] webcolors: 完成
[2026-03-25 22:15:37] webencodings: 完成
[2026-03-25 22:15:42] webruntime: 完成
[2026-03-25 22:15:46] websocket-client: 完成
[2026-03-25 22:15:50] websockets: 完成
[2026-03-25 22:15:56] werkzeug: 完成
[2026-03-25 22:16:03] whenever: 完成
[2026-03-25 22:16:05] widgetsnbextension: 完成
[2026-03-25 22:16:10] wirerope: 完成
[2026-03-25 22:16:17] wrapt: 完成
[2026-03-25 22:16:23] wsproto: 完成
[2026-03-25 22:16:30] wssh: 完成
[2026-03-25 22:16:42] xarray: 完成
[2026-03-25 22:16:46] xlrd: 完成
[2026-03-25 22:16:52] xlsxwriter: 完成
[2026-03-25 22:16:56] xlwings: 完成
[2026-03-25 22:17:02] xmltodict: 完成
[2026-03-25 22:17:11] yarl: 完成
[2026-03-25 22:17:29] zarr: 完成
[2026-03-25 22:18:11] zenml: 完成
[2026-03-25 22:18:14] zipp: 完成
[2026-03-25 22:18:19] zope-event: 完成
[2026-03-25 22:18:22] zope-interface: 完成
[2026-03-25 22:18:28] zstandard: 完成
