========================================
[2026-05-09 22:49:45] a2wsgi: 完成
[2026-05-09 22:49:46] addict: 完成
[2026-05-09 22:49:49] agate: 完成
[2026-05-09 22:49:52] agate-dbf: 完成
[2026-05-09 22:49:54] agate-excel: 完成
[2026-05-09 22:49:58] agate-sql: 完成
[2026-05-09 22:50:14] aioboto3: 完成
[2026-05-09 22:50:22] aiobotocore: 完成
[2026-05-09 22:50:24] aiocache: 完成
[2026-05-09 22:50:25] aiofiles: 完成
[2026-05-09 22:50:27] aiohappyeyeballs: 完成
[2026-05-09 22:50:33] aiohttp: 完成
[2026-05-09 22:50:39] aiohttp-cors: 完成
[2026-05-09 22:50:41] aioitertools: 完成
[2026-05-09 22:50:44] aiomisc: 完成
[2026-05-09 22:51:00] aiosignal: 完成
[2026-05-09 22:51:01] aiosmtplib: 完成
[2026-05-09 22:51:02] aiosqlite: 完成
[2026-05-09 22:51:04] aiothreads: 完成
[2026-05-09 22:51:06] alabaster: 完成
[2026-05-09 22:51:09] alembic: 完成
[2026-05-09 22:51:11] algorithms: 完成
[2026-05-09 22:51:15] altair: 完成
[2026-05-09 22:51:16] amplitude-analytics: 完成
[2026-05-09 22:51:18] amqp: 完成
[2026-05-09 22:51:20] aniso8601: 完成
[2026-05-09 22:51:21] annotated-doc: 完成
[2026-05-09 22:51:23] annotated-types: 完成
[2026-05-09 22:54:31] ansible: 完成
[2026-05-09 22:54:39] ansible-core: 完成
[2026-05-09 22:54:41] antlr4-python3-runtime: 完成
[2026-05-09 22:54:43] anyascii: 完成
[2026-05-09 22:54:46] anyio: 完成
[2026-05-09 22:54:49] anytree: 完成
[2026-05-09 23:00:27] apache-libcloud: 完成
[2026-05-09 23:00:29] appdirs: 完成
[2026-05-09 23:00:34] apprise: 完成
[2026-05-09 23:00:37] argcomplete: 完成
[2026-05-09 23:00:59] argo-models: 完成
[2026-05-09 23:01:18] argon2-cffi: 完成
[2026-05-09 23:01:20] argon2-cffi-bindings: 完成
[2026-05-09 23:01:22] argparse: 完成
[2026-05-09 23:01:30] args: 完成
[2026-05-09 23:01:44] arq: 完成
[2026-05-09 23:07:14] arraykit: 完成
[2026-05-09 23:07:17] arrow: 完成
[2026-05-09 23:08:24] asciimatics: 完成
[2026-05-09 23:08:26] asgi-lifespan: 完成
[2026-05-09 23:08:28] asgiref: 完成
[2026-05-09 23:08:31] asn1crypto: 完成
[2026-05-09 23:08:33] asttokens: 完成
[2026-05-09 23:08:35] async-lru: 完成
[2026-05-09 23:08:37] asyncer: 完成
[2026-05-09 23:09:41] asyncpg: 完成
[2026-05-09 23:10:59] atom: 完成
[2026-05-09 23:11:01] atpublic: 完成
[2026-05-09 23:11:02] attrs: 完成
[2026-05-09 23:11:04] autocommand: 完成
[2026-05-09 23:11:07] autopep8: 完成
[2026-05-09 23:11:28] awesome-slugify: 完成
[2026-05-09 23:11:42] awscli: 完成
[2026-05-09 23:21:08] azure-core: 完成
[2026-05-09 23:21:14] azure-storage-blob: 完成
[2026-05-09 23:21:15] babel: 完成
[2026-05-09 23:21:17] backoff: 完成
[2026-05-09 23:21:20] backports-zstd: 完成
[2026-05-09 23:21:22] banal: 完成
[2026-05-09 23:21:30] bashplotlib: 完成
[2026-05-09 23:47:05] bcrypt: 完成
[2026-05-09 23:47:14] beaker: 完成
[2026-05-09 23:47:17] beartype: 完成
[2026-05-09 23:47:20] beautifulsoup4: 完成
[2026-05-09 23:47:28] bibtexparser: 完成
[2026-05-09 23:47:31] bidict: 完成
[2026-05-09 23:47:33] billiard: 完成
[2026-05-09 23:47:35] binaryornot: 完成
[2026-05-09 23:47:37] birch: 完成
[2026-05-09 23:47:41] black: 完成
[2026-05-09 23:47:43] bleach: 完成
[2026-05-09 23:47:45] blessings: 完成
[2026-05-09 23:47:47] blinker: 完成
[2026-05-09 23:47:49] boltons: 完成
[2026-05-09 23:48:57] botflow: 完成
[2026-05-09 23:49:02] boto3: 完成
[2026-05-09 23:49:06] botocore: 完成
[2026-05-09 23:49:08] bottle: 完成
[2026-05-09 23:53:02] bottleneck: 完成
[2026-05-09 23:53:04] bracex: 完成
[2026-05-09 23:53:06] build: 完成
[2026-05-09 23:55:31] burner-redis: 完成
[2026-05-09 23:55:33] bytecode: 完成
[2026-05-09 23:55:45] cachecontrol: 完成
[2026-05-09 23:55:47] cached-property: 完成
[2026-05-09 23:55:49] cachelib: 完成
[2026-05-09 23:55:51] cachetools: 完成
[2026-05-09 23:56:01] cachier: 完成
[2026-05-10 00:02:57] cadwyn: 完成
[2026-05-10 00:03:01] catalogue: 完成
[2026-05-10 00:03:06] celery: 完成
[2026-05-10 00:03:08] cerberus: 完成
[2026-05-10 00:03:10] certifi: 完成
[2026-05-10 00:03:12] cffi: 完成
[2026-05-10 00:03:15] cfgv: 完成
[2026-05-10 00:03:17] chardet: 完成
[2026-05-10 00:03:19] charset-normalizer: 完成
[2026-05-10 00:03:30] ciso8601: 完成
[2026-05-10 00:09:10] cleo: 完成
[2026-05-10 00:09:21] cleverdict: 完成
[2026-05-10 00:09:23] click: 完成
[2026-05-10 00:09:26] click-didyoumean: 完成
[2026-05-10 00:09:32] click-extra: 完成
[2026-05-10 00:09:34] click-option-group: 完成
[2026-05-10 00:09:37] click-plugins: 完成
[2026-05-10 00:09:40] click-repl: 完成
[2026-05-10 00:09:50] clint: 完成
[2026-05-10 00:09:55] cloudant: 完成
[2026-05-10 00:09:58] cloudpickle: 完成
[2026-05-10 00:10:00] cloup: 完成
[2026-05-10 00:10:02] colorama: 完成
[2026-05-10 00:10:05] colorclass: 完成
[2026-05-10 00:10:08] colored: 完成
[2026-05-10 00:10:09] colorlog: 完成
[2026-05-10 00:10:15] colout: 完成
[2026-05-10 00:10:18] comm: 完成
[2026-05-10 00:10:27] commonregex: 完成
[2026-05-10 00:10:29] configargparse: 完成
[2026-05-10 00:10:31] configobj: 完成
[2026-05-10 00:10:33] configupdater: 完成
[2026-05-10 00:10:35] constraints-txt: 完成
[2026-05-10 00:10:37] contextlib2: 完成
[2026-05-10 00:12:18] contourpy: 完成
[2026-05-10 00:12:25] cookiecutter: 完成
[2026-05-10 00:12:28] coolname: 完成
[2026-05-10 00:12:39] copier: 完成
[2026-05-10 00:12:41] crashtest: 完成
[2026-05-10 00:12:43] cron-descriptor: 完成
[2026-05-10 00:12:46] croniter: 完成
[2026-05-10 00:12:48] cronsim: 完成
[2026-05-10 00:12:51] cryptography: 完成
[2026-05-10 00:12:57] csvkit: 完成
[2026-05-10 00:13:12] csvs-to-sqlite: 完成
[2026-05-10 00:13:14] cycler: 完成
[2026-05-10 00:13:19] cyclopts: 完成
[2026-05-10 00:13:22] cython: 完成
[2026-05-10 00:14:00] daffy: 完成
[2026-05-10 00:14:05] dask: 完成
[2026-05-10 00:14:09] databases: 完成
[2026-05-10 00:14:11] dataclasses: 完成
[2026-05-10 00:14:15] dataset: 完成
[2026-05-10 00:14:19] datasketch: 完成
[2026-05-10 00:14:22] datatest: 完成
[2026-05-10 00:14:24] datatile: 完成
[2026-05-10 00:14:28] dateparser: 完成
[2026-05-10 00:14:31] datetime: 完成
[2026-05-10 00:21:35] db-py: 完成
[2026-05-10 00:21:37] dbfread: 完成
[2026-05-10 00:21:39] debuglater: 完成
[2026-05-10 00:21:43] debugpy: 完成
[2026-05-10 00:21:45] decorator: 完成
[2026-05-10 00:21:47] decore: 完成
[2026-05-10 00:21:50] deepdiff: 完成
[2026-05-10 00:23:24] deeplake: 完成
[2026-05-10 00:23:26] deepmerge: 完成
[2026-05-10 00:23:29] defusedxml: 完成
[2026-05-10 00:23:31] deprecated: 完成
[2026-05-10 00:23:33] dialite: 完成
[2026-05-10 00:23:35] dill: 完成
[2026-05-10 00:23:37] dirty-equals: 完成
[2026-05-10 00:23:39] distlib: 完成
[2026-05-10 00:23:41] distro: 完成
[2026-05-10 00:23:43] dnspython: 完成
[2026-05-10 00:23:46] docker: 完成
[2026-05-10 00:23:54] docopt: 完成
[2026-05-10 00:23:56] docopt-ng: 完成
[2026-05-10 00:23:58] docstring-parser: 完成
[2026-05-10 00:24:00] docutils: 完成
[2026-05-10 00:24:02] donfig: 完成
[2026-05-10 00:24:05] dulwich: 完成
[2026-05-10 00:24:07] dunamai: 完成
[2026-05-10 00:24:09] durationpy: 完成
[2026-05-10 00:24:11] dynaconf: 完成
[2026-05-10 00:24:12] easyprocess: 完成
[2026-05-10 00:27:32] elastic-transport: 完成
[2026-05-10 00:27:36] elasticsearch: 完成
[2026-05-10 00:27:40] elasticsearch-dsl: 完成
[2026-05-10 00:27:42] email-validator: 完成
[2026-05-10 00:27:44] emoji: 完成
[2026-05-10 00:28:56] enaml: 完成
[2026-05-10 00:28:57] entrypoint2: 完成
[2026-05-10 00:28:59] entrypoints: 完成
[2026-05-10 00:29:00] et-xmlfile: 完成
[2026-05-10 00:29:02] everett: 完成
[2026-05-10 00:29:03] exceptiongroup: 完成
[2026-05-10 00:29:05] executing: 完成
[2026-05-10 00:29:06] extra-platforms: 完成
[2026-05-10 00:34:19] fabric: 完成
[2026-05-10 00:34:25] fabric39: 完成
[2026-05-10 00:34:35] fabtools: 完成
[2026-05-10 00:34:37] face: 完成
[2026-05-10 00:34:39] fake-useragent: 完成
[2026-05-10 00:34:42] faker: 完成
[2026-05-10 00:34:45] fakeredis: 完成
[2026-05-10 00:34:50] fastapi: 完成
[2026-05-10 00:38:12] fastapi-cli: 完成
[2026-05-10 00:38:14] fastcore: 完成
[2026-05-10 00:38:16] fastjsonschema: 完成
[2026-05-10 00:38:34] faust: 完成
[2026-05-10 00:38:42] feedparser: 完成
[2026-05-10 00:38:49] filedepot: 完成
[2026-05-10 00:38:51] filelock: 完成
[2026-05-10 00:38:53] filetype: 完成
[2026-05-10 00:38:56] findpython: 完成
[2026-05-10 00:38:58] fire: 完成
[2026-05-10 00:39:00] flask: 完成
[2026-05-10 00:39:04] flask-restful: 完成
[2026-05-10 00:39:06] flatbuffers: 完成
[2026-05-10 00:39:08] flexx: 完成
[2026-05-10 00:39:10] flupy: 完成
[2026-05-10 00:39:13] fonttools: 完成
[2026-05-10 00:39:15] fqdn: 完成
[2026-05-10 00:39:24] free-proxy: 完成
[2026-05-10 00:39:25] frozenlist: 完成
[2026-05-10 00:39:27] fs: 完成
[2026-05-10 00:39:29] fsspec: 完成
[2026-05-10 00:39:30] funcy: 完成
[2026-05-10 00:39:32] future: 完成
[2026-05-10 00:39:33] future-typing: 完成
[2026-05-10 00:39:41] futures: 完成
[2026-05-10 00:39:44] gdown: 完成
[2026-05-10 00:42:52] gin-config: 完成
[2026-05-10 00:43:06] gino: 完成
[2026-05-10 00:43:09] gitdb: 完成
[2026-05-10 00:43:11] gitpython: 完成
[2026-05-10 00:43:13] glom: 完成
[2026-05-10 00:43:28] google-api-core: 完成
[2026-05-10 00:43:38] google-api-python-client: 完成
[2026-05-10 00:43:41] google-auth: 完成
[2026-05-10 00:43:44] google-auth-httplib2: 完成
[2026-05-10 00:43:49] google-auth-oauthlib: 完成
[2026-05-10 00:44:32] google-cloud-core: 完成
[2026-05-10 00:44:39] google-cloud-storage: 完成
[2026-05-10 00:44:40] google-crc32c: 完成
[2026-05-10 00:44:42] google-resumable-media: 完成
[2026-05-10 00:44:44] googleapis-common-protos: 完成
[2026-05-10 00:44:46] graphviz: 完成
[2026-05-10 00:45:00] great-expectations: 完成
[2026-05-10 00:45:03] greenback: 完成
[2026-05-10 00:45:05] greenlet: 完成
[2026-05-10 00:45:08] griffe: 完成
[2026-05-10 00:45:09] griffecli: 完成
[2026-05-10 00:45:11] griffelib: 完成
[2026-05-10 00:46:37] gsheetsdb: 完成
[2026-05-10 00:46:39] h11: 完成
[2026-05-10 00:46:41] h2: 完成
[2026-05-10 00:47:08] happybase: 完成
[2026-05-10 00:47:25] hiredis: 完成
[2026-05-10 00:47:28] holidays: 完成
[2026-05-10 00:47:29] hpack: 完成
[2026-05-10 00:47:31] html5lib: 完成
[2026-05-10 00:47:34] httpcore: 完成
[2026-05-10 00:47:36] httplib2: 完成
[2026-05-10 00:47:37] httptools: 完成
[2026-05-10 00:47:39] httpx: 完成
[2026-05-10 00:47:56] hub: 完成
[2026-05-10 00:47:58] huey: 完成
[2026-05-10 00:48:00] humanize: 完成
[2026-05-10 00:48:02] humbug: 完成
[2026-05-10 00:48:04] hyperframe: 完成
[2026-05-10 00:48:08] ibis-framework: 完成
[2026-05-10 00:48:10] id: 完成
[2026-05-10 00:48:12] identify: 完成
[2026-05-10 00:48:14] idna: 完成
[2026-05-10 00:48:22] ijson: 完成
[2026-05-10 00:48:24] imagesize: 完成
[2026-05-10 00:48:33] immutables: 完成
[2026-05-10 00:48:36] importlib-metadata: 完成
[2026-05-10 00:48:37] importlib-resources: 完成
[2026-05-10 00:48:39] inflect: 完成
[2026-05-10 00:48:41] inflection: 完成
[2026-05-10 00:48:45] influxdb: 完成
[2026-05-10 00:48:47] installer: 完成
[2026-05-10 00:48:50] intake: 完成
[2026-05-10 00:48:52] interchange: 完成
[2026-05-10 00:48:54] invoke: 完成
[2026-05-10 00:49:20] ipython-genutils: 完成
[2026-05-10 00:49:22] ipython-pygments-lexers: 完成
[2026-05-10 00:49:33] iso8601: 完成
[2026-05-10 00:49:34] isodate: 完成
[2026-05-10 00:49:36] isoduration: 完成
[2026-05-10 00:49:38] itsdangerous: 完成
[2026-05-10 00:49:40] janus: 完成
[2026-05-10 00:49:41] jaraco-classes: 完成
[2026-05-10 00:49:43] jaraco-context: 完成
[2026-05-10 00:49:45] jaraco-functools: 完成
[2026-05-10 00:49:47] jedi: 完成
[2026-05-10 00:49:49] jeepney: 完成
[2026-05-10 00:49:50] jinja2: 完成
[2026-05-10 00:49:52] jinja2-ansible-filters: 完成
[2026-05-10 00:49:55] jinja2-humanize-extension: 完成
[2026-05-10 00:49:56] jmespath: 完成
[2026-05-10 00:49:58] joblib: 完成
[2026-05-10 00:50:05] json-table-schema: 完成
[2026-05-10 00:50:07] json5: 完成
[2026-05-10 00:50:09] jsonlines: 完成
[2026-05-10 00:50:11] jsonpatch: 完成
[2026-05-10 00:50:13] jsonpickle: 完成
[2026-05-10 00:50:15] jsonpointer: 完成
[2026-05-10 00:50:16] jsonref: 完成
[2026-05-10 00:50:19] jsonschema: 完成
[2026-05-10 00:50:22] jsonschema-specifications: 完成
[2026-05-10 00:50:43] jupyter-client: 完成
[2026-05-10 00:50:53] jupyter-core: 完成
[2026-05-10 00:50:59] jupyter-events: 完成
[2026-05-10 00:51:11] jupyter-lsp: 完成
[2026-05-10 00:51:22] jupyter-server: 完成
[2026-05-10 00:51:25] jupyter-server-terminals: 完成
[2026-05-10 00:51:42] jupyterlab-pygments: 完成
[2026-05-10 00:51:54] jupyterlab-server: 完成
[2026-05-10 00:51:57] jupyterlab-widgets: 完成
[2026-05-10 00:52:03] jupytext: 完成
[2026-05-10 00:52:05] kafka-python: 完成
[2026-05-10 00:52:19] kedro: 完成
[2026-05-10 00:52:27] kedro-telemetry: 完成
[2026-05-10 00:52:29] keyboard: 完成
[2026-05-10 00:52:31] keyring: 完成
[2026-05-10 00:52:47] kfp: 完成
[2026-05-10 00:52:49] kfp-pipeline-spec: 完成
[2026-05-10 00:52:51] kfp-server-api: 完成
[2026-05-10 00:52:58] kivy-garden: 完成
[2026-05-10 00:53:00] kiwisolver: 完成
[2026-05-10 00:53:02] kombu: 完成
[2026-05-10 00:53:16] kubernetes: 完成
[2026-05-10 00:53:17] lark: 完成
[2026-05-10 00:53:25] lazy-import: 完成
[2026-05-10 00:53:34] lazy-object-proxy: 完成
[2026-05-10 00:53:39] lazydata: 完成
[2026-05-10 00:53:41] leather: 完成
[2026-05-10 00:53:43] libcst: 完成
[2026-05-10 00:53:50] linear-tsv: 完成
[2026-05-10 00:53:52] linkify-it-py: 完成
[2026-05-10 00:53:54] lml: 完成
[2026-05-10 00:53:55] locket: 完成
[2026-05-10 00:53:57] lockfile: 完成
[2026-05-10 00:53:59] luigi: 完成
[2026-05-10 00:57:35] lxml: 完成
[2026-05-10 00:57:37] lz4: 完成
[2026-05-10 00:57:39] mako: 完成
[2026-05-10 00:58:18] mara-db: 完成
[2026-05-10 00:58:20] mara-page: 完成
[2026-05-10 00:58:29] markdown: 完成
[2026-05-10 00:58:30] markdown-it-py: 完成
[2026-05-10 00:58:32] markupsafe: 完成
[2026-05-10 00:58:34] marshmallow: 完成
[2026-05-10 01:00:27] matplotlib-inline: 完成
[2026-05-10 01:00:29] maturin: 完成
[2026-05-10 01:00:32] mdit-py-plugins: 完成
[2026-05-10 01:00:33] mdurl: 完成
[2026-05-10 01:00:44] messytables: 完成
[2026-05-10 01:00:46] methodtools: 完成
[2026-05-10 01:01:05] meza: 完成
[2026-05-10 01:01:08] mezmorize: 完成
[2026-05-10 01:01:15] millify: 完成
[2026-05-10 01:01:51] minio: 完成
[2026-05-10 01:01:53] mistune: 完成
[2026-05-10 01:32:55] mleap: 完成
[2026-05-10 01:32:59] mo-dots: 完成
[2026-05-10 01:33:00] mo-future: 完成
[2026-05-10 01:33:02] mo-imports: 完成
[2026-05-10 01:33:04] mo-kwargs: 完成
[2026-05-10 01:33:07] mo-logs: 完成
[2026-05-10 01:33:14] mode: 完成
[2026-05-10 01:33:42] mongo-connector: 完成
[2026-05-10 01:33:46] mongoengine: 完成
[2026-05-10 01:33:48] monotonic: 完成
[2026-05-10 01:33:50] more-itertools: 完成
[2026-05-10 01:33:53] motor: 完成
[2026-05-10 01:33:56] moz-sql-parser: 完成
[2026-05-10 01:33:58] mpmath: 完成
[2026-05-10 01:34:01] mrjob: 完成
[2026-05-10 01:34:03] msgpack: 完成
[2026-05-10 01:34:06] msgpack-numpy: 完成
[2026-05-10 01:34:19] msgspec: 完成
[2026-05-10 01:34:21] mss: 完成
[2026-05-10 01:34:24] multidict: 完成
[2026-05-10 01:34:26] multimethod: 完成
[2026-05-10 01:34:27] multiprocess: 完成
[2026-05-10 01:34:29] munch: 完成
[2026-05-10 01:34:31] mypy-extensions: 完成
[2026-05-10 01:34:33] narwhals: 完成
[2026-05-10 01:34:34] natsort: 完成
[2026-05-10 01:35:00] nbclient: 完成
[2026-05-10 01:35:07] nbconvert: 完成
[2026-05-10 01:35:11] nbformat: 完成
[2026-05-10 01:35:14] neo4j-driver: 完成
[2026-05-10 01:35:16] nest-asyncio: 完成
[2026-05-10 01:35:24] netmiko: 完成
[2026-05-10 01:35:26] networkx: 完成
[2026-05-10 01:37:06] nh3: 完成
[2026-05-10 01:37:09] nodeenv: 完成
[2026-05-10 01:37:33] notebook-shim: 完成
[2026-05-10 01:37:34] ntc-templates: 完成
[2026-05-10 01:39:32] numcodecs: 完成
[2026-05-10 01:39:51] numexpr: 完成
[2026-05-10 01:39:53] numpy: 完成
[2026-05-10 01:39:56] numpy-groupies: 完成
[2026-05-10 01:39:57] oauthlib: 完成
[2026-05-10 01:40:04] odmantic: 完成
[2026-05-10 01:40:05] olefile: 完成
[2026-05-10 01:40:07] omegaconf: 完成
[2026-05-10 01:40:13] onecite: 完成
[2026-05-10 01:53:08] openpyxl: 完成
[2026-05-10 01:53:10] opentelemetry-api: 完成
[2026-05-10 01:53:37] opentelemetry-exporter-otlp-proto-common: 完成
[2026-05-10 01:54:04] opentelemetry-exporter-otlp-proto-http: 完成
[2026-05-10 01:54:08] opentelemetry-instrumentation: 完成
[2026-05-10 01:54:11] opentelemetry-instrumentation-grpc: 完成
[2026-05-10 01:54:13] opentelemetry-proto: 完成
[2026-05-10 01:54:15] opentelemetry-sdk: 完成
[2026-05-10 01:54:17] opentelemetry-semantic-conventions: 完成
[2026-05-10 01:54:25] opentracing: 完成
[2026-05-10 01:54:26] ordered-set: 完成
[2026-05-10 01:54:28] orderly-set: 完成
[2026-05-10 01:54:39] outcome: 完成
[2026-05-10 01:54:41] packaging: 完成
[2026-05-10 01:54:42] pampy: 完成
[2026-05-10 01:55:11] pandas: 完成
[2026-05-10 01:55:16] pandas-datareader: 完成
[2026-05-10 01:55:36] pandas-summary: 完成
[2026-05-10 01:55:46] pandasql: 完成
[2026-05-10 01:55:52] pandera: 完成
[2026-05-10 01:55:54] pandocfilters: 完成
[2026-05-10 01:55:57] pansi: 完成
[2026-05-10 01:56:04] papermill: 完成
[2026-05-10 01:56:06] param: 完成
[2026-05-10 01:56:09] paramiko: 完成
[2026-05-10 01:56:11] parse: 完成
[2026-05-10 01:56:12] parsedatetime: 完成
[2026-05-10 01:56:14] parso: 完成
[2026-05-10 01:56:15] parsy: 完成
[2026-05-10 01:56:17] partd: 完成
[2026-05-10 01:56:19] path: 完成
[2026-05-10 01:56:20] pathlib: 完成
[2026-05-10 01:56:22] pathlib-abc: 完成
[2026-05-10 01:56:24] pathlib2: 完成
[2026-05-10 01:56:26] pathos: 完成
[2026-05-10 01:56:28] pathspec: 完成
[2026-05-10 01:56:29] pbs-installer: 完成
[2026-05-10 01:57:12] pdfminer: 完成
[2026-05-10 01:57:17] pdpipe: 完成
[2026-05-10 01:57:18] peewee: 完成
[2026-05-10 01:57:20] pegen: 完成
[2026-05-10 01:57:22] pendulum: 完成
[2026-05-10 01:57:24] petl: 完成
[2026-05-10 01:57:26] pexpect: 完成
[2026-05-10 01:57:29] phonenumbers: 完成
[2026-05-10 01:57:36] piccolo: 完成
[2026-05-10 01:57:48] pillow: 完成
[2026-05-10 01:57:50] pinject: 完成
[2026-05-10 01:57:52] pkginfo: 完成
[2026-05-10 01:57:54] platformdirs: 完成
[2026-05-10 01:58:14] ploomber-core: 完成
[2026-05-10 01:58:29] ploomber-extension: 完成
[2026-05-10 01:58:31] ploomber-scaffold: 完成
[2026-05-10 01:58:32] pluggy: 完成
[2026-05-10 01:58:39] pluginbase: 完成
[2026-05-10 01:58:41] plumbum: 完成
[2026-05-10 01:58:42] ply: 完成
[2026-05-10 01:58:52] poetry: 完成
[2026-05-10 01:58:54] poetry-core: 完成
[2026-05-10 01:58:56] pony: 完成
[2026-05-10 01:58:58] portalocker: 完成
[2026-05-10 01:59:00] posthog: 完成
[2026-05-10 01:59:02] powerline-shell: 完成
[2026-05-10 01:59:03] pox: 完成
[2026-05-10 01:59:05] ppft: 完成
[2026-05-10 01:59:08] pre-commit: 完成
[2026-05-10 01:59:56] prettytable: 完成
[2026-05-10 01:59:59] price-parser: 完成
[2026-05-10 02:00:05] prisma: 完成
[2026-05-10 02:00:06] prometheus-client: 完成
[2026-05-10 02:00:08] prompt-toolkit: 完成
[2026-05-10 02:00:09] propcache: 完成
[2026-05-10 02:00:11] proto-plus: 完成
[2026-05-10 02:00:13] protobuf: 完成
[2026-05-10 02:00:15] pscript: 完成
[2026-05-10 02:00:43] psycopg2: 完成
[2026-05-10 02:00:44] psycopg2-binary: 完成
[2026-05-10 02:00:46] ptyprocess: 完成
[2026-05-10 02:00:49] pugsql: 完成
[2026-05-10 02:01:15] pure-eval: 完成
[2026-05-10 02:01:17] py-key-value-aio: 完成
[2026-05-10 02:01:18] py-lru-cache: 完成
[2026-05-10 02:01:22] py2neo: 完成
[2026-05-10 02:01:24] py4j: 完成
[2026-05-10 02:01:33] pyahocorasick: 完成
[2026-05-10 02:01:34] pyasn1: 完成
[2026-05-10 02:01:36] pyasn1-modules: 完成
[2026-05-10 02:01:38] pybars3: 完成
[2026-05-10 02:01:39] pycodestyle: 完成
[2026-05-10 02:01:40] pycparser: 完成
[2026-05-10 02:01:42] pycryptodome: 完成
[2026-05-10 02:02:16] pycryptodomex: 完成
[2026-05-10 02:02:20] pydantic: 完成
[2026-05-10 02:02:23] pydantic-core: 完成
[2026-05-10 02:02:28] pydantic-extra-types: 完成
[2026-05-10 02:02:32] pydantic-settings: 完成
[2026-05-10 02:02:37] pydata-google-auth: 完成
[2026-05-10 02:02:42] pydocket: 完成
[2026-05-10 02:02:44] pyexcel-io: 完成
[2026-05-10 02:02:47] pyexcel-xlsx: 完成
[2026-05-10 02:02:48] pyfiglet: 完成
[2026-05-10 02:02:51] pyflakes: 完成
[2026-05-10 02:02:53] pyfunctional: 完成
[2026-05-10 02:04:14] pygame: 完成
[2026-05-10 02:04:16] pygments: 完成
[2026-05-10 02:04:18] pygogo: 完成
[2026-05-10 02:04:26] pygsheets: 完成
[2026-05-10 02:04:28] pygtrie: 完成
[2026-05-10 02:04:35] pyhdb: 完成
[2026-05-10 02:07:51] pyjwt: 完成
[2026-05-10 02:07:53] pymeta3: 完成
[2026-05-10 02:08:05] pymodm: 完成
[2026-05-10 02:08:07] pymongo: 完成
[2026-05-10 02:08:09] pympler: 完成
[2026-05-10 02:08:10] pymysql: 完成
[2026-05-10 02:08:12] pynacl: 完成
[2026-05-10 02:08:16] pynamodb: 完成
[2026-05-10 02:08:17] pyparsing: 完成
[2026-05-10 02:08:24] pypattyrn: 完成
[2026-05-10 02:08:32] pypeln: 完成
[2026-05-10 02:08:33] pypika: 完成
[2026-05-10 02:08:35] pypika-tortoise: 完成
[2026-05-10 02:08:37] pyproject-hooks: 完成
[2026-05-10 02:08:40] pypyr: 完成
[2026-05-10 02:08:42] pyrsistent: 完成
[2026-05-10 02:08:45] pyscaffold: 完成
[2026-05-10 02:08:47] pyscreenshot: 完成
[2026-05-10 02:08:49] pyserial: 完成
[2026-05-10 02:09:22] pysimdjson: 完成
[2026-05-10 02:09:24] pysimplegui: 完成
[2026-05-10 02:09:25] pysocks: 完成
[2026-05-10 02:09:38] pysolr: 完成
[2026-05-10 02:09:47] pysparkling: 完成
[2026-05-10 02:09:49] pystorm: 完成
[2026-05-10 02:09:51] python-benedict: 完成
[2026-05-10 02:09:53] python-box: 完成
[2026-05-10 02:09:55] python-daemon: 完成
[2026-05-10 02:09:56] python-dateutil: 完成
[2026-05-10 02:09:58] python-decouple: 完成
[2026-05-10 02:10:00] python-discovery: 完成
[2026-05-10 02:10:01] python-dotenv: 完成
[2026-05-10 02:10:03] python-fsutil: 完成
[2026-05-10 02:10:05] python-json-logger: 完成
[2026-05-10 02:10:06] python-magic: 完成
[2026-05-10 02:10:08] python-multipart: 完成
[2026-05-10 02:10:23] python-rapidjson: 完成
[2026-05-10 02:10:25] python-slugify: 完成
[2026-05-10 02:10:27] pythondialog: 完成
[2026-05-10 02:10:28] pytimeparse: 完成
[2026-05-10 02:10:30] pytokens: 完成
[2026-05-10 02:10:31] pytz: 完成
[2026-05-10 02:10:33] pyyaml: 完成
[2026-05-10 02:10:34] pyyaml-ft: 完成
[2026-05-10 02:10:36] pyzmq: 完成
[2026-05-10 02:10:38] quantile-python: 完成
[2026-05-10 02:10:45] queries: 完成
[2026-05-10 02:10:47] questionary: 完成
[2026-05-10 02:10:50] rapidfuzz: 完成
[2026-05-10 02:10:54] rasgoql: 完成
[2026-05-10 02:10:57] rasgotransforms: 完成
[2026-05-10 02:11:04] ratelimit: 完成
[2026-05-10 02:11:05] readchar: 完成
[2026-05-10 02:11:07] readme-renderer: 完成
[2026-05-10 02:11:11] records: 完成
[2026-05-10 02:11:13] redis: 完成
[2026-05-10 02:11:15] redis-py-cluster: 完成
[2026-05-10 02:11:18] referencing: 完成
[2026-05-10 02:11:20] regex: 完成
[2026-05-10 02:11:23] requests: 完成
[2026-05-10 02:11:25] requests-oauthlib: 完成
[2026-05-10 02:11:27] requests-toolbelt: 完成
[2026-05-10 02:11:29] resolvelib: 完成
[2026-05-10 02:11:30] retrying: 完成
[2026-05-10 02:11:32] returns: 完成
[2026-05-10 02:11:34] rfc3339-validator: 完成
[2026-05-10 02:11:35] rfc3986: 完成
[2026-05-10 02:11:37] rfc3986-validator: 完成
[2026-05-10 02:11:38] rfc3987-syntax: 完成
[2026-05-10 02:11:40] rich: 完成
[2026-05-10 02:11:43] rich-argparse: 完成
[2026-05-10 02:11:45] rich-rst: 完成
[2026-05-10 02:11:47] rich-toolkit: 完成
[2026-05-10 02:11:53] riko: 完成
[2026-05-10 02:11:54] robinhood-aiokafka: 完成
[2026-05-10 02:11:56] roman-numerals: 完成
[2026-05-10 02:12:03] rows: 完成
[2026-05-10 02:12:05] rpds-py: 完成
[2026-05-10 02:12:08] rq: 完成
[2026-05-10 02:12:10] rsa: 完成
[2026-05-10 02:13:33] rtoml: 完成
[2026-05-10 02:13:35] ruamel-yaml: 完成
[2026-05-10 02:13:36] ruamel-yaml-clib: 完成
[2026-05-10 02:13:45] s3fs: 完成
[2026-05-10 02:13:48] s3transfer: 完成
[2026-05-10 02:13:55] scandir: 完成
[2026-05-10 02:13:57] schedule: 完成
[2026-05-10 02:13:59] schema: 完成
[2026-05-10 02:14:00] schematics: 完成
[2026-05-10 02:14:19] scholarly: 完成
[2026-05-10 02:14:22] scikit-learn: 完成
[2026-05-10 02:14:25] scipy: 完成
[2026-05-10 02:14:28] scp: 完成
[2026-05-10 02:18:07] seaborn: 完成
[2026-05-10 02:18:10] secretstorage: 完成
[2026-05-10 02:18:14] selenium: 完成
[2026-05-10 02:18:15] semver: 完成
[2026-05-10 02:18:17] send2trash: 完成
[2026-05-10 02:18:26] setproctitle: 完成
[2026-05-10 02:18:28] setuptools: 完成
[2026-05-10 02:18:30] setuptools-scm: 完成
[2026-05-10 02:18:32] sgmllib3k: 完成
[2026-05-10 02:18:34] sh: 完成
[2026-05-10 02:18:35] shellingham: 完成
[2026-05-10 02:18:37] simplejson: 完成
[2026-05-10 02:18:46] singer-python: 完成
[2026-05-10 02:18:47] six: 完成
[2026-05-10 02:18:50] skutil: 完成
[2026-05-10 02:18:52] smart-open: 完成
[2026-05-10 02:18:55] smmap: 完成
[2026-05-10 02:18:56] sniffio: 完成
[2026-05-10 02:18:57] snowballstemmer: 完成
[2026-05-10 02:18:59] sortedcontainers: 完成
[2026-05-10 02:19:01] soupsieve: 完成
[2026-05-10 02:19:06] sphinx: 完成
[2026-05-10 02:19:10] sphinx-rtd-theme: 完成
[2026-05-10 02:19:12] sphinxcontrib-applehelp: 完成
[2026-05-10 02:19:13] sphinxcontrib-devhelp: 完成
[2026-05-10 02:19:15] sphinxcontrib-htmlhelp: 完成
[2026-05-10 02:19:19] sphinxcontrib-jquery: 完成
[2026-05-10 02:19:20] sphinxcontrib-jsmath: 完成
[2026-05-10 02:19:22] sphinxcontrib-qthelp: 完成
[2026-05-10 02:19:23] sphinxcontrib-serializinghtml: 完成
[2026-05-10 02:19:26] sqlalchemy: 完成
[2026-05-10 02:19:29] sqlalchemy-jsonfield: 完成
[2026-05-10 02:19:32] sqlalchemy-utils: 完成
[2026-05-10 02:19:35] sqlglot: 完成
[2026-05-10 02:19:42] sqlitedict: 完成
[2026-05-10 02:19:48] sqlmodel: 完成
[2026-05-10 02:19:49] sqlparse: 完成
[2026-05-10 02:19:59] squirrel-core: 完成
[2026-05-10 02:20:28] srsly: 完成
[2026-05-10 02:20:32] sshtunnel: 完成
[2026-05-10 02:20:34] stack-data: 完成
[2026-05-10 02:20:36] starlette: 完成
[2026-05-10 02:20:39] static-frame: 完成
[2026-05-10 02:20:41] stopit: 完成
[2026-05-10 02:20:50] storm: 完成
[2026-05-10 02:20:51] strct: 完成
[2026-05-10 02:20:59] streamparse: 完成
[2026-05-10 02:21:01] strictyaml: 完成
[2026-05-10 02:21:04] structlog: 完成
[2026-05-10 02:21:06] supervisor: 完成
[2026-05-10 02:21:07] svcs: 完成
[2026-05-10 02:21:23] sympy: 完成
[2026-05-10 02:21:24] tablib: 完成
[2026-05-10 02:21:26] tabulate: 完成
[2026-05-10 02:21:33] tabulator: 完成
[2026-05-10 02:21:35] targ: 完成
[2026-05-10 02:21:43] tasktiger: 完成
[2026-05-10 02:21:44] tenacity: 完成
[2026-05-10 02:21:46] termcolor: 完成
[2026-05-10 02:21:47] terminado: 完成
[2026-05-10 02:21:49] terminaltables: 完成
[2026-05-10 02:21:50] text-unidecode: 完成
[2026-05-10 02:21:52] textfsm: 完成
[2026-05-10 02:21:53] texttable: 完成
[2026-05-10 02:21:56] thefuzz: 完成
[2026-05-10 02:21:58] threadpoolctl: 完成
[2026-05-10 02:21:59] thriftpy2: 完成
[2026-05-10 02:22:01] tinycss2: 完成
[2026-05-10 02:22:02] tinydb: 完成
[2026-05-10 02:22:06] toga: 完成
[2026-05-10 02:22:07] toga-android: 完成
[2026-05-10 02:22:09] toga-core: 完成
[2026-05-10 02:22:10] toml: 完成
[2026-05-10 02:22:12] tomli: 完成
[2026-05-10 02:22:13] tomli-w: 完成
[2026-05-10 02:22:15] tomlkit: 完成
[2026-05-10 02:22:16] toolz: 完成
[2026-05-10 02:22:18] tornado: 完成
[2026-05-10 02:22:20] tortoise-orm: 完成
[2026-05-10 02:22:22] tqdm: 完成
[2026-05-10 02:22:24] traceml: 完成
[2026-05-10 02:22:25] traitlets: 完成
[2026-05-10 02:22:27] transitions: 完成
[2026-05-10 02:22:29] travertino: 完成
[2026-05-10 02:22:31] trio: 完成
[2026-05-10 02:22:33] trio-websocket: 完成
[2026-05-10 02:22:34] trove-classifiers: 完成
[2026-05-10 02:22:39] twine: 完成
[2026-05-10 02:22:41] typeguard: 完成
[2026-05-10 02:22:43] typer: 完成
[2026-05-10 02:22:45] types-paramiko: 完成
[2026-05-10 02:22:47] types-python-dateutil: 完成
[2026-05-10 02:22:50] typical: 完成
[2026-05-10 02:22:57] typing: 完成
[2026-05-10 02:22:58] typing-extensions: 完成
[2026-05-10 02:23:00] typing-inspect: 完成
[2026-05-10 02:23:02] typing-inspection: 完成
[2026-05-10 02:23:03] tzdata: 完成
[2026-05-10 02:23:05] tzlocal: 完成
[2026-05-10 02:23:07] ubelt: 完成
[2026-05-10 02:23:09] uc-micro-py: 完成
[2026-05-10 02:23:28] ujson: 完成
[2026-05-10 02:23:31] umongo: 完成
[2026-05-10 02:23:33] uncalled-for: 完成
[2026-05-10 02:23:34] unicodecsv: 完成
[2026-05-10 02:23:36] unidecode: 完成
[2026-05-10 02:23:43] unipath: 完成
[2026-05-10 02:23:45] universal-pathlib: 完成
[2026-05-10 02:23:46] uri-template: 完成
[2026-05-10 02:23:48] uritemplate: 完成
[2026-05-10 02:23:49] urllib3: 完成
[2026-05-10 02:23:51] useful-types: 完成
[2026-05-10 02:23:53] uuid6: 完成
[2026-05-10 02:23:54] uvicorn: 完成
[2026-05-10 02:23:56] uvloop: 完成
[2026-05-10 02:23:58] validators: 完成
[2026-05-10 02:24:05] valideer: 完成
[2026-05-10 02:24:20] validr: 完成
[2026-05-10 02:24:21] vcs-versioning: 完成
[2026-05-10 02:24:23] venusian: 完成
[2026-05-10 02:24:24] vine: 完成
[2026-05-10 02:24:26] virtualenv: 完成
[2026-05-10 02:24:28] voluptuous: 完成
[2026-05-10 02:24:40] watchdog: 完成
[2026-05-10 02:24:42] watchfiles: 完成
[2026-05-10 02:24:43] wcmatch: 完成
[2026-05-10 02:24:45] wcwidth: 完成
[2026-05-10 02:24:46] webcolors: 完成
[2026-05-10 02:24:48] webencodings: 完成
[2026-05-10 02:24:49] webruntime: 完成
[2026-05-10 02:24:51] websocket-client: 完成
[2026-05-10 02:24:53] websockets: 完成
[2026-05-10 02:24:54] werkzeug: 完成
[2026-05-10 02:25:09] whenever: 完成
[2026-05-10 02:25:11] widgetsnbextension: 完成
[2026-05-10 02:25:13] wirerope: 完成
[2026-05-10 02:25:15] wrapt: 完成
[2026-05-10 02:25:17] wsproto: 完成
[2026-05-10 02:25:24] wssh: 完成
[2026-05-10 02:25:28] xarray: 完成
[2026-05-10 02:25:29] xlrd: 完成
[2026-05-10 02:25:31] xlsxwriter: 完成
[2026-05-10 02:25:34] xlwings: 完成
[2026-05-10 02:25:35] xmltodict: 完成
[2026-05-10 02:25:39] yarl: 完成
[2026-05-10 02:25:42] zarr: 完成
[2026-05-10 02:25:53] zipp: 完成
[2026-05-10 02:25:55] zope-event: 完成
[2026-05-10 02:25:57] zope-interface: 完成
[2026-05-10 02:26:38] zstandard: 完成
