========================================
[2026-04-17 06:19:36] a2wsgi: 完成
[2026-04-17 06:19:37] addict: 完成
[2026-04-17 06:19:40] agate: 完成
[2026-04-17 06:19:43] agate-dbf: 完成
[2026-04-17 06:19:46] agate-excel: 完成
[2026-04-17 06:19:51] agate-sql: 完成
[2026-04-17 06:20:01] aioboto3: 完成
[2026-04-17 06:20:10] aiobotocore: 完成
[2026-04-17 06:20:11] aiocache: 完成
[2026-04-17 06:20:13] aiofiles: 完成
[2026-04-17 06:20:14] aiohappyeyeballs: 完成
[2026-04-17 06:20:20] aiohttp: 完成
[2026-04-17 06:20:25] aiohttp-cors: 完成
[2026-04-17 06:20:27] aioitertools: 完成
[2026-04-17 06:20:28] aiomisc: 完成
[2026-04-17 06:28:45] aioprometheus: 完成
[2026-04-17 06:28:47] aiosignal: 完成
[2026-04-17 06:28:49] aiosmtplib: 完成
[2026-04-17 06:28:51] aiosqlite: 完成
[2026-04-17 06:28:52] aiothreads: 完成
[2026-04-17 06:28:54] alabaster: 完成
[2026-04-17 06:28:59] alembic: 完成
[2026-04-17 06:29:01] algorithms: 完成
[2026-04-17 06:30:23] altair: 完成
[2026-04-17 06:30:25] amplitude-analytics: 完成
[2026-04-17 06:30:27] amqp: 完成
[2026-04-17 06:30:30] aniso8601: 完成
[2026-04-17 06:30:32] annotated-doc: 完成
[2026-04-17 06:30:33] annotated-types: 完成
[2026-04-17 06:32:58] ansible: 完成
[2026-04-17 06:33:02] ansible-core: 完成
[2026-04-17 06:33:04] antlr4-python3-runtime: 完成
[2026-04-17 06:33:05] anyascii: 完成
[2026-04-17 06:33:07] anyio: 完成
[2026-04-17 06:33:09] anytree: 完成
[2026-04-17 06:34:59] apache-libcloud: 完成
[2026-04-17 06:35:01] appdirs: 完成
[2026-04-17 06:35:05] apprise: 完成
[2026-04-17 06:35:07] argcomplete: 完成
[2026-04-17 06:35:11] argo-models: 完成
[2026-04-17 06:35:14] argon2-cffi: 完成
[2026-04-17 06:35:16] argon2-cffi-bindings: 完成
[2026-04-17 06:35:18] argparse: 完成
[2026-04-17 06:35:19] args: 完成
[2026-04-17 06:35:23] arq: 完成
[2026-04-17 06:35:25] arrow: 完成
[2026-04-17 06:35:28] asciimatics: 完成
[2026-04-17 06:35:29] asgi-lifespan: 完成
[2026-04-17 06:35:31] asgiref: 完成
[2026-04-17 06:35:33] asn1crypto: 完成
[2026-04-17 06:35:35] asttokens: 完成
[2026-04-17 06:35:36] async-lru: 完成
[2026-04-17 06:35:39] asyncer: 完成
[2026-04-17 06:35:41] asyncpg: 完成
[2026-04-17 06:35:43] atom: 完成
[2026-04-17 06:35:45] atpublic: 完成
[2026-04-17 06:35:46] attrs: 完成
[2026-04-17 06:35:48] autocommand: 完成
[2026-04-17 06:35:50] autopep8: 完成
[2026-04-17 06:35:53] awesome-slugify: 完成
[2026-04-17 06:35:59] awscli: 完成
[2026-04-17 06:51:19] azure-core: 完成
[2026-04-17 06:51:23] azure-storage-blob: 完成
[2026-04-17 06:51:25] babel: 完成
[2026-04-17 06:51:27] backoff: 完成
[2026-04-17 06:51:29] banal: 完成
[2026-04-17 06:51:31] bashplotlib: 完成
[2026-04-17 07:14:50] bcrypt: 完成
[2026-04-17 07:14:52] beaker: 完成
[2026-04-17 07:14:54] beartype: 完成
[2026-04-17 07:14:56] beautifulsoup4: 完成
[2026-04-17 07:14:57] bibtexparser: 完成
[2026-04-17 07:14:59] bidict: 完成
[2026-04-17 07:15:01] billiard: 完成
[2026-04-17 07:15:03] binaryornot: 完成
[2026-04-17 07:15:04] birch: 完成
[2026-04-17 07:15:07] black: 完成
[2026-04-17 07:15:09] bleach: 完成
[2026-04-17 07:15:11] blessings: 完成
[2026-04-17 07:15:12] blinker: 完成
[2026-04-17 07:15:14] boltons: 完成
[2026-04-17 07:15:31] botflow: 完成
[2026-04-17 07:15:36] boto3: 完成
[2026-04-17 07:15:39] botocore: 完成
[2026-04-17 07:15:41] bottle: 完成
[2026-04-17 07:19:16] bottleneck: 完成
[2026-04-17 07:19:17] bracex: 完成
[2026-04-17 07:19:19] build: 完成
[2026-04-17 07:19:20] bytecode: 完成
[2026-04-17 07:19:23] cachecontrol: 完成
[2026-04-17 07:19:25] cached-property: 完成
[2026-04-17 07:19:26] cachelib: 完成
[2026-04-17 07:19:28] cachetools: 完成
[2026-04-17 07:19:30] cachier: 完成
[2026-04-17 07:27:38] cadwyn: 完成
[2026-04-17 07:27:40] catalogue: 完成
[2026-04-17 07:27:43] celery: 完成
[2026-04-17 07:27:44] cerberus: 完成
[2026-04-17 07:27:46] certifi: 完成
[2026-04-17 07:27:48] cffi: 完成
[2026-04-17 07:27:50] cfgv: 完成
[2026-04-17 07:27:51] chardet: 完成
[2026-04-17 07:27:53] charset-normalizer: 完成
[2026-04-17 07:27:55] ciso8601: 完成
[2026-04-17 07:27:58] cleo: 完成
[2026-04-17 07:27:59] cleverdict: 完成
[2026-04-17 07:28:01] click: 完成
[2026-04-17 07:28:03] click-didyoumean: 完成
[2026-04-17 07:28:07] click-extra: 完成
[2026-04-17 07:28:09] click-option-group: 完成
[2026-04-17 07:28:10] click-plugins: 完成
[2026-04-17 07:28:12] click-repl: 完成
[2026-04-17 07:28:14] clint: 完成
[2026-04-17 07:28:16] cloudant: 完成
[2026-04-17 07:28:18] cloudpickle: 完成
[2026-04-17 07:28:20] cloup: 完成
[2026-04-17 07:28:21] colorama: 完成
[2026-04-17 07:28:23] colorclass: 完成
[2026-04-17 07:28:24] colored: 完成
[2026-04-17 07:28:26] colorlog: 完成
[2026-04-17 07:28:28] colout: 完成
[2026-04-17 07:28:29] comm: 完成
[2026-04-17 07:28:31] commonregex: 完成
[2026-04-17 07:28:33] configargparse: 完成
[2026-04-17 07:28:34] configobj: 完成
[2026-04-17 07:28:36] configupdater: 完成
[2026-04-17 07:28:37] constraints-txt: 完成
[2026-04-17 07:28:39] contextlib2: 完成
[2026-04-17 07:29:57] contourpy: 完成
[2026-04-17 07:30:02] cookiecutter: 完成
[2026-04-17 07:30:03] coolname: 完成
[2026-04-17 07:30:09] copier: 完成
[2026-04-17 07:30:11] crashtest: 完成
[2026-04-17 07:30:12] cron-descriptor: 完成
[2026-04-17 07:30:14] croniter: 完成
[2026-04-17 07:30:16] cronsim: 完成
[2026-04-17 07:30:18] cryptography: 完成
[2026-04-17 07:30:23] csvkit: 完成
[2026-04-17 07:30:27] csvs-to-sqlite: 完成
[2026-04-17 07:30:29] cycler: 完成
[2026-04-17 07:30:31] cyclopts: 完成
[2026-04-17 07:30:33] cython: 完成
[2026-04-17 07:30:58] daffy: 完成
[2026-04-17 07:31:01] dask: 完成
[2026-04-17 07:31:04] databases: 完成
[2026-04-17 07:31:05] dataclasses: 完成
[2026-04-17 07:31:09] dataset: 完成
[2026-04-17 07:31:12] datasketch: 完成
[2026-04-17 07:31:14] datatest: 完成
[2026-04-17 07:31:15] datatile: 完成
[2026-04-17 07:31:18] dateparser: 完成
[2026-04-17 07:31:20] datetime: 完成
[2026-04-17 07:32:03] db-py: 完成
[2026-04-17 07:32:04] dbfread: 完成
[2026-04-17 07:32:06] debuglater: 完成
[2026-04-17 07:32:08] debugpy: 完成
[2026-04-17 07:32:09] decorator: 完成
[2026-04-17 07:32:11] decore: 完成
[2026-04-17 07:32:12] deepdiff: 完成
[2026-04-17 07:33:13] deeplake: 完成
[2026-04-17 07:33:14] deepmerge: 完成
[2026-04-17 07:33:17] defusedxml: 完成
[2026-04-17 07:33:19] deprecated: 完成
[2026-04-17 07:33:20] dialite: 完成
[2026-04-17 07:33:22] dill: 完成
[2026-04-17 07:33:23] dirty-equals: 完成
[2026-04-17 07:33:25] distlib: 完成
[2026-04-17 07:33:26] distro: 完成
[2026-04-17 07:33:28] dnspython: 完成
[2026-04-17 07:33:30] docker: 完成
[2026-04-17 07:33:32] docopt: 完成
[2026-04-17 07:33:33] docopt-ng: 完成
[2026-04-17 07:33:35] docstring-parser: 完成
[2026-04-17 07:33:37] docutils: 完成
[2026-04-17 07:33:39] donfig: 完成
[2026-04-17 07:33:41] dulwich: 完成
[2026-04-17 07:33:43] dunamai: 完成
[2026-04-17 07:33:44] durationpy: 完成
[2026-04-17 07:33:46] dynaconf: 完成
[2026-04-17 07:33:47] easyprocess: 完成
[2026-04-17 07:36:57] elastic-transport: 完成
[2026-04-17 07:37:00] elasticsearch: 完成
[2026-04-17 07:37:03] elasticsearch-dsl: 完成
[2026-04-17 07:37:04] email-validator: 完成
[2026-04-17 07:37:06] emoji: 完成
[2026-04-17 07:37:08] enaml: 完成
[2026-04-17 07:37:10] entrypoint2: 完成
[2026-04-17 07:37:11] entrypoints: 完成
[2026-04-17 07:37:13] et-xmlfile: 完成
[2026-04-17 07:37:14] everett: 完成
[2026-04-17 07:37:16] exceptiongroup: 完成
[2026-04-17 07:37:17] executing: 完成
[2026-04-17 07:37:19] extra-platforms: 完成
[2026-04-17 07:42:22] fabric: 完成
[2026-04-17 07:42:26] fabric39: 完成
[2026-04-17 07:42:36] fabtools: 完成
[2026-04-17 07:42:38] face: 完成
[2026-04-17 07:42:39] fake-useragent: 完成
[2026-04-17 07:42:41] faker: 完成
[2026-04-17 07:42:43] fakeredis: 完成
[2026-04-17 07:42:48] fastapi: 完成
[2026-04-17 07:46:03] fastapi-cli: 完成
[2026-04-17 07:46:05] fastcore: 完成
[2026-04-17 07:46:07] fastjsonschema: 完成
[2026-04-17 07:46:14] faust: 完成
[2026-04-17 07:46:15] feedparser: 完成
[2026-04-17 07:46:17] filedepot: 完成
[2026-04-17 07:46:19] filelock: 完成
[2026-04-17 07:46:20] filetype: 完成
[2026-04-17 07:46:22] findpython: 完成
[2026-04-17 07:46:23] fire: 完成
[2026-04-17 07:46:26] flask: 完成
[2026-04-17 07:46:28] flask-restful: 完成
[2026-04-17 07:46:30] flatbuffers: 完成
[2026-04-17 07:46:31] flexx: 完成
[2026-04-17 07:46:33] flupy: 完成
[2026-04-17 07:46:35] fonttools: 完成
[2026-04-17 07:46:36] fqdn: 完成
[2026-04-17 07:46:39] free-proxy: 完成
[2026-04-17 07:46:41] frozenlist: 完成
[2026-04-17 07:46:43] fs: 完成
[2026-04-17 07:46:45] fsspec: 完成
[2026-04-17 07:46:46] funcy: 完成
[2026-04-17 07:46:48] future: 完成
[2026-04-17 07:46:49] future-typing: 完成
[2026-04-17 07:46:51] futures: 完成
[2026-04-17 07:46:54] gdown: 完成
[2026-04-17 07:50:03] gin-config: 完成
[2026-04-17 07:50:06] gino: 完成
[2026-04-17 07:50:07] gitdb: 完成
[2026-04-17 07:50:09] gitpython: 完成
[2026-04-17 07:50:11] glom: 完成
[2026-04-17 07:50:23] google-api-core: 完成
[2026-04-17 07:50:28] google-api-python-client: 完成
[2026-04-17 07:50:31] google-auth: 完成
[2026-04-17 07:50:34] google-auth-httplib2: 完成
[2026-04-17 07:50:38] google-auth-oauthlib: 完成
[2026-04-17 07:51:07] google-cloud-core: 完成
[2026-04-17 07:51:13] google-cloud-storage: 完成
[2026-04-17 07:51:14] google-crc32c: 完成
[2026-04-17 07:51:16] google-resumable-media: 完成
[2026-04-17 07:51:18] googleapis-common-protos: 完成
[2026-04-17 07:51:20] graphviz: 完成
[2026-04-17 07:51:32] great-expectations: 完成
[2026-04-17 07:51:34] greenback: 完成
[2026-04-17 07:51:36] greenlet: 完成
[2026-04-17 07:51:38] griffe: 完成
[2026-04-17 07:51:39] griffecli: 完成
[2026-04-17 07:51:41] griffelib: 完成
[2026-04-17 07:52:47] gsheetsdb: 完成
[2026-04-17 07:52:48] h11: 完成
[2026-04-17 07:52:50] h2: 完成
[2026-04-17 07:52:52] happybase: 完成
[2026-04-17 07:53:07] hiredis: 完成
[2026-04-17 07:53:09] holidays: 完成
[2026-04-17 07:53:11] hpack: 完成
[2026-04-17 07:53:12] html5lib: 完成
[2026-04-17 07:53:14] httpcore: 完成
[2026-04-17 07:53:16] httplib2: 完成
[2026-04-17 07:53:17] httptools: 完成
[2026-04-17 07:53:19] httpx: 完成
[2026-04-17 07:53:34] hub: 完成
[2026-04-17 07:53:36] huey: 完成
[2026-04-17 07:53:38] humanize: 完成
[2026-04-17 07:53:40] humbug: 完成
[2026-04-17 07:53:42] hyperframe: 完成
[2026-04-17 07:53:45] ibis-framework: 完成
[2026-04-17 07:53:46] id: 完成
[2026-04-17 07:53:48] identify: 完成
[2026-04-17 07:53:49] idna: 完成
[2026-04-17 07:53:51] ijson: 完成
[2026-04-17 07:53:53] imagesize: 完成
[2026-04-17 07:53:54] immutables: 完成
[2026-04-17 07:53:56] importlib-metadata: 完成
[2026-04-17 07:53:58] importlib-resources: 完成
[2026-04-17 07:53:59] inflect: 完成
[2026-04-17 07:54:01] inflection: 完成
[2026-04-17 07:54:04] influxdb: 完成
[2026-04-17 07:54:06] installer: 完成
[2026-04-17 07:54:08] intake: 完成
[2026-04-17 07:54:10] interchange: 完成
[2026-04-17 07:54:11] invoke: 完成
[2026-04-17 07:54:14] ipdb: 完成
[2026-04-17 07:54:24] ipython: 完成
[2026-04-17 07:54:25] ipython-genutils: 完成
[2026-04-17 07:54:27] ipython-pygments-lexers: 完成
[2026-04-17 07:54:31] ipywidgets: 完成
[2026-04-17 07:54:32] iso8601: 完成
[2026-04-17 07:54:34] isodate: 完成
[2026-04-17 07:54:36] isoduration: 完成
[2026-04-17 07:54:37] itsdangerous: 完成
[2026-04-17 07:54:39] janus: 完成
[2026-04-17 07:54:40] jaraco-classes: 完成
[2026-04-17 07:54:42] jaraco-context: 完成
[2026-04-17 07:54:43] jaraco-functools: 完成
[2026-04-17 07:54:45] jedi: 完成
[2026-04-17 07:54:46] jeepney: 完成
[2026-04-17 07:54:48] jinja2: 完成
[2026-04-17 07:54:50] jinja2-ansible-filters: 完成
[2026-04-17 07:54:52] jinja2-humanize-extension: 完成
[2026-04-17 07:54:53] jmespath: 完成
[2026-04-17 07:54:55] joblib: 完成
[2026-04-17 07:54:56] json-table-schema: 完成
[2026-04-17 07:54:58] json5: 完成
[2026-04-17 07:55:00] jsonlines: 完成
[2026-04-17 07:55:01] jsonpatch: 完成
[2026-04-17 07:55:03] jsonpickle: 完成
[2026-04-17 07:55:05] jsonpointer: 完成
[2026-04-17 07:55:06] jsonref: 完成
[2026-04-17 07:55:09] jsonschema: 完成
[2026-04-17 07:55:11] jsonschema-specifications: 完成
[2026-04-17 07:55:23] jupyter-client: 完成
[2026-04-17 07:55:33] jupyter-core: 完成
[2026-04-17 07:55:38] jupyter-events: 完成
[2026-04-17 07:55:47] jupyter-lsp: 完成
[2026-04-17 07:55:56] jupyter-server: 完成
[2026-04-17 07:55:58] jupyter-server-terminals: 完成
[2026-04-17 07:56:11] jupyterlab-pygments: 完成
[2026-04-17 07:56:21] jupyterlab-server: 完成
[2026-04-17 07:56:23] jupyterlab-widgets: 完成
[2026-04-17 07:56:27] jupytext: 完成
[2026-04-17 07:56:28] kafka-python: 完成
[2026-04-17 07:56:35] kedro: 完成
[2026-04-17 07:56:41] kedro-telemetry: 完成
[2026-04-17 07:56:42] keyboard: 完成
[2026-04-17 07:56:44] keyring: 完成
[2026-04-17 07:56:51] kfp: 完成
[2026-04-17 07:56:53] kfp-pipeline-spec: 完成
[2026-04-17 07:56:55] kfp-server-api: 完成
[2026-04-17 07:56:57] kivy-garden: 完成
[2026-04-17 07:56:59] kiwisolver: 完成
[2026-04-17 07:57:01] kombu: 完成
[2026-04-17 07:58:07] kubeflow-kale: 完成
[2026-04-17 07:58:10] kubernetes: 完成
[2026-04-17 07:58:12] lark: 完成
[2026-04-17 07:58:13] lazy-import: 完成
[2026-04-17 07:58:15] lazy-object-proxy: 完成
[2026-04-17 07:58:19] lazydata: 完成
[2026-04-17 07:58:21] leather: 完成
[2026-04-17 07:58:23] libcst: 完成
[2026-04-17 07:58:25] linear-tsv: 完成
[2026-04-17 07:58:26] linkify-it-py: 完成
[2026-04-17 07:58:28] lml: 完成
[2026-04-17 07:58:29] locket: 完成
[2026-04-17 07:58:30] lockfile: 完成
[2026-04-17 07:58:32] luigi: 完成
[2026-04-17 08:01:59] lxml: 完成
[2026-04-17 08:02:01] lz4: 完成
[2026-04-17 08:02:03] mako: 完成
[2026-04-17 08:02:10] mara-db: 完成
[2026-04-17 08:02:12] mara-page: 完成
[2026-04-17 08:02:20] markdown: 完成
[2026-04-17 08:02:22] markdown-it-py: 完成
[2026-04-17 08:02:23] markupsafe: 完成
[2026-04-17 08:02:25] marshmallow: 完成
[2026-04-17 08:06:29] matplotlib-inline: 完成
[2026-04-17 08:06:31] maturin: 完成
[2026-04-17 08:06:33] mdit-py-plugins: 完成
[2026-04-17 08:06:34] mdurl: 完成
[2026-04-17 08:06:38] messytables: 完成
[2026-04-17 08:06:40] methodtools: 完成
[2026-04-17 08:06:44] meza: 完成
[2026-04-17 08:06:46] mezmorize: 完成
[2026-04-17 08:06:47] millify: 完成
[2026-04-17 08:06:50] minio: 完成
[2026-04-17 08:06:52] mistune: 完成
[2026-04-17 08:37:49] mleap: 完成
[2026-04-17 08:37:52] mo-dots: 完成
[2026-04-17 08:37:54] mo-future: 完成
[2026-04-17 08:37:55] mo-imports: 完成
[2026-04-17 08:37:58] mo-kwargs: 完成
[2026-04-17 08:38:00] mo-logs: 完成
[2026-04-17 08:38:02] mode: 完成
[2026-04-17 08:38:43] mongo-connector: 完成
[2026-04-17 08:38:46] mongoengine: 完成
[2026-04-17 08:38:48] monotonic: 完成
[2026-04-17 08:38:50] more-itertools: 完成
[2026-04-17 08:38:53] motor: 完成
[2026-04-17 08:38:56] moz-sql-parser: 完成
[2026-04-17 08:38:58] mpmath: 完成
[2026-04-17 08:39:00] mrjob: 完成
[2026-04-17 08:39:02] msgpack: 完成
[2026-04-17 08:39:05] msgpack-numpy: 完成
[2026-04-17 08:39:07] msgspec: 完成
[2026-04-17 08:39:09] mss: 完成
[2026-04-17 08:39:12] multidict: 完成
[2026-04-17 08:39:13] multimethod: 完成
[2026-04-17 08:39:15] multiprocess: 完成
[2026-04-17 08:39:17] munch: 完成
[2026-04-17 08:39:19] mypy-extensions: 完成
[2026-04-17 08:39:21] narwhals: 完成
[2026-04-17 08:39:23] natsort: 完成
[2026-04-17 08:39:50] nbclient: 完成
[2026-04-17 08:39:58] nbconvert: 完成
[2026-04-17 08:40:02] nbformat: 完成
[2026-04-17 08:40:04] neo4j-driver: 完成
[2026-04-17 08:40:06] nest-asyncio: 完成
[2026-04-17 08:40:11] netmiko: 完成
[2026-04-17 08:40:13] networkx: 完成
[2026-04-17 08:41:44] nh3: 完成
[2026-04-17 08:41:46] nodeenv: 完成
[2026-04-17 08:42:16] notebook-shim: 完成
[2026-04-17 08:42:17] ntc-templates: 完成
[2026-04-17 08:44:09] numcodecs: 完成
[2026-04-17 08:44:29] numexpr: 完成
[2026-04-17 08:44:31] numpy: 完成
[2026-04-17 08:44:34] numpy-groupies: 完成
[2026-04-17 08:44:35] oauthlib: 完成
[2026-04-17 08:44:42] odmantic: 完成
[2026-04-17 08:44:43] olefile: 完成
[2026-04-17 08:44:45] omegaconf: 完成
[2026-04-17 08:44:52] onecite: 完成
[2026-04-17 08:56:28] openpyxl: 完成
[2026-04-17 08:56:31] opentelemetry-api: 完成
[2026-04-17 08:56:58] opentelemetry-exporter-otlp-proto-common: 完成
[2026-04-17 08:57:26] opentelemetry-exporter-otlp-proto-http: 完成
[2026-04-17 08:57:30] opentelemetry-instrumentation: 完成
[2026-04-17 08:57:34] opentelemetry-instrumentation-grpc: 完成
[2026-04-17 08:57:36] opentelemetry-proto: 完成
[2026-04-17 08:57:38] opentelemetry-sdk: 完成
[2026-04-17 08:57:41] opentelemetry-semantic-conventions: 完成
[2026-04-17 08:57:43] opentracing: 完成
[2026-04-17 08:57:44] ordered-set: 完成
[2026-04-17 08:57:46] orderly-set: 完成
[2026-04-17 08:57:50] orjson: 完成
[2026-04-17 08:57:51] outcome: 完成
[2026-04-17 08:57:53] packaging: 完成
[2026-04-17 08:57:55] pampy: 完成
[2026-04-17 08:58:32] pandas: 完成
[2026-04-17 08:58:37] pandas-datareader: 完成
[2026-04-17 08:59:00] pandas-summary: 完成
[2026-04-17 08:59:11] pandasql: 完成
[2026-04-17 08:59:18] pandera: 完成
[2026-04-17 08:59:19] pandocfilters: 完成
[2026-04-17 08:59:22] pansi: 完成
[2026-04-17 08:59:31] papermill: 完成
[2026-04-17 08:59:33] param: 完成
[2026-04-17 08:59:37] paramiko: 完成
[2026-04-17 08:59:39] parse: 完成
[2026-04-17 08:59:41] parsedatetime: 完成
[2026-04-17 08:59:42] parso: 完成
[2026-04-17 08:59:44] parsy: 完成
[2026-04-17 08:59:46] partd: 完成
[2026-04-17 08:59:48] path: 完成
[2026-04-17 08:59:50] pathlib: 完成
[2026-04-17 08:59:51] pathlib-abc: 完成
[2026-04-17 08:59:53] pathlib2: 完成
[2026-04-17 08:59:55] pathos: 完成
[2026-04-17 08:59:58] pathspec: 完成
[2026-04-17 08:59:59] pbs-installer: 完成
[2026-04-17 09:00:01] pdfminer: 完成
[2026-04-17 09:00:06] pdpipe: 完成
[2026-04-17 09:00:07] peewee: 完成
[2026-04-17 09:00:09] pegen: 完成
[2026-04-17 09:00:12] pendulum: 完成
[2026-04-17 09:00:14] petl: 完成
[2026-04-17 09:00:16] pexpect: 完成
[2026-04-17 09:00:19] phonenumbers: 完成
[2026-04-17 09:00:27] piccolo: 完成
[2026-04-17 09:00:30] pickledb: 完成
[2026-04-17 09:00:33] pillow: 完成
[2026-04-17 09:00:35] pinject: 完成
[2026-04-17 09:00:36] pkginfo: 完成
[2026-04-17 09:00:38] platformdirs: 完成
[2026-04-17 09:01:04] ploomber-core: 完成
[2026-04-17 09:01:15] ploomber-engine: 完成
[2026-04-17 09:01:19] ploomber-extension: 完成
[2026-04-17 09:01:21] ploomber-scaffold: 完成
[2026-04-17 09:01:23] pluggy: 完成
[2026-04-17 09:01:25] pluginbase: 完成
[2026-04-17 09:01:26] plumbum: 完成
[2026-04-17 09:01:28] ply: 完成
[2026-04-17 09:01:43] poetry: 完成
[2026-04-17 09:01:45] poetry-core: 完成
[2026-04-17 09:01:47] pony: 完成
[2026-04-17 09:01:49] portalocker: 完成
[2026-04-17 09:01:53] posthog: 完成
[2026-04-17 09:01:55] powerline-shell: 完成
[2026-04-17 09:01:57] pox: 完成
[2026-04-17 09:01:58] ppft: 完成
[2026-04-17 09:02:02] pre-commit: 完成
[2026-04-17 09:06:16] prettytable: 完成
[2026-04-17 09:06:17] price-parser: 完成
[2026-04-17 09:06:24] prisma: 完成
[2026-04-17 09:06:26] prometheus-client: 完成
[2026-04-17 09:06:28] prompt-toolkit: 完成
[2026-04-17 09:06:30] propcache: 完成
[2026-04-17 09:06:33] proto-plus: 完成
[2026-04-17 09:06:36] protobuf: 完成
[2026-04-17 09:06:37] pscript: 完成
[2026-04-17 09:06:46] psycopg2: 完成
[2026-04-17 09:06:48] psycopg2-binary: 完成
[2026-04-17 09:06:50] ptyprocess: 完成
[2026-04-17 09:06:54] pugsql: 完成
[2026-04-17 09:07:22] pure-eval: 完成
[2026-04-17 09:07:25] py-key-value-aio: 完成
[2026-04-17 09:07:27] py-lru-cache: 完成
[2026-04-17 09:07:31] py2neo: 完成
[2026-04-17 09:07:33] py4j: 完成
[2026-04-17 09:07:34] pyahocorasick: 完成
[2026-04-17 09:07:36] pyasn1: 完成
[2026-04-17 09:07:38] pyasn1-modules: 完成
[2026-04-17 09:07:40] pybars3: 完成
[2026-04-17 09:07:42] pycodestyle: 完成
[2026-04-17 09:07:44] pycparser: 完成
[2026-04-17 09:07:46] pycryptodome: 完成
[2026-04-17 09:07:48] pycryptodomex: 完成
[2026-04-17 09:07:53] pydantic: 完成
[2026-04-17 09:07:56] pydantic-core: 完成
[2026-04-17 09:08:02] pydantic-extra-types: 完成
[2026-04-17 09:08:07] pydantic-settings: 完成
[2026-04-17 09:08:13] pydata-google-auth: 完成
[2026-04-17 09:11:48] pyexcel-io: 完成
[2026-04-17 09:11:51] pyexcel-xlsx: 完成
[2026-04-17 09:11:53] pyfiglet: 完成
[2026-04-17 09:11:54] pyflakes: 完成
[2026-04-17 09:11:57] pyfunctional: 完成
[2026-04-17 09:11:59] pygame: 完成
[2026-04-17 09:12:01] pygments: 完成
[2026-04-17 09:12:03] pygogo: 完成
[2026-04-17 09:12:11] pygsheets: 完成
[2026-04-17 09:12:13] pygtrie: 完成
[2026-04-17 09:12:15] pyhdb: 完成
[2026-04-17 09:15:33] pyjwt: 完成
[2026-04-17 09:15:34] pymeta3: 完成
[2026-04-17 09:15:37] pymodm: 完成
[2026-04-17 09:15:40] pymongo: 完成
[2026-04-17 09:15:42] pympler: 完成
[2026-04-17 09:15:43] pymysql: 完成
[2026-04-17 09:15:46] pynacl: 完成
[2026-04-17 09:15:50] pynamodb: 完成
[2026-04-17 09:15:52] pyparsing: 完成
[2026-04-17 09:15:59] pypattyrn: 完成
[2026-04-17 09:16:07] pypeln: 完成
[2026-04-17 09:16:09] pypika: 完成
[2026-04-17 09:16:11] pypika-tortoise: 完成
[2026-04-17 09:16:13] pyproject-hooks: 完成
[2026-04-17 09:16:17] pypyr: 完成
[2026-04-17 09:16:19] pyrsistent: 完成
[2026-04-17 09:16:23] pyscaffold: 完成
[2026-04-17 09:16:26] pyscreenshot: 完成
[2026-04-17 09:16:28] pyserial: 完成
[2026-04-17 09:17:02] pysimdjson: 完成
[2026-04-17 09:17:05] pysimplegui: 完成
[2026-04-17 09:17:06] pysocks: 完成
[2026-04-17 09:17:21] pysolr: 完成
[2026-04-17 09:17:32] pysparkling: 完成
[2026-04-17 09:17:35] pystorm: 完成
[2026-04-17 09:17:41] python-benedict: 完成
[2026-04-17 09:17:43] python-box: 完成
[2026-04-17 09:17:45] python-daemon: 完成
[2026-04-17 09:17:48] python-dateutil: 完成
[2026-04-17 09:17:49] python-decouple: 完成
[2026-04-17 09:17:51] python-discovery: 完成
[2026-04-17 09:17:53] python-dotenv: 完成
[2026-04-17 09:17:55] python-fsutil: 完成
[2026-04-17 09:17:57] python-json-logger: 完成
[2026-04-17 09:17:59] python-magic: 完成
[2026-04-17 09:18:01] python-multipart: 完成
[2026-04-17 09:18:18] python-rapidjson: 完成
[2026-04-17 09:18:21] python-slugify: 完成
[2026-04-17 09:18:23] pythondialog: 完成
[2026-04-17 09:18:25] pytimeparse: 完成
[2026-04-17 09:18:26] pytokens: 完成
[2026-04-17 09:18:28] pytz: 完成
[2026-04-17 09:18:30] pyyaml: 完成
[2026-04-17 09:18:32] pyyaml-ft: 完成
[2026-04-17 09:18:34] pyzmq: 完成
[2026-04-17 09:18:36] quantile-python: 完成
[2026-04-17 09:18:44] queries: 完成
[2026-04-17 09:18:46] questionary: 完成
[2026-04-17 09:18:49] rapidfuzz: 完成
[2026-04-17 09:18:56] rasgoql: 完成
[2026-04-17 09:18:59] rasgotransforms: 完成
[2026-04-17 09:19:07] ratelimit: 完成
[2026-04-17 09:19:08] readchar: 完成
[2026-04-17 09:19:11] readme-renderer: 完成
[2026-04-17 09:19:18] records: 完成
[2026-04-17 09:19:19] redis: 完成
[2026-04-17 09:19:22] redis-py-cluster: 完成
[2026-04-17 09:19:24] referencing: 完成
[2026-04-17 09:19:27] regex: 完成
[2026-04-17 09:19:30] requests: 完成
[2026-04-17 09:19:33] requests-oauthlib: 完成
[2026-04-17 09:19:36] requests-toolbelt: 完成
[2026-04-17 09:19:38] resolvelib: 完成
[2026-04-17 09:19:40] retrying: 完成
[2026-04-17 09:19:43] returns: 完成
[2026-04-17 09:19:45] rfc3339-validator: 完成
[2026-04-17 09:19:47] rfc3986: 完成
[2026-04-17 09:19:48] rfc3986-validator: 完成
[2026-04-17 09:19:51] rfc3987-syntax: 完成
[2026-04-17 09:19:54] rich: 完成
[2026-04-17 09:19:57] rich-argparse: 完成
[2026-04-17 09:19:59] rich-rst: 完成
[2026-04-17 09:20:02] rich-toolkit: 完成
[2026-04-17 09:20:11] riko: 完成
[2026-04-17 09:20:13] robinhood-aiokafka: 完成
[2026-04-17 09:20:15] roman-numerals: 完成
[2026-04-17 09:20:24] rows: 完成
[2026-04-17 09:20:26] rpds-py: 完成
[2026-04-17 09:20:30] rq: 完成
[2026-04-17 09:20:32] rsa: 完成
[2026-04-17 09:21:57] rtoml: 完成
[2026-04-17 09:22:00] ruamel-yaml: 完成
[2026-04-17 09:22:02] ruamel-yaml-clib: 完成
[2026-04-17 09:22:11] s3fs: 完成
[2026-04-17 09:22:14] s3transfer: 完成
[2026-04-17 09:22:22] scandir: 完成
[2026-04-17 09:22:24] schedule: 完成
[2026-04-17 09:22:26] schema: 完成
[2026-04-17 09:22:28] schematics: 完成
[2026-04-17 09:22:41] scholarly: 完成
[2026-04-17 09:22:45] scikit-learn: 完成
[2026-04-17 09:22:48] scipy: 完成
[2026-04-17 09:22:51] scp: 完成
[2026-04-17 09:27:37] secretstorage: 完成
[2026-04-17 09:27:43] selenium: 完成
[2026-04-17 09:27:44] semver: 完成
[2026-04-17 09:27:47] send2trash: 完成
[2026-04-17 09:27:58] setproctitle: 完成
[2026-04-17 09:28:00] setuptools: 完成
[2026-04-17 09:28:03] setuptools-scm: 完成
[2026-04-17 09:28:05] sgmllib3k: 完成
[2026-04-17 09:28:07] sh: 完成
[2026-04-17 09:28:08] shellingham: 完成
[2026-04-17 09:28:10] simplejson: 完成
[2026-04-17 09:28:21] singer-python: 完成
[2026-04-17 09:28:23] six: 完成
[2026-04-17 09:28:26] skutil: 完成
[2026-04-17 09:28:29] smart-open: 完成
[2026-04-17 09:28:32] smmap: 完成
[2026-04-17 09:28:34] sniffio: 完成
[2026-04-17 09:28:36] snowballstemmer: 完成
[2026-04-17 09:28:38] sortedcontainers: 完成
[2026-04-17 09:28:40] soupsieve: 完成
[2026-04-17 09:28:49] sphinx: 完成
[2026-04-17 09:28:58] sphinx-rtd-theme: 完成
[2026-04-17 09:28:59] sphinxcontrib-applehelp: 完成
[2026-04-17 09:29:01] sphinxcontrib-devhelp: 完成
[2026-04-17 09:29:03] sphinxcontrib-htmlhelp: 完成
[2026-04-17 09:29:11] sphinxcontrib-jquery: 完成
[2026-04-17 09:29:13] sphinxcontrib-jsmath: 完成
[2026-04-17 09:29:14] sphinxcontrib-qthelp: 完成
[2026-04-17 09:29:16] sphinxcontrib-serializinghtml: 完成
[2026-04-17 09:29:19] sqlalchemy: 完成
[2026-04-17 09:29:23] sqlalchemy-jsonfield: 完成
[2026-04-17 09:29:26] sqlalchemy-utils: 完成
[2026-04-17 09:29:28] sqlglot: 完成
[2026-04-17 09:29:36] sqlitedict: 完成
[2026-04-17 09:29:43] sqlmodel: 完成
[2026-04-17 09:29:45] sqlparse: 完成
[2026-04-17 09:30:57] srsly: 完成
[2026-04-17 09:31:01] sshtunnel: 完成
[2026-04-17 09:31:04] stack-data: 完成
[2026-04-17 09:31:06] starlette: 完成
[2026-04-17 09:31:24] static-frame: 完成
[2026-04-17 09:31:25] stopit: 完成
[2026-04-17 09:31:36] storm: 完成
[2026-04-17 09:31:38] strct: 完成
[2026-04-17 09:31:48] streamparse: 完成
[2026-04-17 09:31:50] strictyaml: 完成
[2026-04-17 09:31:52] structlog: 完成
[2026-04-17 09:31:54] supervisor: 完成
[2026-04-17 09:31:56] svcs: 完成
[2026-04-17 09:32:12] sympy: 完成
[2026-04-17 09:32:14] tablib: 完成
[2026-04-17 09:32:16] tabulate: 完成
[2026-04-17 09:32:25] tabulator: 完成
[2026-04-17 09:32:27] targ: 完成
[2026-04-17 09:32:37] tasktiger: 完成
[2026-04-17 09:32:38] tenacity: 完成
[2026-04-17 09:32:40] termcolor: 完成
[2026-04-17 09:32:43] terminado: 完成
[2026-04-17 09:32:44] terminaltables: 完成
[2026-04-17 09:32:46] text-unidecode: 完成
[2026-04-17 09:32:48] textfsm: 完成
[2026-04-17 09:32:50] texttable: 完成
[2026-04-17 09:32:53] thefuzz: 完成
[2026-04-17 09:32:55] threadpoolctl: 完成
[2026-04-17 09:32:57] thriftpy2: 完成
[2026-04-17 09:32:58] tinycss2: 完成
[2026-04-17 09:33:01] tinydb: 完成
[2026-04-17 09:33:04] toga: 完成
[2026-04-17 09:33:06] toga-android: 完成
[2026-04-17 09:33:08] toga-core: 完成
[2026-04-17 09:33:10] toml: 完成
[2026-04-17 09:33:12] tomli: 完成
[2026-04-17 09:33:14] tomli-w: 完成
[2026-04-17 09:33:15] tomlkit: 完成
[2026-04-17 09:33:17] toolz: 完成
[2026-04-17 09:33:19] tornado: 完成
[2026-04-17 09:33:22] tortoise-orm: 完成
[2026-04-17 09:33:24] tqdm: 完成
[2026-04-17 09:33:26] traceml: 完成
[2026-04-17 09:33:28] traitlets: 完成
[2026-04-17 09:33:31] transitions: 完成
[2026-04-17 09:33:32] travertino: 完成
[2026-04-17 09:33:35] trio: 完成
[2026-04-17 09:33:38] trio-websocket: 完成
[2026-04-17 09:33:40] trove-classifiers: 完成
[2026-04-17 09:33:48] twine: 完成
[2026-04-17 09:33:50] typeguard: 完成
[2026-04-17 09:33:53] typer: 完成
[2026-04-17 09:33:55] types-python-dateutil: 完成
[2026-04-17 09:33:59] typical: 完成
[2026-04-17 09:34:06] typing: 完成
[2026-04-17 09:34:09] typing-extensions: 完成
[2026-04-17 09:34:11] typing-inspect: 完成
[2026-04-17 09:34:13] typing-inspection: 完成
[2026-04-17 09:34:15] tzdata: 完成
[2026-04-17 09:34:16] tzlocal: 完成
[2026-04-17 09:34:19] ubelt: 完成
[2026-04-17 09:34:21] uc-micro-py: 完成
[2026-04-17 09:34:41] ujson: 完成
[2026-04-17 09:34:45] umongo: 完成
[2026-04-17 09:34:46] uncalled-for: 完成
[2026-04-17 09:34:48] unicodecsv: 完成
[2026-04-17 09:34:50] unidecode: 完成
[2026-04-17 09:34:59] unipath: 完成
[2026-04-17 09:35:02] universal-pathlib: 完成
[2026-04-17 09:35:04] uri-template: 完成
[2026-04-17 09:35:05] uritemplate: 完成
[2026-04-17 09:35:07] urllib3: 完成
[2026-04-17 09:35:09] useful-types: 完成
[2026-04-17 09:35:11] uuid6: 完成
[2026-04-17 09:35:13] uvicorn: 完成
[2026-04-17 09:35:15] uvloop: 完成
[2026-04-17 09:35:17] validators: 完成
[2026-04-17 09:35:25] valideer: 完成
[2026-04-17 09:35:41] validr: 完成
[2026-04-17 09:35:43] vcs-versioning: 完成
[2026-04-17 09:35:45] venusian: 完成
[2026-04-17 09:35:46] vine: 完成
[2026-04-17 09:35:49] virtualenv: 完成
[2026-04-17 09:35:52] voluptuous: 完成
[2026-04-17 09:35:54] watchdog: 完成
[2026-04-17 09:35:56] watchfiles: 完成
[2026-04-17 09:35:59] wcmatch: 完成
[2026-04-17 09:36:01] wcwidth: 完成
[2026-04-17 09:36:03] webcolors: 完成
[2026-04-17 09:36:04] webencodings: 完成
[2026-04-17 09:36:07] webruntime: 完成
[2026-04-17 09:36:08] websocket-client: 完成
[2026-04-17 09:36:11] websockets: 完成
[2026-04-17 09:36:13] werkzeug: 完成
[2026-04-17 09:36:16] whenever: 完成
[2026-04-17 09:36:18] widgetsnbextension: 完成
[2026-04-17 09:36:20] wirerope: 完成
[2026-04-17 09:36:22] wrapt: 完成
[2026-04-17 09:36:24] wsproto: 完成
[2026-04-17 09:36:33] wssh: 完成
[2026-04-17 09:36:37] xarray: 完成
[2026-04-17 09:36:39] xlrd: 完成
[2026-04-17 09:36:42] xlsxwriter: 完成
[2026-04-17 09:36:45] xlwings: 完成
[2026-04-17 09:36:47] xmltodict: 完成
[2026-04-17 09:36:50] yarl: 完成
[2026-04-17 09:36:54] zarr: 完成
[2026-04-17 09:37:08] zipp: 完成
[2026-04-17 09:37:10] zope-event: 完成
[2026-04-17 09:37:12] zope-interface: 完成
[2026-04-17 09:37:14] zstandard: 完成
