========================================
开始更新: 2026-10-05 08:37:12
========================================
[2026-10-05 08:38:13] a2wsgi: 完成
[2026-10-05 08:39:13] addict: 完成
[2026-10-05 08:40:13] agate: 完成
[2026-10-05 08:41:13] agate-dbf: 完成
[2026-10-05 08:42:13] agate-excel: 完成
[2026-10-05 08:43:14] agate-sql: 完成
[2026-10-05 08:44:14] aioboto3: 完成
[2026-10-05 08:45:14] aiobotocore: 完成
[2026-10-05 08:46:14] aiocache: 完成
[2026-10-05 08:47:17] aiofiles: 完成
[2026-10-05 08:48:17] aiohappyeyeballs: 完成
[2026-10-05 08:49:17] aiohttp: 完成
[2026-10-05 08:50:17] aiohttp-cors: 完成
[2026-10-05 08:51:20] aioitertools: 完成
[2026-10-05 08:52:20] aiomisc: 完成
[2026-10-05 08:53:20] aioprometheus: 完成
[2026-10-05 08:54:20] aiosignal: 完成
[2026-10-05 08:55:21] aiosmtplib: 完成
[2026-10-05 08:56:21] aiosqlite: 完成
[2026-10-05 08:57:21] aiothreads: 完成
[2026-10-05 08:58:21] alabaster: 完成
[2026-10-05 08:59:21] alembic: 完成
[2026-10-05 09:00:21] algorithms: 完成
[暂停] 电量 79%，状态 DISCHARGING
[继续] 电量 100%
[2026-10-05 11:09:34] amplitude-analytics: 完成
[2026-10-05 11:10:35] amqp: 完成
[2026-10-05 11:11:35] aniso8601: 完成
[2026-10-05 11:12:35] annotated-doc: 完成
[2026-10-05 11:13:35] annotated-types: 完成
[2026-10-05 11:17:36] ansible: 完成
[2026-10-05 11:18:36] ansible-core: 完成
[2026-10-05 11:19:37] antlr4-python3-runtime: 完成
[2026-10-05 11:20:37] anyascii: 完成
[2026-10-05 11:21:38] anyio: 完成
[2026-10-05 11:22:38] anytree: 完成
