========================================
[2026-03-30 22:00:05] a2wsgi: 完成
[2026-03-30 22:00:08] addict: 完成
[2026-03-30 22:00:10] agate: 完成
[2026-03-30 22:00:13] agate-dbf: 完成
[2026-03-30 22:00:16] agate-excel: 完成
[2026-03-30 22:00:20] agate-sql: 完成
[2026-03-30 22:00:30] aioboto3: 完成
[2026-03-30 22:00:37] aiobotocore: 完成
[2026-03-30 22:00:38] aiocache: 完成
[2026-03-30 22:00:40] aiofiles: 完成
[2026-03-30 22:00:41] aiohappyeyeballs: 完成
[2026-03-30 22:00:47] aiohttp: 完成
[2026-03-30 22:00:53] aiohttp-cors: 完成
[2026-03-30 22:00:54] aioitertools: 完成
[2026-03-30 22:00:56] aiomisc: 完成
[2026-03-30 22:00:59] aioprometheus: 完成
[2026-03-30 22:01:01] aiosignal: 完成
[2026-03-30 22:01:04] aiosmtplib: 完成
[2026-03-30 22:01:05] aiosqlite: 完成
[2026-03-30 22:01:07] aiothreads: 完成
[2026-03-30 22:01:08] alabaster: 完成
[2026-03-30 22:01:13] alembic: 完成
[2026-03-30 22:01:14] algorithms: 完成
[2026-03-30 22:01:19] altair: 完成
[2026-03-30 22:01:20] amplitude-analytics: 完成
[2026-03-30 22:01:22] amqp: 完成
[2026-03-30 22:01:24] aniso8601: 完成
[2026-03-30 22:01:25] annotated-doc: 完成
[2026-03-30 22:01:27] annotated-types: 完成
[2026-03-30 22:01:51] antlr4-python3-runtime: 完成
[2026-03-30 22:01:53] anyascii: 完成
[2026-03-30 22:01:54] anyio: 完成
[2026-03-30 22:01:56] anytree: 完成
[2026-03-30 22:03:00] apache-libcloud: 完成
[2026-03-30 22:03:02] appdirs: 完成
[2026-03-30 22:03:05] apprise: 完成
[2026-03-30 22:03:06] argcomplete: 完成
[2026-03-30 22:03:11] argo-models: 完成
[2026-03-30 22:03:13] argon2-cffi: 完成
[2026-03-30 22:03:15] argon2-cffi-bindings: 完成
[2026-03-30 22:03:17] argparse: 完成
[2026-03-30 22:03:18] args: 完成
[2026-03-30 22:03:21] arq: 完成
[2026-03-30 22:03:23] arrow: 完成
[2026-03-30 22:03:25] asciimatics: 完成
[2026-03-30 22:03:27] asgi-lifespan: 完成
[2026-03-30 22:03:28] asgiref: 完成
[2026-03-30 22:03:30] asn1crypto: 完成
[2026-03-30 22:03:32] asttokens: 完成
[2026-03-30 22:03:33] async-lru: 完成
[2026-03-30 22:03:35] asyncer: 完成
[2026-03-30 22:03:38] asyncpg: 完成
[2026-03-30 22:03:40] atom: 完成
[2026-03-30 22:03:42] atpublic: 完成
[2026-03-30 22:03:44] attrs: 完成
[2026-03-30 22:03:46] autocommand: 完成
[2026-03-30 22:03:48] autopep8: 完成
[2026-03-30 22:03:52] awesome-slugify: 完成
[2026-03-30 22:03:57] awscli: 完成
[2026-03-30 22:04:11] azure-core: 完成
[2026-03-30 22:04:18] babel: 完成
[2026-03-30 22:04:20] backoff: 完成
[2026-03-30 22:04:22] banal: 完成
[2026-03-30 22:04:23] bashplotlib: 完成
[2026-03-30 22:04:35] bcrypt: 完成
[2026-03-30 22:04:37] beaker: 完成
[2026-03-30 22:04:39] beartype: 完成
[2026-03-30 22:04:40] beautifulsoup4: 完成
[2026-03-30 22:04:42] bibtexparser: 完成
[2026-03-30 22:04:44] bidict: 完成
[2026-03-30 22:04:45] billiard: 完成
[2026-03-30 22:04:47] binaryornot: 完成
[2026-03-30 22:04:48] birch: 完成
[2026-03-30 22:04:51] black: 完成
[2026-03-30 22:04:53] bleach: 完成
[2026-03-30 22:04:55] blessings: 完成
[2026-03-30 22:04:56] blinker: 完成
[2026-03-30 22:04:58] boltons: 完成
[2026-03-30 22:05:16] botflow: 完成
[2026-03-30 22:05:19] boto3: 完成
[2026-03-30 22:05:22] botocore: 完成
[2026-03-30 22:05:24] bottle: 完成
[2026-03-30 22:05:34] bottleneck: 完成
[2026-03-30 22:05:35] bracex: 完成
[2026-03-30 22:05:37] build: 完成
[2026-03-30 22:05:39] bytecode: 完成
[2026-03-30 22:05:41] cachecontrol: 完成
[2026-03-30 22:05:43] cached-property: 完成
[2026-03-30 22:05:45] cachelib: 完成
[2026-03-30 22:05:46] cachetools: 完成
[2026-03-30 22:05:48] cachier: 完成
[2026-03-30 22:05:55] cadwyn: 完成
[2026-03-30 22:05:57] catalogue: 完成
[2026-03-30 22:06:00] celery: 完成
[2026-03-30 22:06:02] cerberus: 完成
[2026-03-30 22:06:03] certifi: 完成
[2026-03-30 22:06:05] cffi: 完成
[2026-03-30 22:06:09] cfgv: 完成
[2026-03-30 22:06:12] chardet: 完成
[2026-03-30 22:06:14] charset-normalizer: 完成
[2026-03-30 22:06:16] ciso8601: 完成
[2026-03-30 22:06:20] cleo: 完成
[2026-03-30 22:06:22] cleverdict: 完成
[2026-03-30 22:06:23] click: 完成
[2026-03-30 22:06:25] click-didyoumean: 完成
[2026-03-30 22:06:28] click-extra: 完成
[2026-03-30 22:06:30] click-option-group: 完成
[2026-03-30 22:06:31] click-plugins: 完成
[2026-03-30 22:06:33] click-repl: 完成
[2026-03-30 22:06:35] clint: 完成
[2026-03-30 22:06:37] cloudant: 完成
[2026-03-30 22:06:39] cloudpickle: 完成
[2026-03-30 22:06:41] cloup: 完成
[2026-03-30 22:06:42] colorama: 完成
[2026-03-30 22:06:44] colorclass: 完成
[2026-03-30 22:06:45] colored: 完成
[2026-03-30 22:06:47] colorlog: 完成
[2026-03-30 22:06:49] colout: 完成
[2026-03-30 22:06:50] comm: 完成
[2026-03-30 22:06:51] commonregex: 完成
[2026-03-30 22:06:53] configargparse: 完成
[2026-03-30 22:06:55] configobj: 完成
[2026-03-30 22:06:56] configupdater: 完成
[2026-03-30 22:06:58] constraints-txt: 完成
[2026-03-30 22:06:59] contextlib2: 完成
[2026-03-30 22:07:02] contourpy: 完成
[2026-03-30 22:07:07] cookiecutter: 完成
[2026-03-30 22:07:08] coolname: 完成
[2026-03-30 22:07:14] copier: 完成
[2026-03-30 22:07:16] crashtest: 完成
[2026-03-30 22:07:17] cron-descriptor: 完成
[2026-03-30 22:07:19] croniter: 完成
[2026-03-30 22:07:20] cronsim: 完成
[2026-03-30 22:07:29] csvkit: 完成
[2026-03-30 22:07:35] csvs-to-sqlite: 完成
[2026-03-30 22:07:37] cycler: 完成
[2026-03-30 22:07:39] cyclopts: 完成
[2026-03-30 22:07:41] cython: 完成
[2026-03-30 22:07:53] daffy: 完成
[2026-03-30 22:07:56] dask: 完成
[2026-03-30 22:07:59] databases: 完成
[2026-03-30 22:08:01] dataclasses: 完成
[2026-03-30 22:08:05] dataset: 完成
[2026-03-30 22:08:07] datasketch: 完成
[2026-03-30 22:08:09] datatest: 完成
[2026-03-30 22:08:11] datatile: 完成
[2026-03-30 22:08:14] dateparser: 完成
[2026-03-30 22:08:17] datetime: 完成
[2026-03-30 22:08:27] db-py: 完成
[2026-03-30 22:08:28] dbfread: 完成
[2026-03-30 22:08:30] debuglater: 完成
[2026-03-30 22:08:32] debugpy: 完成
[2026-03-30 22:08:33] decorator: 完成
[2026-03-30 22:08:35] decore: 完成
[2026-03-30 22:08:37] deepdiff: 完成
[2026-03-30 22:08:52] deeplake: 完成
[2026-03-30 22:08:54] deepmerge: 完成
[2026-03-30 22:08:56] defusedxml: 完成
[2026-03-30 22:08:58] deprecated: 完成
[2026-03-30 22:09:00] dialite: 完成
[2026-03-30 22:09:01] dill: 完成
[2026-03-30 22:09:03] dirty-equals: 完成
[2026-03-30 22:09:05] distlib: 完成
[2026-03-30 22:09:06] distro: 完成
[2026-03-30 22:09:08] dnspython: 完成
[2026-03-30 22:09:10] docker: 完成
[2026-03-30 22:09:12] docopt: 完成
[2026-03-30 22:09:14] docopt-ng: 完成
[2026-03-30 22:09:15] docstring-parser: 完成
[2026-03-30 22:09:17] docutils: 完成
[2026-03-30 22:09:19] donfig: 完成
[2026-03-30 22:09:21] dulwich: 完成
[2026-03-30 22:09:23] dunamai: 完成
[2026-03-30 22:09:25] durationpy: 完成
[2026-03-30 22:09:27] dynaconf: 完成
[2026-03-30 22:09:29] easyprocess: 完成
[2026-03-30 22:09:40] elastic-transport: 完成
[2026-03-30 22:09:43] elasticsearch: 完成
[2026-03-30 22:09:45] elasticsearch-dsl: 完成
[2026-03-30 22:09:47] email-validator: 完成
[2026-03-30 22:09:49] emoji: 完成
[2026-03-30 22:09:52] enaml: 完成
[2026-03-30 22:09:55] entrypoint2: 完成
[2026-03-30 22:09:56] entrypoints: 完成
[2026-03-30 22:09:58] et-xmlfile: 完成
[2026-03-30 22:09:59] everett: 完成
[2026-03-30 22:10:01] exceptiongroup: 完成
[2026-03-30 22:10:02] executing: 完成
[2026-03-30 22:10:04] extra-platforms: 完成
[2026-03-30 22:10:25] face: 完成
[2026-03-30 22:10:26] fake-useragent: 完成
[2026-03-30 22:10:28] faker: 完成
[2026-03-30 22:10:31] fakeredis: 完成
[2026-03-30 22:10:36] fastapi: 完成
[2026-03-30 22:10:43] fastapi-cli: 完成
[2026-03-30 22:10:45] fastcore: 完成
[2026-03-30 22:10:46] fastjsonschema: 完成
[2026-03-30 22:10:55] faust: 完成
[2026-03-30 22:10:56] feedparser: 完成
[2026-03-30 22:10:58] filedepot: 完成
[2026-03-30 22:10:59] filelock: 完成
[2026-03-30 22:11:01] filetype: 完成
[2026-03-30 22:11:03] findpython: 完成
[2026-03-30 22:11:05] fire: 完成
[2026-03-30 22:11:08] flask: 完成
[2026-03-30 22:11:11] flask-restful: 完成
[2026-03-30 22:11:12] flatbuffers: 完成
[2026-03-30 22:11:15] flexx: 完成
[2026-03-30 22:11:16] flupy: 完成
[2026-03-30 22:11:19] fonttools: 完成
[2026-03-30 22:11:20] fqdn: 完成
[2026-03-30 22:11:25] free-proxy: 完成
[2026-03-30 22:11:27] frozenlist: 完成
[2026-03-30 22:11:29] fs: 完成
[2026-03-30 22:11:30] fsspec: 完成
[2026-03-30 22:11:32] funcy: 完成
[2026-03-30 22:11:33] future: 完成
[2026-03-30 22:11:34] future-typing: 完成
[2026-03-30 22:11:36] futures: 完成
[2026-03-30 22:11:39] gdown: 完成
[2026-03-30 22:11:47] gin-config: 完成
[2026-03-30 22:11:50] gino: 完成
[2026-03-30 22:11:51] gitdb: 完成
[2026-03-30 22:11:53] gitpython: 完成
[2026-03-30 22:11:55] glom: 完成
[2026-03-30 22:16:55] google-crc32c: 完成
[2026-03-30 22:16:57] google-resumable-media: 完成
[2026-03-30 22:16:59] googleapis-common-protos: 完成
[2026-03-30 22:17:00] graphviz: 完成
[2026-03-30 22:17:08] greenback: 完成
[2026-03-30 22:17:09] greenlet: 完成
[2026-03-30 22:17:12] griffe: 完成
[2026-03-30 22:17:13] griffecli: 完成
[2026-03-30 22:17:15] griffelib: 完成
[2026-03-30 23:45:32] h11: 完成
[2026-03-30 23:45:34] h2: 完成
[2026-03-30 23:45:36] happybase: 完成
[2026-03-30 23:45:44] hiredis: 完成
[2026-03-30 23:45:46] holidays: 完成
[2026-03-30 23:45:48] hpack: 完成
[2026-03-30 23:45:50] html5lib: 完成
[2026-03-30 23:45:52] httpcore: 完成
[2026-03-30 23:45:54] httplib2: 完成
[2026-03-30 23:45:56] httptools: 完成
[2026-03-30 23:46:00] httpx: 完成
[2026-03-30 23:46:21] hub: 完成
[2026-03-30 23:46:23] huey: 完成
[2026-03-30 23:46:24] humanize: 完成
[2026-03-30 23:46:27] humbug: 完成
[2026-03-30 23:46:28] hyperframe: 完成
[2026-03-30 23:46:32] ibis-framework: 完成
[2026-03-30 23:46:33] id: 完成
[2026-03-30 23:46:36] identify: 完成
[2026-03-30 23:46:37] idna: 完成
[2026-03-30 23:46:40] ijson: 完成
[2026-03-30 23:46:41] imagesize: 完成
[2026-03-30 23:46:43] immutables: 完成
[2026-03-30 23:46:45] importlib-metadata: 完成
[2026-03-30 23:46:47] importlib-resources: 完成
[2026-03-30 23:46:49] inflect: 完成
[2026-03-30 23:46:51] inflection: 完成
[2026-03-30 23:46:54] influxdb: 完成
[2026-03-30 23:46:56] installer: 完成
[2026-03-30 23:46:58] intake: 完成
[2026-03-30 23:47:00] interchange: 完成
[2026-03-30 23:47:02] invoke: 完成
[2026-03-30 23:47:07] ipdb: 完成
[2026-03-30 23:47:15] ipykernel: 完成
[2026-03-30 23:47:18] ipython: 完成
[2026-03-30 23:47:20] ipython-genutils: 完成
[2026-03-30 23:47:22] ipython-pygments-lexers: 完成
[2026-03-30 23:47:26] ipywidgets: 完成
[2026-03-30 23:47:27] iso8601: 完成
[2026-03-30 23:47:29] isodate: 完成
[2026-03-30 23:47:30] isoduration: 完成
[2026-03-30 23:47:32] itsdangerous: 完成
[2026-03-30 23:47:33] janus: 完成
[2026-03-30 23:47:35] jaraco-classes: 完成
[2026-03-30 23:47:37] jaraco-context: 完成
[2026-03-30 23:47:38] jaraco-functools: 完成
[2026-03-30 23:47:40] jedi: 完成
[2026-03-30 23:47:41] jeepney: 完成
[2026-03-30 23:47:43] jinja2: 完成
[2026-03-30 23:47:45] jinja2-ansible-filters: 完成
[2026-03-30 23:47:47] jinja2-humanize-extension: 完成
[2026-03-30 23:47:49] jmespath: 完成
[2026-03-30 23:47:50] joblib: 完成
[2026-03-30 23:47:52] json-table-schema: 完成
[2026-03-30 23:47:53] json5: 完成
[2026-03-30 23:47:55] jsonlines: 完成
[2026-03-30 23:47:57] jsonpatch: 完成
[2026-03-30 23:47:58] jsonpickle: 完成
[2026-03-30 23:48:00] jsonpointer: 完成
[2026-03-30 23:48:05] jsonref: 完成
[2026-03-30 23:48:07] jsonschema: 完成
[2026-03-30 23:48:10] jsonschema-specifications: 完成
[2026-03-30 23:48:29] jupyter: 完成
[2026-03-30 23:48:32] jupyter-client: 完成
[2026-03-30 23:48:38] jupyter-console: 完成
[2026-03-30 23:48:40] jupyter-core: 完成
[2026-03-30 23:48:45] jupyter-events: 完成
[2026-03-30 23:48:54] jupyter-lsp: 完成
[2026-03-30 23:49:06] jupyter-server: 完成
[2026-03-30 23:49:08] jupyter-server-terminals: 完成
[2026-03-30 23:49:23] jupyterlab: 完成
[2026-03-30 23:49:25] jupyterlab-pygments: 完成
[2026-03-30 23:49:36] jupyterlab-server: 完成
[2026-03-30 23:49:38] jupyterlab-widgets: 完成
[2026-03-30 23:49:42] jupytext: 完成
[2026-03-30 23:49:44] kafka-python: 完成
[2026-03-30 23:49:51] kedro: 完成
[2026-03-30 23:49:58] kedro-telemetry: 完成
[2026-03-30 23:50:00] keyboard: 完成
[2026-03-30 23:50:02] keyring: 完成
[2026-03-30 23:50:11] kfp-pipeline-spec: 完成
[2026-03-30 23:50:13] kfp-server-api: 完成
[2026-03-30 23:50:15] kivy-garden: 完成
[2026-03-30 23:50:17] kiwisolver: 完成
[2026-03-30 23:50:19] kombu: 完成
[2026-03-30 23:50:56] kubernetes: 完成
[2026-03-30 23:50:58] lark: 完成
[2026-03-30 23:50:59] lazy-import: 完成
[2026-03-30 23:51:01] lazy-object-proxy: 完成
[2026-03-30 23:51:05] lazydata: 完成
[2026-03-30 23:51:07] leather: 完成
[2026-03-30 23:51:09] libcst: 完成
[2026-03-30 23:51:10] linear-tsv: 完成
[2026-03-30 23:51:12] linkify-it-py: 完成
[2026-03-30 23:51:13] lml: 完成
[2026-03-30 23:51:15] locket: 完成
[2026-03-30 23:51:16] lockfile: 完成
[2026-03-30 23:51:19] luigi: 完成
[2026-03-30 23:51:21] lupa: 完成
[2026-03-30 23:51:23] lxml: 完成
[2026-03-30 23:51:25] lz4: 完成
[2026-03-30 23:51:26] mako: 完成
[2026-03-30 23:51:32] mara-db: 完成
[2026-03-30 23:51:34] mara-page: 完成
[2026-03-30 23:51:40] mara-pipelines: 完成
[2026-03-30 23:51:42] markdown: 完成
[2026-03-30 23:51:43] markdown-it-py: 完成
[2026-03-30 23:51:45] markupsafe: 完成
[2026-03-30 23:51:47] marshmallow: 完成
[2026-03-30 23:51:52] matplotlib: 完成
[2026-03-30 23:51:54] matplotlib-inline: 完成
[2026-03-30 23:51:56] maturin: 完成
[2026-03-30 23:51:58] mdit-py-plugins: 完成
[2026-03-30 23:51:59] mdurl: 完成
[2026-03-30 23:52:03] messytables: 完成
[2026-03-30 23:52:05] methodtools: 完成
[2026-03-30 23:52:08] meza: 完成
[2026-03-30 23:52:10] mezmorize: 完成
[2026-03-30 23:52:12] millify: 完成
[2026-03-30 23:52:16] minio: 完成
[2026-03-30 23:52:17] mistune: 完成
[2026-03-30 23:52:21] mleap: 完成
[2026-03-30 23:52:24] mo-dots: 完成
[2026-03-30 23:52:25] mo-future: 完成
[2026-03-30 23:52:27] mo-imports: 完成
[2026-03-30 23:52:29] mo-kwargs: 完成
[2026-03-30 23:52:31] mo-logs: 完成
[2026-03-30 23:52:32] mode: 完成
[2026-03-30 23:52:37] modin: 完成
[2026-03-30 23:52:41] mongo-connector: 完成
[2026-03-30 23:52:44] mongoengine: 完成
[2026-03-30 23:52:45] monotonic: 完成
[2026-03-30 23:52:47] more-itertools: 完成
[2026-03-30 23:52:49] motor: 完成
[2026-03-30 23:52:52] moz-sql-parser: 完成
[2026-03-30 23:52:53] mpmath: 完成
[2026-03-30 23:52:55] mrjob: 完成
[2026-03-30 23:52:56] msgpack: 完成
[2026-03-30 23:52:59] msgpack-numpy: 完成
[2026-03-30 23:53:01] msgspec: 完成
[2026-03-30 23:53:02] mss: 完成
[2026-03-30 23:53:04] multidict: 完成
[2026-03-30 23:53:06] multimethod: 完成
[2026-03-30 23:53:07] multiprocess: 完成
[2026-03-30 23:53:09] munch: 完成
[2026-03-30 23:53:10] mypy-extensions: 完成
[2026-03-30 23:53:12] narwhals: 完成
[2026-03-30 23:53:14] natsort: 完成
[2026-03-30 23:53:26] nbclassic: 完成
[2026-03-30 23:53:30] nbclient: 完成
[2026-03-30 23:53:37] nbconvert: 完成
[2026-03-30 23:53:40] nbformat: 完成
[2026-03-30 23:53:42] neo4j-driver: 完成
[2026-03-30 23:53:43] nest-asyncio: 完成
[2026-03-30 23:53:55] networkx: 完成
[2026-03-30 23:53:57] nh3: 完成
[2026-03-30 23:53:59] nodeenv: 完成
[2026-03-30 23:54:14] notebook: 完成
[2026-03-30 23:54:23] notebook-shim: 完成
[2026-03-30 23:54:25] ntc-templates: 完成
[2026-03-30 23:54:36] numcodecs: 完成
[2026-03-30 23:54:39] numexpr: 完成
[2026-03-30 23:54:41] numpy: 完成
[2026-03-30 23:54:43] numpy-groupies: 完成
[2026-03-30 23:54:44] oauthlib: 完成
[2026-03-30 23:54:49] odmantic: 完成
[2026-03-30 23:54:51] olefile: 完成
[2026-03-30 23:54:53] omegaconf: 完成
[2026-03-30 23:55:03] onecite: 完成
[2026-03-31 00:05:10] openpyxl: 完成
[2026-03-31 00:05:12] opentelemetry-api: 完成
[2026-03-31 00:48:51] opentelemetry-exporter-otlp-proto-common: 完成
[2026-03-31 01:33:09] opentelemetry-exporter-otlp-proto-http: 完成
[2026-03-31 01:33:12] opentelemetry-instrumentation: 完成
[2026-03-31 01:33:16] opentelemetry-instrumentation-grpc: 完成
[2026-03-31 01:33:18] opentelemetry-proto: 完成
[2026-03-31 01:33:20] opentelemetry-sdk: 完成
[2026-03-31 01:33:23] opentelemetry-semantic-conventions: 完成
[2026-03-31 01:33:24] opentracing: 完成
[2026-03-31 01:33:26] ordered-set: 完成
[2026-03-31 01:33:27] orderly-set: 完成
[2026-03-31 01:33:30] orjson: 完成
[2026-03-31 01:33:32] outcome: 完成
[2026-03-31 01:33:33] packaging: 完成
[2026-03-31 01:33:35] pampy: 完成
[2026-03-31 01:33:53] pandarallel: 完成
[2026-03-31 01:33:56] pandas: 完成
[2026-03-31 01:34:01] pandas-datareader: 完成
[2026-03-31 01:34:12] pandas-summary: 完成
[2026-03-31 01:34:16] pandasql: 完成
[2026-03-31 01:34:22] pandera: 完成
[2026-03-31 01:34:23] pandocfilters: 完成
[2026-03-31 01:34:26] pansi: 完成
[2026-03-31 01:34:33] papermill: 完成
[2026-03-31 01:34:35] param: 完成
[2026-03-31 01:34:41] parse: 完成
[2026-03-31 01:34:43] parsedatetime: 完成
[2026-03-31 01:34:44] parso: 完成
[2026-03-31 01:34:46] parsy: 完成
[2026-03-31 01:34:48] partd: 完成
[2026-03-31 01:34:50] path: 完成
[2026-03-31 01:34:51] pathlib: 完成
[2026-03-31 01:34:53] pathlib-abc: 完成
[2026-03-31 01:34:55] pathlib2: 完成
[2026-03-31 01:34:57] pathos: 完成
[2026-03-31 01:34:58] pathspec: 完成
[2026-03-31 01:35:00] pbs-installer: 完成
[2026-03-31 01:35:02] pdfminer: 完成
[2026-03-31 01:35:07] pdpipe: 完成
[2026-03-31 01:35:09] peewee: 完成
[2026-03-31 01:35:11] pegen: 完成
[2026-03-31 01:35:13] pendulum: 完成
[2026-03-31 01:35:15] petl: 完成
[2026-03-31 01:35:16] pexpect: 完成
[2026-03-31 01:35:19] phonenumbers: 完成
[2026-03-31 01:35:25] piccolo: 完成
[2026-03-31 01:35:28] pickledb: 完成
[2026-03-31 01:35:30] pillow: 完成
[2026-03-31 01:35:31] pinject: 完成
[2026-03-31 01:35:33] pkginfo: 完成
[2026-03-31 01:35:35] platformdirs: 完成
[2026-03-31 01:35:56] ploomber: 完成
[2026-03-31 01:35:59] ploomber-core: 完成
[2026-03-31 01:36:08] ploomber-engine: 完成
[2026-03-31 01:36:12] ploomber-extension: 完成
[2026-03-31 01:36:13] ploomber-scaffold: 完成
[2026-03-31 01:36:15] pluggy: 完成
[2026-03-31 01:36:16] pluginbase: 完成
[2026-03-31 01:36:18] plumbum: 完成
[2026-03-31 01:36:19] ply: 完成
[2026-03-31 01:36:29] poetry: 完成
[2026-03-31 01:36:30] poetry-core: 完成
[2026-03-31 01:36:32] pony: 完成
[2026-03-31 01:36:34] portalocker: 完成
[2026-03-31 01:36:36] posthog: 完成
[2026-03-31 01:36:38] powerline-shell: 完成
[2026-03-31 01:36:40] pox: 完成
[2026-03-31 01:36:41] ppft: 完成
[2026-03-31 01:36:44] pre-commit: 完成
[2026-03-31 01:36:53] prettytable: 完成
[2026-03-31 01:36:54] price-parser: 完成
[2026-03-31 01:37:00] prisma: 完成
[2026-03-31 01:37:01] prometheus-client: 完成
[2026-03-31 01:37:03] prompt-toolkit: 完成
[2026-03-31 01:37:05] propcache: 完成
[2026-03-31 01:37:07] proto-plus: 完成
[2026-03-31 01:37:09] protobuf: 完成
[2026-03-31 01:37:10] pscript: 完成
[2026-03-31 01:37:12] psutil: 完成
[2026-03-31 01:37:13] psycopg2: 完成
[2026-03-31 01:37:15] psycopg2-binary: 完成
[2026-03-31 01:37:17] ptyprocess: 完成
[2026-03-31 01:37:20] pugsql: 完成
