========================================
开始更新: 2026-09-12 13:02:33
========================================
[2026-09-12 13:03:39] ipykernel: 完成
[2026-09-12 13:04:39] ipython: 完成
[2026-09-12 13:05:39] ipywidgets: 完成
[2026-09-12 13:07:40] jupyter: 完成
[2026-09-12 13:08:40] jupyter-console: 完成
[2026-09-12 13:10:41] jupyterlab: 完成
[2026-09-12 13:20:43] matplotlib-inline: 完成
[2026-09-12 13:21:43] maturin: 完成
[2026-09-12 13:22:43] mdit-py-plugins: 完成
[2026-09-12 13:23:43] mdurl: 完成
[2026-09-12 13:24:44] messytables: 完成
[2026-09-12 13:25:44] methodtools: 完成
[2026-09-12 13:26:44] meza: 完成
[2026-09-12 13:27:44] mezmorize: 完成
[2026-09-12 13:28:44] millify: 完成
[2026-09-12 13:29:45] minio: 完成
[2026-09-12 13:30:45] mistune: 完成
[2026-09-12 13:42:48] mo-dots: 完成
[2026-09-12 13:43:49] mo-future: 完成
[2026-09-12 13:44:49] mo-imports: 完成
[2026-09-12 13:45:49] mo-kwargs: 完成
[2026-09-12 13:46:49] mo-logs: 完成
[2026-09-12 13:47:49] mode: 完成
[2026-09-12 13:48:50] mongo-connector: 完成
[2026-09-12 13:49:50] mongoengine: 完成
[2026-09-12 13:50:50] monotonic: 完成
[2026-09-12 13:51:50] more-itertools: 完成
[2026-09-12 13:52:51] motor: 完成
[2026-09-12 13:53:51] moz-sql-parser: 完成
[2026-09-12 13:54:51] mpmath: 完成
[2026-09-12 13:55:51] mrjob: 完成
[2026-09-12 13:56:51] msgpack: 完成
[2026-09-12 13:57:52] msgpack-numpy: 完成
[2026-09-12 13:58:52] msgspec: 完成
[2026-09-12 13:59:53] mss: 完成
[2026-09-12 14:00:53] multidict: 完成
[2026-09-12 14:01:53] multimethod: 完成
[2026-09-12 14:02:53] multiprocess: 完成
[2026-09-12 14:03:53] munch: 完成
[2026-09-12 14:04:54] mypy-extensions: 完成
[2026-09-12 14:05:54] narwhals: 完成
[2026-09-12 14:06:54] natsort: 完成
[2026-09-12 14:08:54] nbclient: 完成
[2026-09-12 14:10:55] nbconvert: 完成
[2026-09-12 14:11:55] nbformat: 完成
[2026-09-12 14:12:55] neo4j-driver: 完成
[2026-09-12 14:13:55] nest-asyncio: 完成
[2026-09-12 14:14:56] nest-asyncio2: 完成
[2026-09-12 14:17:56] netmiko: 完成
[2026-09-12 14:18:56] networkx: 完成
[2026-09-12 14:21:57] nh3: 完成
[2026-09-12 14:22:57] nodeenv: 完成
[2026-09-12 14:24:58] notebook: 完成
[2026-09-12 14:26:58] notebook-shim: 完成
[2026-09-12 14:27:58] ntc-templates: 完成
[2026-09-12 14:32:59] numcodecs: 完成
[2026-09-12 14:33:59] numexpr: 完成
[2026-09-12 14:35:00] numpy: 完成
[2026-09-12 14:36:00] numpy-groupies: 完成
[2026-09-12 14:37:00] oauthlib: 完成
[暂停] 电量 79%，状态 DISCHARGING
