========================================
[2026-07-21 11:14:25] a2wsgi: 完成
[2026-07-21 11:14:26] addict: 完成
[2026-07-21 11:14:28] agate: 完成
[2026-07-21 11:14:31] agate-dbf: 完成
[2026-07-21 11:14:33] agate-excel: 完成
[2026-07-21 11:14:38] agate-sql: 完成
[2026-07-21 11:14:46] aioboto3: 完成
[2026-07-21 11:14:53] aiobotocore: 完成
[2026-07-21 11:14:54] aiocache: 完成
[2026-07-21 11:14:56] aiofiles: 完成
[2026-07-21 11:14:57] aiohappyeyeballs: 完成
[2026-07-21 11:15:02] aiohttp: 完成
[2026-07-21 11:15:07] aiohttp-cors: 完成
[2026-07-21 11:15:08] aioitertools: 完成
[2026-07-21 11:15:10] aiomisc: 完成
[2026-07-21 11:16:09] aioprometheus: 完成
[2026-07-21 11:16:11] aiosignal: 完成
[2026-07-21 11:16:13] aiosmtplib: 完成
[2026-07-21 11:16:15] aiosqlite: 完成
[2026-07-21 11:16:17] aiothreads: 完成
[2026-07-21 11:16:18] alabaster: 完成
[2026-07-21 11:16:22] alembic: 完成
[2026-07-21 11:16:24] algorithms: 完成
