========================================
[2026-05-06 21:50:34] a2wsgi: 完成
[2026-05-06 21:50:35] addict: 完成
[2026-05-06 21:50:37] agate: 完成
[2026-05-06 21:50:40] agate-dbf: 完成
[2026-05-06 21:50:42] agate-excel: 完成
[2026-05-06 21:50:46] agate-sql: 完成
[2026-05-06 21:50:56] aioboto3: 完成
[2026-05-06 21:51:03] aiobotocore: 完成
[2026-05-06 21:51:05] aiocache: 完成
[2026-05-06 21:51:06] aiofiles: 完成
[2026-05-06 21:51:08] aiohappyeyeballs: 完成
[2026-05-06 21:51:13] aiohttp: 完成
[2026-05-06 21:51:19] aiohttp-cors: 完成
[2026-05-06 21:51:20] aioitertools: 完成
[2026-05-06 21:51:22] aiomisc: 完成
[2026-05-06 21:51:24] aioprometheus: 完成
[2026-05-06 21:51:26] aiosignal: 完成
[2026-05-06 21:51:28] aiosmtplib: 完成
[2026-05-06 21:51:29] aiosqlite: 完成
[2026-05-06 21:51:30] aiothreads: 完成
[2026-05-06 21:51:32] alabaster: 完成
[2026-05-06 21:51:43] alembic: 完成
[2026-05-06 21:51:44] algorithms: 完成
[2026-05-06 21:54:24] altair: 完成
[2026-05-06 21:54:26] amplitude-analytics: 完成
[2026-05-06 21:54:27] amqp: 完成
[2026-05-06 21:54:29] aniso8601: 完成
[2026-05-06 21:54:30] annotated-doc: 完成
[2026-05-06 21:54:32] annotated-types: 完成
[2026-05-06 21:59:11] ansible: 完成
[2026-05-06 21:59:28] ansible-core: 完成
[2026-05-06 21:59:36] antlr4-python3-runtime: 完成
[2026-05-06 21:59:44] anyascii: 完成
[2026-05-06 21:59:53] anyio: 完成
[2026-05-06 22:00:05] anytree: 完成
[2026-05-06 22:04:17] apache-libcloud: 完成
[2026-05-06 22:04:19] appdirs: 完成
[2026-05-06 22:04:23] apprise: 完成
[2026-05-06 22:04:24] argcomplete: 完成
[2026-05-06 22:04:33] argo-models: 完成
[2026-05-06 22:04:44] argon2-cffi: 完成
[2026-05-06 22:04:46] argon2-cffi-bindings: 完成
[2026-05-06 22:04:47] argparse: 完成
[2026-05-06 22:04:54] args: 完成
[2026-05-06 22:05:04] arq: 完成
[2026-05-06 22:09:04] arraykit: 完成
[2026-05-06 22:09:07] arrow: 完成
[2026-05-06 22:09:52] asciimatics: 完成
[2026-05-06 22:09:54] asgi-lifespan: 完成
[2026-05-06 22:09:55] asgiref: 完成
[2026-05-06 22:09:57] asn1crypto: 完成
[2026-05-06 22:09:59] asttokens: 完成
[2026-05-06 22:10:00] async-lru: 完成
[2026-05-06 22:10:02] asyncer: 完成
[2026-05-06 22:10:53] asyncpg: 完成
[2026-05-06 22:11:51] atom: 完成
[2026-05-06 22:11:53] atpublic: 完成
[2026-05-06 22:11:55] attrs: 完成
[2026-05-06 22:11:56] autocommand: 完成
[2026-05-06 22:11:59] autopep8: 完成
[2026-05-06 22:12:17] awesome-slugify: 完成
[2026-05-06 22:12:25] awscli: 完成
[2026-05-06 22:17:00] azure-core: 完成
[2026-05-06 22:17:04] azure-storage-blob: 完成
[2026-05-06 22:17:06] babel: 完成
[2026-05-06 22:17:08] backoff: 完成
[2026-05-06 22:17:10] banal: 完成
[2026-05-06 22:17:17] bashplotlib: 完成
[2026-05-06 22:38:35] bcrypt: 完成
[2026-05-06 22:38:43] beaker: 完成
[2026-05-06 22:38:45] beartype: 完成
[2026-05-06 22:38:48] beautifulsoup4: 完成
[2026-05-06 22:38:57] bibtexparser: 完成
[2026-05-06 22:38:59] bidict: 完成
[2026-05-06 22:39:01] billiard: 完成
[2026-05-06 22:39:03] binaryornot: 完成
[2026-05-06 22:39:05] birch: 完成
[2026-05-06 22:39:09] black: 完成
[2026-05-06 22:39:11] bleach: 完成
[2026-05-06 22:39:13] blessings: 完成
[2026-05-06 22:39:15] blinker: 完成
[2026-05-06 22:39:17] boltons: 完成
[2026-05-06 22:40:49] botflow: 完成
[2026-05-06 22:40:58] boto3: 完成
[2026-05-06 22:41:01] botocore: 完成
[2026-05-06 22:41:03] bottle: 完成
[2026-05-06 22:45:15] bottleneck: 完成
[2026-05-06 22:45:17] bracex: 完成
[2026-05-06 22:45:19] build: 完成
[2026-05-06 22:45:21] bytecode: 完成
[2026-05-06 22:45:35] cachecontrol: 完成
[2026-05-06 22:45:36] cached-property: 完成
[2026-05-06 22:45:38] cachelib: 完成
[2026-05-06 22:45:40] cachetools: 完成
[2026-05-06 22:45:50] cachier: 完成
[2026-05-06 22:52:09] cadwyn: 完成
[2026-05-06 22:52:11] catalogue: 完成
[2026-05-06 22:52:16] celery: 完成
[2026-05-06 22:52:17] cerberus: 完成
[2026-05-06 22:52:19] certifi: 完成
[2026-05-06 22:52:21] cffi: 完成
[2026-05-06 22:52:23] cfgv: 完成
[2026-05-06 22:52:25] chardet: 完成
[2026-05-06 22:52:26] charset-normalizer: 完成
[2026-05-06 22:52:36] ciso8601: 完成
[2026-05-06 22:58:07] cleo: 完成
[2026-05-06 22:58:20] cleverdict: 完成
[2026-05-06 22:58:22] click: 完成
[2026-05-06 22:58:27] click-didyoumean: 完成
[2026-05-06 22:58:32] click-extra: 完成
[2026-05-06 22:58:34] click-option-group: 完成
[2026-05-06 22:58:37] click-plugins: 完成
[2026-05-06 22:58:40] click-repl: 完成
[2026-05-06 22:58:50] clint: 完成
[2026-05-06 22:58:54] cloudant: 完成
[2026-05-06 22:58:56] cloudpickle: 完成
[2026-05-06 22:58:58] cloup: 完成
[2026-05-06 22:59:01] colorama: 完成
[2026-05-06 22:59:03] colorclass: 完成
[2026-05-06 22:59:05] colored: 完成
[2026-05-06 22:59:07] colorlog: 完成
[2026-05-06 22:59:14] colout: 完成
[2026-05-06 22:59:16] comm: 完成
[2026-05-06 22:59:26] commonregex: 完成
[2026-05-06 22:59:30] configargparse: 完成
[2026-05-06 22:59:32] configobj: 完成
[2026-05-06 22:59:34] configupdater: 完成
[2026-05-06 22:59:37] constraints-txt: 完成
[2026-05-06 22:59:39] contextlib2: 完成
[2026-05-06 23:01:52] contourpy: 完成
[2026-05-06 23:01:59] cookiecutter: 完成
[2026-05-06 23:02:01] coolname: 完成
[2026-05-06 23:02:11] copier: 完成
[2026-05-06 23:02:13] crashtest: 完成
[2026-05-06 23:02:15] cron-descriptor: 完成
[2026-05-06 23:02:17] croniter: 完成
[2026-05-06 23:02:20] cronsim: 完成
[2026-05-06 23:02:24] cryptography: 完成
[2026-05-06 23:02:32] csvkit: 完成
[2026-05-06 23:02:49] csvs-to-sqlite: 完成
[2026-05-06 23:02:53] cycler: 完成
[2026-05-06 23:02:58] cyclopts: 完成
[2026-05-06 23:03:02] cython: 完成
[2026-05-06 23:08:09] daffy: 完成
[2026-05-06 23:08:14] dask: 完成
[2026-05-06 23:08:18] databases: 完成
[2026-05-06 23:08:20] dataclasses: 完成
[2026-05-06 23:08:25] dataset: 完成
[2026-05-06 23:08:29] datasketch: 完成
[2026-05-06 23:08:32] datatest: 完成
[2026-05-06 23:08:34] datatile: 完成
[2026-05-06 23:08:39] dateparser: 完成
[2026-05-06 23:08:42] datetime: 完成
[2026-05-06 23:19:01] db-py: 完成
[2026-05-06 23:19:03] dbfread: 完成
[2026-05-06 23:19:06] debuglater: 完成
[2026-05-06 23:19:09] debugpy: 完成
[2026-05-06 23:19:11] decorator: 完成
[2026-05-06 23:19:13] decore: 完成
[2026-05-06 23:19:16] deepdiff: 完成
[2026-05-06 23:21:04] deeplake: 完成
[2026-05-06 23:21:08] deepmerge: 完成
[2026-05-06 23:21:10] defusedxml: 完成
[2026-05-06 23:21:13] deprecated: 完成
[2026-05-06 23:21:15] dialite: 完成
[2026-05-06 23:21:17] dill: 完成
[2026-05-06 23:21:19] dirty-equals: 完成
[2026-05-06 23:21:21] distlib: 完成
[2026-05-06 23:21:23] distro: 完成
[2026-05-06 23:21:25] dnspython: 完成
[2026-05-06 23:21:28] docker: 完成
[2026-05-06 23:21:37] docopt: 完成
[2026-05-06 23:21:39] docopt-ng: 完成
[2026-05-06 23:21:41] docstring-parser: 完成
[2026-05-06 23:21:43] docutils: 完成
[2026-05-06 23:21:45] donfig: 完成
[2026-05-06 23:21:49] dulwich: 完成
[2026-05-06 23:21:51] dunamai: 完成
[2026-05-06 23:21:53] durationpy: 完成
[2026-05-06 23:21:55] dynaconf: 完成
[2026-05-06 23:21:57] easyprocess: 完成
[2026-05-06 23:25:55] elastic-transport: 完成
[2026-05-06 23:26:00] elasticsearch: 完成
[2026-05-06 23:26:03] elasticsearch-dsl: 完成
[2026-05-06 23:26:05] email-validator: 完成
[2026-05-06 23:26:07] emoji: 完成
[2026-05-06 23:27:41] enaml: 完成
[2026-05-06 23:27:43] entrypoint2: 完成
[2026-05-06 23:27:45] entrypoints: 完成
[2026-05-06 23:27:47] et-xmlfile: 完成
[2026-05-06 23:27:49] everett: 完成
[2026-05-06 23:27:51] exceptiongroup: 完成
[2026-05-06 23:27:54] executing: 完成
[2026-05-06 23:27:55] extra-platforms: 完成
[2026-05-06 23:33:39] fabric: 完成
[2026-05-06 23:33:44] fabric39: 完成
[2026-05-06 23:33:57] fabtools: 完成
[2026-05-06 23:34:00] face: 完成
[2026-05-06 23:34:02] fake-useragent: 完成
[2026-05-06 23:34:04] faker: 完成
[2026-05-06 23:34:07] fakeredis: 完成
[2026-05-06 23:34:13] fastapi: 完成
[2026-05-06 23:38:21] fastapi-cli: 完成
[2026-05-06 23:38:25] fastcore: 完成
[2026-05-06 23:38:26] fastjsonschema: 完成
[2026-05-06 23:38:42] faust: 完成
[2026-05-06 23:38:50] feedparser: 完成
[2026-05-06 23:39:00] filedepot: 完成
[2026-05-06 23:39:02] filelock: 完成
[2026-05-06 23:39:04] filetype: 完成
[2026-05-06 23:39:06] findpython: 完成
[2026-05-06 23:39:08] fire: 完成
[2026-05-06 23:39:11] flask: 完成
[2026-05-06 23:39:14] flask-restful: 完成
[2026-05-06 23:39:16] flatbuffers: 完成
[2026-05-06 23:39:18] flexx: 完成
[2026-05-06 23:39:20] flupy: 完成
[2026-05-06 23:39:23] fonttools: 完成
[2026-05-06 23:39:25] fqdn: 完成
[2026-05-06 23:39:35] free-proxy: 完成
[2026-05-06 23:39:37] frozenlist: 完成
[2026-05-06 23:39:40] fs: 完成
[2026-05-06 23:39:42] fsspec: 完成
[2026-05-06 23:39:44] funcy: 完成
[2026-05-06 23:39:46] future: 完成
[2026-05-06 23:39:47] future-typing: 完成
[2026-05-06 23:39:55] futures: 完成
[2026-05-06 23:39:59] gdown: 完成
[2026-05-06 23:43:28] gin-config: 完成
[2026-05-06 23:43:43] gino: 完成
[2026-05-06 23:43:45] gitdb: 完成
[2026-05-06 23:43:47] gitpython: 完成
[2026-05-06 23:43:50] glom: 完成
[2026-05-06 23:44:03] google-api-core: 完成
[2026-05-06 23:44:15] google-api-python-client: 完成
[2026-05-06 23:44:18] google-auth: 完成
[2026-05-06 23:44:22] google-auth-httplib2: 完成
[2026-05-06 23:44:28] google-auth-oauthlib: 完成
[2026-05-06 23:45:13] google-cloud-core: 完成
[2026-05-06 23:45:20] google-cloud-storage: 完成
[2026-05-06 23:45:22] google-crc32c: 完成
[2026-05-06 23:45:24] google-resumable-media: 完成
[2026-05-06 23:45:26] googleapis-common-protos: 完成
[2026-05-06 23:45:28] graphviz: 完成
[2026-05-06 23:45:46] great-expectations: 完成
[2026-05-06 23:45:49] greenback: 完成
[2026-05-06 23:45:51] greenlet: 完成
[2026-05-06 23:45:54] griffe: 完成
[2026-05-06 23:45:55] griffecli: 完成
[2026-05-06 23:45:57] griffelib: 完成
[2026-05-06 23:47:36] gsheetsdb: 完成
[2026-05-06 23:47:37] h11: 完成
[2026-05-06 23:47:40] h2: 完成
[2026-05-06 23:48:10] happybase: 完成
[2026-05-06 23:48:31] hiredis: 完成
[2026-05-06 23:48:34] holidays: 完成
[2026-05-06 23:48:37] hpack: 完成
[2026-05-06 23:48:39] html5lib: 完成
[2026-05-06 23:48:42] httpcore: 完成
[2026-05-06 23:48:43] httplib2: 完成
[2026-05-06 23:48:45] httptools: 完成
[2026-05-06 23:48:48] httpx: 完成
[2026-05-06 23:49:05] hub: 完成
[2026-05-06 23:49:07] huey: 完成
[2026-05-06 23:49:09] humanize: 完成
[2026-05-06 23:49:12] humbug: 完成
[2026-05-06 23:49:13] hyperframe: 完成
[2026-05-06 23:49:19] ibis-framework: 完成
[2026-05-06 23:49:21] id: 完成
[2026-05-06 23:49:24] identify: 完成
[2026-05-06 23:49:25] idna: 完成
[2026-05-06 23:49:36] ijson: 完成
[2026-05-06 23:49:37] imagesize: 完成
[2026-05-06 23:49:49] immutables: 完成
[2026-05-06 23:49:51] importlib-metadata: 完成
[2026-05-06 23:49:53] importlib-resources: 完成
[2026-05-06 23:49:55] inflect: 完成
[2026-05-06 23:49:57] inflection: 完成
[2026-05-06 23:50:01] influxdb: 完成
[2026-05-06 23:50:03] installer: 完成
[2026-05-06 23:50:06] intake: 完成
[2026-05-06 23:50:08] interchange: 完成
[2026-05-06 23:50:10] invoke: 完成
[2026-05-06 23:50:39] ipython-genutils: 完成
[2026-05-06 23:50:41] ipython-pygments-lexers: 完成
[2026-05-06 23:50:52] iso8601: 完成
[2026-05-06 23:50:54] isodate: 完成
[2026-05-06 23:50:57] isoduration: 完成
[2026-05-06 23:50:59] itsdangerous: 完成
[2026-05-06 23:51:01] janus: 完成
[2026-05-06 23:51:03] jaraco-classes: 完成
[2026-05-06 23:51:04] jaraco-context: 完成
[2026-05-06 23:51:06] jaraco-functools: 完成
[2026-05-06 23:51:08] jedi: 完成
[2026-05-06 23:51:10] jeepney: 完成
[2026-05-06 23:51:12] jinja2: 完成
[2026-05-06 23:51:15] jinja2-ansible-filters: 完成
[2026-05-06 23:51:17] jinja2-humanize-extension: 完成
[2026-05-06 23:51:19] jmespath: 完成
[2026-05-06 23:51:21] joblib: 完成
[2026-05-06 23:51:29] json-table-schema: 完成
[2026-05-06 23:51:32] json5: 完成
[2026-05-06 23:51:34] jsonlines: 完成
[2026-05-06 23:51:37] jsonpatch: 完成
[2026-05-06 23:51:39] jsonpickle: 完成
[2026-05-06 23:51:41] jsonpointer: 完成
[2026-05-06 23:51:43] jsonref: 完成
[2026-05-06 23:51:46] jsonschema: 完成
[2026-05-06 23:51:49] jsonschema-specifications: 完成
[2026-05-06 23:52:12] jupyter-client: 完成
[2026-05-06 23:52:25] jupyter-core: 完成
[2026-05-06 23:52:31] jupyter-events: 完成
[2026-05-06 23:52:42] jupyter-lsp: 完成
[2026-05-06 23:52:55] jupyter-server: 完成
[2026-05-06 23:52:57] jupyter-server-terminals: 完成
[2026-05-06 23:53:15] jupyterlab-pygments: 完成
[2026-05-06 23:53:28] jupyterlab-server: 完成
[2026-05-06 23:53:29] jupyterlab-widgets: 完成
[2026-05-06 23:53:34] jupytext: 完成
[2026-05-06 23:53:38] kafka-python: 完成
[2026-05-06 23:53:52] kedro: 完成
[2026-05-06 23:54:01] kedro-telemetry: 完成
[2026-05-06 23:54:03] keyboard: 完成
[2026-05-06 23:54:07] keyring: 完成
[2026-05-06 23:54:25] kfp: 完成
[2026-05-06 23:54:28] kfp-pipeline-spec: 完成
[2026-05-06 23:54:31] kfp-server-api: 完成
[2026-05-06 23:54:34] kivy-garden: 完成
[2026-05-06 23:54:37] kiwisolver: 完成
[2026-05-06 23:54:40] kombu: 完成
[2026-05-06 23:54:57] kubernetes: 完成
[2026-05-06 23:54:59] lark: 完成
[2026-05-06 23:55:08] lazy-import: 完成
[2026-05-06 23:55:20] lazy-object-proxy: 完成
[2026-05-06 23:55:25] lazydata: 完成
[2026-05-06 23:55:28] leather: 完成
[2026-05-06 23:55:30] libcst: 完成
[2026-05-06 23:55:38] linear-tsv: 完成
[2026-05-06 23:55:40] linkify-it-py: 完成
[2026-05-06 23:55:42] lml: 完成
[2026-05-06 23:55:44] locket: 完成
[2026-05-06 23:55:46] lockfile: 完成
[2026-05-06 23:55:48] luigi: 完成
[2026-05-06 23:59:50] lxml: 完成
[2026-05-06 23:59:52] lz4: 完成
[2026-05-06 23:59:54] mako: 完成
[2026-05-07 00:00:25] mara-db: 完成
[2026-05-07 00:00:28] mara-page: 完成
[2026-05-07 00:00:39] markdown: 完成
[2026-05-07 00:00:41] markdown-it-py: 完成
[2026-05-07 00:00:43] markupsafe: 完成
[2026-05-07 00:00:45] marshmallow: 完成
[2026-05-07 00:05:29] matplotlib: 完成
[2026-05-07 00:05:31] matplotlib-inline: 完成
[2026-05-07 00:05:34] maturin: 完成
[2026-05-07 00:05:36] mdit-py-plugins: 完成
[2026-05-07 00:05:38] mdurl: 完成
[2026-05-07 00:05:50] messytables: 完成
[2026-05-07 00:05:52] methodtools: 完成
[2026-05-07 00:06:10] meza: 完成
[2026-05-07 00:06:13] mezmorize: 完成
[2026-05-07 00:06:21] millify: 完成
[2026-05-07 00:07:03] minio: 完成
[2026-05-07 00:07:04] mistune: 完成
[2026-05-07 00:51:30] mleap: 完成
[2026-05-07 00:51:34] mo-dots: 完成
[2026-05-07 00:51:36] mo-future: 完成
[2026-05-07 00:51:39] mo-imports: 完成
[2026-05-07 00:51:41] mo-kwargs: 完成
[2026-05-07 00:51:43] mo-logs: 完成
[2026-05-07 00:51:46] mode: 完成
[2026-05-07 00:52:20] mongo-connector: 完成
[2026-05-07 00:52:25] mongoengine: 完成
[2026-05-07 00:52:27] monotonic: 完成
[2026-05-07 00:52:29] more-itertools: 完成
[2026-05-07 00:52:33] motor: 完成
[2026-05-07 00:52:35] moz-sql-parser: 完成
[2026-05-07 00:52:37] mpmath: 完成
[2026-05-07 00:52:39] mrjob: 完成
[2026-05-07 00:52:41] msgpack: 完成
[2026-05-07 00:52:45] msgpack-numpy: 完成
[2026-05-07 00:53:01] msgspec: 完成
[2026-05-07 00:53:03] mss: 完成
[2026-05-07 00:53:06] multidict: 完成
[2026-05-07 00:53:08] multimethod: 完成
[2026-05-07 00:53:11] multiprocess: 完成
[2026-05-07 00:53:13] munch: 完成
[2026-05-07 00:53:15] mypy-extensions: 完成
[2026-05-07 00:53:17] narwhals: 完成
[2026-05-07 00:53:20] natsort: 完成
[2026-05-07 00:53:49] nbclient: 完成
[2026-05-07 00:53:57] nbconvert: 完成
[2026-05-07 00:54:03] nbformat: 完成
[2026-05-07 00:54:06] neo4j-driver: 完成
[2026-05-07 00:54:08] nest-asyncio: 完成
[2026-05-07 00:54:14] netmiko: 完成
[2026-05-07 00:54:16] networkx: 完成
[2026-05-07 00:56:42] nh3: 完成
[2026-05-07 00:56:46] nodeenv: 完成
[2026-05-07 00:57:14] notebook-shim: 完成
[2026-05-07 00:57:16] ntc-templates: 完成
[2026-05-07 00:59:53] numcodecs: 完成
[2026-05-07 01:00:23] numexpr: 完成
[2026-05-07 01:00:25] numpy: 完成
[2026-05-07 01:00:28] numpy-groupies: 完成
[2026-05-07 01:00:30] oauthlib: 完成
[2026-05-07 01:00:38] odmantic: 完成
[2026-05-07 01:00:39] olefile: 完成
[2026-05-07 01:00:41] omegaconf: 完成
[2026-05-07 01:00:48] onecite: 完成
[2026-05-07 01:18:52] openpyxl: 完成
[2026-05-07 01:18:55] opentelemetry-api: 完成
[2026-05-07 01:19:24] opentelemetry-exporter-otlp-proto-common: 完成
[2026-05-07 01:19:52] opentelemetry-exporter-otlp-proto-http: 完成
[2026-05-07 01:19:56] opentelemetry-instrumentation: 完成
[2026-05-07 01:20:01] opentelemetry-instrumentation-grpc: 完成
[2026-05-07 01:20:03] opentelemetry-proto: 完成
[2026-05-07 01:20:05] opentelemetry-sdk: 完成
[2026-05-07 01:20:08] opentelemetry-semantic-conventions: 完成
[2026-05-07 01:20:16] opentracing: 完成
[2026-05-07 01:20:18] ordered-set: 完成
[2026-05-07 01:20:21] orderly-set: 完成
[2026-05-07 01:20:40] outcome: 完成
[2026-05-07 01:20:42] packaging: 完成
[2026-05-07 01:20:44] pampy: 完成
[2026-05-07 01:21:22] pandas: 完成
[2026-05-07 01:21:27] pandas-datareader: 完成
[2026-05-07 01:21:50] pandas-summary: 完成
[2026-05-07 01:22:02] pandasql: 完成
[2026-05-07 01:22:07] pandera: 完成
[2026-05-07 01:22:09] pandocfilters: 完成
[2026-05-07 01:22:11] pansi: 完成
[2026-05-07 01:22:18] papermill: 完成
[2026-05-07 01:22:21] param: 完成
[2026-05-07 01:22:25] paramiko: 完成
[2026-05-07 01:22:26] parse: 完成
[2026-05-07 01:22:28] parsedatetime: 完成
[2026-05-07 01:22:30] parso: 完成
[2026-05-07 01:22:33] parsy: 完成
[2026-05-07 01:22:35] partd: 完成
[2026-05-07 01:22:38] path: 完成
[2026-05-07 01:22:40] pathlib: 完成
[2026-05-07 01:22:42] pathlib-abc: 完成
[2026-05-07 01:22:45] pathlib2: 完成
[2026-05-07 01:22:47] pathos: 完成
[2026-05-07 01:22:49] pathspec: 完成
[2026-05-07 01:22:52] pbs-installer: 完成
[2026-05-07 01:23:44] pdfminer: 完成
[2026-05-07 01:23:49] pdpipe: 完成
[2026-05-07 01:23:51] peewee: 完成
[2026-05-07 01:23:53] pegen: 完成
[2026-05-07 01:23:55] pendulum: 完成
[2026-05-07 01:23:57] petl: 完成
[2026-05-07 01:23:59] pexpect: 完成
[2026-05-07 01:24:02] phonenumbers: 完成
[2026-05-07 01:24:10] piccolo: 完成
[2026-05-07 01:24:24] pillow: 完成
[2026-05-07 01:24:25] pinject: 完成
[2026-05-07 01:24:27] pkginfo: 完成
[2026-05-07 01:24:29] platformdirs: 完成
[2026-05-07 01:24:51] ploomber-core: 完成
[2026-05-07 01:25:06] ploomber-extension: 完成
[2026-05-07 01:25:08] ploomber-scaffold: 完成
[2026-05-07 01:25:09] pluggy: 完成
[2026-05-07 01:25:18] pluginbase: 完成
[2026-05-07 01:25:19] plumbum: 完成
[2026-05-07 01:25:21] ply: 完成
[2026-05-07 01:25:34] poetry: 完成
[2026-05-07 01:25:35] poetry-core: 完成
[2026-05-07 01:25:37] pony: 完成
[2026-05-07 01:25:39] portalocker: 完成
[2026-05-07 01:25:42] posthog: 完成
[2026-05-07 01:25:44] powerline-shell: 完成
[2026-05-07 01:25:46] pox: 完成
[2026-05-07 01:25:48] ppft: 完成
[2026-05-07 01:25:52] pre-commit: 完成
[2026-05-07 01:29:39] prettytable: 完成
[2026-05-07 01:29:42] price-parser: 完成
[2026-05-07 01:29:49] prisma: 完成
[2026-05-07 01:29:50] prometheus-client: 完成
[2026-05-07 01:29:52] prompt-toolkit: 完成
[2026-05-07 01:29:54] propcache: 完成
[2026-05-07 01:29:57] proto-plus: 完成
[2026-05-07 01:29:59] protobuf: 完成
[2026-05-07 01:30:01] pscript: 完成
[2026-05-07 01:30:33] psycopg2: 完成
[2026-05-07 01:30:34] psycopg2-binary: 完成
[2026-05-07 01:30:36] ptyprocess: 完成
[2026-05-07 01:30:40] pugsql: 完成
[2026-05-07 01:31:12] pure-eval: 完成
[2026-05-07 01:31:14] py-key-value-aio: 完成
[2026-05-07 01:31:16] py-lru-cache: 完成
[2026-05-07 01:31:20] py2neo: 完成
[2026-05-07 01:31:22] py4j: 完成
[2026-05-07 01:31:31] pyahocorasick: 完成
[2026-05-07 01:31:33] pyasn1: 完成
[2026-05-07 01:31:36] pyasn1-modules: 完成
[2026-05-07 01:31:38] pybars3: 完成
[2026-05-07 01:31:40] pycodestyle: 完成
[2026-05-07 01:31:42] pycparser: 完成
[2026-05-07 01:31:43] pycryptodome: 完成
[2026-05-07 01:32:20] pycryptodomex: 完成
[2026-05-07 01:32:26] pydantic: 完成
[2026-05-07 01:32:30] pydantic-core: 完成
[2026-05-07 01:32:36] pydantic-extra-types: 完成
[2026-05-07 01:32:41] pydantic-settings: 完成
[2026-05-07 01:32:46] pydata-google-auth: 完成
[2026-05-07 01:32:51] pydocket: 完成
[2026-05-07 01:32:53] pyexcel-io: 完成
[2026-05-07 01:32:56] pyexcel-xlsx: 完成
[2026-05-07 01:32:57] pyfiglet: 完成
[2026-05-07 01:32:59] pyflakes: 完成
[2026-05-07 01:33:02] pyfunctional: 完成
[2026-05-07 01:34:41] pygame: 完成
[2026-05-07 01:34:44] pygments: 完成
[2026-05-07 01:34:46] pygogo: 完成
[2026-05-07 01:34:55] pygsheets: 完成
[2026-05-07 01:34:57] pygtrie: 完成
[2026-05-07 01:35:05] pyhdb: 完成
[2026-05-07 01:39:11] pyjwt: 完成
[2026-05-07 01:39:13] pymeta3: 完成
[2026-05-07 01:39:29] pymodm: 完成
[2026-05-07 01:39:32] pymongo: 完成
[2026-05-07 01:39:34] pympler: 完成
[2026-05-07 01:39:37] pymysql: 完成
[2026-05-07 01:39:44] pynacl: 完成
[2026-05-07 01:39:49] pynamodb: 完成
[2026-05-07 01:39:50] pyparsing: 完成
[2026-05-07 01:40:00] pypattyrn: 完成
[2026-05-07 01:40:09] pypeln: 完成
[2026-05-07 01:40:11] pypika: 完成
[2026-05-07 01:40:13] pypika-tortoise: 完成
[2026-05-07 01:40:15] pyproject-hooks: 完成
[2026-05-07 01:40:19] pypyr: 完成
[2026-05-07 01:40:21] pyrsistent: 完成
[2026-05-07 01:40:25] pyscaffold: 完成
[2026-05-07 01:40:27] pyscreenshot: 完成
[2026-05-07 01:40:29] pyserial: 完成
[2026-05-07 01:41:11] pysimdjson: 完成
[2026-05-07 01:41:14] pysimplegui: 完成
[2026-05-07 01:41:16] pysocks: 完成
[2026-05-07 01:41:32] pysolr: 完成
[2026-05-07 01:41:42] pysparkling: 完成
[2026-05-07 01:41:45] pystorm: 完成
[2026-05-07 01:41:49] python-benedict: 完成
[2026-05-07 01:41:51] python-box: 完成
[2026-05-07 01:41:53] python-daemon: 完成
[2026-05-07 01:41:55] python-dateutil: 完成
[2026-05-07 01:41:57] python-decouple: 完成
[2026-05-07 01:41:59] python-discovery: 完成
[2026-05-07 01:42:01] python-dotenv: 完成
[2026-05-07 01:42:03] python-fsutil: 完成
[2026-05-07 01:42:05] python-json-logger: 完成
[2026-05-07 01:42:07] python-magic: 完成
[2026-05-07 01:42:09] python-multipart: 完成
[2026-05-07 01:42:27] python-rapidjson: 完成
[2026-05-07 01:42:29] python-slugify: 完成
[2026-05-07 01:42:31] pythondialog: 完成
[2026-05-07 01:42:33] pytimeparse: 完成
[2026-05-07 01:42:35] pytokens: 完成
[2026-05-07 01:42:37] pytz: 完成
[2026-05-07 01:42:40] pyyaml: 完成
[2026-05-07 01:42:41] pyyaml-ft: 完成
[2026-05-07 01:42:44] pyzmq: 完成
[2026-05-07 01:42:46] quantile-python: 完成
[2026-05-07 01:42:55] queries: 完成
[2026-05-07 01:42:57] questionary: 完成
[2026-05-07 01:43:02] rapidfuzz: 完成
[2026-05-07 01:43:08] rasgoql: 完成
[2026-05-07 01:43:11] rasgotransforms: 完成
[2026-05-07 01:43:19] ratelimit: 完成
[2026-05-07 01:43:21] readchar: 完成
[2026-05-07 01:43:23] readme-renderer: 完成
[2026-05-07 01:43:27] records: 完成
[2026-05-07 01:43:29] redis: 完成
[2026-05-07 01:43:31] redis-py-cluster: 完成
[2026-05-07 01:43:34] referencing: 完成
[2026-05-07 01:43:37] regex: 完成
[2026-05-07 01:43:40] requests: 完成
[2026-05-07 01:43:43] requests-oauthlib: 完成
[2026-05-07 01:43:47] requests-toolbelt: 完成
[2026-05-07 01:43:49] resolvelib: 完成
[2026-05-07 01:43:51] retrying: 完成
[2026-05-07 01:43:53] returns: 完成
[2026-05-07 01:43:56] rfc3339-validator: 完成
[2026-05-07 01:43:58] rfc3986: 完成
[2026-05-07 01:44:00] rfc3986-validator: 完成
[2026-05-07 01:44:02] rfc3987-syntax: 完成
[2026-05-07 01:44:05] rich: 完成
[2026-05-07 01:44:08] rich-argparse: 完成
[2026-05-07 01:44:11] rich-rst: 完成
[2026-05-07 01:44:14] rich-toolkit: 完成
[2026-05-07 01:44:22] riko: 完成
[2026-05-07 01:44:25] robinhood-aiokafka: 完成
[2026-05-07 01:44:28] roman-numerals: 完成
[2026-05-07 01:44:37] rows: 完成
[2026-05-07 01:44:42] rpds-py: 完成
[2026-05-07 01:44:45] rq: 完成
[2026-05-07 01:44:47] rsa: 完成
[2026-05-07 01:46:34] rtoml: 完成
[2026-05-07 01:46:38] ruamel-yaml: 完成
[2026-05-07 01:46:40] ruamel-yaml-clib: 完成
[2026-05-07 01:46:49] s3fs: 完成
[2026-05-07 01:46:53] s3transfer: 完成
[2026-05-07 01:47:01] scandir: 完成
[2026-05-07 01:47:03] schedule: 完成
[2026-05-07 01:47:05] schema: 完成
[2026-05-07 01:47:07] schematics: 完成
[2026-05-07 01:47:19] scholarly: 完成
[2026-05-07 01:47:24] scikit-learn: 完成
[2026-05-07 01:47:27] scipy: 完成
[2026-05-07 01:47:31] scp: 完成
[2026-05-07 01:47:38] seaborn: 完成
[2026-05-07 01:47:43] secretstorage: 完成
[2026-05-07 01:47:48] selenium: 完成
[2026-05-07 01:47:50] semver: 完成
[2026-05-07 01:47:53] send2trash: 完成
[2026-05-07 01:48:06] setproctitle: 完成
[2026-05-07 01:48:08] setuptools: 完成
[2026-05-07 01:48:11] setuptools-scm: 完成
[2026-05-07 01:48:13] sgmllib3k: 完成
[2026-05-07 01:48:15] sh: 完成
[2026-05-07 01:48:17] shellingham: 完成
[2026-05-07 01:48:19] simplejson: 完成
[2026-05-07 01:48:30] singer-python: 完成
[2026-05-07 01:48:32] six: 完成
[2026-05-07 01:48:34] skutil: 完成
[2026-05-07 01:48:37] smart-open: 完成
[2026-05-07 01:48:39] smmap: 完成
[2026-05-07 01:48:42] sniffio: 完成
[2026-05-07 01:48:44] snowballstemmer: 完成
[2026-05-07 01:48:48] sortedcontainers: 完成
[2026-05-07 01:48:50] soupsieve: 完成
[2026-05-07 01:48:57] sphinx: 完成
[2026-05-07 01:49:03] sphinx-rtd-theme: 完成
[2026-05-07 01:49:05] sphinxcontrib-applehelp: 完成
[2026-05-07 01:49:07] sphinxcontrib-devhelp: 完成
[2026-05-07 01:49:09] sphinxcontrib-htmlhelp: 完成
[2026-05-07 01:49:13] sphinxcontrib-jquery: 完成
[2026-05-07 01:49:16] sphinxcontrib-jsmath: 完成
[2026-05-07 01:49:18] sphinxcontrib-qthelp: 完成
[2026-05-07 01:49:20] sphinxcontrib-serializinghtml: 完成
[2026-05-07 01:49:23] sqlalchemy: 完成
[2026-05-07 01:49:27] sqlalchemy-jsonfield: 完成
[2026-05-07 01:49:31] sqlalchemy-utils: 完成
[2026-05-07 01:49:33] sqlglot: 完成
[2026-05-07 01:49:41] sqlitedict: 完成
[2026-05-07 01:49:48] sqlmodel: 完成
[2026-05-07 01:49:50] sqlparse: 完成
[2026-05-07 01:50:01] squirrel-core: 完成
[2026-05-07 01:50:34] srsly: 完成
[2026-05-07 01:50:38] sshtunnel: 完成
[2026-05-07 01:50:40] stack-data: 完成
[2026-05-07 01:50:42] starlette: 完成
[2026-05-07 01:50:47] static-frame: 完成
[2026-05-07 01:50:48] stopit: 完成
[2026-05-07 01:50:58] storm: 完成
[2026-05-07 01:51:00] strct: 完成
[2026-05-07 01:51:10] streamparse: 完成
[2026-05-07 01:51:12] strictyaml: 完成
[2026-05-07 01:51:14] structlog: 完成
[2026-05-07 01:51:17] supervisor: 完成
[2026-05-07 01:51:19] svcs: 完成
[2026-05-07 01:51:36] sympy: 完成
[2026-05-07 01:51:38] tablib: 完成
[2026-05-07 01:51:40] tabulate: 完成
[2026-05-07 01:51:50] tabulator: 完成
[2026-05-07 01:51:52] targ: 完成
[2026-05-07 01:52:02] tasktiger: 完成
[2026-05-07 01:52:04] tenacity: 完成
[2026-05-07 01:52:07] termcolor: 完成
[2026-05-07 01:52:10] terminado: 完成
[2026-05-07 01:52:12] terminaltables: 完成
[2026-05-07 01:52:15] text-unidecode: 完成
[2026-05-07 01:52:17] textfsm: 完成
[2026-05-07 01:52:19] texttable: 完成
[2026-05-07 01:52:22] thefuzz: 完成
[2026-05-07 01:52:24] threadpoolctl: 完成
[2026-05-07 01:52:26] thriftpy2: 完成
[2026-05-07 01:52:28] tinycss2: 完成
[2026-05-07 01:52:30] tinydb: 完成
[2026-05-07 01:52:33] toga: 完成
[2026-05-07 01:52:35] toga-android: 完成
[2026-05-07 01:52:37] toga-core: 完成
[2026-05-07 01:52:39] toml: 完成
[2026-05-07 01:52:41] tomli: 完成
[2026-05-07 01:52:43] tomli-w: 完成
[2026-05-07 01:52:45] tomlkit: 完成
[2026-05-07 01:52:46] toolz: 完成
[2026-05-07 01:52:49] tornado: 完成
[2026-05-07 01:52:52] tortoise-orm: 完成
[2026-05-07 01:52:53] tqdm: 完成
[2026-05-07 01:52:55] traceml: 完成
[2026-05-07 01:52:57] traitlets: 完成
[2026-05-07 01:52:59] transitions: 完成
[2026-05-07 01:53:00] travertino: 完成
[2026-05-07 01:53:03] trio: 完成
[2026-05-07 01:53:06] trio-websocket: 完成
[2026-05-07 01:53:08] trove-classifiers: 完成
[2026-05-07 01:53:14] twine: 完成
[2026-05-07 01:53:16] typeguard: 完成
[2026-05-07 01:53:19] typer: 完成
[2026-05-07 01:53:21] types-python-dateutil: 完成
[2026-05-07 01:53:24] typical: 完成
[2026-05-07 01:53:33] typing: 完成
[2026-05-07 01:53:35] typing-extensions: 完成
[2026-05-07 01:53:37] typing-inspect: 完成
[2026-05-07 01:53:39] typing-inspection: 完成
[2026-05-07 01:53:42] tzdata: 完成
[2026-05-07 01:53:44] tzlocal: 完成
[2026-05-07 01:53:47] ubelt: 完成
[2026-05-07 01:53:48] uc-micro-py: 完成
[2026-05-07 01:54:10] ujson: 完成
[2026-05-07 01:54:15] umongo: 完成
[2026-05-07 01:54:17] uncalled-for: 完成
[2026-05-07 01:54:19] unicodecsv: 完成
[2026-05-07 01:54:21] unidecode: 完成
[2026-05-07 01:54:29] unipath: 完成
[2026-05-07 01:54:32] universal-pathlib: 完成
[2026-05-07 01:54:34] uri-template: 完成
[2026-05-07 01:54:36] uritemplate: 完成
[2026-05-07 01:54:39] urllib3: 完成
[2026-05-07 01:54:41] useful-types: 完成
[2026-05-07 01:54:43] uuid6: 完成
[2026-05-07 01:54:46] uvicorn: 完成
[2026-05-07 01:54:49] uvloop: 完成
[2026-05-07 01:54:50] validators: 完成
[2026-05-07 01:54:59] valideer: 完成
[2026-05-07 01:55:15] validr: 完成
[2026-05-07 01:55:17] vcs-versioning: 完成
[2026-05-07 01:55:19] venusian: 完成
[2026-05-07 01:55:21] vine: 完成
[2026-05-07 01:55:23] virtualenv: 完成
[2026-05-07 01:55:25] voluptuous: 完成
[2026-05-07 01:55:27] watchdog: 完成
[2026-05-07 01:55:29] watchfiles: 完成
[2026-05-07 01:55:31] wcmatch: 完成
[2026-05-07 01:55:33] wcwidth: 完成
[2026-05-07 01:55:34] webcolors: 完成
[2026-05-07 01:55:36] webencodings: 完成
[2026-05-07 01:55:38] webruntime: 完成
[2026-05-07 01:55:40] websocket-client: 完成
[2026-05-07 01:55:42] websockets: 完成
[2026-05-07 01:55:46] werkzeug: 完成
[2026-05-07 01:55:48] whenever: 完成
[2026-05-07 01:55:50] widgetsnbextension: 完成
[2026-05-07 01:55:52] wirerope: 完成
[2026-05-07 01:55:54] wrapt: 完成
[2026-05-07 01:55:57] wsproto: 完成
[2026-05-07 01:56:08] wssh: 完成
[2026-05-07 01:56:12] xarray: 完成
[2026-05-07 01:56:14] xlrd: 完成
[2026-05-07 01:56:16] xlsxwriter: 完成
[2026-05-07 01:56:20] xlwings: 完成
[2026-05-07 01:56:23] xmltodict: 完成
[2026-05-07 01:56:27] yarl: 完成
[2026-05-07 01:56:32] zarr: 完成
[2026-05-07 01:56:44] zipp: 完成
[2026-05-07 01:56:46] zope-event: 完成
[2026-05-07 01:56:48] zope-interface: 完成
[2026-05-07 01:57:39] zstandard: 完成
