========================================
开始更新: 2026-09-12 22:19:42
========================================
[2026-09-12 23:17:16] opentelemetry-exporter-otlp-proto-common: 完成
[2026-09-13 00:11:57] opentelemetry-exporter-otlp-proto-http: 完成
[2026-09-13 00:12:57] opentelemetry-instrumentation: 完成
[2026-09-13 00:13:57] opentelemetry-instrumentation-grpc: 完成
[2026-09-13 00:14:57] opentelemetry-proto: 完成
[2026-09-13 00:15:58] opentelemetry-sdk: 完成
[2026-09-13 00:16:58] opentelemetry-semantic-conventions: 完成
[2026-09-13 00:17:58] opentracing: 完成
[2026-09-13 00:18:58] ordered-set: 完成
[2026-09-13 00:19:59] orderly-set: 完成
[2026-09-13 00:21:59] orjson: 完成
[2026-09-13 00:22:59] outcome: 完成
[2026-09-13 00:23:59] packaging: 完成
[2026-09-13 00:25:00] pampy: 完成
[2026-09-13 00:44:07] pandarallel: 完成
[2026-09-13 00:45:07] pandas: 完成
[2026-09-13 00:46:07] pandas-datareader: 完成
[2026-09-13 01:38:26] pandas-summary: 完成
[2026-09-13 01:39:27] pandasql: 完成
[2026-09-13 01:47:28] pandera: 完成
[2026-09-13 01:48:28] pandocfilters: 完成
[2026-09-13 01:49:29] pansi: 完成
[2026-09-13 01:51:29] papermill: 完成
[2026-09-13 01:52:29] param: 完成
[2026-09-13 01:56:30] paramiko: 完成
[2026-09-13 01:57:30] parse: 完成
[2026-09-13 01:58:31] parsedatetime: 完成
[2026-09-13 01:59:31] parso: 完成
[2026-09-13 02:00:31] parsy: 完成
[2026-09-13 02:01:31] partd: 完成
[2026-09-13 02:02:32] path: 完成
[2026-09-13 02:03:32] pathlib: 完成
[2026-09-13 02:04:32] pathlib-abc: 完成
[2026-09-13 02:05:32] pathlib2: 完成
[2026-09-13 02:06:33] pathos: 完成
[2026-09-13 02:07:33] pathspec: 完成
[2026-09-13 02:08:33] pbs-installer: 完成
[2026-09-13 02:09:33] pdfminer: 完成
[2026-09-13 02:10:34] pdpipe: 完成
[2026-09-13 02:11:34] peewee: 完成
[2026-09-13 02:12:34] pegen: 完成
[2026-09-13 02:13:34] pendulum: 完成
[2026-09-13 02:14:35] petl: 完成
[2026-09-13 02:15:35] pexpect: 完成
[2026-09-13 02:16:35] phonenumbers: 完成
[2026-09-13 02:24:37] piccolo: 完成
[2026-09-13 02:25:37] pickledb: 完成
[2026-09-13 02:26:37] pillow: 完成
[2026-09-13 02:27:38] pinject: 完成
[2026-09-13 02:28:38] pkginfo: 完成
[2026-09-13 02:29:38] platformdirs: 完成
[2026-09-13 02:30:39] ploomber-core: 完成
[2026-09-13 02:31:39] ploomber-extension: 完成
[2026-09-13 02:32:39] ploomber-scaffold: 完成
[2026-09-13 02:33:39] pluggy: 完成
[2026-09-13 02:34:40] pluginbase: 完成
[2026-09-13 02:35:40] plumbum: 完成
[2026-09-13 02:36:40] ply: 完成
[2026-09-13 02:37:40] poetry: 完成
[2026-09-13 02:38:41] poetry-core: 完成
[2026-09-13 02:39:41] pony: 完成
[2026-09-13 02:40:41] portalocker: 完成
[2026-09-13 02:41:41] posthog: 完成
[2026-09-13 02:42:41] powerline-shell: 完成
[2026-09-13 02:43:42] pox: 完成
[2026-09-13 02:44:42] ppft: 完成
[2026-09-13 02:45:42] pre-commit: 完成
[2026-09-13 02:58:45] prettytable: 完成
[2026-09-13 02:59:45] price-parser: 完成
[2026-09-13 03:07:46] prisma: 完成
[2026-09-13 03:08:47] prometheus-client: 完成
[2026-09-13 03:09:47] prompt-toolkit: 完成
[2026-09-13 03:10:47] propcache: 完成
[2026-09-13 03:11:47] proto-plus: 完成
[2026-09-13 03:12:48] protobuf: 完成
[2026-09-13 03:13:48] pscript: 完成
[2026-09-13 03:14:48] psutil: 完成
[2026-09-13 03:15:48] psycopg2: 完成
[2026-09-13 03:16:49] psycopg2-binary: 完成
[2026-09-13 03:17:49] ptyprocess: 完成
[2026-09-13 03:18:49] pugsql: 完成
[2026-09-13 04:06:06] pure-eval: 完成
[2026-09-13 04:07:06] py-key-value-aio: 完成
[2026-09-13 04:08:06] py-lru-cache: 完成
[2026-09-13 04:09:07] py2neo: 完成
[2026-09-13 04:10:07] py4j: 完成
[2026-09-13 04:11:07] pyahocorasick: 完成
[2026-09-13 04:12:07] pyasn1: 完成
[2026-09-13 04:13:08] pyasn1-modules: 完成
[2026-09-13 04:14:08] pybars3: 完成
[2026-09-13 04:15:08] pycodestyle: 完成
[2026-09-13 04:16:08] pycparser: 完成
[2026-09-13 04:17:09] pycryptodome: 完成
[2026-09-13 04:18:09] pycryptodomex: 完成
[2026-09-13 04:25:10] pydantic: 完成
[2026-09-13 04:33:12] pydantic-core: 完成
[2026-09-13 04:40:13] pydantic-extra-types: 完成
[2026-09-13 04:47:14] pydantic-settings: 完成
[2026-09-13 04:51:15] pydata-google-auth: 完成
[2026-09-13 04:52:15] pydocket: 完成
[2026-09-13 04:53:16] pyexcel-io: 完成
[2026-09-13 04:54:16] pyexcel-xlsx: 完成
[2026-09-13 04:55:16] pyfiglet: 完成
[2026-09-13 04:56:16] pyfunctional: 完成
[暂停] 电量 79%，状态 DISCHARGING
