========================================
开始更新: 2026-10-06 15:30:52
========================================
[2026-10-06 15:35:13] mleap: 完成
[2026-10-06 15:35:18] mo-dots: 完成
[2026-10-06 15:35:23] mo-future: 完成
[2026-10-06 15:35:28] mo-imports: 完成
[2026-10-06 15:35:34] mo-kwargs: 完成
[2026-10-06 15:35:39] mo-logs: 完成
[2026-10-06 15:35:44] mode: 完成
[2026-10-06 15:36:10] mongo-connector: 完成
[2026-10-06 15:36:15] mongoengine: 完成
[2026-10-06 15:36:20] monotonic: 完成
[2026-10-06 15:36:25] more-itertools: 完成
[2026-10-06 15:36:30] motor: 完成
[2026-10-06 15:36:36] moz-sql-parser: 完成
[2026-10-06 15:36:41] mpmath: 完成
[2026-10-06 15:36:46] mrjob: 完成
[2026-10-06 15:36:51] msgpack: 完成
[2026-10-06 15:36:56] msgpack-numpy: 完成
[2026-10-06 15:37:02] msgspec: 完成
[2026-10-06 15:37:07] mss: 完成
[2026-10-06 15:37:12] multidict: 完成
[2026-10-06 15:37:17] multimethod: 完成
[2026-10-06 15:37:22] multiprocess: 完成
[2026-10-06 15:37:27] munch: 完成
[2026-10-06 15:37:33] mypy-extensions: 完成
[2026-10-06 15:37:38] narwhals: 完成
[2026-10-06 15:37:43] natsort: 完成
[2026-10-06 15:37:53] nbclient: 完成
[2026-10-06 15:38:04] nbconvert: 完成
[2026-10-06 15:38:09] nbformat: 完成
[2026-10-06 15:38:14] neo4j-driver: 完成
[2026-10-06 15:38:19] nest-asyncio: 完成
[2026-10-06 15:38:24] nest-asyncio2: 完成
[2026-10-06 15:38:35] netmiko: 完成
[2026-10-06 15:38:40] networkx: 完成
[2026-10-06 15:39:52] nh3: 完成
[2026-10-06 15:39:57] nodeenv: 完成
[2026-10-06 15:40:17] notebook: 完成
[2026-10-06 15:40:33] notebook-shim: 完成
[2026-10-06 15:40:38] ntc-templates: 完成
[2026-10-06 15:42:00] numcodecs: 完成
[2026-10-06 15:42:05] numexpr: 完成
[2026-10-06 15:42:11] numpy: 完成
[2026-10-06 15:42:16] numpy-groupies: 完成
[2026-10-06 15:42:21] oauthlib: 完成
[2026-10-06 15:42:32] odmantic: 完成
[2026-10-06 15:42:37] olefile: 完成
[2026-10-06 15:42:42] omegaconf: 完成
[2026-10-06 15:42:52] onecite: 完成
[2026-10-06 15:50:00] openpyxl: 完成
[2026-10-06 15:50:05] opentelemetry-api: 完成
[2026-10-06 15:50:15] opentelemetry-exporter-otlp: 完成
[2026-10-06 15:50:20] opentelemetry-exporter-otlp-proto-common: 完成
[2026-10-06 15:50:26] opentelemetry-exporter-otlp-proto-grpc: 完成
[2026-10-06 15:50:31] opentelemetry-exporter-otlp-proto-http: 完成
[2026-10-06 15:50:36] opentelemetry-instrumentation: 完成
[2026-10-06 15:50:41] opentelemetry-instrumentation-grpc: 完成
[2026-10-06 15:50:46] opentelemetry-proto: 完成
[2026-10-06 15:50:52] opentelemetry-sdk: 完成
[2026-10-06 15:50:57] opentelemetry-semantic-conventions: 完成
[2026-10-06 15:51:02] opentracing: 完成
[2026-10-06 15:51:07] ordered-set: 完成
[2026-10-06 15:51:12] orderly-set: 完成
[2026-10-06 15:51:18] orjson: 完成
[2026-10-06 15:51:23] outcome: 完成
[2026-10-06 15:51:28] packaging: 完成
[2026-10-06 15:51:33] pampy: 完成
[2026-10-06 15:51:54] pandarallel: 完成
[2026-10-06 15:51:59] pandas: 完成
[2026-10-06 15:52:04] pandas-datareader: 完成
[2026-10-06 15:52:40] pandas-summary: 完成
[2026-10-06 15:52:45] pandasql: 完成
[2026-10-06 15:52:56] pandera: 完成
[2026-10-06 15:53:01] pandocfilters: 完成
[2026-10-06 15:53:06] pansi: 完成
[2026-10-06 15:53:16] papermill: 完成
[2026-10-06 15:53:22] param: 完成
[2026-10-06 15:53:27] paramiko: 完成
[2026-10-06 15:53:32] parse: 完成
[2026-10-06 15:53:37] parsedatetime: 完成
[2026-10-06 15:53:42] parso: 完成
[2026-10-06 15:53:48] parsy: 完成
[2026-10-06 15:53:53] partd: 完成
[2026-10-06 15:53:58] path: 完成
[2026-10-06 15:54:03] pathlib: 完成
[2026-10-06 15:54:09] pathlib-abc: 完成
[2026-10-06 15:54:14] pathlib2: 完成
[2026-10-06 15:54:19] pathos: 完成
[2026-10-06 15:54:24] pathspec: 完成
[2026-10-06 15:54:29] pbs-installer: 完成
[2026-10-06 15:54:35] pdfminer: 完成
[2026-10-06 15:54:40] pdpipe: 完成
[2026-10-06 15:54:45] peewee: 完成
[2026-10-06 15:54:50] pegen: 完成
[2026-10-06 15:54:55] pendulum: 完成
[2026-10-06 15:55:01] petl: 完成
[2026-10-06 15:55:06] pexpect: 完成
[2026-10-06 15:55:11] phonenumbers: 完成
[2026-10-06 15:55:21] piccolo: 完成
[2026-10-06 15:55:27] pickledb: 完成
[2026-10-06 15:55:32] pillow: 完成
[2026-10-06 15:55:37] pinject: 完成
[2026-10-06 15:55:42] pkginfo: 完成
[2026-10-06 15:55:47] platformdirs: 完成
[2026-10-06 15:55:53] ploomber-core: 完成
[2026-10-06 15:55:58] ploomber-extension: 完成
[2026-10-06 15:56:03] ploomber-scaffold: 完成
[2026-10-06 15:56:08] pluggy: 完成
[2026-10-06 15:56:13] pluginbase: 完成
[2026-10-06 15:56:19] plumbum: 完成
[2026-10-06 15:56:24] ply: 完成
[2026-10-06 15:56:39] poetry: 完成
[2026-10-06 15:56:45] poetry-core: 完成
[2026-10-06 15:56:50] pony: 完成
[2026-10-06 15:56:55] portalocker: 完成
[2026-10-06 15:57:00] posthog: 完成
[2026-10-06 15:57:05] powerline-shell: 完成
[2026-10-06 15:57:10] pox: 完成
[2026-10-06 15:57:16] ppft: 完成
[2026-10-06 15:57:21] pre-commit: 完成
[2026-10-06 15:57:57] prefect: 完成
[2026-10-06 15:58:02] prettytable: 完成
[2026-10-06 15:58:07] price-parser: 完成
[2026-10-06 15:58:18] prisma: 完成
[2026-10-06 15:58:23] prometheus-client: 完成
[2026-10-06 15:58:28] prompt-toolkit: 完成
[2026-10-06 15:58:33] propcache: 完成
[2026-10-06 15:58:38] proto-plus: 完成
[2026-10-06 15:58:44] protobuf: 完成
[2026-10-06 15:58:49] pscript: 完成
[2026-10-06 15:58:54] psutil: 完成
[2026-10-06 15:58:59] psycopg2: 完成
[2026-10-06 15:59:04] psycopg2-binary: 完成
[2026-10-06 15:59:10] ptyprocess: 完成
[2026-10-06 15:59:15] pugsql: 完成
[2026-10-06 15:59:25] pulumi: 完成
[2026-10-06 15:59:30] pure-eval: 完成
[2026-10-06 15:59:36] py-key-value-aio: 完成
[2026-10-06 15:59:41] py-lru-cache: 完成
[2026-10-06 15:59:46] py2neo: 完成
[2026-10-06 15:59:51] py4j: 完成
[2026-10-06 15:59:57] pyahocorasick: 完成
[2026-10-06 16:00:02] pyasn1: 完成
[2026-10-06 16:00:07] pyasn1-modules: 完成
[2026-10-06 16:00:12] pybars3: 完成
[2026-10-06 16:00:17] pycodestyle: 完成
[2026-10-06 16:00:23] pycparser: 完成
[2026-10-06 16:00:28] pycryptodome: 完成
[2026-10-06 16:01:14] pycryptodomex: 完成
[2026-10-06 16:01:19] pydantic: 完成
[2026-10-06 16:06:25] pydantic-core: 完成
[2026-10-06 16:06:30] pydantic-extra-types: 完成
[2026-10-06 16:06:35] pydantic-settings: 完成
[2026-10-06 16:06:40] pydata-google-auth: 完成
[2026-10-06 16:06:45] pydocket: 完成
[2026-10-06 16:06:51] pyexcel-io: 完成
[2026-10-06 16:06:56] pyexcel-xlsx: 完成
[2026-10-06 16:07:01] pyfiglet: 完成
[2026-10-06 16:07:06] pyfunctional: 完成
[2026-10-06 16:07:11] pygame: 完成
[2026-10-06 16:07:17] pygments: 完成
[2026-10-06 16:07:22] pygogo: 完成
[2026-10-06 16:07:32] pygsheets: 完成
[2026-10-06 16:07:37] pygtrie: 完成
[2026-10-06 16:07:42] pyhdb: 完成
[2026-10-06 16:11:49] pyjwt: 完成
[2026-10-06 16:11:54] pylatexenc: 完成
[2026-10-06 16:11:59] pymeta3: 完成
[2026-10-06 16:12:05] pymodm: 完成
[2026-10-06 16:12:10] pymongo: 完成
[2026-10-06 16:12:15] pympler: 完成
[2026-10-06 16:12:20] pymysql: 完成
[2026-10-06 16:12:28] pynacl: 完成
[2026-10-06 16:12:33] pynamodb: 完成
[2026-10-06 16:12:38] pyparsing: 完成
[2026-10-06 16:12:43] pypattyrn: 完成
[2026-10-06 16:12:48] pypeln: 完成
[2026-10-06 16:12:54] pypika: 完成
[2026-10-06 16:12:59] pypika-tortoise: 完成
[2026-10-06 16:13:04] pyproject-hooks: 完成
[2026-10-06 16:13:09] pypyr: 完成
[2026-10-06 16:13:14] pyrsistent: 完成
[2026-10-06 16:13:19] pyscaffold: 完成
[2026-10-06 16:13:24] pyscreenshot: 完成
[2026-10-06 16:13:29] pyserial: 完成
[2026-10-06 16:13:34] pysimdjson: 完成
[2026-10-06 16:13:39] pysimplegui: 完成
[2026-10-06 16:13:44] pysocks: 完成
[2026-10-06 16:13:49] pysolr: 完成
[2026-10-06 16:13:54] pysparkling: 完成
[2026-10-06 16:14:00] pystorm: 完成
[2026-10-06 16:14:05] python-benedict: 完成
[2026-10-06 16:14:10] python-box: 完成
[2026-10-06 16:14:15] python-daemon: 完成
[2026-10-06 16:14:20] python-dateutil: 完成
[2026-10-06 16:14:25] python-decouple: 完成
[2026-10-06 16:14:30] python-discovery: 完成
[2026-10-06 16:14:36] python-dotenv: 完成
[2026-10-06 16:14:41] python-fsutil: 完成
[2026-10-06 16:14:46] python-json-logger: 完成
[2026-10-06 16:14:51] python-magic: 完成
[2026-10-06 16:14:56] python-multipart: 完成
[2026-10-06 16:15:01] python-rapidjson: 完成
[2026-10-06 16:15:06] python-slugify: 完成
[2026-10-06 16:15:11] pytimeparse: 完成
[2026-10-06 16:15:17] pytokens: 完成
[2026-10-06 16:15:22] pytz: 完成
[2026-10-06 16:15:27] pyyaml: 完成
[2026-10-06 16:15:32] pyyaml-ft: 完成
[2026-10-06 16:15:37] pyzmq: 完成
[2026-10-06 16:15:42] quantile-python: 完成
[2026-10-06 16:15:47] queries: 完成
[2026-10-06 16:15:52] questionary: 完成
[2026-10-06 16:15:58] rapidfuzz: 完成
[2026-10-06 16:16:03] rasgoql: 完成
[2026-10-06 16:16:08] rasgotransforms: 完成
[2026-10-06 16:16:13] ratelimit: 完成
[2026-10-06 16:16:18] readchar: 完成
[2026-10-06 16:16:23] readme-renderer: 完成
[2026-10-06 16:16:28] records: 完成
[2026-10-06 16:16:34] redis: 完成
[2026-10-06 16:16:39] redis-py-cluster: 完成
[2026-10-06 16:16:44] referencing: 完成
[2026-10-06 16:16:49] regex: 完成
[2026-10-06 16:16:54] requests: 完成
[2026-10-06 16:16:59] requests-oauthlib: 完成
[2026-10-06 16:17:04] requests-toolbelt: 完成
[2026-10-06 16:17:09] resolvelib: 完成
[2026-10-06 16:17:15] retrying: 完成
[2026-10-06 16:17:20] returns: 完成
[2026-10-06 16:17:25] rfc3339-validator: 完成
[2026-10-06 16:17:30] rfc3986: 完成
[2026-10-06 16:17:35] rfc3986-validator: 完成
[2026-10-06 16:17:40] rfc3987-syntax: 完成
[2026-10-06 16:17:45] rich: 完成
[2026-10-06 16:17:50] rich-argparse: 完成
[2026-10-06 16:17:55] rich-rst: 完成
[2026-10-06 16:18:01] rich-toolkit: 完成
[2026-10-06 16:18:11] riko: 完成
[2026-10-06 16:18:16] robinhood-aiokafka: 完成
[2026-10-06 16:18:21] roman-numerals: 完成
[2026-10-06 16:18:26] rows: 完成
[2026-10-06 16:18:31] rpds-py: 完成
[2026-10-06 16:18:36] rq: 完成
[2026-10-06 16:18:42] rsa: 完成
[2026-10-06 16:19:53] rtoml: 完成
[2026-10-06 16:19:58] ruamel-yaml: 完成
[2026-10-06 16:20:03] ruamel-yaml-clib: 完成
[2026-10-06 16:20:13] s3fs: 完成
[2026-10-06 16:20:18] s3transfer: 完成
[2026-10-06 16:20:23] scandir: 完成
[2026-10-06 16:20:29] schedule: 完成
[2026-10-06 16:20:34] schema: 完成
[2026-10-06 16:20:39] schematics: 完成
[2026-10-06 16:20:49] scholarly: 完成
[2026-10-06 16:20:54] scikit-learn: 完成
[2026-10-06 16:20:59] scipy: 完成
[2026-10-06 16:21:04] scp: 完成
[2026-10-06 16:21:15] seaborn: 完成
[2026-10-06 16:21:20] secretstorage: 完成
[2026-10-06 16:21:25] selenium: 完成
[2026-10-06 16:21:30] semver: 完成
[2026-10-06 16:21:35] send2trash: 完成
[2026-10-06 16:21:40] setproctitle: 完成
[2026-10-06 16:21:45] setuptools: 完成
[2026-10-06 16:21:51] setuptools-scm: 完成
[2026-10-06 16:21:56] sgmllib3k: 完成
[2026-10-06 16:22:01] sh: 完成
[2026-10-06 16:22:06] shellingham: 完成
[2026-10-06 16:22:11] simplejson: 完成
[2026-10-06 16:22:16] singer-python: 完成
[2026-10-06 16:22:21] six: 完成
[2026-10-06 16:22:26] skutil: 完成
[2026-10-06 16:22:32] smart-open: 完成
[2026-10-06 16:22:37] smmap: 完成
[2026-10-06 16:22:42] sniffio: 完成
[2026-10-06 16:22:47] snowballstemmer: 完成
[2026-10-06 16:22:52] sortedcontainers: 完成
[2026-10-06 16:22:57] soupsieve: 完成
[2026-10-06 16:23:02] sphinx: 完成
[2026-10-06 16:23:07] sphinx-rtd-theme: 完成
[2026-10-06 16:23:13] sphinxcontrib-applehelp: 完成
[2026-10-06 16:23:18] sphinxcontrib-devhelp: 完成
[2026-10-06 16:23:23] sphinxcontrib-htmlhelp: 完成
[2026-10-06 16:23:28] sphinxcontrib-jquery: 完成
[2026-10-06 16:23:33] sphinxcontrib-jsmath: 完成
[2026-10-06 16:23:38] sphinxcontrib-qthelp: 完成
[2026-10-06 16:23:43] sphinxcontrib-serializinghtml: 完成
[2026-10-06 16:23:48] sqlalchemy: 完成
[2026-10-06 16:23:54] sqlalchemy-jsonfield: 完成
[2026-10-06 16:23:59] sqlalchemy-utils: 完成
[2026-10-06 16:24:04] sqlglot: 完成
[2026-10-06 16:24:09] sqlitedict: 完成
[2026-10-06 16:24:19] sqlmodel: 完成
[2026-10-06 16:24:24] sqlparse: 完成
[2026-10-06 16:24:34] squirrel-core: 完成
[2026-10-06 16:25:05] srsly: 完成
[2026-10-06 16:25:10] sshtunnel: 完成
[2026-10-06 16:25:15] stack-data: 完成
[2026-10-06 16:25:20] starlette: 完成
[2026-10-06 16:25:25] static-frame: 完成
[2026-10-06 16:25:31] stopit: 完成
[2026-10-06 16:25:41] storm: 完成
[2026-10-06 16:25:46] strct: 完成
[2026-10-06 16:25:56] streamparse: 完成
[2026-10-06 16:26:01] strictyaml: 完成
[2026-10-06 16:26:06] structlog: 完成
[2026-10-06 16:26:12] supervisor: 完成
[2026-10-06 16:26:17] svcs: 完成
[2026-10-06 16:26:42] sympy: 完成
[2026-10-06 16:26:47] tablib: 完成
[2026-10-06 16:26:53] tabulate: 完成
[2026-10-06 16:27:03] tabulator: 完成
[2026-10-06 16:27:08] targ: 完成
[2026-10-06 16:27:18] tasktiger: 完成
[2026-10-06 16:27:23] tenacity: 完成
[2026-10-06 16:27:28] termcolor: 完成
[2026-10-06 16:27:34] terminado: 完成
[2026-10-06 16:27:39] terminaltables: 完成
[2026-10-06 16:27:44] text-unidecode: 完成
[2026-10-06 16:27:49] textfsm: 完成
[2026-10-06 16:27:54] texttable: 完成
[2026-10-06 16:27:59] thefuzz: 完成
[2026-10-06 16:28:04] threadpoolctl: 完成
[2026-10-06 16:28:09] thriftpy2: 完成
[2026-10-06 16:28:15] tinycss2: 完成
[2026-10-06 16:28:20] tinydb: 完成
[2026-10-06 16:28:25] toga: 完成
[2026-10-06 16:28:30] toga-android: 完成
[2026-10-06 16:28:35] toga-core: 完成
[2026-10-06 16:28:40] toml: 完成
[2026-10-06 16:28:45] tomli: 完成
[2026-10-06 16:28:50] tomli-w: 完成
[2026-10-06 16:28:56] tomlkit: 完成
[2026-10-06 16:29:01] toolz: 完成
[2026-10-06 16:29:06] tornado: 完成
[2026-10-06 16:29:11] tortoise-orm: 完成
[2026-10-06 16:29:16] tqdm: 完成
[2026-10-06 16:29:21] traceml: 完成
[2026-10-06 16:29:26] traitlets: 完成
[2026-10-06 16:29:31] transitions: 完成
[2026-10-06 16:29:37] travertino: 完成
[2026-10-06 16:29:42] trio: 完成
[2026-10-06 16:29:47] trio-websocket: 完成
[2026-10-06 16:29:52] trove-classifiers: 完成
[2026-10-06 16:29:57] twine: 完成
[2026-10-06 16:30:02] typeguard: 完成
[2026-10-06 16:30:07] typer: 完成
[2026-10-06 16:30:13] types-paramiko: 完成
[2026-10-06 16:30:18] types-python-dateutil: 完成
[2026-10-06 16:30:23] typical: 完成
[2026-10-06 16:30:28] typing: 完成
[2026-10-06 16:30:33] typing-extensions: 完成
[2026-10-06 16:30:38] typing-inspect: 完成
[2026-10-06 16:30:43] typing-inspection: 完成
[2026-10-06 16:30:48] tzdata: 完成
[2026-10-06 16:30:54] tzlocal: 完成
[2026-10-06 16:30:59] ubelt: 完成
[2026-10-06 16:31:04] uc-micro-py: 完成
[2026-10-06 16:31:24] ujson: 完成
[2026-10-06 16:31:29] umongo: 完成
[2026-10-06 16:31:34] uncalled-for: 完成
[2026-10-06 16:31:40] unicodecsv: 完成
[2026-10-06 16:31:45] unidecode: 完成
[2026-10-06 16:31:50] unipath: 完成
[2026-10-06 16:31:55] universal-pathlib: 完成
[2026-10-06 16:32:00] uri-template: 完成
[2026-10-06 16:32:05] uritemplate: 完成
[2026-10-06 16:32:10] urllib3: 完成
[2026-10-06 16:32:15] useful-types: 完成
[2026-10-06 16:32:20] uuid6: 完成
[2026-10-06 16:32:26] uvicorn: 完成
[2026-10-06 16:32:31] uvloop: 完成
[2026-10-06 16:32:36] validators: 完成
[2026-10-06 16:32:41] valideer: 完成
[2026-10-06 16:33:22] validr: 完成
[2026-10-06 16:33:27] vcs-versioning: 完成
[2026-10-06 16:33:32] venusian: 完成
[2026-10-06 16:33:37] vine: 完成
[2026-10-06 16:33:42] virtualenv: 完成
[2026-10-06 16:33:47] voluptuous: 完成
[2026-10-06 16:33:52] watchdog: 完成
[2026-10-06 16:33:57] watchfiles: 完成
[2026-10-06 16:34:03] wcmatch: 完成
[2026-10-06 16:34:08] wcwidth: 完成
[2026-10-06 16:34:13] webcolors: 完成
[2026-10-06 16:34:18] webencodings: 完成
[2026-10-06 16:34:23] webruntime: 完成
[2026-10-06 16:34:28] websocket-client: 完成
[2026-10-06 16:34:33] websockets: 完成
[2026-10-06 16:34:39] werkzeug: 完成
[2026-10-06 16:34:44] whenever: 完成
[2026-10-06 16:34:49] widgetsnbextension: 完成
[2026-10-06 16:34:54] wirerope: 完成
[2026-10-06 16:34:59] wrapt: 完成
[2026-10-06 16:35:04] wsproto: 完成
[2026-10-06 16:35:09] wssh: 完成
[2026-10-06 16:35:14] xarray: 完成
[2026-10-06 16:35:20] xlrd: 完成
[2026-10-06 16:35:25] xlsxwriter: 完成
[2026-10-06 16:35:30] xlwings: 完成
[2026-10-06 16:35:35] xmltodict: 完成
[2026-10-06 16:35:40] yarl: 完成
[2026-10-06 16:35:45] zarr: 完成
[2026-10-06 16:40:40] zenml: 完成
[2026-10-06 16:40:45] zipp: 完成
[2026-10-06 16:40:50] zope-event: 完成
[2026-10-06 16:40:55] zope-interface: 完成
[2026-10-06 16:42:06] zstandard: 完成
========================================
