========================================
[2026-07-21 10:47:19] a2wsgi: 完成
[2026-07-21 10:47:20] addict: 完成
[2026-07-21 10:47:24] agate: 完成
[2026-07-21 10:47:27] agate-dbf: 完成
[2026-07-21 10:47:30] agate-excel: 完成
[2026-07-21 10:47:33] agate-sql: 完成
[2026-07-21 10:47:42] aioboto3: 完成
[2026-07-21 10:47:49] aiobotocore: 完成
[2026-07-21 10:47:51] aiocache: 完成
[2026-07-21 10:47:52] aiofiles: 完成
[2026-07-21 10:47:54] aiohappyeyeballs: 完成
[2026-07-21 10:47:59] aiohttp: 完成
[2026-07-21 10:48:04] aiohttp-cors: 完成
[2026-07-21 10:48:06] aioitertools: 完成
[2026-07-21 10:48:08] aiomisc: 完成
[2026-07-21 10:49:13] aioprometheus: 完成
[2026-07-21 10:49:14] aiosignal: 完成
[2026-07-21 10:49:16] aiosmtplib: 完成
[2026-07-21 10:49:18] aiosqlite: 完成
[2026-07-21 10:49:23] aiothreads: 完成
[2026-07-21 10:49:25] alabaster: 完成
[2026-07-21 10:49:29] alembic: 完成
[2026-07-21 10:49:30] algorithms: 完成
[2026-07-21 10:50:34] altair: 完成
[2026-07-21 10:50:36] amplitude-analytics: 完成
[2026-07-21 10:50:38] amqp: 完成
[2026-07-21 10:50:39] aniso8601: 完成
[2026-07-21 10:50:41] annotated-doc: 完成
[2026-07-21 10:50:43] annotated-types: 完成
[2026-07-21 10:53:42] ansible: 完成
[2026-07-21 10:56:30] ansible-core: 完成
[2026-07-21 10:56:33] antlr4-python3-runtime: 完成
[2026-07-21 10:56:35] anyascii: 完成
[2026-07-21 10:56:38] anyio: 完成
[2026-07-21 10:56:40] anytree: 完成
