========================================
[2026-05-11 19:43:11] a2wsgi: 完成
[2026-05-11 19:43:13] addict: 完成
[2026-05-11 19:43:19] agate: 完成
[2026-05-11 19:43:21] agate-dbf: 完成
[2026-05-11 19:43:25] agate-excel: 完成
[2026-05-11 19:43:30] agate-sql: 完成
[2026-05-11 19:43:44] aioboto3: 完成
[2026-05-11 19:43:54] aiobotocore: 完成
[2026-05-11 19:43:56] aiocache: 完成
[2026-05-11 19:43:58] aiofiles: 完成
[2026-05-11 19:44:01] aiohappyeyeballs: 完成
[2026-05-11 19:44:06] aiohttp: 完成
[2026-05-11 19:44:12] aiohttp-cors: 完成
[2026-05-11 19:44:14] aioitertools: 完成
[2026-05-11 19:44:17] aiomisc: 完成
[2026-05-11 19:50:20] aiosignal: 完成
[2026-05-11 19:50:21] aiosmtplib: 完成
[2026-05-11 19:50:23] aiosqlite: 完成
[2026-05-11 19:50:25] aiothreads: 完成
[2026-05-11 19:50:27] alabaster: 完成
[2026-05-11 19:50:31] alembic: 完成
[2026-05-11 19:50:33] algorithms: 完成
[2026-05-11 19:50:37] altair: 完成
[2026-05-11 19:50:39] amplitude-analytics: 完成
[2026-05-11 19:50:41] amqp: 完成
[2026-05-11 19:50:43] aniso8601: 完成
[2026-05-11 19:50:44] annotated-doc: 完成
[2026-05-11 19:50:46] annotated-types: 完成
[2026-05-11 19:50:51] ansible: 完成
[2026-05-11 19:50:55] ansible-core: 完成
[2026-05-11 19:50:56] antlr4-python3-runtime: 完成
[2026-05-11 19:50:58] anyascii: 完成
[2026-05-11 19:51:00] anyio: 完成
[2026-05-11 19:51:01] anytree: 完成
[2026-05-11 19:54:35] apache-libcloud: 完成
[2026-05-11 19:54:36] appdirs: 完成
[2026-05-11 19:54:40] apprise: 完成
[2026-05-11 19:54:46] argcomplete: 完成
[2026-05-11 19:54:50] argo-models: 完成
[2026-05-11 19:54:52] argon2-cffi: 完成
[2026-05-11 19:54:54] argon2-cffi-bindings: 完成
[2026-05-11 19:54:56] argparse: 完成
[2026-05-11 19:54:57] args: 完成
[2026-05-11 19:55:00] arq: 完成
[2026-05-11 19:55:02] arraykit: 完成
[2026-05-11 19:55:04] arrow: 完成
[2026-05-11 19:55:07] asciimatics: 完成
[2026-05-11 19:55:09] asgi-lifespan: 完成
[2026-05-11 19:55:11] asgiref: 完成
[2026-05-11 19:55:12] asn1crypto: 完成
[2026-05-11 19:55:14] asttokens: 完成
[2026-05-11 19:55:15] async-lru: 完成
[2026-05-11 19:55:17] asyncer: 完成
[2026-05-11 19:55:19] asyncpg: 完成
[2026-05-11 19:55:21] atom: 完成
[2026-05-11 19:55:22] atpublic: 完成
[2026-05-11 19:55:24] attrs: 完成
[2026-05-11 19:55:27] autocommand: 完成
[2026-05-11 19:55:29] autopep8: 完成
[2026-05-11 19:55:31] awesome-slugify: 完成
[2026-05-11 19:55:37] awscli: 完成
[2026-05-11 19:56:04] azure-core: 完成
[2026-05-11 19:56:08] azure-storage-blob: 完成
[2026-05-11 19:56:09] babel: 完成
[2026-05-11 19:56:11] backoff: 完成
[2026-05-11 19:56:13] backports-zstd: 完成
[2026-05-11 19:56:14] banal: 完成
[2026-05-11 19:56:16] bashplotlib: 完成
[2026-05-11 19:56:27] bcrypt: 完成
[2026-05-11 19:56:29] beaker: 完成
[2026-05-11 19:56:31] beartype: 完成
[2026-05-11 19:56:33] beautifulsoup4: 完成
[2026-05-11 19:56:34] bibtexparser: 完成
[2026-05-11 19:56:36] bidict: 完成
[2026-05-11 19:56:38] billiard: 完成
[2026-05-11 19:56:40] binaryornot: 完成
[2026-05-11 19:56:41] birch: 完成
[2026-05-11 19:56:44] black: 完成
[2026-05-11 19:56:46] bleach: 完成
[2026-05-11 19:56:48] blessings: 完成
[2026-05-11 19:56:49] blinker: 完成
[2026-05-11 19:56:51] boltons: 完成
[2026-05-11 19:57:06] botflow: 完成
[2026-05-11 19:57:10] boto3: 完成
[2026-05-11 19:57:13] botocore: 完成
[2026-05-11 19:57:14] bottle: 完成
[2026-05-11 19:59:55] bottleneck: 完成
[2026-05-11 19:59:56] bracex: 完成
[2026-05-11 19:59:58] build: 完成
[2026-05-11 20:00:00] burner-redis: 完成
[2026-05-11 20:00:02] bytecode: 完成
[2026-05-11 20:00:04] cachecontrol: 完成
[2026-05-11 20:00:06] cached-property: 完成
[2026-05-11 20:00:07] cachelib: 完成
[2026-05-11 20:00:09] cachetools: 完成
[2026-05-11 20:00:12] cachier: 完成
[2026-05-11 20:00:18] cadwyn: 完成
[2026-05-11 20:00:19] catalogue: 完成
[2026-05-11 20:00:24] celery: 完成
[2026-05-11 20:00:25] cerberus: 完成
[2026-05-11 20:00:27] certifi: 完成
[2026-05-11 20:00:30] cffi: 完成
[2026-05-11 20:00:31] cfgv: 完成
[2026-05-11 20:00:33] chardet: 完成
[2026-05-11 20:00:35] charset-normalizer: 完成
[2026-05-11 20:00:36] ciso8601: 完成
[2026-05-11 20:00:40] cleo: 完成
[2026-05-11 20:00:41] cleverdict: 完成
[2026-05-11 20:00:42] click: 完成
[2026-05-11 20:00:44] click-didyoumean: 完成
[2026-05-11 20:00:48] click-extra: 完成
[2026-05-11 20:00:49] click-option-group: 完成
[2026-05-11 20:00:51] click-plugins: 完成
[2026-05-11 20:00:53] click-repl: 完成
[2026-05-11 20:00:54] clint: 完成
[2026-05-11 20:00:57] cloudant: 完成
[2026-05-11 20:00:59] cloudpickle: 完成
[2026-05-11 20:01:00] cloup: 完成
[2026-05-11 20:01:02] colorama: 完成
[2026-05-11 20:01:03] colorclass: 完成
[2026-05-11 20:01:05] colored: 完成
[2026-05-11 20:01:06] colorlog: 完成
[2026-05-11 20:01:08] colout: 完成
[2026-05-11 20:01:10] comm: 完成
[2026-05-11 20:01:11] commonregex: 完成
[2026-05-11 20:01:13] configargparse: 完成
[2026-05-11 20:01:15] configobj: 完成
[2026-05-11 20:01:16] configupdater: 完成
[2026-05-11 20:01:18] constraints-txt: 完成
[2026-05-11 20:01:19] contextlib2: 完成
[2026-05-11 20:01:22] contourpy: 完成
[2026-05-11 20:01:27] cookiecutter: 完成
[2026-05-11 20:01:29] coolname: 完成
[2026-05-11 20:01:37] copier: 完成
[2026-05-11 20:01:39] crashtest: 完成
[2026-05-11 20:01:40] cron-descriptor: 完成
[2026-05-11 20:01:42] croniter: 完成
[2026-05-11 20:01:43] cronsim: 完成
[2026-05-11 20:01:46] cryptography: 完成
[2026-05-11 20:01:51] csvkit: 完成
[2026-05-11 20:01:56] csvs-to-sqlite: 完成
[2026-05-11 20:01:58] cycler: 完成
[2026-05-11 20:02:02] cyclopts: 完成
[2026-05-11 20:02:04] cython: 完成
[2026-05-11 20:02:29] daffy: 完成
[2026-05-11 20:02:32] dask: 完成
[2026-05-11 20:02:35] databases: 完成
[2026-05-11 20:02:36] dataclasses: 完成
[2026-05-11 20:02:40] dataset: 完成
[2026-05-11 20:02:43] datasketch: 完成
[2026-05-11 20:02:44] datatest: 完成
[2026-05-11 20:02:46] datatile: 完成
[2026-05-11 20:02:49] dateparser: 完成
[2026-05-11 20:02:52] datetime: 完成
[2026-05-11 20:03:16] db-py: 完成
[2026-05-11 20:03:18] dbfread: 完成
[2026-05-11 20:03:19] debuglater: 完成
[2026-05-11 20:03:21] debugpy: 完成
[2026-05-11 20:03:23] decorator: 完成
[2026-05-11 20:03:25] decore: 完成
[2026-05-11 20:03:27] deepdiff: 完成
[2026-05-11 20:03:45] deeplake: 完成
[2026-05-11 20:03:46] deepmerge: 完成
[2026-05-11 20:03:48] defusedxml: 完成
[2026-05-11 20:03:50] deprecated: 完成
[2026-05-11 20:03:51] dialite: 完成
[2026-05-11 20:03:53] dill: 完成
[2026-05-11 20:03:54] dirty-equals: 完成
[2026-05-11 20:03:56] distlib: 完成
[2026-05-11 20:03:57] distro: 完成
[2026-05-11 20:03:59] dnspython: 完成
[2026-05-11 20:04:02] docker: 完成
[2026-05-11 20:04:03] docopt: 完成
[2026-05-11 20:04:05] docopt-ng: 完成
[2026-05-11 20:04:06] docstring-parser: 完成
[2026-05-11 20:04:08] docutils: 完成
[2026-05-11 20:04:10] donfig: 完成
[2026-05-11 20:04:12] dulwich: 完成
[2026-05-11 20:04:13] dunamai: 完成
[2026-05-11 20:04:15] durationpy: 完成
[2026-05-11 20:04:17] dynaconf: 完成
[2026-05-11 20:04:18] easyprocess: 完成
[2026-05-11 20:07:30] elastic-transport: 完成
[2026-05-11 20:07:33] elasticsearch: 完成
[2026-05-11 20:07:36] elasticsearch-dsl: 完成
[2026-05-11 20:07:37] email-validator: 完成
[2026-05-11 20:07:39] emoji: 完成
[2026-05-11 20:07:42] enaml: 完成
[2026-05-11 20:07:44] entrypoint2: 完成
[2026-05-11 20:07:46] entrypoints: 完成
[2026-05-11 20:07:47] et-xmlfile: 完成
[2026-05-11 20:07:49] everett: 完成
[2026-05-11 20:07:51] exceptiongroup: 完成
[2026-05-11 20:07:52] executing: 完成
[2026-05-11 20:07:54] extra-platforms: 完成
[2026-05-11 20:07:58] fabric: 完成
[2026-05-11 20:08:02] fabric39: 完成
[2026-05-11 20:08:07] fabtools: 完成
[2026-05-11 20:08:09] face: 完成
[2026-05-11 20:08:11] fake-useragent: 完成
[2026-05-11 20:08:13] faker: 完成
[2026-05-11 20:08:15] fakeredis: 完成
[2026-05-11 20:08:19] fastapi: 完成
[2026-05-11 20:08:25] fastapi-cli: 完成
[2026-05-11 20:08:27] fastcore: 完成
[2026-05-11 20:08:28] fastjsonschema: 完成
[2026-05-11 20:08:36] faust: 完成
[2026-05-11 20:08:38] feedparser: 完成
[2026-05-11 20:08:40] filedepot: 完成
[2026-05-11 20:08:41] filelock: 完成
[2026-05-11 20:08:43] filetype: 完成
[2026-05-11 20:08:45] findpython: 完成
[2026-05-11 20:08:47] fire: 完成
[2026-05-11 20:08:50] flask: 完成
[2026-05-11 20:08:53] flask-restful: 完成
[2026-05-11 20:08:54] flatbuffers: 完成
[2026-05-11 20:08:57] flexx: 完成
[2026-05-11 20:08:59] flupy: 完成
[2026-05-11 20:09:01] fonttools: 完成
[2026-05-11 20:09:02] fqdn: 完成
[2026-05-11 20:09:05] free-proxy: 完成
[2026-05-11 20:09:07] frozenlist: 完成
[2026-05-11 20:09:09] fs: 完成
[2026-05-11 20:09:11] fsspec: 完成
[2026-05-11 20:09:12] funcy: 完成
[2026-05-11 20:09:14] future: 完成
[2026-05-11 20:09:15] future-typing: 完成
[2026-05-11 20:09:17] futures: 完成
[2026-05-11 20:09:21] gdown: 完成
[2026-05-11 20:12:10] gin-config: 完成
[2026-05-11 20:12:12] gino: 完成
[2026-05-11 20:12:14] gitdb: 完成
[2026-05-11 20:12:16] gitpython: 完成
[2026-05-11 20:12:18] glom: 完成
[2026-05-11 20:12:32] google-api-core: 完成
[2026-05-11 20:12:40] google-api-python-client: 完成
[2026-05-11 20:12:43] google-auth: 完成
[2026-05-11 20:12:46] google-auth-httplib2: 完成
[2026-05-11 20:12:51] google-auth-oauthlib: 完成
[2026-05-11 20:39:45] google-cloud-core: 完成
[2026-05-11 20:39:52] google-cloud-storage: 完成
[2026-05-11 20:39:54] google-crc32c: 完成
[2026-05-11 20:39:56] google-resumable-media: 完成
[2026-05-11 20:39:58] googleapis-common-protos: 完成
[2026-05-11 20:40:00] graphviz: 完成
[2026-05-11 20:40:16] great-expectations: 完成
[2026-05-11 20:40:20] greenback: 完成
[2026-05-11 20:40:22] greenlet: 完成
[2026-05-11 20:40:25] griffe: 完成
[2026-05-11 20:40:26] griffecli: 完成
[2026-05-11 20:40:28] griffelib: 完成
[2026-05-11 21:01:33] gsheetsdb: 完成
[2026-05-11 21:01:35] h11: 完成
[2026-05-11 21:01:37] h2: 完成
[2026-05-11 21:02:09] happybase: 完成
[2026-05-11 21:02:27] hiredis: 完成
[2026-05-11 21:02:30] holidays: 完成
[2026-05-11 21:02:32] hpack: 完成
[2026-05-11 21:02:34] html5lib: 完成
[2026-05-11 21:02:37] httpcore: 完成
[2026-05-11 21:02:39] httplib2: 完成
[2026-05-11 21:02:40] httptools: 完成
[2026-05-11 21:02:43] httpx: 完成
[2026-05-11 21:03:03] hub: 完成
[2026-05-11 21:03:05] huey: 完成
[2026-05-11 21:03:08] humanize: 完成
[2026-05-11 21:03:11] humbug: 完成
[2026-05-11 21:03:13] hyperframe: 完成
[2026-05-11 21:03:17] ibis-framework: 完成
[2026-05-11 21:03:19] id: 完成
[2026-05-11 21:03:21] identify: 完成
[2026-05-11 21:03:23] idna: 完成
[2026-05-11 21:03:33] ijson: 完成
[2026-05-11 21:03:35] imagesize: 完成
[2026-05-11 21:03:47] immutables: 完成
[2026-05-11 21:03:49] importlib-metadata: 完成
[2026-05-11 21:03:51] importlib-resources: 完成
[2026-05-11 21:03:55] inflect: 完成
[2026-05-11 21:03:57] inflection: 完成
[2026-05-11 21:04:01] influxdb: 完成
[2026-05-11 21:04:04] installer: 完成
[2026-05-11 21:04:08] intake: 完成
[2026-05-11 21:04:10] interchange: 完成
[2026-05-11 21:04:13] invoke: 完成
[2026-05-11 21:04:45] ipython-genutils: 完成
[2026-05-11 21:04:47] ipython-pygments-lexers: 完成
[2026-05-11 21:05:04] iso8601: 完成
[2026-05-11 21:05:06] isodate: 完成
[2026-05-11 21:05:09] isoduration: 完成
[2026-05-11 21:05:11] itsdangerous: 完成
[2026-05-11 21:05:13] janus: 完成
[2026-05-11 21:05:15] jaraco-classes: 完成
[2026-05-11 21:05:17] jaraco-context: 完成
[2026-05-11 21:05:19] jaraco-functools: 完成
[2026-05-11 21:05:22] jedi: 完成
[2026-05-11 21:05:23] jeepney: 完成
[2026-05-11 21:05:25] jinja2: 完成
[2026-05-11 21:05:28] jinja2-ansible-filters: 完成
[2026-05-11 21:05:30] jinja2-humanize-extension: 完成
[2026-05-11 21:05:31] jmespath: 完成
[2026-05-11 21:05:33] joblib: 完成
[2026-05-11 21:05:41] json-table-schema: 完成
[2026-05-11 21:05:44] json5: 完成
[2026-05-11 21:05:45] jsonlines: 完成
[2026-05-11 21:05:48] jsonpatch: 完成
[2026-05-11 21:05:50] jsonpickle: 完成
[2026-05-11 21:05:51] jsonpointer: 完成
[2026-05-11 21:05:53] jsonref: 完成
[2026-05-11 21:05:56] jsonschema: 完成
[2026-05-11 21:05:59] jsonschema-specifications: 完成
[2026-05-11 21:06:20] jupyter-client: 完成
[2026-05-11 21:06:31] jupyter-core: 完成
[2026-05-11 21:06:38] jupyter-events: 完成
[2026-05-11 21:06:51] jupyter-lsp: 完成
[2026-05-11 21:07:02] jupyter-server: 完成
[2026-05-11 21:07:05] jupyter-server-terminals: 完成
[2026-05-11 21:07:22] jupyterlab-pygments: 完成
[2026-05-11 21:07:35] jupyterlab-server: 完成
[2026-05-11 21:07:37] jupyterlab-widgets: 完成
[2026-05-11 21:07:42] jupytext: 完成
[2026-05-11 21:07:44] kafka-python: 完成
[2026-05-11 21:08:00] kedro: 完成
[2026-05-11 21:08:08] kedro-telemetry: 完成
[2026-05-11 21:08:12] keyboard: 完成
[2026-05-11 21:08:15] keyring: 完成
[2026-05-11 21:08:31] kfp: 完成
[2026-05-11 21:08:33] kfp-pipeline-spec: 完成
[2026-05-11 21:08:35] kfp-server-api: 完成
[2026-05-11 21:08:38] kivy-garden: 完成
[2026-05-11 21:08:40] kiwisolver: 完成
[2026-05-11 21:08:42] kombu: 完成
[2026-05-11 21:08:58] kubernetes: 完成
[2026-05-11 21:09:00] lark: 完成
[2026-05-11 21:09:07] lazy-import: 完成
[2026-05-11 21:09:17] lazy-object-proxy: 完成
[2026-05-11 21:09:25] lazydata: 完成
[2026-05-11 21:09:26] leather: 完成
[2026-05-11 21:09:28] libcst: 完成
[2026-05-11 21:09:36] linear-tsv: 完成
[2026-05-11 21:09:38] linkify-it-py: 完成
[2026-05-11 21:09:39] lml: 完成
[2026-05-11 21:09:41] locket: 完成
[2026-05-11 21:09:42] lockfile: 完成
[2026-05-11 21:09:45] luigi: 完成
[2026-05-11 21:13:22] lxml: 完成
[2026-05-11 21:13:24] lz4: 完成
[2026-05-11 21:13:26] mako: 完成
[2026-05-11 21:13:52] mara-db: 完成
[2026-05-11 21:13:55] mara-page: 完成
[2026-05-11 21:14:04] markdown: 完成
[2026-05-11 21:14:06] markdown-it-py: 完成
[2026-05-11 21:14:08] markupsafe: 完成
[2026-05-11 21:14:10] marshmallow: 完成
[2026-05-11 21:17:20] matplotlib: 完成
[2026-05-11 21:17:22] matplotlib-inline: 完成
[2026-05-11 21:17:23] maturin: 完成
[2026-05-11 21:17:25] mdit-py-plugins: 完成
[2026-05-11 21:17:27] mdurl: 完成
[2026-05-11 21:17:37] messytables: 完成
[2026-05-11 21:17:40] methodtools: 完成
[2026-05-11 21:17:58] meza: 完成
[2026-05-11 21:18:01] mezmorize: 完成
[2026-05-11 21:18:08] millify: 完成
[2026-05-11 21:18:45] minio: 完成
[2026-05-11 21:18:46] mistune: 完成
