========================================
[2026-04-17 23:10:35] a2wsgi: 完成
[2026-04-17 23:10:36] addict: 完成
[2026-04-17 23:10:39] agate: 完成
[2026-04-17 23:10:41] agate-dbf: 完成
[2026-04-17 23:10:45] agate-excel: 完成
[2026-04-17 23:10:55] agate-sql: 完成
[2026-04-17 23:11:06] aioboto3: 完成
[2026-04-17 23:11:15] aiobotocore: 完成
[2026-04-17 23:11:17] aiocache: 完成
[2026-04-17 23:11:19] aiofiles: 完成
[2026-04-17 23:11:21] aiohappyeyeballs: 完成
[2026-04-17 23:11:28] aiohttp: 完成
[2026-04-17 23:11:35] aiohttp-cors: 完成
[2026-04-17 23:11:38] aioitertools: 完成
[2026-04-17 23:11:40] aiomisc: 完成
[2026-04-17 23:22:00] aioprometheus: 完成
[2026-04-17 23:22:02] aiosignal: 完成
[2026-04-17 23:22:04] aiosmtplib: 完成
[2026-04-17 23:22:05] aiosqlite: 完成
[2026-04-17 23:22:07] aiothreads: 完成
[2026-04-17 23:22:09] alabaster: 完成
[2026-04-17 23:22:23] alembic: 完成
[2026-04-17 23:22:25] algorithms: 完成
[2026-04-17 23:23:47] altair: 完成
[2026-04-17 23:23:49] amplitude-analytics: 完成
[2026-04-17 23:23:52] amqp: 完成
[2026-04-17 23:23:54] aniso8601: 完成
[2026-04-17 23:23:55] annotated-doc: 完成
[2026-04-17 23:23:57] annotated-types: 完成
[2026-04-17 23:27:08] ansible: 完成
[2026-04-17 23:27:13] ansible-core: 完成
[2026-04-17 23:27:15] antlr4-python3-runtime: 完成
[2026-04-17 23:27:17] anyascii: 完成
[2026-04-17 23:27:19] anyio: 完成
[2026-04-17 23:27:21] anytree: 完成
[2026-04-17 23:32:48] apache-libcloud: 完成
[2026-04-17 23:32:50] appdirs: 完成
[2026-04-17 23:32:54] apprise: 完成
[2026-04-17 23:32:56] argcomplete: 完成
[2026-04-17 23:33:07] argo-models: 完成
[2026-04-17 23:33:22] argon2-cffi: 完成
[2026-04-17 23:33:24] argon2-cffi-bindings: 完成
[2026-04-17 23:33:26] argparse: 完成
[2026-04-17 23:33:34] args: 完成
[2026-04-17 23:33:48] arq: 完成
[2026-04-17 23:38:52] arraykit: 完成
[2026-04-17 23:38:54] arrow: 完成
[2026-04-17 23:39:47] asciimatics: 完成
[2026-04-17 23:39:48] asgi-lifespan: 完成
[2026-04-17 23:39:50] asgiref: 完成
[2026-04-17 23:39:53] asn1crypto: 完成
[2026-04-17 23:39:55] asttokens: 完成
[2026-04-17 23:39:56] async-lru: 完成
[2026-04-17 23:39:59] asyncer: 完成
[2026-04-17 23:41:01] asyncpg: 完成
[2026-04-17 23:42:06] atom: 完成
[2026-04-17 23:42:09] atpublic: 完成
[2026-04-17 23:42:11] attrs: 完成
[2026-04-17 23:42:12] autocommand: 完成
[2026-04-17 23:42:14] autopep8: 完成
[2026-04-17 23:42:34] awesome-slugify: 完成
[2026-04-17 23:42:39] awscli: 完成
[2026-04-17 23:48:45] azure-core: 完成
[2026-04-17 23:48:55] azure-storage-blob: 完成
[2026-04-17 23:48:57] babel: 完成
[2026-04-17 23:48:59] backoff: 完成
[2026-04-17 23:49:01] banal: 完成
[2026-04-17 23:49:08] bashplotlib: 完成
[2026-04-18 00:13:58] bcrypt: 完成
[2026-04-18 00:14:16] beaker: 完成
[2026-04-18 00:14:19] beartype: 完成
[2026-04-18 00:14:21] beautifulsoup4: 完成
[2026-04-18 00:14:33] bibtexparser: 完成
[2026-04-18 00:14:35] bidict: 完成
[2026-04-18 00:14:38] billiard: 完成
[2026-04-18 00:14:40] binaryornot: 完成
[2026-04-18 00:14:43] birch: 完成
[2026-04-18 00:14:46] black: 完成
[2026-04-18 00:14:49] bleach: 完成
[2026-04-18 00:14:51] blessings: 完成
[2026-04-18 00:14:53] blinker: 完成
[2026-04-18 00:14:55] boltons: 完成
[2026-04-18 00:16:10] botflow: 完成
[2026-04-18 00:16:23] boto3: 完成
[2026-04-18 00:16:27] botocore: 完成
[2026-04-18 00:16:29] bottle: 完成
[2026-04-18 00:20:39] bottleneck: 完成
[2026-04-18 00:20:43] bracex: 完成
[2026-04-18 00:20:46] build: 完成
[2026-04-18 00:20:48] bytecode: 完成
[2026-04-18 00:21:02] cachecontrol: 完成
[2026-04-18 00:21:04] cached-property: 完成
[2026-04-18 00:21:09] cachelib: 完成
[2026-04-18 00:21:10] cachetools: 完成
[2026-04-18 00:21:21] cachier: 完成
[2026-04-18 00:29:33] cadwyn: 完成
[2026-04-18 00:29:36] catalogue: 完成
[2026-04-18 00:29:44] celery: 完成
[2026-04-18 00:29:45] cerberus: 完成
[2026-04-18 00:29:47] certifi: 完成
[2026-04-18 00:29:49] cffi: 完成
[2026-04-18 00:29:51] cfgv: 完成
[2026-04-18 00:29:54] chardet: 完成
[2026-04-18 00:29:57] charset-normalizer: 完成
[2026-04-18 00:30:07] ciso8601: 完成
[2026-04-18 00:34:19] cleo: 完成
[2026-04-18 00:34:26] cleverdict: 完成
[2026-04-18 00:34:28] click: 完成
[2026-04-18 00:34:30] click-didyoumean: 完成
[2026-04-18 00:34:34] click-extra: 完成
[2026-04-18 00:34:35] click-option-group: 完成
[2026-04-18 00:34:37] click-plugins: 完成
[2026-04-18 00:34:39] click-repl: 完成
[2026-04-18 00:34:46] clint: 完成
[2026-04-18 00:34:49] cloudant: 完成
[2026-04-18 00:34:50] cloudpickle: 完成
[2026-04-18 00:34:52] cloup: 完成
[2026-04-18 00:34:54] colorama: 完成
[2026-04-18 00:34:55] colorclass: 完成
[2026-04-18 00:34:57] colored: 完成
[2026-04-18 00:34:59] colorlog: 完成
[2026-04-18 00:35:01] colout: 完成
[2026-04-18 00:35:03] comm: 完成
[2026-04-18 00:35:10] commonregex: 完成
[2026-04-18 00:35:12] configargparse: 完成
[2026-04-18 00:35:13] configobj: 完成
[2026-04-18 00:35:15] configupdater: 完成
[2026-04-18 00:35:17] constraints-txt: 完成
[2026-04-18 00:35:18] contextlib2: 完成
[2026-04-18 00:36:37] contourpy: 完成
[2026-04-18 00:36:44] cookiecutter: 完成
[2026-04-18 00:36:45] coolname: 完成
[2026-04-18 00:36:56] copier: 完成
[2026-04-18 00:36:57] crashtest: 完成
[2026-04-18 00:36:59] cron-descriptor: 完成
[2026-04-18 00:37:01] croniter: 完成
[2026-04-18 00:37:03] cronsim: 完成
[2026-04-18 00:37:06] cryptography: 完成
[2026-04-18 00:37:11] csvkit: 完成
[2026-04-18 00:37:22] csvs-to-sqlite: 完成
[2026-04-18 00:37:24] cycler: 完成
[2026-04-18 00:37:28] cyclopts: 完成
[2026-04-18 00:37:30] cython: 完成
[2026-04-18 00:38:08] daffy: 完成
[2026-04-18 00:38:12] dask: 完成
[2026-04-18 00:38:17] databases: 完成
[2026-04-18 00:38:20] dataclasses: 完成
[2026-04-18 00:38:24] dataset: 完成
[2026-04-18 00:38:28] datasketch: 完成
[2026-04-18 00:38:30] datatest: 完成
[2026-04-18 00:38:32] datatile: 完成
[2026-04-18 00:38:36] dateparser: 完成
[2026-04-18 00:38:39] datetime: 完成
[2026-04-18 00:39:38] db-py: 完成
[2026-04-18 00:39:39] dbfread: 完成
[2026-04-18 00:39:41] debuglater: 完成
[2026-04-18 00:39:44] debugpy: 完成
[2026-04-18 00:39:45] decorator: 完成
[2026-04-18 00:39:47] decore: 完成
[2026-04-18 00:39:49] deepdiff: 完成
[2026-04-18 00:41:06] deeplake: 完成
[2026-04-18 00:41:08] deepmerge: 完成
[2026-04-18 00:41:10] defusedxml: 完成
[2026-04-18 00:41:12] deprecated: 完成
[2026-04-18 00:41:14] dialite: 完成
[2026-04-18 00:41:15] dill: 完成
[2026-04-18 00:41:17] dirty-equals: 完成
[2026-04-18 00:41:20] distlib: 完成
[2026-04-18 00:41:21] distro: 完成
[2026-04-18 00:41:23] dnspython: 完成
[2026-04-18 00:41:26] docker: 完成
[2026-04-18 00:41:33] docopt: 完成
[2026-04-18 00:41:35] docopt-ng: 完成
[2026-04-18 00:41:36] docstring-parser: 完成
[2026-04-18 00:41:38] docutils: 完成
[2026-04-18 00:41:39] donfig: 完成
[2026-04-18 00:41:42] dulwich: 完成
[2026-04-18 00:41:43] dunamai: 完成
[2026-04-18 00:41:45] durationpy: 完成
[2026-04-18 00:41:47] dynaconf: 完成
[2026-04-18 00:41:48] easyprocess: 完成
[2026-04-18 00:45:10] elastic-transport: 完成
[2026-04-18 00:45:13] elasticsearch: 完成
[2026-04-18 00:45:17] elasticsearch-dsl: 完成
[2026-04-18 00:45:19] email-validator: 完成
[2026-04-18 00:45:21] emoji: 完成
[2026-04-18 00:46:36] enaml: 完成
[2026-04-18 00:46:38] entrypoint2: 完成
[2026-04-18 00:46:39] entrypoints: 完成
[2026-04-18 00:46:41] et-xmlfile: 完成
[2026-04-18 00:46:42] everett: 完成
[2026-04-18 00:46:44] exceptiongroup: 完成
[2026-04-18 00:46:46] executing: 完成
[2026-04-18 00:46:47] extra-platforms: 完成
[2026-04-18 00:51:56] fabric: 完成
[2026-04-18 00:52:03] fabric39: 完成
[2026-04-18 00:52:13] fabtools: 完成
[2026-04-18 00:52:15] face: 完成
[2026-04-18 00:52:17] fake-useragent: 完成
[2026-04-18 00:52:19] faker: 完成
[2026-04-18 00:52:21] fakeredis: 完成
[2026-04-18 00:52:27] fastapi: 完成
[2026-04-18 00:55:45] fastapi-cli: 完成
[2026-04-18 00:55:50] fastcore: 完成
[2026-04-18 00:55:51] fastjsonschema: 完成
[2026-04-18 00:56:06] faust: 完成
[2026-04-18 00:56:14] feedparser: 完成
[2026-04-18 00:56:21] filedepot: 完成
[2026-04-18 00:56:23] filelock: 完成
[2026-04-18 00:56:24] filetype: 完成
[2026-04-18 00:56:29] findpython: 完成
[2026-04-18 00:56:31] fire: 完成
[2026-04-18 00:56:35] flask: 完成
[2026-04-18 00:56:40] flask-restful: 完成
[2026-04-18 00:56:42] flatbuffers: 完成
[2026-04-18 00:56:44] flexx: 完成
[2026-04-18 00:56:46] flupy: 完成
[2026-04-18 00:56:49] fonttools: 完成
[2026-04-18 00:56:51] fqdn: 完成
[2026-04-18 00:57:01] free-proxy: 完成
[2026-04-18 00:57:03] frozenlist: 完成
[2026-04-18 00:57:05] fs: 完成
[2026-04-18 00:57:07] fsspec: 完成
[2026-04-18 00:57:08] funcy: 完成
[2026-04-18 00:57:10] future: 完成
[2026-04-18 00:57:12] future-typing: 完成
[2026-04-18 00:57:20] futures: 完成
[2026-04-18 00:57:24] gdown: 完成
[2026-04-18 01:00:39] gin-config: 完成
[2026-04-18 01:00:54] gino: 完成
[2026-04-18 01:00:56] gitdb: 完成
[2026-04-18 01:00:59] gitpython: 完成
[2026-04-18 01:01:02] glom: 完成
[2026-04-18 01:01:21] google-api-core: 完成
[2026-04-18 01:01:30] google-api-python-client: 完成
[2026-04-18 01:01:33] google-auth: 完成
[2026-04-18 01:01:37] google-auth-httplib2: 完成
[2026-04-18 01:01:43] google-auth-oauthlib: 完成
[2026-04-18 01:02:31] google-cloud-core: 完成
[2026-04-18 01:02:39] google-cloud-storage: 完成
[2026-04-18 01:02:41] google-crc32c: 完成
[2026-04-18 01:02:43] google-resumable-media: 完成
[2026-04-18 01:02:45] googleapis-common-protos: 完成
[2026-04-18 01:02:47] graphviz: 完成
[2026-04-18 01:03:03] great-expectations: 完成
[2026-04-18 01:03:06] greenback: 完成
[2026-04-18 01:03:08] greenlet: 完成
[2026-04-18 01:03:11] griffe: 完成
[2026-04-18 01:03:14] griffecli: 完成
[2026-04-18 01:03:15] griffelib: 完成
[2026-04-18 01:04:52] gsheetsdb: 完成
[2026-04-18 01:04:54] h11: 完成
[2026-04-18 01:04:57] h2: 完成
[2026-04-18 01:05:25] happybase: 完成
[2026-04-18 01:05:44] hiredis: 完成
[2026-04-18 01:05:47] holidays: 完成
[2026-04-18 01:05:49] hpack: 完成
[2026-04-18 01:05:50] html5lib: 完成
[2026-04-18 01:05:53] httpcore: 完成
[2026-04-18 01:05:55] httplib2: 完成
[2026-04-18 01:05:56] httptools: 完成
[2026-04-18 01:05:59] httpx: 完成
[2026-04-18 01:06:21] hub: 完成
[2026-04-18 01:06:23] huey: 完成
[2026-04-18 01:06:25] humanize: 完成
[2026-04-18 01:06:28] humbug: 完成
[2026-04-18 01:06:29] hyperframe: 完成
[2026-04-18 01:06:33] ibis-framework: 完成
[2026-04-18 01:06:36] id: 完成
[2026-04-18 01:06:38] identify: 完成
[2026-04-18 01:06:40] idna: 完成
[2026-04-18 01:06:50] ijson: 完成
[2026-04-18 01:06:53] imagesize: 完成
[2026-04-18 01:07:03] immutables: 完成
[2026-04-18 01:07:06] importlib-metadata: 完成
[2026-04-18 01:07:08] importlib-resources: 完成
[2026-04-18 01:07:11] inflect: 完成
[2026-04-18 01:07:13] inflection: 完成
[2026-04-18 01:07:17] influxdb: 完成
[2026-04-18 01:07:19] installer: 完成
[2026-04-18 01:07:23] intake: 完成
[2026-04-18 01:07:25] interchange: 完成
[2026-04-18 01:07:27] invoke: 完成
[2026-04-18 01:07:32] ipdb: 完成
[2026-04-18 01:07:51] ipython: 完成
[2026-04-18 01:07:54] ipython-genutils: 完成
[2026-04-18 01:07:55] ipython-pygments-lexers: 完成
[2026-04-18 01:08:00] ipywidgets: 完成
[2026-04-18 01:08:02] iso8601: 完成
[2026-04-18 01:08:04] isodate: 完成
[2026-04-18 01:08:06] isoduration: 完成
[2026-04-18 01:08:07] itsdangerous: 完成
[2026-04-18 01:08:09] janus: 完成
[2026-04-18 01:08:12] jaraco-classes: 完成
[2026-04-18 01:08:13] jaraco-context: 完成
[2026-04-18 01:08:15] jaraco-functools: 完成
[2026-04-18 01:08:16] jedi: 完成
[2026-04-18 01:08:18] jeepney: 完成
[2026-04-18 01:08:20] jinja2: 完成
[2026-04-18 01:08:22] jinja2-ansible-filters: 完成
[2026-04-18 01:08:24] jinja2-humanize-extension: 完成
[2026-04-18 01:08:26] jmespath: 完成
[2026-04-18 01:08:28] joblib: 完成
[2026-04-18 01:08:35] json-table-schema: 完成
[2026-04-18 01:08:37] json5: 完成
[2026-04-18 01:08:39] jsonlines: 完成
[2026-04-18 01:08:41] jsonpatch: 完成
[2026-04-18 01:08:43] jsonpickle: 完成
[2026-04-18 01:08:45] jsonpointer: 完成
[2026-04-18 01:08:46] jsonref: 完成
[2026-04-18 01:08:49] jsonschema: 完成
[2026-04-18 01:08:52] jsonschema-specifications: 完成
[2026-04-18 01:09:04] jupyter-client: 完成
[2026-04-18 01:09:15] jupyter-core: 完成
[2026-04-18 01:09:20] jupyter-events: 完成
[2026-04-18 01:09:32] jupyter-lsp: 完成
[2026-04-18 01:09:50] jupyter-server: 完成
[2026-04-18 01:09:52] jupyter-server-terminals: 完成
[2026-04-18 01:10:06] jupyterlab-pygments: 完成
[2026-04-18 01:10:17] jupyterlab-server: 完成
[2026-04-18 01:10:19] jupyterlab-widgets: 完成
[2026-04-18 01:10:23] jupytext: 完成
[2026-04-18 01:10:25] kafka-python: 完成
[2026-04-18 01:10:38] kedro: 完成
[2026-04-18 01:10:45] kedro-telemetry: 完成
[2026-04-18 01:10:47] keyboard: 完成
[2026-04-18 01:10:50] keyring: 完成
[2026-04-18 01:11:04] kfp: 完成
[2026-04-18 01:11:06] kfp-pipeline-spec: 完成
[2026-04-18 01:11:08] kfp-server-api: 完成
[2026-04-18 01:11:11] kivy-garden: 完成
[2026-04-18 01:11:13] kiwisolver: 完成
[2026-04-18 01:11:15] kombu: 完成
[2026-04-18 01:12:29] kubeflow-kale: 完成
[2026-04-18 01:12:34] kubernetes: 完成
[2026-04-18 01:12:36] lark: 完成
[2026-04-18 01:12:43] lazy-import: 完成
[2026-04-18 01:12:53] lazy-object-proxy: 完成
[2026-04-18 01:12:59] lazydata: 完成
[2026-04-18 01:13:01] leather: 完成
[2026-04-18 01:15:46] libcst: 完成
[2026-04-18 01:15:54] linear-tsv: 完成
[2026-04-18 01:15:56] linkify-it-py: 完成
[2026-04-18 01:15:58] lml: 完成
[2026-04-18 01:15:59] locket: 完成
[2026-04-18 01:16:01] lockfile: 完成
[2026-04-18 01:16:04] luigi: 完成
[2026-04-18 01:19:32] lxml: 完成
[2026-04-18 01:19:34] lz4: 完成
[2026-04-18 01:19:36] mako: 完成
[2026-04-18 01:20:04] mara-db: 完成
[2026-04-18 01:20:08] mara-page: 完成
[2026-04-18 01:20:17] markdown: 完成
[2026-04-18 01:20:19] markdown-it-py: 完成
[2026-04-18 01:20:21] markupsafe: 完成
[2026-04-18 01:20:23] marshmallow: 完成
[2026-04-18 01:24:13] matplotlib: 完成
[2026-04-18 01:24:16] matplotlib-inline: 完成
[2026-04-18 01:24:17] maturin: 完成
[2026-04-18 01:24:20] mdit-py-plugins: 完成
[2026-04-18 01:24:21] mdurl: 完成
[2026-04-18 01:24:32] messytables: 完成
[2026-04-18 01:24:35] methodtools: 完成
[2026-04-18 01:24:51] meza: 完成
[2026-04-18 01:24:53] mezmorize: 完成
[2026-04-18 01:25:01] millify: 完成
[2026-04-18 01:25:37] minio: 完成
[2026-04-18 01:25:39] mistune: 完成
[2026-04-18 01:56:34] mleap: 完成
[2026-04-18 01:56:36] mo-dots: 完成
[2026-04-18 01:56:38] mo-future: 完成
[2026-04-18 01:56:40] mo-imports: 完成
[2026-04-18 01:56:42] mo-kwargs: 完成
[2026-04-18 01:56:44] mo-logs: 完成
[2026-04-18 01:56:46] mode: 完成
[2026-04-18 01:57:41] mongo-connector: 完成
[2026-04-18 01:57:44] mongoengine: 完成
[2026-04-18 01:57:46] monotonic: 完成
[2026-04-18 01:57:47] more-itertools: 完成
[2026-04-18 01:57:51] motor: 完成
[2026-04-18 01:57:53] moz-sql-parser: 完成
[2026-04-18 01:57:55] mpmath: 完成
[2026-04-18 01:57:57] mrjob: 完成
[2026-04-18 01:57:59] msgpack: 完成
[2026-04-18 01:58:01] msgpack-numpy: 完成
[2026-04-18 01:58:14] msgspec: 完成
[2026-04-18 01:58:17] mss: 完成
[2026-04-18 01:58:19] multidict: 完成
[2026-04-18 01:58:21] multimethod: 完成
[2026-04-18 01:58:22] multiprocess: 完成
[2026-04-18 01:58:24] munch: 完成
[2026-04-18 01:58:26] mypy-extensions: 完成
[2026-04-18 01:58:28] narwhals: 完成
[2026-04-18 01:58:30] natsort: 完成
[2026-04-18 01:58:52] nbclient: 完成
[2026-04-18 01:58:59] nbconvert: 完成
[2026-04-18 01:59:03] nbformat: 完成
[2026-04-18 01:59:06] neo4j-driver: 完成
[2026-04-18 01:59:07] nest-asyncio: 完成
[2026-04-18 01:59:12] netmiko: 完成
[2026-04-18 01:59:14] networkx: 完成
[2026-04-18 02:00:42] nh3: 完成
[2026-04-18 02:00:44] nodeenv: 完成
[2026-04-18 02:01:08] notebook-shim: 完成
[2026-04-18 02:01:10] ntc-templates: 完成
[2026-04-18 02:03:00] numcodecs: 完成
[2026-04-18 02:03:20] numexpr: 完成
[2026-04-18 02:03:22] numpy: 完成
[2026-04-18 02:03:24] numpy-groupies: 完成
[2026-04-18 02:03:26] oauthlib: 完成
[2026-04-18 02:03:32] odmantic: 完成
[2026-04-18 02:03:33] olefile: 完成
[2026-04-18 02:03:35] omegaconf: 完成
[2026-04-18 02:03:41] onecite: 完成
[2026-04-18 02:15:32] openpyxl: 完成
[2026-04-18 02:15:34] opentelemetry-api: 完成
[2026-04-18 02:16:01] opentelemetry-exporter-otlp-proto-common: 完成
[2026-04-18 02:16:44] opentelemetry-exporter-otlp-proto-http: 完成
[2026-04-18 02:16:47] opentelemetry-instrumentation: 完成
[2026-04-18 02:16:50] opentelemetry-instrumentation-grpc: 完成
[2026-04-18 02:16:52] opentelemetry-proto: 完成
[2026-04-18 02:16:54] opentelemetry-sdk: 完成
[2026-04-18 02:16:56] opentelemetry-semantic-conventions: 完成
[2026-04-18 02:17:04] opentracing: 完成
[2026-04-18 02:17:06] ordered-set: 完成
[2026-04-18 02:17:07] orderly-set: 完成
[2026-04-18 02:17:10] orjson: 完成
[2026-04-18 02:17:12] outcome: 完成
[2026-04-18 02:17:14] packaging: 完成
[2026-04-18 02:17:16] pampy: 完成
[2026-04-18 02:17:51] pandas: 完成
[2026-04-18 02:17:56] pandas-datareader: 完成
[2026-04-18 02:18:18] pandas-summary: 完成
[2026-04-18 02:18:28] pandasql: 完成
[2026-04-18 02:18:33] pandera: 完成
[2026-04-18 02:18:35] pandocfilters: 完成
[2026-04-18 02:18:37] pansi: 完成
[2026-04-18 02:18:44] papermill: 完成
[2026-04-18 02:18:46] param: 完成
[2026-04-18 02:18:50] paramiko: 完成
[2026-04-18 02:18:51] parse: 完成
[2026-04-18 02:18:53] parsedatetime: 完成
[2026-04-18 02:18:54] parso: 完成
[2026-04-18 02:18:56] parsy: 完成
[2026-04-18 02:19:13] partd: 完成
[2026-04-18 02:19:15] path: 完成
[2026-04-18 02:19:16] pathlib: 完成
[2026-04-18 02:19:18] pathlib-abc: 完成
[2026-04-18 02:19:20] pathlib2: 完成
[2026-04-18 02:19:22] pathos: 完成
[2026-04-18 02:19:23] pathspec: 完成
[2026-04-18 02:19:25] pbs-installer: 完成
[2026-04-18 02:20:08] pdfminer: 完成
[2026-04-18 02:20:13] pdpipe: 完成
[2026-04-18 02:20:15] peewee: 完成
[2026-04-18 02:20:16] pegen: 完成
[2026-04-18 02:20:18] pendulum: 完成
[2026-04-18 02:20:20] petl: 完成
[2026-04-18 02:20:22] pexpect: 完成
[2026-04-18 02:20:24] phonenumbers: 完成
[2026-04-18 02:20:31] piccolo: 完成
[2026-04-18 02:20:33] pickledb: 完成
[2026-04-18 02:20:35] pillow: 完成
[2026-04-18 02:20:37] pinject: 完成
[2026-04-18 02:20:38] pkginfo: 完成
[2026-04-18 02:20:40] platformdirs: 完成
[2026-04-18 02:20:59] ploomber-core: 完成
[2026-04-18 02:21:09] ploomber-engine: 完成
[2026-04-18 02:21:14] ploomber-extension: 完成
[2026-04-18 02:21:15] ploomber-scaffold: 完成
[2026-04-18 02:21:17] pluggy: 完成
[2026-04-18 02:21:25] pluginbase: 完成
[2026-04-18 02:21:27] plumbum: 完成
[2026-04-18 02:21:29] ply: 完成
[2026-04-18 02:22:17] poetry: 完成
[2026-04-18 02:22:19] poetry-core: 完成
[2026-04-18 02:22:21] pony: 完成
[2026-04-18 02:22:22] portalocker: 完成
[2026-04-18 02:22:25] posthog: 完成
[2026-04-18 02:22:27] powerline-shell: 完成
[2026-04-18 02:22:29] pox: 完成
[2026-04-18 02:22:30] ppft: 完成
[2026-04-18 02:22:33] pre-commit: 完成
[2026-04-18 02:26:42] prettytable: 完成
[2026-04-18 02:26:44] price-parser: 完成
[2026-04-18 02:26:51] prisma: 完成
[2026-04-18 02:26:53] prometheus-client: 完成
[2026-04-18 02:26:55] prompt-toolkit: 完成
[2026-04-18 02:26:56] propcache: 完成
[2026-04-18 02:26:58] proto-plus: 完成
[2026-04-18 02:27:00] protobuf: 完成
[2026-04-18 02:27:02] pscript: 完成
[2026-04-18 02:27:30] psycopg2: 完成
[2026-04-18 02:27:32] psycopg2-binary: 完成
[2026-04-18 02:27:33] ptyprocess: 完成
[2026-04-18 02:27:37] pugsql: 完成
[2026-04-18 02:28:03] pure-eval: 完成
[2026-04-18 02:28:05] py-key-value-aio: 完成
[2026-04-18 02:28:07] py-lru-cache: 完成
[2026-04-18 02:28:11] py2neo: 完成
[2026-04-18 02:28:13] py4j: 完成
[2026-04-18 02:28:22] pyahocorasick: 完成
[2026-04-18 02:28:23] pyasn1: 完成
[2026-04-18 02:28:25] pyasn1-modules: 完成
[2026-04-18 02:28:27] pybars3: 完成
[2026-04-18 02:28:28] pycodestyle: 完成
[2026-04-18 02:28:30] pycparser: 完成
[2026-04-18 02:28:31] pycryptodome: 完成
[2026-04-18 02:29:04] pycryptodomex: 完成
[2026-04-18 02:29:09] pydantic: 完成
[2026-04-18 02:29:13] pydantic-core: 完成
[2026-04-18 02:29:17] pydantic-extra-types: 完成
[2026-04-18 02:29:22] pydantic-settings: 完成
[2026-04-18 02:29:27] pydata-google-auth: 完成
[2026-04-18 02:32:59] pyexcel-io: 完成
[2026-04-18 02:33:01] pyexcel-xlsx: 完成
[2026-04-18 02:33:03] pyfiglet: 完成
[2026-04-18 02:33:05] pyflakes: 完成
[2026-04-18 02:33:07] pyfunctional: 完成
[2026-04-18 02:34:26] pygame: 完成
[2026-04-18 02:34:28] pygments: 完成
[2026-04-18 02:34:30] pygogo: 完成
[2026-04-18 02:34:37] pygsheets: 完成
[2026-04-18 02:34:38] pygtrie: 完成
[2026-04-18 02:34:45] pyhdb: 完成
[2026-04-18 02:38:05] pyjwt: 完成
[2026-04-18 02:38:07] pymeta3: 完成
[2026-04-18 02:38:18] pymodm: 完成
[2026-04-18 02:38:22] pymongo: 完成
[2026-04-18 02:38:23] pympler: 完成
[2026-04-18 02:38:25] pymysql: 完成
[2026-04-18 02:38:27] pynacl: 完成
[2026-04-18 02:38:30] pynamodb: 完成
[2026-04-18 02:38:32] pyparsing: 完成
[2026-04-18 02:38:39] pypattyrn: 完成
[2026-04-18 02:38:46] pypeln: 完成
[2026-04-18 02:38:48] pypika: 完成
[2026-04-18 02:38:49] pypika-tortoise: 完成
[2026-04-18 02:38:51] pyproject-hooks: 完成
[2026-04-18 02:38:53] pypyr: 完成
[2026-04-18 02:38:55] pyrsistent: 完成
[2026-04-18 02:38:58] pyscaffold: 完成
[2026-04-18 02:39:01] pyscreenshot: 完成
[2026-04-18 02:39:02] pyserial: 完成
[2026-04-18 02:39:35] pysimdjson: 完成
[2026-04-18 02:39:37] pysimplegui: 完成
[2026-04-18 02:39:38] pysocks: 完成
[2026-04-18 02:39:51] pysolr: 完成
[2026-04-18 02:40:00] pysparkling: 完成
[2026-04-18 02:40:03] pystorm: 完成
[2026-04-18 02:40:07] python-benedict: 完成
[2026-04-18 02:40:09] python-box: 完成
[2026-04-18 02:40:11] python-daemon: 完成
[2026-04-18 02:40:13] python-dateutil: 完成
[2026-04-18 02:40:14] python-decouple: 完成
[2026-04-18 02:40:16] python-discovery: 完成
[2026-04-18 02:40:17] python-dotenv: 完成
[2026-04-18 02:40:19] python-fsutil: 完成
[2026-04-18 02:40:21] python-json-logger: 完成
[2026-04-18 02:40:22] python-magic: 完成
[2026-04-18 02:40:24] python-multipart: 完成
[2026-04-18 02:40:40] python-rapidjson: 完成
[2026-04-18 02:40:43] python-slugify: 完成
[2026-04-18 02:40:44] pythondialog: 完成
[2026-04-18 02:40:46] pytimeparse: 完成
[2026-04-18 02:40:47] pytokens: 完成
[2026-04-18 02:40:49] pytz: 完成
[2026-04-18 02:40:50] pyyaml: 完成
[2026-04-18 02:40:52] pyyaml-ft: 完成
[2026-04-18 02:40:54] pyzmq: 完成
[2026-04-18 02:40:56] quantile-python: 完成
[2026-04-18 02:41:03] queries: 完成
[2026-04-18 02:41:05] questionary: 完成
[2026-04-18 02:41:08] rapidfuzz: 完成
[2026-04-18 02:41:13] rasgoql: 完成
[2026-04-18 02:41:16] rasgotransforms: 完成
[2026-04-18 02:41:24] ratelimit: 完成
[2026-04-18 02:41:26] readchar: 完成
[2026-04-18 02:41:29] readme-renderer: 完成
[2026-04-18 02:41:32] records: 完成
[2026-04-18 02:41:34] redis: 完成
[2026-04-18 02:41:36] redis-py-cluster: 完成
[2026-04-18 02:41:38] referencing: 完成
[2026-04-18 02:41:41] regex: 完成
[2026-04-18 02:41:43] requests: 完成
[2026-04-18 02:41:46] requests-oauthlib: 完成
[2026-04-18 02:41:48] requests-toolbelt: 完成
[2026-04-18 02:41:50] resolvelib: 完成
[2026-04-18 02:41:51] retrying: 完成
[2026-04-18 02:41:53] returns: 完成
[2026-04-18 02:41:55] rfc3339-validator: 完成
[2026-04-18 02:41:56] rfc3986: 完成
[2026-04-18 02:41:58] rfc3986-validator: 完成
[2026-04-18 02:41:59] rfc3987-syntax: 完成
[2026-04-18 02:42:01] rich: 完成
[2026-04-18 02:42:03] rich-argparse: 完成
[2026-04-18 02:42:06] rich-rst: 完成
[2026-04-18 02:42:09] rich-toolkit: 完成
[2026-04-18 02:42:14] riko: 完成
[2026-04-18 02:42:16] robinhood-aiokafka: 完成
[2026-04-18 02:42:18] roman-numerals: 完成
[2026-04-18 02:42:25] rows: 完成
[2026-04-18 02:42:27] rpds-py: 完成
[2026-04-18 02:42:30] rq: 完成
[2026-04-18 02:42:31] rsa: 完成
[2026-04-18 02:43:53] rtoml: 完成
[2026-04-18 02:43:56] ruamel-yaml: 完成
[2026-04-18 02:43:58] ruamel-yaml-clib: 完成
[2026-04-18 02:44:07] s3fs: 完成
[2026-04-18 02:44:10] s3transfer: 完成
[2026-04-18 02:44:17] scandir: 完成
[2026-04-18 02:44:19] schedule: 完成
[2026-04-18 02:44:21] schema: 完成
[2026-04-18 02:44:23] schematics: 完成
[2026-04-18 02:44:32] scholarly: 完成
[2026-04-18 02:44:35] scikit-learn: 完成
[2026-04-18 02:44:38] scipy: 完成
[2026-04-18 02:44:41] scp: 完成
[2026-04-18 02:44:47] seaborn: 完成
[2026-04-18 02:44:49] secretstorage: 完成
[2026-04-18 02:44:52] selenium: 完成
[2026-04-18 02:44:54] semver: 完成
[2026-04-18 02:44:55] send2trash: 完成
[2026-04-18 02:45:04] setproctitle: 完成
[2026-04-18 02:45:06] setuptools: 完成
[2026-04-18 02:45:08] setuptools-scm: 完成
[2026-04-18 02:45:11] sgmllib3k: 完成
[2026-04-18 02:45:12] sh: 完成
[2026-04-18 02:45:14] shellingham: 完成
[2026-04-18 02:45:16] simplejson: 完成
[2026-04-18 02:45:25] singer-python: 完成
[2026-04-18 02:45:27] six: 完成
[2026-04-18 02:45:29] skutil: 完成
[2026-04-18 02:45:32] smart-open: 完成
[2026-04-18 02:45:33] smmap: 完成
[2026-04-18 02:45:35] sniffio: 完成
[2026-04-18 02:45:36] snowballstemmer: 完成
[2026-04-18 02:45:38] sortedcontainers: 完成
[2026-04-18 02:45:40] soupsieve: 完成
[2026-04-18 02:45:44] sphinx: 完成
[2026-04-18 02:45:48] sphinx-rtd-theme: 完成
[2026-04-18 02:45:50] sphinxcontrib-applehelp: 完成
[2026-04-18 02:45:51] sphinxcontrib-devhelp: 完成
[2026-04-18 02:45:53] sphinxcontrib-htmlhelp: 完成
[2026-04-18 02:45:57] sphinxcontrib-jquery: 完成
[2026-04-18 02:45:58] sphinxcontrib-jsmath: 完成
[2026-04-18 02:46:00] sphinxcontrib-qthelp: 完成
[2026-04-18 02:46:02] sphinxcontrib-serializinghtml: 完成
[2026-04-18 02:46:05] sqlalchemy: 完成
[2026-04-18 02:46:08] sqlalchemy-jsonfield: 完成
[2026-04-18 02:46:11] sqlalchemy-utils: 完成
[2026-04-18 02:46:13] sqlglot: 完成
[2026-04-18 02:46:21] sqlitedict: 完成
[2026-04-18 02:46:27] sqlmodel: 完成
[2026-04-18 02:46:29] sqlparse: 完成
[2026-04-18 02:47:34] srsly: 完成
[2026-04-18 02:47:38] sshtunnel: 完成
[2026-04-18 02:47:40] stack-data: 完成
[2026-04-18 02:47:42] starlette: 完成
[2026-04-18 02:47:45] static-frame: 完成
[2026-04-18 02:47:46] stopit: 完成
[2026-04-18 02:47:55] storm: 完成
[2026-04-18 02:47:57] strct: 完成
[2026-04-18 02:48:04] streamparse: 完成
[2026-04-18 02:48:07] strictyaml: 完成
[2026-04-18 02:48:09] structlog: 完成
[2026-04-18 02:48:11] supervisor: 完成
[2026-04-18 02:48:13] svcs: 完成
[2026-04-18 02:48:27] sympy: 完成
[2026-04-18 02:48:28] tablib: 完成
[2026-04-18 02:48:30] tabulate: 完成
[2026-04-18 02:48:38] tabulator: 完成
[2026-04-18 02:48:40] targ: 完成
[2026-04-18 02:48:48] tasktiger: 完成
[2026-04-18 02:48:49] tenacity: 完成
[2026-04-18 02:48:51] termcolor: 完成
[2026-04-18 02:48:53] terminado: 完成
[2026-04-18 02:48:55] terminaltables: 完成
[2026-04-18 02:48:56] text-unidecode: 完成
[2026-04-18 02:48:58] textfsm: 完成
[2026-04-18 02:48:59] texttable: 完成
[2026-04-18 02:49:02] thefuzz: 完成
[2026-04-18 02:49:04] threadpoolctl: 完成
[2026-04-18 02:49:06] thriftpy2: 完成
[2026-04-18 02:49:08] tinycss2: 完成
[2026-04-18 02:49:10] tinydb: 完成
[2026-04-18 02:49:12] toga: 完成
[2026-04-18 02:49:15] toga-android: 完成
[2026-04-18 02:49:17] toga-core: 完成
[2026-04-18 02:49:18] toml: 完成
[2026-04-18 02:49:20] tomli: 完成
[2026-04-18 02:49:21] tomli-w: 完成
[2026-04-18 02:49:23] tomlkit: 完成
[2026-04-18 02:49:24] toolz: 完成
[2026-04-18 02:49:26] tornado: 完成
[2026-04-18 02:49:28] tortoise-orm: 完成
[2026-04-18 02:49:30] tqdm: 完成
[2026-04-18 02:49:31] traceml: 完成
[2026-04-18 02:49:33] traitlets: 完成
[2026-04-18 02:49:35] transitions: 完成
[2026-04-18 02:49:37] travertino: 完成
[2026-04-18 02:49:39] trio: 完成
[2026-04-18 02:49:41] trio-websocket: 完成
[2026-04-18 02:49:43] trove-classifiers: 完成
[2026-04-18 02:49:47] twine: 完成
[2026-04-18 02:49:49] typeguard: 完成
[2026-04-18 02:49:51] typer: 完成
[2026-04-18 02:49:53] types-python-dateutil: 完成
[2026-04-18 02:49:56] typical: 完成
[2026-04-18 02:50:03] typing: 完成
[2026-04-18 02:50:05] typing-extensions: 完成
[2026-04-18 02:50:07] typing-inspect: 完成
[2026-04-18 02:50:08] typing-inspection: 完成
[2026-04-18 02:50:10] tzdata: 完成
[2026-04-18 02:50:11] tzlocal: 完成
[2026-04-18 02:50:13] ubelt: 完成
[2026-04-18 02:50:15] uc-micro-py: 完成
[2026-04-18 02:50:32] ujson: 完成
[2026-04-18 02:50:36] umongo: 完成
[2026-04-18 02:50:37] uncalled-for: 完成
[2026-04-18 02:50:39] unicodecsv: 完成
[2026-04-18 02:50:40] unidecode: 完成
[2026-04-18 02:50:48] unipath: 完成
[2026-04-18 02:50:50] universal-pathlib: 完成
[2026-04-18 02:50:51] uri-template: 完成
[2026-04-18 02:50:53] uritemplate: 完成
[2026-04-18 02:50:54] urllib3: 完成
[2026-04-18 02:50:56] useful-types: 完成
[2026-04-18 02:50:57] uuid6: 完成
[2026-04-18 02:50:59] uvicorn: 完成
[2026-04-18 02:51:01] uvloop: 完成
[2026-04-18 02:51:03] validators: 完成
[2026-04-18 02:51:11] valideer: 完成
[2026-04-18 02:51:26] validr: 完成
[2026-04-18 02:51:29] vcs-versioning: 完成
[2026-04-18 02:51:30] venusian: 完成
[2026-04-18 02:51:32] vine: 完成
[2026-04-18 02:51:34] virtualenv: 完成
[2026-04-18 02:51:36] voluptuous: 完成
[2026-04-18 02:51:37] watchdog: 完成
[2026-04-18 02:51:39] watchfiles: 完成
[2026-04-18 02:51:41] wcmatch: 完成
[2026-04-18 02:51:42] wcwidth: 完成
[2026-04-18 02:51:44] webcolors: 完成
[2026-04-18 02:51:45] webencodings: 完成
[2026-04-18 02:51:47] webruntime: 完成
[2026-04-18 02:51:48] websocket-client: 完成
[2026-04-18 02:51:50] websockets: 完成
[2026-04-18 02:51:52] werkzeug: 完成
[2026-04-18 02:51:54] whenever: 完成
[2026-04-18 02:51:56] widgetsnbextension: 完成
[2026-04-18 02:51:58] wirerope: 完成
[2026-04-18 02:52:00] wrapt: 完成
[2026-04-18 02:52:02] wsproto: 完成
[2026-04-18 02:52:09] wssh: 完成
[2026-04-18 02:52:12] xarray: 完成
[2026-04-18 02:52:14] xlrd: 完成
[2026-04-18 02:52:16] xlsxwriter: 完成
[2026-04-18 02:52:18] xlwings: 完成
[2026-04-18 02:52:20] xmltodict: 完成
[2026-04-18 02:52:23] yarl: 完成
[2026-04-18 02:52:27] zarr: 完成
[2026-04-18 02:52:37] zipp: 完成
[2026-04-18 02:52:39] zope-event: 完成
[2026-04-18 02:52:41] zope-interface: 完成
[2026-04-18 02:52:43] zstandard: 完成
