========================================
[2026-03-28 22:00:02] a2wsgi: 完成
[2026-03-28 22:00:04] addict: 完成
[2026-03-28 22:00:08] agate: 完成
[2026-03-28 22:00:12] agate-dbf: 完成
[2026-03-28 22:00:16] agate-excel: 完成
[2026-03-28 22:00:22] agate-sql: 完成
[2026-03-28 22:00:34] aioboto3: 完成
[2026-03-28 22:00:43] aiobotocore: 完成
[2026-03-28 22:00:44] aiocache: 完成
[2026-03-28 22:00:46] aiofiles: 完成
[2026-03-28 22:00:47] aiohappyeyeballs: 完成
[2026-03-28 22:00:54] aiohttp: 完成
[2026-03-28 22:01:00] aiohttp-cors: 完成
[2026-03-28 22:01:01] aioitertools: 完成
[2026-03-28 22:01:03] aiomisc: 完成
[2026-03-28 22:01:06] aioprometheus: 完成
[2026-03-28 22:01:08] aiosignal: 完成
[2026-03-28 22:01:10] aiosmtplib: 完成
[2026-03-28 22:01:12] aiosqlite: 完成
[2026-03-28 22:01:13] aiothreads: 完成
[2026-03-28 22:01:15] alabaster: 完成
[2026-03-28 22:01:19] alembic: 完成
[2026-03-28 22:01:21] algorithms: 完成
[2026-03-28 22:01:26] altair: 完成
[2026-03-28 22:01:28] amplitude-analytics: 完成
[2026-03-28 22:01:30] amqp: 完成
[2026-03-28 22:01:31] aniso8601: 完成
[2026-03-28 22:01:33] annotated-doc: 完成
[2026-03-28 22:01:35] annotated-types: 完成
[2026-03-28 22:01:50] antlr4-python3-runtime: 完成
[2026-03-28 22:01:52] anyascii: 完成
[2026-03-28 22:01:53] anyio: 完成
[2026-03-28 22:01:55] anytree: 完成
[2026-03-28 22:03:08] apache-libcloud: 完成
[2026-03-28 22:03:10] appdirs: 完成
[2026-03-28 22:03:15] apprise: 完成
[2026-03-28 22:03:17] argcomplete: 完成
[2026-03-28 22:03:22] argo-models: 完成
[2026-03-28 22:03:24] argon2-cffi: 完成
[2026-03-28 22:03:27] argon2-cffi-bindings: 完成
[2026-03-28 22:03:28] argparse: 完成
[2026-03-28 22:03:30] args: 完成
[2026-03-28 22:03:33] arq: 完成
[2026-03-28 22:03:36] arrow: 完成
[2026-03-28 22:03:40] asciimatics: 完成
[2026-03-28 22:03:42] asgi-lifespan: 完成
[2026-03-28 22:03:44] asgiref: 完成
[2026-03-28 22:03:45] asn1crypto: 完成
[2026-03-28 22:03:47] asttokens: 完成
[2026-03-28 22:03:49] async-lru: 完成
[2026-03-28 22:03:51] asyncer: 完成
[2026-03-28 22:03:54] asyncpg: 完成
[2026-03-28 22:03:56] atom: 完成
[2026-03-28 22:03:57] atpublic: 完成
[2026-03-28 22:03:59] attrs: 完成
[2026-03-28 22:04:00] autocommand: 完成
[2026-03-28 22:04:02] autopep8: 完成
[2026-03-28 22:04:06] awesome-slugify: 完成
[2026-03-28 22:04:13] awscli: 完成
[2026-03-28 22:04:27] azure-core: 完成
[2026-03-28 22:04:33] babel: 完成
[2026-03-28 22:04:35] backoff: 完成
[2026-03-28 22:04:37] banal: 完成
[2026-03-28 22:04:38] bashplotlib: 完成
[2026-03-28 22:04:52] bcrypt: 完成
[2026-03-28 22:04:54] beaker: 完成
[2026-03-28 22:04:55] beartype: 完成
[2026-03-28 22:04:58] beautifulsoup4: 完成
[2026-03-28 22:05:00] bibtexparser: 完成
[2026-03-28 22:05:01] bidict: 完成
[2026-03-28 22:05:03] billiard: 完成
[2026-03-28 22:05:04] binaryornot: 完成
[2026-03-28 22:05:06] birch: 完成
[2026-03-28 22:05:09] black: 完成
[2026-03-28 22:05:11] bleach: 完成
[2026-03-28 22:05:13] blessings: 完成
[2026-03-28 22:05:15] blinker: 完成
[2026-03-28 22:05:16] boltons: 完成
[2026-03-28 22:05:35] botflow: 完成
[2026-03-28 22:05:40] boto3: 完成
[2026-03-28 22:05:44] botocore: 完成
[2026-03-28 22:05:45] bottle: 完成
[2026-03-28 22:05:56] bottleneck: 完成
[2026-03-28 22:05:57] bracex: 完成
[2026-03-28 22:05:59] build: 完成
[2026-03-28 22:06:01] bytecode: 完成
[2026-03-28 22:06:05] cachecontrol: 完成
[2026-03-28 22:06:06] cached-property: 完成
[2026-03-28 22:06:08] cachelib: 完成
[2026-03-28 22:06:09] cachetools: 完成
[2026-03-28 22:06:14] cachier: 完成
[2026-03-28 22:06:22] cadwyn: 完成
[2026-03-28 22:06:23] catalogue: 完成
[2026-03-28 22:06:30] celery: 完成
[2026-03-28 22:06:31] cerberus: 完成
[2026-03-28 22:06:33] certifi: 完成
[2026-03-28 22:06:35] cffi: 完成
[2026-03-28 22:06:37] cfgv: 完成
[2026-03-28 22:06:38] chardet: 完成
[2026-03-28 22:06:40] charset-normalizer: 完成
[2026-03-28 22:06:42] ciso8601: 完成
[2026-03-28 22:06:45] cleo: 完成
[2026-03-28 22:06:47] cleverdict: 完成
[2026-03-28 22:06:48] click: 完成
[2026-03-28 22:06:50] click-didyoumean: 完成
[2026-03-28 22:06:55] click-extra: 完成
[2026-03-28 22:06:57] click-option-group: 完成
[2026-03-28 22:06:58] click-plugins: 完成
[2026-03-28 22:07:00] click-repl: 完成
[2026-03-28 22:07:02] clint: 完成
[2026-03-28 22:07:05] cloudant: 完成
[2026-03-28 22:07:07] cloudpickle: 完成
[2026-03-28 22:07:08] cloup: 完成
[2026-03-28 22:07:10] colorama: 完成
[2026-03-28 22:07:11] colorclass: 完成
[2026-03-28 22:07:13] colored: 完成
[2026-03-28 22:07:14] colorlog: 完成
[2026-03-28 22:07:16] colout: 完成
[2026-03-28 22:07:18] comm: 完成
[2026-03-28 22:07:19] commonregex: 完成
[2026-03-28 22:07:21] configargparse: 完成
[2026-03-28 22:07:22] configobj: 完成
[2026-03-28 22:07:24] configupdater: 完成
[2026-03-28 22:07:25] constraints-txt: 完成
[2026-03-28 22:07:27] contextlib2: 完成
[2026-03-28 22:07:29] contourpy: 完成
[2026-03-28 22:07:36] cookiecutter: 完成
[2026-03-28 22:07:37] coolname: 完成
[2026-03-28 22:07:47] copier: 完成
[2026-03-28 22:07:48] crashtest: 完成
[2026-03-28 22:07:50] cron-descriptor: 完成
[2026-03-28 22:07:52] croniter: 完成
[2026-03-28 22:07:54] cronsim: 完成
[2026-03-28 22:08:05] csvkit: 完成
[2026-03-28 22:08:11] csvs-to-sqlite: 完成
[2026-03-28 22:08:12] cycler: 完成
[2026-03-28 22:08:15] cyclopts: 完成
[2026-03-28 22:08:17] cython: 完成
[2026-03-28 22:08:25] daffy: 完成
[2026-03-28 22:08:29] dask: 完成
[2026-03-28 22:08:32] databases: 完成
[2026-03-28 22:08:34] dataclasses: 完成
[2026-03-28 22:08:38] dataset: 完成
[2026-03-28 22:08:41] datasketch: 完成
[2026-03-28 22:08:43] datatest: 完成
[2026-03-28 22:08:44] datatile: 完成
[2026-03-28 22:08:48] dateparser: 完成
[2026-03-28 22:08:50] datetime: 完成
[2026-03-28 22:09:02] db-py: 完成
[2026-03-28 22:09:04] dbfread: 完成
[2026-03-28 22:09:05] debuglater: 完成
[2026-03-28 22:09:08] debugpy: 完成
[2026-03-28 22:09:09] decorator: 完成
[2026-03-28 22:09:11] decore: 完成
[2026-03-28 22:09:12] deepdiff: 完成
[2026-03-28 22:09:34] deeplake: 完成
[2026-03-28 22:09:35] deepmerge: 完成
[2026-03-28 22:09:37] defusedxml: 完成
[2026-03-28 22:09:39] deprecated: 完成
[2026-03-28 22:09:40] dialite: 完成
[2026-03-28 22:09:42] dill: 完成
[2026-03-28 22:09:43] dirty-equals: 完成
[2026-03-28 22:09:45] distlib: 完成
[2026-03-28 22:09:46] distro: 完成
[2026-03-28 22:09:48] dnspython: 完成
[2026-03-28 22:09:51] docker: 完成
[2026-03-28 22:09:52] docopt: 完成
[2026-03-28 22:09:54] docopt-ng: 完成
[2026-03-28 22:09:55] docstring-parser: 完成
[2026-03-28 22:09:57] docutils: 完成
[2026-03-28 22:09:58] donfig: 完成
[2026-03-28 22:10:01] dulwich: 完成
[2026-03-28 22:10:03] dunamai: 完成
[2026-03-28 22:10:04] durationpy: 完成
[2026-03-28 22:10:06] dynaconf: 完成
[2026-03-28 22:10:07] easyprocess: 完成
[2026-03-28 22:10:17] elastic-transport: 完成
[2026-03-28 22:10:22] elasticsearch: 完成
[2026-03-28 22:10:26] elasticsearch-dsl: 完成
[2026-03-28 22:10:27] email-validator: 完成
[2026-03-28 22:10:29] emoji: 完成
[2026-03-28 22:10:32] enaml: 完成
[2026-03-28 22:10:34] entrypoint2: 完成
[2026-03-28 22:10:35] entrypoints: 完成
[2026-03-28 22:10:37] et-xmlfile: 完成
[2026-03-28 22:10:39] everett: 完成
[2026-03-28 22:10:40] exceptiongroup: 完成
[2026-03-28 22:10:42] executing: 完成
[2026-03-28 22:10:43] extra-platforms: 完成
[2026-03-28 22:11:05] face: 完成
[2026-03-28 22:11:07] fake-useragent: 完成
[2026-03-28 22:11:09] faker: 完成
[2026-03-28 22:11:11] fakeredis: 完成
[2026-03-28 22:11:17] fastapi: 完成
[2026-03-28 22:11:24] fastapi-cli: 完成
[2026-03-28 22:11:26] fastcore: 完成
[2026-03-28 22:11:28] fastjsonschema: 完成
[2026-03-28 22:11:38] faust: 完成
[2026-03-28 22:11:40] feedparser: 完成
[2026-03-28 22:11:42] filedepot: 完成
[2026-03-28 22:11:44] filelock: 完成
[2026-03-28 22:11:45] filetype: 完成
[2026-03-28 22:11:47] findpython: 完成
[2026-03-28 22:11:48] fire: 完成
[2026-03-28 22:11:51] flask: 完成
[2026-03-28 22:11:55] flask-restful: 完成
[2026-03-28 22:11:57] flatbuffers: 完成
[2026-03-28 22:12:00] flexx: 完成
[2026-03-28 22:12:01] flupy: 完成
[2026-03-28 22:12:03] fonttools: 完成
[2026-03-28 22:12:05] fqdn: 完成
[2026-03-28 22:12:08] free-proxy: 完成
[2026-03-28 22:12:10] frozenlist: 完成
[2026-03-28 22:12:13] fs: 完成
[2026-03-28 22:12:15] fsspec: 完成
[2026-03-28 22:12:16] funcy: 完成
[2026-03-28 22:12:17] future: 完成
[2026-03-28 22:12:19] future-typing: 完成
[2026-03-28 22:12:20] futures: 完成
[2026-03-28 22:12:25] gdown: 完成
[2026-03-28 22:12:34] gin-config: 完成
[2026-03-28 22:12:37] gino: 完成
[2026-03-28 22:12:38] gitdb: 完成
[2026-03-28 22:12:40] gitpython: 完成
[2026-03-28 22:12:42] glom: 完成
[2026-03-28 22:17:11] google-crc32c: 完成
[2026-03-28 22:17:13] google-resumable-media: 完成
[2026-03-28 22:17:15] googleapis-common-protos: 完成
[2026-03-28 22:17:17] graphviz: 完成
[2026-03-28 22:17:25] greenback: 完成
[2026-03-28 22:17:27] greenlet: 完成
[2026-03-28 22:17:30] griffe: 完成
[2026-03-28 22:17:31] griffecli: 完成
[2026-03-28 22:17:33] griffelib: 完成
[2026-03-28 22:17:36] grpcio: 完成
[2026-03-28 22:17:40] grpcio-status: 完成
[2026-03-28 22:17:50] h11: 完成
[2026-03-28 22:17:52] h2: 完成
[2026-03-28 22:17:55] happybase: 完成
[2026-03-28 22:18:03] hiredis: 完成
[2026-03-28 22:18:05] holidays: 完成
[2026-03-28 22:18:06] hpack: 完成
[2026-03-28 22:18:08] html5lib: 完成
[2026-03-28 22:18:10] httpcore: 完成
[2026-03-28 22:18:12] httplib2: 完成
[2026-03-28 22:18:14] httptools: 完成
[2026-03-28 22:18:17] httpx: 完成
[2026-03-28 22:18:42] hub: 完成
[2026-03-28 22:18:43] huey: 完成
[2026-03-28 22:18:45] humanize: 完成
[2026-03-28 22:18:48] humbug: 完成
[2026-03-28 22:18:50] hyperframe: 完成
[2026-03-28 22:18:54] ibis-framework: 完成
[2026-03-28 22:18:56] id: 完成
[2026-03-28 22:18:58] identify: 完成
[2026-03-28 22:18:59] idna: 完成
[2026-03-28 22:19:01] ijson: 完成
[2026-03-28 22:19:02] imagesize: 完成
[2026-03-28 22:19:04] immutables: 完成
[2026-03-28 22:19:06] importlib-metadata: 完成
[2026-03-28 22:19:08] importlib-resources: 完成
[2026-03-28 22:19:11] inflect: 完成
[2026-03-28 22:19:12] inflection: 完成
[2026-03-28 22:19:17] influxdb: 完成
[2026-03-28 22:19:19] installer: 完成
[2026-03-28 22:19:22] intake: 完成
[2026-03-28 22:19:24] interchange: 完成
[2026-03-28 22:19:26] invoke: 完成
[2026-03-28 22:19:34] ipdb: 完成
[2026-03-28 22:19:45] ipykernel: 完成
[2026-03-28 22:19:51] ipython: 完成
[2026-03-28 22:19:52] ipython-genutils: 完成
[2026-03-28 22:19:54] ipython-pygments-lexers: 完成
[2026-03-28 22:20:00] ipywidgets: 完成
[2026-03-28 22:20:02] iso8601: 完成
[2026-03-28 22:20:03] isodate: 完成
[2026-03-28 22:20:06] isoduration: 完成
[2026-03-28 22:20:08] itsdangerous: 完成
[2026-03-28 22:20:09] janus: 完成
[2026-03-28 22:20:11] jaraco-classes: 完成
[2026-03-28 22:20:13] jaraco-context: 完成
[2026-03-28 22:20:14] jaraco-functools: 完成
[2026-03-28 22:20:16] jedi: 完成
[2026-03-28 22:20:18] jeepney: 完成
[2026-03-28 22:20:20] jinja2: 完成
[2026-03-28 22:20:22] jinja2-ansible-filters: 完成
[2026-03-28 22:20:24] jinja2-humanize-extension: 完成
[2026-03-28 22:20:26] jmespath: 完成
[2026-03-28 22:20:27] joblib: 完成
[2026-03-28 22:20:29] json-table-schema: 完成
[2026-03-28 22:20:31] json5: 完成
[2026-03-28 22:20:33] jsonlines: 完成
[2026-03-28 22:20:34] jsonpatch: 完成
[2026-03-28 22:20:37] jsonpickle: 完成
[2026-03-28 22:20:41] jsonpointer: 完成
[2026-03-28 22:20:42] jsonref: 完成
[2026-03-28 22:20:46] jsonschema: 完成
[2026-03-28 22:20:48] jsonschema-specifications: 完成
[2026-03-28 22:21:19] jupyter: 完成
[2026-03-28 22:21:24] jupyter-client: 完成
[2026-03-28 22:21:33] jupyter-console: 完成
[2026-03-28 22:21:35] jupyter-core: 完成
[2026-03-28 22:21:40] jupyter-events: 完成
[2026-03-28 22:21:56] jupyter-lsp: 完成
[2026-03-28 22:22:13] jupyter-server: 完成
[2026-03-28 22:22:15] jupyter-server-terminals: 完成
[2026-03-28 22:22:40] jupyterlab: 完成
[2026-03-28 22:22:41] jupyterlab-pygments: 完成
[2026-03-28 22:23:00] jupyterlab-server: 完成
[2026-03-28 22:23:02] jupyterlab-widgets: 完成
[2026-03-28 22:23:08] jupytext: 完成
[2026-03-28 22:23:09] kafka-python: 完成
[2026-03-28 22:23:21] kedro: 完成
[2026-03-28 22:23:32] kedro-telemetry: 完成
[2026-03-28 22:23:34] keyboard: 完成
[2026-03-28 22:23:36] keyring: 完成
[2026-03-28 22:23:48] kfp-pipeline-spec: 完成
[2026-03-28 22:23:50] kfp-server-api: 完成
[2026-03-28 22:23:53] kivy-garden: 完成
[2026-03-28 22:23:56] kiwisolver: 完成
[2026-03-28 22:23:59] kombu: 完成
[2026-03-28 22:24:26] kubernetes: 完成
[2026-03-28 22:24:28] lark: 完成
[2026-03-28 22:24:30] lazy-import: 完成
[2026-03-28 22:24:32] lazy-object-proxy: 完成
[2026-03-28 22:24:39] lazydata: 完成
[2026-03-28 22:24:41] leather: 完成
[2026-03-28 22:24:43] libcst: 完成
[2026-03-28 22:24:45] linear-tsv: 完成
[2026-03-28 22:24:46] linkify-it-py: 完成
[2026-03-28 22:24:48] lml: 完成
[2026-03-28 22:24:49] locket: 完成
[2026-03-28 22:24:51] lockfile: 完成
[2026-03-28 22:24:54] luigi: 完成
[2026-03-28 22:24:56] lupa: 完成
[2026-03-28 22:24:58] lxml: 完成
[2026-03-28 22:24:59] lz4: 完成
[2026-03-28 22:25:01] mako: 完成
[2026-03-28 22:25:06] mara-db: 完成
[2026-03-28 22:25:08] mara-page: 完成
[2026-03-28 22:25:19] mara-pipelines: 完成
[2026-03-28 22:25:21] markdown: 完成
[2026-03-28 22:25:23] markdown-it-py: 完成
[2026-03-28 22:25:24] markupsafe: 完成
[2026-03-28 22:25:26] marshmallow: 完成
[2026-03-28 22:25:33] matplotlib: 完成
[2026-03-28 22:25:34] matplotlib-inline: 完成
[2026-03-28 22:25:36] maturin: 完成
[2026-03-28 22:25:38] mdit-py-plugins: 完成
[2026-03-28 22:25:40] mdurl: 完成
[2026-03-28 22:25:45] messytables: 完成
[2026-03-28 22:25:47] methodtools: 完成
[2026-03-28 22:25:54] meza: 完成
[2026-03-28 22:25:56] mezmorize: 完成
[2026-03-28 22:25:57] millify: 完成
[2026-03-28 22:26:00] minio: 完成
[2026-03-28 22:26:02] mistune: 完成
[2026-03-28 22:26:07] mleap: 完成
[2026-03-28 22:26:09] mo-dots: 完成
[2026-03-28 22:26:11] mo-future: 完成
[2026-03-28 22:26:12] mo-imports: 完成
[2026-03-28 22:26:15] mo-kwargs: 完成
[2026-03-28 22:26:18] mo-logs: 完成
[2026-03-28 22:26:20] mode: 完成
[2026-03-28 22:26:25] modin: 完成
[2026-03-28 22:26:29] mongo-connector: 完成
[2026-03-28 22:26:32] mongoengine: 完成
[2026-03-28 22:26:33] monotonic: 完成
[2026-03-28 22:26:35] more-itertools: 完成
[2026-03-28 22:26:38] motor: 完成
[2026-03-28 22:26:40] moz-sql-parser: 完成
[2026-03-28 22:26:42] mpmath: 完成
[2026-03-28 22:26:44] mrjob: 完成
[2026-03-28 22:26:45] msgpack: 完成
[2026-03-28 22:26:48] msgpack-numpy: 完成
[2026-03-28 22:26:50] msgspec: 完成
[2026-03-28 22:26:51] mss: 完成
[2026-03-28 22:26:54] multidict: 完成
[2026-03-28 22:26:55] multimethod: 完成
[2026-03-28 22:26:57] multiprocess: 完成
[2026-03-28 22:26:58] munch: 完成
[2026-03-28 22:27:00] mypy-extensions: 完成
[2026-03-28 22:27:02] narwhals: 完成
[2026-03-28 22:27:03] natsort: 完成
[2026-03-28 22:27:27] nbclassic: 完成
[2026-03-28 22:27:35] nbclient: 完成
[2026-03-28 22:27:44] nbconvert: 完成
[2026-03-28 22:27:49] nbformat: 完成
[2026-03-28 22:27:51] neo4j-driver: 完成
[2026-03-28 22:27:53] nest-asyncio: 完成
[2026-03-28 22:28:02] networkx: 完成
[2026-03-28 22:28:03] nh3: 完成
[2026-03-28 22:28:05] nodeenv: 完成
[2026-03-28 22:28:31] notebook: 完成
[2026-03-28 22:28:46] notebook-shim: 完成
[2026-03-28 22:28:47] ntc-templates: 完成
[2026-03-28 22:28:57] numcodecs: 完成
[2026-03-28 22:28:59] numexpr: 完成
[2026-03-28 22:29:01] numpy: 完成
[2026-03-28 22:29:04] numpy-groupies: 完成
[2026-03-28 22:29:05] oauthlib: 完成
[2026-03-28 22:29:11] odmantic: 完成
[2026-03-28 22:29:13] olefile: 完成
[2026-03-28 22:29:15] omegaconf: 完成
[2026-03-28 22:29:32] onecite: 完成
[2026-03-28 22:45:31] openpyxl: 完成
[2026-03-28 22:45:36] opentelemetry-api: 完成
[2026-03-28 22:45:49] opentelemetry-exporter-otlp: 完成
[2026-03-28 22:45:51] opentelemetry-exporter-otlp-proto-common: 完成
[2026-03-28 22:45:56] opentelemetry-exporter-otlp-proto-grpc: 完成
[2026-03-28 22:46:01] opentelemetry-exporter-otlp-proto-http: 完成
[2026-03-28 22:46:04] opentelemetry-instrumentation: 完成
[2026-03-28 22:46:09] opentelemetry-instrumentation-grpc: 完成
[2026-03-28 22:46:11] opentelemetry-proto: 完成
[2026-03-28 22:46:14] opentelemetry-sdk: 完成
[2026-03-28 22:46:16] opentelemetry-semantic-conventions: 完成
[2026-03-28 22:46:18] opentracing: 完成
[2026-03-28 22:46:20] ordered-set: 完成
[2026-03-28 22:46:22] orderly-set: 完成
[2026-03-28 22:46:25] orjson: 完成
[2026-03-28 22:46:27] outcome: 完成
[2026-03-28 22:46:29] packaging: 完成
[2026-03-28 22:46:30] pampy: 完成
[2026-03-28 22:46:49] pandarallel: 完成
[2026-03-28 22:46:52] pandas: 完成
[2026-03-28 22:46:56] pandas-datareader: 完成
[2026-03-28 22:47:08] pandas-summary: 完成
[2026-03-28 22:47:14] pandasql: 完成
[2026-03-28 22:47:20] pandera: 完成
[2026-03-28 22:47:21] pandocfilters: 完成
[2026-03-28 22:47:24] pansi: 完成
[2026-03-28 22:47:39] papermill: 完成
[2026-03-28 22:47:40] param: 完成
[2026-03-28 22:47:48] parse: 完成
[2026-03-28 22:47:50] parsedatetime: 完成
[2026-03-28 22:47:51] parso: 完成
[2026-03-28 22:48:08] parsy: 完成
[2026-03-28 22:48:10] partd: 完成
[2026-03-28 22:48:12] path: 完成
[2026-03-28 22:48:13] pathlib: 完成
[2026-03-28 22:48:15] pathlib-abc: 完成
[2026-03-28 22:48:17] pathlib2: 完成
[2026-03-28 22:48:19] pathos: 完成
[2026-03-28 22:48:21] pathspec: 完成
[2026-03-28 22:48:22] pbs-installer: 完成
[2026-03-28 22:48:25] pdfminer: 完成
[2026-03-28 22:48:28] pdpipe: 完成
[2026-03-28 22:48:30] peewee: 完成
[2026-03-28 22:48:32] pegen: 完成
[2026-03-28 22:48:34] pendulum: 完成
[2026-03-28 22:48:36] petl: 完成
[2026-03-28 22:48:38] pexpect: 完成
[2026-03-28 22:48:40] phonenumbers: 完成
[2026-03-28 22:48:46] piccolo: 完成
[2026-03-28 22:48:49] pickledb: 完成
[2026-03-28 22:48:51] pillow: 完成
[2026-03-28 22:48:53] pinject: 完成
[2026-03-28 22:48:55] pkginfo: 完成
[2026-03-28 22:48:58] platformdirs: 完成
[2026-03-28 22:49:31] ploomber: 完成
[2026-03-28 22:49:37] ploomber-core: 完成
[2026-03-28 22:49:48] ploomber-engine: 完成
[2026-03-28 22:49:51] ploomber-extension: 完成
[2026-03-28 22:49:53] ploomber-scaffold: 完成
[2026-03-28 22:49:55] pluggy: 完成
[2026-03-28 22:49:56] pluginbase: 完成
[2026-03-28 22:49:58] plumbum: 完成
[2026-03-28 22:49:59] ply: 完成
[2026-03-28 22:50:13] poetry: 完成
[2026-03-28 22:50:15] poetry-core: 完成
[2026-03-28 22:50:17] pony: 完成
[2026-03-28 22:50:18] portalocker: 完成
[2026-03-28 22:50:22] posthog: 完成
[2026-03-28 22:50:23] powerline-shell: 完成
[2026-03-28 22:50:25] pox: 完成
[2026-03-28 22:50:27] ppft: 完成
[2026-03-28 22:50:30] pre-commit: 完成
[2026-03-28 22:50:39] prettytable: 完成
[2026-03-28 22:50:41] price-parser: 完成
[2026-03-28 22:50:47] prisma: 完成
[2026-03-28 22:50:50] prometheus-client: 完成
[2026-03-28 22:50:51] prompt-toolkit: 完成
[2026-03-28 22:50:53] propcache: 完成
[2026-03-28 22:50:56] proto-plus: 完成
[2026-03-28 22:50:58] protobuf: 完成
[2026-03-28 22:50:59] pscript: 完成
[2026-03-28 22:51:01] psutil: 完成
[2026-03-28 22:51:03] psycopg2: 完成
[2026-03-28 22:51:05] psycopg2-binary: 完成
[2026-03-28 22:51:07] ptyprocess: 完成
[2026-03-28 22:51:09] pugsql: 完成
[2026-03-28 22:51:17] pulumi: 完成
[2026-03-28 22:51:19] pure-eval: 完成
[2026-03-28 22:51:21] py-key-value-aio: 完成
[2026-03-28 22:51:23] py-lru-cache: 完成
[2026-03-28 22:51:26] py2neo: 完成
[2026-03-28 22:51:28] py4j: 完成
[2026-03-28 22:51:30] pyahocorasick: 完成
[2026-03-28 22:51:32] pyasn1: 完成
[2026-03-28 22:51:34] pyasn1-modules: 完成
[2026-03-28 22:51:35] pybars3: 完成
[2026-03-28 22:51:37] pycodestyle: 完成
[2026-03-28 22:51:38] pycparser: 完成
[2026-03-28 22:51:40] pycryptodome: 完成
[2026-03-28 22:51:42] pycryptodomex: 完成
[2026-03-28 22:51:46] pydantic: 完成
[2026-03-28 22:51:57] pydantic-extra-types: 完成
[2026-03-28 22:52:02] pydantic-settings: 完成
[2026-03-28 22:52:16] pydocket: 完成
[2026-03-28 22:52:18] pyexcel-io: 完成
[2026-03-28 22:52:21] pyexcel-xlsx: 完成
[2026-03-28 22:52:23] pyfiglet: 完成
[2026-03-28 22:52:25] pyflakes: 完成
[2026-03-28 22:52:27] pyfunctional: 完成
[2026-03-28 22:52:29] pygame: 完成
[2026-03-28 22:52:31] pygments: 完成
[2026-03-28 22:52:33] pygogo: 完成
[2026-03-28 22:52:42] pygtrie: 完成
[2026-03-28 22:52:43] pyhdb: 完成
[2026-03-28 22:52:51] pyjwt: 完成
[2026-03-28 22:52:53] pymeta3: 完成
[2026-03-28 22:52:55] pymodm: 完成
[2026-03-28 22:52:58] pymongo: 完成
[2026-03-28 22:52:59] pympler: 完成
[2026-03-28 22:53:01] pymysql: 完成
[2026-03-28 22:53:04] pynacl: 完成
[2026-03-28 22:53:07] pynamodb: 完成
[2026-03-28 22:53:09] pyparsing: 完成
[2026-03-28 22:53:11] pypattyrn: 完成
[2026-03-28 22:53:13] pypeln: 完成
[2026-03-28 22:53:15] pypika: 完成
[2026-03-28 22:53:16] pypika-tortoise: 完成
[2026-03-28 22:53:18] pyproject-hooks: 完成
[2026-03-28 22:53:21] pypyr: 完成
[2026-03-28 22:53:23] pyrsistent: 完成
[2026-03-28 22:53:28] pyscaffold: 完成
[2026-03-28 22:53:30] pyscreenshot: 完成
[2026-03-28 22:53:32] pyserial: 完成
[2026-03-28 22:53:34] pysimdjson: 完成
[2026-03-28 22:53:36] pysimplegui: 完成
[2026-03-28 22:53:38] pysocks: 完成
[2026-03-28 22:53:41] pysolr: 完成
[2026-03-28 22:53:44] pysparkling: 完成
[2026-03-28 22:53:47] pystorm: 完成
[2026-03-28 22:53:51] python-benedict: 完成
[2026-03-28 22:53:53] python-box: 完成
[2026-03-28 22:53:55] python-daemon: 完成
[2026-03-28 22:53:57] python-dateutil: 完成
[2026-03-28 22:53:58] python-decouple: 完成
[2026-03-28 22:54:00] python-discovery: 完成
[2026-03-28 22:54:02] python-dotenv: 完成
[2026-03-28 22:54:04] python-fsutil: 完成
[2026-03-28 22:54:05] python-json-logger: 完成
[2026-03-28 22:54:07] python-magic: 完成
[2026-03-28 22:54:09] python-multipart: 完成
[2026-03-28 22:54:11] python-rapidjson: 完成
[2026-03-28 22:54:12] python-slugify: 完成
[2026-03-28 22:54:14] pythondialog: 完成
[2026-03-28 22:54:15] pytimeparse: 完成
[2026-03-28 22:54:17] pytokens: 完成
[2026-03-28 22:54:19] pytz: 完成
[2026-03-28 22:54:20] pyyaml: 完成
[2026-03-28 22:54:22] pyyaml-ft: 完成
[2026-03-28 22:54:24] pyzmq: 完成
[2026-03-28 22:54:26] quantile-python: 完成
[2026-03-28 22:54:27] queries: 完成
[2026-03-28 22:54:30] questionary: 完成
[2026-03-28 22:54:33] rapidfuzz: 完成
[2026-03-28 22:54:42] rasgoql: 完成
[2026-03-28 22:54:45] rasgotransforms: 完成
[2026-03-28 22:54:46] ratelimit: 完成
[2026-03-28 22:54:48] readchar: 完成
[2026-03-28 22:54:50] readme-renderer: 完成
[2026-03-28 22:54:53] records: 完成
[2026-03-28 22:54:55] redis: 完成
[2026-03-28 22:54:56] redis-py-cluster: 完成
[2026-03-28 22:54:59] referencing: 完成
[2026-03-28 22:55:01] regex: 完成
[2026-03-28 22:55:06] requests: 完成
[2026-03-28 22:55:09] requests-oauthlib: 完成
[2026-03-28 22:55:12] requests-toolbelt: 完成
[2026-03-28 22:55:13] resolvelib: 完成
[2026-03-28 22:55:17] retrying: 完成
[2026-03-28 22:55:20] returns: 完成
[2026-03-28 22:55:21] rfc3339-validator: 完成
[2026-03-28 22:55:23] rfc3986: 完成
[2026-03-28 22:55:25] rfc3986-validator: 完成
[2026-03-28 22:55:27] rfc3987-syntax: 完成
[2026-03-28 22:55:29] rich: 完成
[2026-03-28 22:55:37] rich-argparse: 完成
[2026-03-28 22:55:39] rich-rst: 完成
[2026-03-28 22:55:42] rich-toolkit: 完成
[2026-03-28 22:55:48] riko: 完成
[2026-03-28 22:55:50] robinhood-aiokafka: 完成
[2026-03-28 22:55:52] roman-numerals: 完成
[2026-03-28 22:55:53] rows: 完成
[2026-03-28 22:55:56] rpds-py: 完成
[2026-03-28 22:55:59] rq: 完成
[2026-03-28 22:56:00] rsa: 完成
[2026-03-28 22:56:02] rtoml: 完成
[2026-03-28 22:56:04] ruamel-yaml: 完成
[2026-03-28 22:56:06] ruamel-yaml-clib: 完成
[2026-03-28 22:56:17] s3fs: 完成
[2026-03-28 22:56:21] s3transfer: 完成
[2026-03-28 22:56:22] scandir: 完成
[2026-03-28 22:56:24] schedule: 完成
[2026-03-28 22:56:25] schema: 完成
[2026-03-28 22:56:27] schematics: 完成
[2026-03-28 22:56:39] scholarly: 完成
[2026-03-28 22:56:43] scikit-learn: 完成
[2026-03-28 22:56:46] scipy: 完成
[2026-03-28 22:56:57] seaborn: 完成
[2026-03-28 22:57:05] selenium: 完成
[2026-03-28 22:57:07] semver: 完成
[2026-03-28 22:57:08] send2trash: 完成
[2026-03-28 22:57:11] setproctitle: 完成
[2026-03-28 22:57:13] setuptools: 完成
[2026-03-28 22:57:15] setuptools-scm: 完成
[2026-03-28 22:57:17] sgmllib3k: 完成
[2026-03-28 22:57:19] sh: 完成
[2026-03-28 22:57:21] shellingham: 完成
[2026-03-28 22:57:22] simplejson: 完成
[2026-03-28 22:57:26] singer-python: 完成
[2026-03-28 22:57:28] six: 完成
[2026-03-28 22:57:30] skutil: 完成
[2026-03-28 22:57:33] smart-open: 完成
[2026-03-28 22:57:34] smmap: 完成
[2026-03-28 22:57:36] sniffio: 完成
[2026-03-28 22:57:38] snowballstemmer: 完成
[2026-03-28 22:57:39] sortedcontainers: 完成
[2026-03-28 22:57:41] soupsieve: 完成
[2026-03-28 22:57:46] sphinx: 完成
[2026-03-28 22:57:52] sphinx-rtd-theme: 完成
[2026-03-28 22:57:54] sphinxcontrib-applehelp: 完成
[2026-03-28 22:57:55] sphinxcontrib-devhelp: 完成
[2026-03-28 22:57:57] sphinxcontrib-htmlhelp: 完成
[2026-03-28 22:58:02] sphinxcontrib-jquery: 完成
[2026-03-28 22:58:03] sphinxcontrib-jsmath: 完成
[2026-03-28 22:58:05] sphinxcontrib-qthelp: 完成
[2026-03-28 22:58:07] sphinxcontrib-serializinghtml: 完成
[2026-03-28 22:58:10] sqlalchemy: 完成
[2026-03-28 22:58:13] sqlalchemy-jsonfield: 完成
[2026-03-28 22:58:16] sqlalchemy-utils: 完成
[2026-03-28 22:58:19] sqlglot: 完成
[2026-03-28 22:58:20] sqlitedict: 完成
[2026-03-28 22:58:26] sqlmodel: 完成
[2026-03-28 22:58:28] sqlparse: 完成
[2026-03-28 22:58:38] squirrel-core: 完成
[2026-03-28 22:58:41] srsly: 完成
[2026-03-28 22:58:48] stack-data: 完成
[2026-03-28 22:58:51] starlette: 完成
[2026-03-28 22:59:00] stopit: 完成
[2026-03-28 22:59:02] storm: 完成
[2026-03-28 22:59:03] strct: 完成
[2026-03-28 22:59:13] strictyaml: 完成
[2026-03-28 22:59:16] structlog: 完成
[2026-03-28 22:59:17] supervisor: 完成
[2026-03-28 22:59:20] svcs: 完成
[2026-03-28 22:59:30] sympy: 完成
[2026-03-28 22:59:32] tablib: 完成
[2026-03-28 22:59:33] tabulate: 完成
[2026-03-28 22:59:42] tabulator: 完成
[2026-03-28 22:59:43] targ: 完成
[2026-03-28 22:59:45] tasktiger: 完成
[2026-03-28 22:59:47] tenacity: 完成
[2026-03-28 22:59:49] termcolor: 完成
[2026-03-28 22:59:50] terminado: 完成
[2026-03-28 22:59:53] terminaltables: 完成
[2026-03-28 22:59:55] text-unidecode: 完成
[2026-03-28 22:59:56] textfsm: 完成
[2026-03-28 22:59:58] texttable: 完成
[2026-03-28 23:00:01] thefuzz: 完成
[2026-03-28 23:00:02] threadpoolctl: 完成
[2026-03-28 23:00:04] thriftpy2: 完成
[2026-03-28 23:00:08] tinycss2: 完成
[2026-03-28 23:00:11] tinydb: 完成
[2026-03-28 23:00:14] toga: 完成
[2026-03-28 23:00:16] toga-android: 完成
[2026-03-28 23:00:18] toga-core: 完成
[2026-03-28 23:00:19] toml: 完成
[2026-03-28 23:00:21] tomli: 完成
[2026-03-28 23:00:22] tomli-w: 完成
[2026-03-28 23:00:24] tomlkit: 完成
[2026-03-28 23:00:26] toolz: 完成
[2026-03-28 23:00:28] tornado: 完成
[2026-03-28 23:00:30] tortoise-orm: 完成
[2026-03-28 23:00:32] tqdm: 完成
[2026-03-28 23:00:33] traceml: 完成
[2026-03-28 23:00:35] traitlets: 完成
[2026-03-28 23:00:37] transitions: 完成
[2026-03-28 23:00:38] travertino: 完成
[2026-03-28 23:00:41] trio: 完成
[2026-03-28 23:00:43] trio-websocket: 完成
[2026-03-28 23:00:45] trove-classifiers: 完成
[2026-03-28 23:00:50] twine: 完成
[2026-03-28 23:00:51] typeguard: 完成
[2026-03-28 23:00:54] typer: 完成
[2026-03-28 23:00:56] types-python-dateutil: 完成
[2026-03-28 23:00:58] typical: 完成
[2026-03-28 23:01:00] typing: 完成
[2026-03-28 23:01:01] typing-extensions: 完成
[2026-03-28 23:01:03] typing-inspect: 完成
[2026-03-28 23:01:07] typing-inspection: 完成
[2026-03-28 23:01:10] tzdata: 完成
[2026-03-28 23:01:11] tzlocal: 完成
[2026-03-28 23:01:13] ubelt: 完成
[2026-03-28 23:01:15] uc-micro-py: 完成
[2026-03-28 23:01:17] ujson: 完成
[2026-03-28 23:01:21] umongo: 完成
[2026-03-28 23:01:22] uncalled-for: 完成
[2026-03-28 23:01:23] unicodecsv: 完成
[2026-03-28 23:01:25] unidecode: 完成
[2026-03-28 23:01:26] unipath: 完成
[2026-03-28 23:01:28] universal-pathlib: 完成
[2026-03-28 23:01:30] uri-template: 完成
[2026-03-28 23:01:32] uritemplate: 完成
[2026-03-28 23:01:34] urllib3: 完成
[2026-03-28 23:01:35] useful-types: 完成
[2026-03-28 23:01:37] uuid6: 完成
[2026-03-28 23:01:39] uvicorn: 完成
[2026-03-28 23:01:41] uvloop: 完成
[2026-03-28 23:01:42] validators: 完成
[2026-03-28 23:01:44] valideer: 完成
[2026-03-28 23:01:46] validr: 完成
[2026-03-28 23:01:48] vcs-versioning: 完成
[2026-03-28 23:01:49] venusian: 完成
[2026-03-28 23:01:51] vine: 完成
[2026-03-28 23:01:53] virtualenv: 完成
[2026-03-28 23:01:55] voluptuous: 完成
[2026-03-28 23:01:58] watchdog: 完成
[2026-03-28 23:02:01] watchfiles: 完成
[2026-03-28 23:02:03] wcmatch: 完成
[2026-03-28 23:02:04] wcwidth: 完成
[2026-03-28 23:02:06] webcolors: 完成
[2026-03-28 23:02:08] webencodings: 完成
[2026-03-28 23:02:10] webruntime: 完成
[2026-03-28 23:02:11] websocket-client: 完成
[2026-03-28 23:02:13] websockets: 完成
[2026-03-28 23:02:15] werkzeug: 完成
[2026-03-28 23:02:18] whenever: 完成
[2026-03-28 23:02:20] widgetsnbextension: 完成
[2026-03-28 23:02:21] wirerope: 完成
[2026-03-28 23:02:24] wrapt: 完成
[2026-03-28 23:02:25] wsproto: 完成
[2026-03-28 23:02:27] wssh: 完成
[2026-03-28 23:02:30] xarray: 完成
[2026-03-28 23:02:31] xlrd: 完成
[2026-03-28 23:02:33] xlsxwriter: 完成
[2026-03-28 23:02:36] xlwings: 完成
[2026-03-28 23:02:38] xmltodict: 完成
[2026-03-28 23:02:41] yarl: 完成
[2026-03-28 23:02:45] zarr: 完成
[2026-03-28 23:02:55] zenml: 完成
[2026-03-28 23:02:56] zipp: 完成
[2026-03-28 23:02:58] zope-event: 完成
[2026-03-28 23:03:00] zope-interface: 完成
[2026-03-28 23:03:02] zstandard: 完成
