========================================
开始更新: 2026-09-12 08:02:56
========================================
[2026-09-12 08:03:59] happybase: 完成
[2026-09-12 08:06:00] hiredis: 完成
[2026-09-12 08:07:00] holidays: 完成
[2026-09-12 08:08:00] hpack: 完成
[2026-09-12 08:09:02] html5lib: 完成
[2026-09-12 08:10:03] httpcore: 完成
[2026-09-12 08:11:03] httplib2: 完成
[2026-09-12 08:12:05] httptools: 完成
[2026-09-12 08:13:05] httpx: 完成
[2026-09-12 08:19:06] hub: 完成
[2026-09-12 08:20:06] huey: 完成
[2026-09-12 08:21:06] humanize: 完成
[2026-09-12 08:22:06] humbug: 完成
[2026-09-12 08:23:08] hyperframe: 完成
[2026-09-12 08:24:08] ibis-framework: 完成
[2026-09-12 08:25:08] id: 完成
[2026-09-12 08:26:09] identify: 完成
[2026-09-12 08:27:09] idna: 完成
[2026-09-12 08:28:09] ijson: 完成
[2026-09-12 08:29:09] imagesize: 完成
[2026-09-12 08:30:09] immutables: 完成
[2026-09-12 08:31:10] importlib-metadata: 完成
[2026-09-12 08:32:10] importlib-resources: 完成
[2026-09-12 08:33:10] inflect: 完成
[2026-09-12 08:34:10] inflection: 完成
[2026-09-12 08:35:11] influxdb: 完成
[2026-09-12 08:36:11] installer: 完成
[2026-09-12 08:37:11] intake: 完成
[2026-09-12 08:38:11] interchange: 完成
[2026-09-12 08:39:11] invoke: 完成
[2026-09-12 08:42:12] ipython-genutils: 完成
[2026-09-12 08:43:12] ipython-pygments-lexers: 完成
[2026-09-12 08:45:13] iso8601: 完成
[2026-09-12 08:46:13] isodate: 完成
[2026-09-12 08:47:13] isoduration: 完成
[2026-09-12 08:48:13] itsdangerous: 完成
[2026-09-12 08:49:13] janus: 完成
[2026-09-12 08:50:14] jaraco-classes: 完成
[2026-09-12 08:51:14] jaraco-context: 完成
[2026-09-12 08:52:14] jaraco-functools: 完成
[2026-09-12 08:53:14] jedi: 完成
[2026-09-12 08:54:15] jeepney: 完成
[2026-09-12 08:55:15] jinja2: 完成
[2026-09-12 08:56:15] jinja2-ansible-filters: 完成
[2026-09-12 08:57:15] jinja2-humanize-extension: 完成
[2026-09-12 08:58:15] jmespath: 完成
[2026-09-12 08:59:16] joblib: 完成
[2026-09-12 09:00:16] json-table-schema: 完成
[2026-09-12 09:01:16] json5: 完成
[2026-09-12 09:02:16] jsonlines: 完成
[2026-09-12 09:03:16] jsonpatch: 完成
[2026-09-12 09:04:17] jsonpickle: 完成
[2026-09-12 09:05:17] jsonpointer: 完成
[2026-09-12 09:06:17] jsonref: 完成
[2026-09-12 09:07:17] jsonschema: 完成
[2026-09-12 09:08:18] jsonschema-specifications: 完成
[2026-09-12 09:10:18] jupyter-builder: 完成
[2026-09-12 09:11:18] jupyter-client: 完成
[2026-09-12 09:13:18] jupyter-core: 完成
[2026-09-12 09:15:21] jupyter-events: 完成
[2026-09-12 09:17:21] jupyter-lsp: 完成
[2026-09-12 09:18:23] jupyter-server: 完成
[2026-09-12 09:19:23] jupyter-server-terminals: 完成
[2026-09-12 09:21:23] jupyterlab-pygments: 完成
[2026-09-12 09:23:24] jupyterlab-server: 完成
[2026-09-12 09:24:24] jupyterlab-widgets: 完成
[2026-09-12 09:26:24] jupytext: 完成
[2026-09-12 09:27:25] kafka-python: 完成
[2026-09-12 09:28:25] kedro: 完成
[2026-09-12 09:29:26] kedro-telemetry: 完成
[2026-09-12 09:30:26] keyboard: 完成
[2026-09-12 09:31:26] keyring: 完成
[2026-09-12 09:34:26] kfp: 完成
[2026-09-12 09:35:27] kfp-pipeline-spec: 完成
[2026-09-12 09:36:27] kfp-server-api: 完成
[2026-09-12 09:37:27] kivy-garden: 完成
[2026-09-12 09:38:27] kiwisolver: 完成
[2026-09-12 09:39:27] kombu: 完成
[2026-09-12 09:41:28] kubernetes: 完成
[2026-09-12 09:42:28] lark: 完成
[2026-09-12 09:43:28] lazy-import: 完成
[2026-09-12 09:44:28] lazy-object-proxy: 完成
[2026-09-12 09:45:28] lazydata: 完成
[2026-09-12 09:46:29] leather: 完成
[2026-09-12 09:47:29] libcst: 完成
[2026-09-12 09:48:30] linear-tsv: 完成
[2026-09-12 09:49:30] linkify-it-py: 完成
[2026-09-12 09:50:30] lml: 完成
[2026-09-12 09:51:31] locket: 完成
[2026-09-12 09:52:31] lockfile: 完成
[2026-09-12 09:53:31] luigi: 完成
[2026-09-12 09:59:32] lxml: 完成
[2026-09-12 10:00:32] lz4: 完成
[2026-09-12 10:01:32] mako: 完成
[2026-09-12 10:02:32] mara-db: 完成
[2026-09-12 10:03:33] mara-page: 完成
[2026-09-12 10:04:36] markdown: 完成
[2026-09-12 10:05:36] markdown-it-py: 完成
[2026-09-12 10:06:36] markupsafe: 完成
[2026-09-12 10:07:37] marshmallow: 完成
[暂停] 电量 79%，状态 DISCHARGING
