========================================
[2026-05-07 21:29:15] a2wsgi: 完成
[2026-05-07 21:29:17] addict: 完成
[2026-05-07 21:29:19] agate: 完成
[2026-05-07 21:29:21] agate-dbf: 完成
[2026-05-07 21:29:25] agate-excel: 完成
[2026-05-07 21:29:43] agate-sql: 完成
[2026-05-07 21:30:09] aioboto3: 完成
[2026-05-07 21:30:18] aiobotocore: 完成
[2026-05-07 21:30:20] aiocache: 完成
[2026-05-07 21:30:21] aiofiles: 完成
[2026-05-07 21:30:23] aiohappyeyeballs: 完成
[2026-05-07 21:30:29] aiohttp: 完成
[2026-05-07 21:30:35] aiohttp-cors: 完成
[2026-05-07 21:30:37] aioitertools: 完成
[2026-05-07 21:30:39] aiomisc: 完成
[2026-05-07 21:36:20] aiosignal: 完成
[2026-05-07 21:36:21] aiosmtplib: 完成
[2026-05-07 21:36:24] aiosqlite: 完成
[2026-05-07 21:36:26] aiothreads: 完成
[2026-05-07 21:36:27] alabaster: 完成
[2026-05-07 21:36:38] alembic: 完成
[2026-05-07 21:36:40] algorithms: 完成
[2026-05-07 21:37:43] altair: 完成
[2026-05-07 21:37:45] amplitude-analytics: 完成
[2026-05-07 21:37:47] amqp: 完成
[2026-05-07 21:37:49] aniso8601: 完成
[2026-05-07 21:37:50] annotated-doc: 完成
[2026-05-07 21:37:52] annotated-types: 完成
[2026-05-07 21:40:28] ansible: 完成
[2026-05-07 21:40:32] ansible-core: 完成
[2026-05-07 21:40:33] antlr4-python3-runtime: 完成
[2026-05-07 21:40:35] anyascii: 完成
[2026-05-07 21:40:37] anyio: 完成
[2026-05-07 21:40:38] anytree: 完成
[2026-05-07 21:45:02] apache-libcloud: 完成
[2026-05-07 21:45:03] appdirs: 完成
[2026-05-07 21:45:07] apprise: 完成
[2026-05-07 21:45:08] argcomplete: 完成
[2026-05-07 21:45:18] argo-models: 完成
[2026-05-07 21:45:31] argon2-cffi: 完成
[2026-05-07 21:45:35] argon2-cffi-bindings: 完成
[2026-05-07 21:45:37] argparse: 完成
[2026-05-07 21:45:44] args: 完成
[2026-05-07 21:45:55] arq: 完成
[2026-05-07 21:49:57] arraykit: 完成
[2026-05-07 21:50:00] arrow: 完成
[2026-05-07 21:50:39] asciimatics: 完成
[2026-05-07 21:50:41] asgi-lifespan: 完成
[2026-05-07 21:50:42] asgiref: 完成
[2026-05-07 21:50:44] asn1crypto: 完成
[2026-05-07 21:50:45] asttokens: 完成
[2026-05-07 21:50:47] async-lru: 完成
[2026-05-07 21:50:48] asyncer: 完成
[2026-05-07 21:51:41] asyncpg: 完成
[2026-05-07 21:52:41] atom: 完成
[2026-05-07 21:52:42] atpublic: 完成
[2026-05-07 21:52:43] attrs: 完成
[2026-05-07 21:52:45] autocommand: 完成
[2026-05-07 21:52:46] autopep8: 完成
[2026-05-07 21:53:03] awesome-slugify: 完成
[2026-05-07 21:53:09] awscli: 完成
[2026-05-07 21:58:22] azure-core: 完成
[2026-05-07 21:58:26] azure-storage-blob: 完成
[2026-05-07 21:58:28] babel: 完成
[2026-05-07 21:58:30] backoff: 完成
[2026-05-07 21:58:31] backports-zstd: 完成
[2026-05-07 21:58:33] banal: 完成
[2026-05-07 21:58:39] bashplotlib: 完成
[2026-05-07 22:17:45] bcrypt: 完成
[2026-05-07 22:17:55] beaker: 完成
[2026-05-07 22:17:57] beartype: 完成
[2026-05-07 22:18:00] beautifulsoup4: 完成
[2026-05-07 22:18:07] bibtexparser: 完成
[2026-05-07 22:18:09] bidict: 完成
[2026-05-07 22:18:11] billiard: 完成
[2026-05-07 22:18:12] binaryornot: 完成
[2026-05-07 22:18:14] birch: 完成
[2026-05-07 22:18:19] black: 完成
[2026-05-07 22:18:20] bleach: 完成
[2026-05-07 22:18:22] blessings: 完成
[2026-05-07 22:18:24] blinker: 完成
[2026-05-07 22:18:25] boltons: 完成
[2026-05-07 22:19:35] botflow: 完成
[2026-05-07 22:19:43] boto3: 完成
[2026-05-07 22:19:46] botocore: 完成
[2026-05-07 22:19:48] bottle: 完成
[2026-05-07 22:23:48] bottleneck: 完成
[2026-05-07 22:23:49] bracex: 完成
[2026-05-07 22:23:52] build: 完成
[2026-05-07 22:25:38] burner-redis: 完成
[2026-05-07 22:25:39] bytecode: 完成
[2026-05-07 22:25:53] cachecontrol: 完成
[2026-05-07 22:25:54] cached-property: 完成
[2026-05-07 22:25:56] cachelib: 完成
[2026-05-07 22:25:58] cachetools: 完成
[2026-05-07 22:26:07] cachier: 完成
[2026-05-07 22:31:40] cadwyn: 完成
[2026-05-07 22:31:42] catalogue: 完成
[2026-05-07 22:31:48] celery: 完成
[2026-05-07 22:31:50] cerberus: 完成
[2026-05-07 22:31:52] certifi: 完成
[2026-05-07 22:31:55] cffi: 完成
[2026-05-07 22:31:57] cfgv: 完成
[2026-05-07 22:31:59] chardet: 完成
[2026-05-07 22:32:03] charset-normalizer: 完成
[2026-05-07 22:32:12] ciso8601: 完成
[2026-05-07 22:36:54] cleo: 完成
[2026-05-07 22:37:02] cleverdict: 完成
[2026-05-07 22:37:03] click: 完成
[2026-05-07 22:37:05] click-didyoumean: 完成
[2026-05-07 22:37:12] click-extra: 完成
[2026-05-07 22:37:14] click-option-group: 完成
[2026-05-07 22:37:16] click-plugins: 完成
[2026-05-07 22:37:18] click-repl: 完成
[2026-05-07 22:37:26] clint: 完成
[2026-05-07 22:37:31] cloudant: 完成
[2026-05-07 22:37:33] cloudpickle: 完成
[2026-05-07 22:37:35] cloup: 完成
[2026-05-07 22:37:37] colorama: 完成
[2026-05-07 22:37:38] colorclass: 完成
[2026-05-07 22:37:40] colored: 完成
[2026-05-07 22:37:42] colorlog: 完成
[2026-05-07 22:37:44] colout: 完成
[2026-05-07 22:37:46] comm: 完成
[2026-05-07 22:37:53] commonregex: 完成
[2026-05-07 22:37:56] configargparse: 完成
[2026-05-07 22:37:57] configobj: 完成
[2026-05-07 22:38:00] configupdater: 完成
[2026-05-07 22:38:02] constraints-txt: 完成
[2026-05-07 22:38:04] contextlib2: 完成
[2026-05-07 22:39:35] contourpy: 完成
[2026-05-07 22:39:44] cookiecutter: 完成
[2026-05-07 22:39:46] coolname: 完成
[2026-05-07 22:39:55] copier: 完成
[2026-05-07 22:39:56] crashtest: 完成
[2026-05-07 22:39:59] cron-descriptor: 完成
[2026-05-07 22:40:01] croniter: 完成
[2026-05-07 22:40:03] cronsim: 完成
[2026-05-07 22:40:06] cryptography: 完成
[2026-05-07 22:40:13] csvkit: 完成
[2026-05-07 22:40:27] csvs-to-sqlite: 完成
[2026-05-07 22:40:29] cycler: 完成
[2026-05-07 22:40:33] cyclopts: 完成
[2026-05-07 22:40:40] cython: 完成
[2026-05-07 22:43:34] daffy: 完成
[2026-05-07 22:43:37] dask: 完成
[2026-05-07 22:43:42] databases: 完成
[2026-05-07 22:43:43] dataclasses: 完成
[2026-05-07 22:43:47] dataset: 完成
[2026-05-07 22:43:51] datasketch: 完成
[2026-05-07 22:43:52] datatest: 完成
[2026-05-07 22:43:54] datatile: 完成
[2026-05-07 22:43:58] dateparser: 完成
[2026-05-07 22:44:01] datetime: 完成
[2026-05-07 22:49:44] db-py: 完成
[2026-05-07 22:49:46] dbfread: 完成
[2026-05-07 22:49:48] debuglater: 完成
[2026-05-07 22:49:51] debugpy: 完成
[2026-05-07 22:49:53] decorator: 完成
[2026-05-07 22:49:55] decore: 完成
[2026-05-07 22:49:57] deepdiff: 完成
[2026-05-07 22:51:39] deeplake: 完成
[2026-05-07 22:51:41] deepmerge: 完成
[2026-05-07 22:51:43] defusedxml: 完成
[2026-05-07 22:51:45] deprecated: 完成
[2026-05-07 22:51:47] dialite: 完成
[2026-05-07 22:51:49] dill: 完成
[2026-05-07 22:51:51] dirty-equals: 完成
[2026-05-07 22:51:52] distlib: 完成
[2026-05-07 22:51:54] distro: 完成
[2026-05-07 22:51:56] dnspython: 完成
[2026-05-07 22:51:59] docker: 完成
[2026-05-07 22:52:07] docopt: 完成
[2026-05-07 22:52:09] docopt-ng: 完成
[2026-05-07 22:52:10] docstring-parser: 完成
[2026-05-07 22:52:12] docutils: 完成
[2026-05-07 22:52:14] donfig: 完成
[2026-05-07 22:52:17] dulwich: 完成
[2026-05-07 22:52:19] dunamai: 完成
[2026-05-07 22:52:21] durationpy: 完成
[2026-05-07 22:52:23] dynaconf: 完成
[2026-05-07 22:52:24] easyprocess: 完成
[2026-05-07 22:55:56] elastic-transport: 完成
[2026-05-07 22:55:59] elasticsearch: 完成
[2026-05-07 22:56:02] elasticsearch-dsl: 完成
[2026-05-07 22:56:04] email-validator: 完成
[2026-05-07 22:56:06] emoji: 完成
[2026-05-07 22:57:20] enaml: 完成
[2026-05-07 22:57:22] entrypoint2: 完成
[2026-05-07 22:57:23] entrypoints: 完成
[2026-05-07 22:57:25] et-xmlfile: 完成
[2026-05-07 22:57:27] everett: 完成
[2026-05-07 22:57:29] exceptiongroup: 完成
[2026-05-07 22:57:30] executing: 完成
[2026-05-07 22:57:32] extra-platforms: 完成
[2026-05-07 23:03:01] fabric: 完成
[2026-05-07 23:03:06] fabric39: 完成
[2026-05-07 23:03:17] fabtools: 完成
[2026-05-07 23:03:19] face: 完成
[2026-05-07 23:03:21] fake-useragent: 完成
[2026-05-07 23:03:23] faker: 完成
[2026-05-07 23:03:25] fakeredis: 完成
[2026-05-07 23:03:31] fastapi: 完成
[2026-05-07 23:06:41] fastapi-cli: 完成
[2026-05-07 23:06:43] fastcore: 完成
[2026-05-07 23:06:44] fastjsonschema: 完成
[2026-05-07 23:06:58] faust: 完成
[2026-05-07 23:07:05] feedparser: 完成
[2026-05-07 23:07:13] filedepot: 完成
[2026-05-07 23:07:15] filelock: 完成
[2026-05-07 23:07:16] filetype: 完成
[2026-05-07 23:07:18] findpython: 完成
[2026-05-07 23:07:20] fire: 完成
[2026-05-07 23:07:22] flask: 完成
[2026-05-07 23:07:25] flask-restful: 完成
[2026-05-07 23:07:27] flatbuffers: 完成
[2026-05-07 23:07:29] flexx: 完成
[2026-05-07 23:07:31] flupy: 完成
[2026-05-07 23:07:33] fonttools: 完成
[2026-05-07 23:07:35] fqdn: 完成
[2026-05-07 23:07:45] free-proxy: 完成
[2026-05-07 23:07:47] frozenlist: 完成
[2026-05-07 23:07:49] fs: 完成
[2026-05-07 23:07:51] fsspec: 完成
[2026-05-07 23:07:53] funcy: 完成
[2026-05-07 23:07:54] future: 完成
[2026-05-07 23:07:56] future-typing: 完成
[2026-05-07 23:08:04] futures: 完成
[2026-05-07 23:08:08] gdown: 完成
[2026-05-07 23:11:27] gin-config: 完成
[2026-05-07 23:11:42] gino: 完成
[2026-05-07 23:11:43] gitdb: 完成
[2026-05-07 23:11:46] gitpython: 完成
[2026-05-07 23:11:48] glom: 完成
[2026-05-07 23:12:06] google-api-core: 完成
[2026-05-07 23:12:17] google-api-python-client: 完成
[2026-05-07 23:12:20] google-auth: 完成
[2026-05-07 23:12:24] google-auth-httplib2: 完成
[2026-05-07 23:12:29] google-auth-oauthlib: 完成
[2026-05-07 23:13:21] google-cloud-core: 完成
[2026-05-07 23:13:28] google-cloud-storage: 完成
[2026-05-07 23:13:29] google-crc32c: 完成
[2026-05-07 23:13:31] google-resumable-media: 完成
[2026-05-07 23:13:34] googleapis-common-protos: 完成
[2026-05-07 23:13:35] graphviz: 完成
[2026-05-07 23:13:51] great-expectations: 完成
[2026-05-07 23:13:53] greenback: 完成
[2026-05-07 23:13:55] greenlet: 完成
[2026-05-07 23:13:57] griffe: 完成
[2026-05-07 23:14:00] griffecli: 完成
[2026-05-07 23:14:01] griffelib: 完成
[2026-05-07 23:15:28] gsheetsdb: 完成
[2026-05-07 23:15:30] h11: 完成
[2026-05-07 23:15:32] h2: 完成
[2026-05-07 23:15:59] happybase: 完成
[2026-05-07 23:16:16] hiredis: 完成
[2026-05-07 23:16:18] holidays: 完成
[2026-05-07 23:16:20] hpack: 完成
[2026-05-07 23:16:22] html5lib: 完成
[2026-05-07 23:16:24] httpcore: 完成
[2026-05-07 23:16:25] httplib2: 完成
[2026-05-07 23:16:27] httptools: 完成
[2026-05-07 23:16:30] httpx: 完成
[2026-05-07 23:16:48] hub: 完成
[2026-05-07 23:16:50] huey: 完成
[2026-05-07 23:16:51] humanize: 完成
[2026-05-07 23:16:54] humbug: 完成
[2026-05-07 23:16:55] hyperframe: 完成
[2026-05-07 23:16:59] ibis-framework: 完成
[2026-05-07 23:17:00] id: 完成
[2026-05-07 23:17:02] identify: 完成
[2026-05-07 23:17:04] idna: 完成
[2026-05-07 23:17:13] ijson: 完成
[2026-05-07 23:17:15] imagesize: 完成
[2026-05-07 23:17:24] immutables: 完成
[2026-05-07 23:17:26] importlib-metadata: 完成
[2026-05-07 23:17:28] importlib-resources: 完成
[2026-05-07 23:17:32] inflect: 完成
[2026-05-07 23:17:33] inflection: 完成
[2026-05-07 23:17:37] influxdb: 完成
[2026-05-07 23:17:38] installer: 完成
[2026-05-07 23:17:41] intake: 完成
[2026-05-07 23:17:43] interchange: 完成
[2026-05-07 23:17:44] invoke: 完成
[2026-05-07 23:18:10] ipython-genutils: 完成
[2026-05-07 23:18:12] ipython-pygments-lexers: 完成
[2026-05-07 23:18:22] iso8601: 完成
[2026-05-07 23:18:23] isodate: 完成
[2026-05-07 23:18:25] isoduration: 完成
[2026-05-07 23:18:27] itsdangerous: 完成
[2026-05-07 23:18:28] janus: 完成
[2026-05-07 23:18:30] jaraco-classes: 完成
[2026-05-07 23:18:32] jaraco-context: 完成
[2026-05-07 23:18:34] jaraco-functools: 完成
[2026-05-07 23:18:35] jedi: 完成
[2026-05-07 23:18:37] jeepney: 完成
[2026-05-07 23:18:39] jinja2: 完成
[2026-05-07 23:18:41] jinja2-ansible-filters: 完成
[2026-05-07 23:18:43] jinja2-humanize-extension: 完成
[2026-05-07 23:18:45] jmespath: 完成
[2026-05-07 23:18:47] joblib: 完成
[2026-05-07 23:18:54] json-table-schema: 完成
[2026-05-07 23:18:56] json5: 完成
[2026-05-07 23:18:57] jsonlines: 完成
[2026-05-07 23:18:59] jsonpatch: 完成
[2026-05-07 23:19:01] jsonpickle: 完成
[2026-05-07 23:19:03] jsonpointer: 完成
[2026-05-07 23:19:04] jsonref: 完成
[2026-05-07 23:19:07] jsonschema: 完成
[2026-05-07 23:19:09] jsonschema-specifications: 完成
[2026-05-07 23:19:30] jupyter-client: 完成
[2026-05-07 23:19:40] jupyter-core: 完成
[2026-05-07 23:19:45] jupyter-events: 完成
[2026-05-07 23:19:56] jupyter-lsp: 完成
[2026-05-07 23:20:09] jupyter-server: 完成
[2026-05-07 23:20:11] jupyter-server-terminals: 完成
[2026-05-07 23:20:25] jupyterlab-pygments: 完成
[2026-05-07 23:20:37] jupyterlab-server: 完成
[2026-05-07 23:20:39] jupyterlab-widgets: 完成
[2026-05-07 23:20:43] jupytext: 完成
[2026-05-07 23:20:45] kafka-python: 完成
[2026-05-07 23:20:58] kedro: 完成
[2026-05-07 23:21:05] kedro-telemetry: 完成
[2026-05-07 23:21:07] keyboard: 完成
[2026-05-07 23:21:09] keyring: 完成
[2026-05-07 23:21:24] kfp: 完成
[2026-05-07 23:21:26] kfp-pipeline-spec: 完成
[2026-05-07 23:21:28] kfp-server-api: 完成
[2026-05-07 23:21:31] kivy-garden: 完成
[2026-05-07 23:21:32] kiwisolver: 完成
[2026-05-07 23:21:35] kombu: 完成
[2026-05-07 23:21:50] kubernetes: 完成
[2026-05-07 23:21:51] lark: 完成
[2026-05-07 23:21:58] lazy-import: 完成
[2026-05-07 23:22:07] lazy-object-proxy: 完成
[2026-05-07 23:22:12] lazydata: 完成
[2026-05-07 23:22:13] leather: 完成
[2026-05-07 23:22:15] libcst: 完成
[2026-05-07 23:22:22] linear-tsv: 完成
[2026-05-07 23:22:23] linkify-it-py: 完成
[2026-05-07 23:22:25] lml: 完成
[2026-05-07 23:22:26] locket: 完成
[2026-05-07 23:22:28] lockfile: 完成
[2026-05-07 23:22:30] luigi: 完成
[2026-05-07 23:25:59] lxml: 完成
[2026-05-07 23:26:00] lz4: 完成
[2026-05-07 23:26:02] mako: 完成
[2026-05-07 23:26:27] mara-db: 完成
[2026-05-07 23:26:30] mara-page: 完成
[2026-05-07 23:26:40] markdown: 完成
[2026-05-07 23:26:42] markdown-it-py: 完成
[2026-05-07 23:26:44] markupsafe: 完成
[2026-05-07 23:26:45] marshmallow: 完成
[2026-05-07 23:28:36] matplotlib-inline: 完成
[2026-05-07 23:28:38] maturin: 完成
[2026-05-07 23:28:39] mdit-py-plugins: 完成
[2026-05-07 23:28:41] mdurl: 完成
[2026-05-07 23:28:51] messytables: 完成
[2026-05-07 23:28:52] methodtools: 完成
[2026-05-07 23:29:10] meza: 完成
[2026-05-07 23:29:12] mezmorize: 完成
[2026-05-07 23:29:19] millify: 完成
[2026-05-07 23:29:55] minio: 完成
[2026-05-07 23:29:56] mistune: 完成
[2026-05-07 23:56:07] mleap: 完成
[2026-05-07 23:56:11] mo-dots: 完成
[2026-05-07 23:56:13] mo-future: 完成
[2026-05-07 23:56:15] mo-imports: 完成
[2026-05-07 23:56:17] mo-kwargs: 完成
[2026-05-07 23:56:21] mo-logs: 完成
[2026-05-07 23:56:24] mode: 完成
[2026-05-07 23:56:58] mongo-connector: 完成
[2026-05-07 23:57:05] mongoengine: 完成
[2026-05-07 23:57:07] monotonic: 完成
[2026-05-07 23:57:09] more-itertools: 完成
[2026-05-07 23:57:12] motor: 完成
[2026-05-07 23:57:15] moz-sql-parser: 完成
[2026-05-07 23:57:17] mpmath: 完成
[2026-05-07 23:57:19] mrjob: 完成
[2026-05-07 23:57:21] msgpack: 完成
[2026-05-07 23:57:24] msgpack-numpy: 完成
[2026-05-07 23:57:40] msgspec: 完成
[2026-05-07 23:57:42] mss: 完成
[2026-05-07 23:57:45] multidict: 完成
[2026-05-07 23:57:46] multimethod: 完成
[2026-05-07 23:57:48] multiprocess: 完成
[2026-05-07 23:57:50] munch: 完成
[2026-05-07 23:57:53] mypy-extensions: 完成
[2026-05-07 23:57:55] narwhals: 完成
[2026-05-07 23:57:57] natsort: 完成
[2026-05-07 23:58:25] nbclient: 完成
[2026-05-07 23:58:35] nbconvert: 完成
[2026-05-07 23:58:40] nbformat: 完成
[2026-05-07 23:58:43] neo4j-driver: 完成
[2026-05-07 23:58:45] nest-asyncio: 完成
[2026-05-07 23:58:51] netmiko: 完成
[2026-05-07 23:58:54] networkx: 完成
[2026-05-08 00:01:29] nh3: 完成
[2026-05-08 00:01:33] nodeenv: 完成
[2026-05-08 00:02:04] notebook-shim: 完成
[2026-05-08 00:02:06] ntc-templates: 完成
[2026-05-08 00:05:01] numcodecs: 完成
[2026-05-08 00:05:28] numexpr: 完成
[2026-05-08 00:05:31] numpy: 完成
[2026-05-08 00:05:34] numpy-groupies: 完成
[2026-05-08 00:05:36] oauthlib: 完成
[2026-05-08 00:05:45] odmantic: 完成
[2026-05-08 00:05:47] olefile: 完成
[2026-05-08 00:05:49] omegaconf: 完成
[2026-05-08 00:05:56] onecite: 完成
[2026-05-08 00:24:07] openpyxl: 完成
[2026-05-08 00:24:09] opentelemetry-api: 完成
[2026-05-08 00:24:36] opentelemetry-exporter-otlp-proto-common: 完成
[2026-05-08 00:25:04] opentelemetry-exporter-otlp-proto-http: 完成
[2026-05-08 00:25:08] opentelemetry-instrumentation: 完成
[2026-05-08 00:25:12] opentelemetry-instrumentation-grpc: 完成
[2026-05-08 00:25:15] opentelemetry-proto: 完成
[2026-05-08 00:25:17] opentelemetry-sdk: 完成
[2026-05-08 00:25:20] opentelemetry-semantic-conventions: 完成
[2026-05-08 00:25:29] opentracing: 完成
[2026-05-08 00:25:31] ordered-set: 完成
[2026-05-08 00:25:32] orderly-set: 完成
[2026-05-08 00:25:48] outcome: 完成
[2026-05-08 00:25:50] packaging: 完成
[2026-05-08 00:25:52] pampy: 完成
[2026-05-08 00:26:23] pandas: 完成
[2026-05-08 00:26:28] pandas-datareader: 完成
[2026-05-08 00:26:51] pandas-summary: 完成
[2026-05-08 00:27:02] pandasql: 完成
[2026-05-08 00:27:07] pandera: 完成
[2026-05-08 00:27:09] pandocfilters: 完成
[2026-05-08 00:27:11] pansi: 完成
[2026-05-08 00:27:18] papermill: 完成
[2026-05-08 00:27:21] param: 完成
[2026-05-08 00:27:24] paramiko: 完成
[2026-05-08 00:27:26] parse: 完成
[2026-05-08 00:27:28] parsedatetime: 完成
[2026-05-08 00:27:31] parso: 完成
[2026-05-08 00:27:33] parsy: 完成
[2026-05-08 00:27:35] partd: 完成
[2026-05-08 00:27:38] path: 完成
[2026-05-08 00:27:40] pathlib: 完成
[2026-05-08 00:27:41] pathlib-abc: 完成
[2026-05-08 00:27:44] pathlib2: 完成
[2026-05-08 00:27:46] pathos: 完成
[2026-05-08 00:27:48] pathspec: 完成
[2026-05-08 00:27:50] pbs-installer: 完成
[2026-05-08 00:28:46] pdfminer: 完成
[2026-05-08 00:28:50] pdpipe: 完成
[2026-05-08 00:28:52] peewee: 完成
[2026-05-08 00:28:53] pegen: 完成
[2026-05-08 00:28:56] pendulum: 完成
[2026-05-08 00:28:58] petl: 完成
[2026-05-08 00:28:59] pexpect: 完成
[2026-05-08 00:29:02] phonenumbers: 完成
[2026-05-08 00:29:11] piccolo: 完成
[2026-05-08 00:29:27] pillow: 完成
[2026-05-08 00:29:30] pinject: 完成
[2026-05-08 00:29:32] pkginfo: 完成
[2026-05-08 00:29:34] platformdirs: 完成
[2026-05-08 00:29:58] ploomber-core: 完成
[2026-05-08 00:30:13] ploomber-extension: 完成
[2026-05-08 00:30:15] ploomber-scaffold: 完成
[2026-05-08 00:30:18] pluggy: 完成
[2026-05-08 00:30:29] pluginbase: 完成
[2026-05-08 00:30:31] plumbum: 完成
[2026-05-08 00:30:33] ply: 完成
[2026-05-08 00:30:42] poetry: 完成
[2026-05-08 00:30:44] poetry-core: 完成
[2026-05-08 00:30:46] pony: 完成
[2026-05-08 00:30:48] portalocker: 完成
[2026-05-08 00:30:51] posthog: 完成
[2026-05-08 00:30:53] powerline-shell: 完成
[2026-05-08 00:30:55] pox: 完成
[2026-05-08 00:30:57] ppft: 完成
[2026-05-08 00:31:00] pre-commit: 完成
[2026-05-08 00:31:53] prettytable: 完成
[2026-05-08 00:31:55] price-parser: 完成
[2026-05-08 00:32:01] prisma: 完成
[2026-05-08 00:32:03] prometheus-client: 完成
[2026-05-08 00:32:05] prompt-toolkit: 完成
[2026-05-08 00:32:07] propcache: 完成
[2026-05-08 00:32:09] proto-plus: 完成
[2026-05-08 00:32:11] protobuf: 完成
[2026-05-08 00:32:13] pscript: 完成
[2026-05-08 00:32:48] psycopg2: 完成
[2026-05-08 00:32:50] psycopg2-binary: 完成
[2026-05-08 00:32:52] ptyprocess: 完成
[2026-05-08 00:32:55] pugsql: 完成
[2026-05-08 00:33:27] pure-eval: 完成
[2026-05-08 00:33:30] py-key-value-aio: 完成
[2026-05-08 00:33:32] py-lru-cache: 完成
[2026-05-08 00:33:37] py2neo: 完成
[2026-05-08 00:33:39] py4j: 完成
[2026-05-08 00:33:48] pyahocorasick: 完成
[2026-05-08 00:33:50] pyasn1: 完成
[2026-05-08 00:33:52] pyasn1-modules: 完成
[2026-05-08 00:33:54] pybars3: 完成
[2026-05-08 00:33:56] pycodestyle: 完成
[2026-05-08 00:33:58] pycparser: 完成
[2026-05-08 00:34:01] pycryptodome: 完成
[2026-05-08 00:34:36] pycryptodomex: 完成
[2026-05-08 00:34:41] pydantic: 完成
[2026-05-08 00:34:45] pydantic-core: 完成
[2026-05-08 00:34:49] pydantic-extra-types: 完成
[2026-05-08 00:34:55] pydantic-settings: 完成
[2026-05-08 00:35:00] pydata-google-auth: 完成
[2026-05-08 00:35:04] pydocket: 完成
[2026-05-08 00:35:06] pyexcel-io: 完成
[2026-05-08 00:35:08] pyexcel-xlsx: 完成
[2026-05-08 00:35:09] pyfiglet: 完成
[2026-05-08 00:35:11] pyflakes: 完成
[2026-05-08 00:35:13] pyfunctional: 完成
[2026-05-08 00:36:52] pygame: 完成
[2026-05-08 00:36:54] pygments: 完成
[2026-05-08 00:36:55] pygogo: 完成
[2026-05-08 00:37:01] pygsheets: 完成
[2026-05-08 00:37:03] pygtrie: 完成
[2026-05-08 00:37:11] pyhdb: 完成
[2026-05-08 00:41:21] pyjwt: 完成
[2026-05-08 00:41:23] pymeta3: 完成
[2026-05-08 00:41:35] pymodm: 完成
[2026-05-08 00:41:38] pymongo: 完成
[2026-05-08 00:41:40] pympler: 完成
[2026-05-08 00:41:42] pymysql: 完成
[2026-05-08 00:41:44] pynacl: 完成
[2026-05-08 00:41:48] pynamodb: 完成
[2026-05-08 00:41:50] pyparsing: 完成
[2026-05-08 00:41:58] pypattyrn: 完成
[2026-05-08 00:42:07] pypeln: 完成
[2026-05-08 00:42:09] pypika: 完成
[2026-05-08 00:42:12] pypika-tortoise: 完成
[2026-05-08 00:42:13] pyproject-hooks: 完成
[2026-05-08 00:42:17] pypyr: 完成
[2026-05-08 00:42:19] pyrsistent: 完成
[2026-05-08 00:42:22] pyscaffold: 完成
[2026-05-08 00:42:26] pyscreenshot: 完成
[2026-05-08 00:42:28] pyserial: 完成
[2026-05-08 00:43:15] pysimdjson: 完成
[2026-05-08 00:43:19] pysimplegui: 完成
[2026-05-08 00:43:21] pysocks: 完成
[2026-05-08 00:43:37] pysolr: 完成
[2026-05-08 00:43:45] pysparkling: 完成
[2026-05-08 00:43:49] pystorm: 完成
[2026-05-08 00:43:54] python-benedict: 完成
[2026-05-08 00:43:58] python-box: 完成
[2026-05-08 00:44:00] python-daemon: 完成
[2026-05-08 00:44:03] python-dateutil: 完成
[2026-05-08 00:44:05] python-decouple: 完成
[2026-05-08 00:44:08] python-discovery: 完成
[2026-05-08 00:44:10] python-dotenv: 完成
[2026-05-08 00:44:12] python-fsutil: 完成
[2026-05-08 00:44:14] python-json-logger: 完成
[2026-05-08 00:44:15] python-magic: 完成
[2026-05-08 00:44:18] python-multipart: 完成
[2026-05-08 00:44:41] python-rapidjson: 完成
[2026-05-08 00:44:43] python-slugify: 完成
[2026-05-08 00:44:46] pythondialog: 完成
[2026-05-08 00:44:48] pytimeparse: 完成
[2026-05-08 00:44:49] pytokens: 完成
[2026-05-08 00:44:51] pytz: 完成
[2026-05-08 00:44:53] pyyaml: 完成
[2026-05-08 00:44:55] pyyaml-ft: 完成
[2026-05-08 00:44:57] pyzmq: 完成
[2026-05-08 00:45:00] quantile-python: 完成
[2026-05-08 00:45:08] queries: 完成
[2026-05-08 00:45:10] questionary: 完成
[2026-05-08 00:45:13] rapidfuzz: 完成
[2026-05-08 00:45:18] rasgoql: 完成
[2026-05-08 00:45:20] rasgotransforms: 完成
[2026-05-08 00:45:28] ratelimit: 完成
[2026-05-08 00:45:30] readchar: 完成
[2026-05-08 00:45:32] readme-renderer: 完成
[2026-05-08 00:45:36] records: 完成
[2026-05-08 00:45:38] redis: 完成
[2026-05-08 00:45:40] redis-py-cluster: 完成
[2026-05-08 00:45:44] referencing: 完成
[2026-05-08 00:45:47] regex: 完成
[2026-05-08 00:45:50] requests: 完成
[2026-05-08 00:45:53] requests-oauthlib: 完成
[2026-05-08 00:45:55] requests-toolbelt: 完成
[2026-05-08 00:45:57] resolvelib: 完成
[2026-05-08 00:45:59] retrying: 完成
[2026-05-08 00:46:02] returns: 完成
[2026-05-08 00:46:05] rfc3339-validator: 完成
[2026-05-08 00:46:07] rfc3986: 完成
[2026-05-08 00:46:10] rfc3986-validator: 完成
[2026-05-08 00:46:13] rfc3987-syntax: 完成
[2026-05-08 00:46:15] rich: 完成
[2026-05-08 00:46:18] rich-argparse: 完成
[2026-05-08 00:46:21] rich-rst: 完成
[2026-05-08 00:46:24] rich-toolkit: 完成
[2026-05-08 00:46:30] riko: 完成
[2026-05-08 00:46:32] robinhood-aiokafka: 完成
[2026-05-08 00:46:33] roman-numerals: 完成
[2026-05-08 00:46:43] rows: 完成
[2026-05-08 00:46:46] rpds-py: 完成
[2026-05-08 00:46:48] rq: 完成
[2026-05-08 00:46:50] rsa: 完成
[2026-05-08 00:48:56] rtoml: 完成
[2026-05-08 00:48:59] ruamel-yaml: 完成
[2026-05-08 00:49:00] ruamel-yaml-clib: 完成
[2026-05-08 00:49:12] s3fs: 完成
[2026-05-08 00:49:16] s3transfer: 完成
[2026-05-08 00:49:27] scandir: 完成
[2026-05-08 00:49:29] schedule: 完成
[2026-05-08 00:49:31] schema: 完成
[2026-05-08 00:49:32] schematics: 完成
[2026-05-08 00:49:43] scholarly: 完成
[2026-05-08 00:49:46] scikit-learn: 完成
[2026-05-08 00:49:49] scipy: 完成
[2026-05-08 00:49:53] scp: 完成
[2026-05-08 00:53:25] seaborn: 完成
[2026-05-08 00:53:29] secretstorage: 完成
[2026-05-08 00:53:32] selenium: 完成
[2026-05-08 00:53:34] semver: 完成
[2026-05-08 00:53:36] send2trash: 完成
[2026-05-08 00:53:46] setproctitle: 完成
[2026-05-08 00:53:48] setuptools: 完成
[2026-05-08 00:53:51] setuptools-scm: 完成
[2026-05-08 00:53:52] sgmllib3k: 完成
[2026-05-08 00:53:54] sh: 完成
[2026-05-08 00:53:56] shellingham: 完成
[2026-05-08 00:53:59] simplejson: 完成
[2026-05-08 00:54:08] singer-python: 完成
[2026-05-08 00:54:10] six: 完成
[2026-05-08 00:54:13] skutil: 完成
[2026-05-08 00:54:15] smart-open: 完成
[2026-05-08 00:54:17] smmap: 完成
[2026-05-08 00:54:18] sniffio: 完成
[2026-05-08 00:54:20] snowballstemmer: 完成
[2026-05-08 00:54:22] sortedcontainers: 完成
[2026-05-08 00:54:23] soupsieve: 完成
[2026-05-08 00:54:28] sphinx: 完成
[2026-05-08 00:54:36] sphinx-rtd-theme: 完成
[2026-05-08 00:54:38] sphinxcontrib-applehelp: 完成
[2026-05-08 00:54:39] sphinxcontrib-devhelp: 完成
[2026-05-08 00:54:41] sphinxcontrib-htmlhelp: 完成
[2026-05-08 00:54:47] sphinxcontrib-jquery: 完成
[2026-05-08 00:54:48] sphinxcontrib-jsmath: 完成
[2026-05-08 00:54:50] sphinxcontrib-qthelp: 完成
[2026-05-08 00:54:53] sphinxcontrib-serializinghtml: 完成
[2026-05-08 00:54:56] sqlalchemy: 完成
[2026-05-08 00:55:01] sqlalchemy-jsonfield: 完成
[2026-05-08 00:55:04] sqlalchemy-utils: 完成
[2026-05-08 00:55:08] sqlglot: 完成
[2026-05-08 00:55:16] sqlitedict: 完成
[2026-05-08 00:55:23] sqlmodel: 完成
[2026-05-08 00:55:25] sqlparse: 完成
[2026-05-08 00:55:36] squirrel-core: 完成
[2026-05-08 00:56:20] srsly: 完成
[2026-05-08 00:56:25] sshtunnel: 完成
[2026-05-08 00:56:27] stack-data: 完成
[2026-05-08 00:56:29] starlette: 完成
[2026-05-08 00:56:33] static-frame: 完成
[2026-05-08 00:56:34] stopit: 完成
[2026-05-08 00:56:44] storm: 完成
[2026-05-08 00:56:46] strct: 完成
[2026-05-08 00:56:55] streamparse: 完成
[2026-05-08 00:56:58] strictyaml: 完成
[2026-05-08 00:57:01] structlog: 完成
[2026-05-08 00:57:03] supervisor: 完成
[2026-05-08 00:57:05] svcs: 完成
[2026-05-08 00:57:24] sympy: 完成
[2026-05-08 00:57:26] tablib: 完成
[2026-05-08 00:57:28] tabulate: 完成
[2026-05-08 00:57:37] tabulator: 完成
[2026-05-08 00:57:39] targ: 完成
[2026-05-08 00:57:48] tasktiger: 完成
[2026-05-08 00:57:49] tenacity: 完成
[2026-05-08 00:57:51] termcolor: 完成
[2026-05-08 00:57:53] terminado: 完成
[2026-05-08 00:57:55] terminaltables: 完成
[2026-05-08 00:57:56] text-unidecode: 完成
[2026-05-08 00:57:58] textfsm: 完成
[2026-05-08 00:57:59] texttable: 完成
[2026-05-08 00:58:03] thefuzz: 完成
[2026-05-08 00:58:04] threadpoolctl: 完成
[2026-05-08 00:58:06] thriftpy2: 完成
[2026-05-08 00:58:08] tinycss2: 完成
[2026-05-08 00:58:10] tinydb: 完成
[2026-05-08 00:58:13] toga: 完成
[2026-05-08 00:58:15] toga-android: 完成
[2026-05-08 00:58:17] toga-core: 完成
[2026-05-08 00:58:19] toml: 完成
[2026-05-08 00:58:20] tomli: 完成
[2026-05-08 00:58:22] tomli-w: 完成
[2026-05-08 00:58:24] tomlkit: 完成
[2026-05-08 00:58:26] toolz: 完成
[2026-05-08 00:58:27] tornado: 完成
[2026-05-08 00:58:31] tortoise-orm: 完成
[2026-05-08 00:58:34] tqdm: 完成
[2026-05-08 00:58:35] traceml: 完成
[2026-05-08 00:58:37] traitlets: 完成
[2026-05-08 00:58:39] transitions: 完成
[2026-05-08 00:58:42] travertino: 完成
[2026-05-08 00:58:45] trio: 完成
[2026-05-08 00:58:47] trio-websocket: 完成
[2026-05-08 00:58:49] trove-classifiers: 完成
[2026-05-08 00:58:55] twine: 完成
[2026-05-08 00:58:57] typeguard: 完成
[2026-05-08 00:59:00] typer: 完成
[2026-05-08 00:59:03] types-paramiko: 完成
[2026-05-08 00:59:05] types-python-dateutil: 完成
[2026-05-08 00:59:08] typical: 完成
[2026-05-08 00:59:17] typing: 完成
[2026-05-08 00:59:19] typing-extensions: 完成
[2026-05-08 00:59:20] typing-inspect: 完成
[2026-05-08 00:59:23] typing-inspection: 完成
[2026-05-08 00:59:25] tzdata: 完成
[2026-05-08 00:59:26] tzlocal: 完成
[2026-05-08 00:59:28] ubelt: 完成
[2026-05-08 00:59:30] uc-micro-py: 完成
[2026-05-08 00:59:53] ujson: 完成
[2026-05-08 00:59:59] umongo: 完成
[2026-05-08 01:00:01] uncalled-for: 完成
[2026-05-08 01:00:03] unicodecsv: 完成
[2026-05-08 01:00:06] unidecode: 完成
[2026-05-08 01:00:16] unipath: 完成
[2026-05-08 01:00:19] universal-pathlib: 完成
[2026-05-08 01:00:22] uri-template: 完成
[2026-05-08 01:00:24] uritemplate: 完成
[2026-05-08 01:00:26] urllib3: 完成
[2026-05-08 01:00:28] useful-types: 完成
[2026-05-08 01:00:31] uuid6: 完成
[2026-05-08 01:00:33] uvicorn: 完成
[2026-05-08 01:00:35] uvloop: 完成
[2026-05-08 01:00:37] validators: 完成
[2026-05-08 01:00:50] valideer: 完成
[2026-05-08 01:01:10] validr: 完成
[2026-05-08 01:01:13] vcs-versioning: 完成
[2026-05-08 01:01:14] venusian: 完成
[2026-05-08 01:01:16] vine: 完成
[2026-05-08 01:01:19] virtualenv: 完成
[2026-05-08 01:01:21] voluptuous: 完成
[2026-05-08 01:01:24] watchdog: 完成
[2026-05-08 01:01:26] watchfiles: 完成
[2026-05-08 01:01:28] wcmatch: 完成
[2026-05-08 01:01:29] wcwidth: 完成
[2026-05-08 01:01:32] webcolors: 完成
[2026-05-08 01:01:35] webencodings: 完成
[2026-05-08 01:01:38] webruntime: 完成
[2026-05-08 01:01:40] websocket-client: 完成
[2026-05-08 01:01:43] websockets: 完成
[2026-05-08 01:01:46] werkzeug: 完成
[2026-05-08 01:01:49] whenever: 完成
[2026-05-08 01:01:51] widgetsnbextension: 完成
[2026-05-08 01:01:54] wirerope: 完成
[2026-05-08 01:01:57] wrapt: 完成
[2026-05-08 01:02:00] wsproto: 完成
[2026-05-08 01:02:10] wssh: 完成
[2026-05-08 01:02:15] xarray: 完成
[2026-05-08 01:02:18] xlrd: 完成
[2026-05-08 01:02:20] xlsxwriter: 完成
[2026-05-08 01:02:24] xlwings: 完成
[2026-05-08 01:02:26] xmltodict: 完成
[2026-05-08 01:02:29] yarl: 完成
[2026-05-08 01:02:33] zarr: 完成
[2026-05-08 01:02:45] zipp: 完成
[2026-05-08 01:02:47] zope-event: 完成
[2026-05-08 01:02:49] zope-interface: 完成
[2026-05-08 01:03:46] zstandard: 完成
