========================================
[2026-04-12 22:00:06] a2wsgi: 完成
[2026-04-12 22:00:09] addict: 完成
[2026-04-12 22:00:15] agate: 完成
[2026-04-12 22:00:19] agate-dbf: 完成
[2026-04-12 22:00:25] agate-excel: 完成
[2026-04-12 22:01:08] agate-sql: 完成
[2026-04-12 22:03:05] aioboto3: 完成
[2026-04-12 22:03:30] aiobotocore: 完成
[2026-04-12 22:03:35] aiocache: 完成
[2026-04-12 22:03:38] aiofiles: 完成
[2026-04-12 22:03:41] aiohappyeyeballs: 完成
[2026-04-12 22:03:56] aiohttp: 完成
[2026-04-12 22:04:12] aiohttp-cors: 完成
[2026-04-12 22:04:15] aioitertools: 完成
[2026-04-12 22:04:19] aiomisc: 完成
[2026-04-12 22:10:13] aiosignal: 完成
[2026-04-12 22:10:16] aiosmtplib: 完成
[2026-04-12 22:10:20] aiosqlite: 完成
[2026-04-12 22:10:23] aiothreads: 完成
[2026-04-12 22:10:26] alabaster: 完成
[2026-04-12 22:10:50] alembic: 完成
[2026-04-12 22:10:54] algorithms: 完成
[2026-04-12 22:14:42] amplitude-analytics: 完成
[2026-04-12 22:14:46] amqp: 完成
[2026-04-12 22:14:50] aniso8601: 完成
[2026-04-12 22:14:53] annotated-doc: 完成
[2026-04-12 22:14:56] annotated-types: 完成
[2026-04-12 22:24:08] antlr4-python3-runtime: 完成
[2026-04-12 22:24:12] anyascii: 完成
[2026-04-12 22:24:15] anyio: 完成
[2026-04-12 22:24:18] anytree: 完成
[2026-04-12 22:51:54] apache-libcloud: 完成
[2026-04-12 22:51:57] appdirs: 完成
[2026-04-12 22:52:56] apprise: 完成
[2026-04-12 22:52:59] argcomplete: 完成
[2026-04-12 22:53:19] argo-models: 完成
[2026-04-12 22:53:48] argon2-cffi: 完成
[2026-04-12 22:53:52] argon2-cffi-bindings: 完成
[2026-04-12 22:53:56] argparse: 完成
[2026-04-12 22:54:10] args: 完成
[2026-04-12 22:54:39] arq: 完成
[2026-04-12 22:54:43] arrow: 完成
[2026-04-12 22:56:54] asciimatics: 完成
[2026-04-12 22:56:57] asgi-lifespan: 完成
[2026-04-12 22:57:00] asgiref: 完成
[2026-04-12 22:57:04] asn1crypto: 完成
[2026-04-12 22:57:07] asttokens: 完成
[2026-04-12 22:57:10] async-lru: 完成
[2026-04-12 22:57:14] asyncer: 完成
[2026-04-12 22:59:44] asyncpg: 完成
[2026-04-12 23:03:29] atom: 完成
[2026-04-12 23:03:35] atpublic: 完成
[2026-04-12 23:03:40] attrs: 完成
[2026-04-12 23:03:46] autocommand: 完成
[2026-04-12 23:03:50] autopep8: 完成
[2026-04-12 23:05:18] awesome-slugify: 完成
[2026-04-12 23:05:34] awscli: 完成
[2026-04-12 23:21:01] azure-core: 完成
[2026-04-12 23:24:54] babel: 完成
[2026-04-12 23:24:57] backoff: 完成
[2026-04-12 23:25:00] banal: 完成
[2026-04-12 23:25:15] bashplotlib: 完成
[2026-04-12 23:39:32] bcrypt: 完成
[2026-04-12 23:39:47] beaker: 完成
[2026-04-12 23:39:51] beartype: 完成
[2026-04-12 23:39:55] beautifulsoup4: 完成
[2026-04-12 23:40:11] bibtexparser: 完成
[2026-04-12 23:40:14] bidict: 完成
[2026-04-12 23:40:18] billiard: 完成
[2026-04-12 23:40:21] binaryornot: 完成
[2026-04-12 23:40:24] birch: 完成
[2026-04-12 23:40:29] black: 完成
[2026-04-12 23:40:32] bleach: 完成
[2026-04-12 23:40:35] blessings: 完成
[2026-04-12 23:40:38] blinker: 完成
[2026-04-12 23:40:42] boltons: 完成
[2026-04-12 23:48:00] botflow: 完成
[2026-04-12 23:48:12] boto3: 完成
[2026-04-12 23:48:19] botocore: 完成
[2026-04-12 23:48:22] bottle: 完成
[2026-04-13 00:08:08] bracex: 完成
[2026-04-13 00:08:11] build: 完成
[2026-04-13 00:08:15] bytecode: 完成
[2026-04-13 00:08:48] cachecontrol: 完成
[2026-04-13 00:08:51] cached-property: 完成
[2026-04-13 00:08:54] cachelib: 完成
[2026-04-13 00:08:58] cachetools: 完成
[2026-04-13 00:09:15] cachier: 完成
[2026-04-13 00:13:15] catalogue: 完成
[2026-04-13 00:13:21] celery: 完成
[2026-04-13 00:13:27] cerberus: 完成
[2026-04-13 00:13:30] certifi: 完成
[2026-04-13 00:13:34] cffi: 完成
[2026-04-13 00:13:37] cfgv: 完成
[2026-04-13 00:13:41] chardet: 完成
[2026-04-13 00:13:45] charset-normalizer: 完成
[2026-04-13 00:14:04] ciso8601: 完成
[2026-04-13 00:23:15] cleo: 完成
[2026-04-13 00:23:30] cleverdict: 完成
[2026-04-13 00:23:34] click: 完成
[2026-04-13 00:23:37] click-didyoumean: 完成
[2026-04-13 00:23:44] click-extra: 完成
[2026-04-13 00:23:48] click-option-group: 完成
[2026-04-13 00:23:51] click-plugins: 完成
[2026-04-13 00:23:54] click-repl: 完成
[2026-04-13 00:24:10] clint: 完成
[2026-04-13 00:24:15] cloudant: 完成
[2026-04-13 00:24:18] cloudpickle: 完成
[2026-04-13 00:24:21] cloup: 完成
[2026-04-13 00:24:24] colorama: 完成
[2026-04-13 00:24:27] colorclass: 完成
[2026-04-13 00:24:31] colored: 完成
[2026-04-13 00:24:34] colorlog: 完成
[2026-04-13 00:24:38] colout: 完成
[2026-04-13 00:24:41] comm: 完成
[2026-04-13 00:24:55] commonregex: 完成
[2026-04-13 00:24:59] configargparse: 完成
[2026-04-13 00:25:02] configobj: 完成
[2026-04-13 00:25:05] configupdater: 完成
[2026-04-13 00:25:08] constraints-txt: 完成
[2026-04-13 00:25:11] contextlib2: 完成
[2026-04-13 00:39:55] cookiecutter: 完成
[2026-04-13 00:39:58] coolname: 完成
[2026-04-13 00:43:57] crashtest: 完成
[2026-04-13 00:44:00] cron-descriptor: 完成
[2026-04-13 00:44:03] croniter: 完成
[2026-04-13 00:44:07] cronsim: 完成
[2026-04-13 00:48:02] csvkit: 完成
[2026-04-13 00:59:50] cycler: 完成
[2026-04-13 00:59:56] cyclopts: 完成
[2026-04-13 01:00:01] cython: 完成
[2026-04-13 01:11:48] daffy: 完成
[2026-04-13 01:11:53] dask: 完成
[2026-04-13 01:12:01] databases: 完成
[2026-04-13 01:12:04] dataclasses: 完成
[2026-04-13 01:12:12] dataset: 完成
[2026-04-13 01:23:42] datatest: 完成
[2026-04-13 01:23:46] datatile: 完成
[2026-04-13 01:23:54] dateparser: 完成
[2026-04-13 01:23:58] datetime: 完成
[2026-04-13 01:47:11] dbfread: 完成
[2026-04-13 01:47:14] debuglater: 完成
[2026-04-13 01:47:19] debugpy: 完成
[2026-04-13 01:47:22] decorator: 完成
[2026-04-13 01:47:25] decore: 完成
[2026-04-13 01:47:29] deepdiff: 完成
[2026-04-13 01:59:10] deepmerge: 完成
[2026-04-13 01:59:14] defusedxml: 完成
[2026-04-13 01:59:19] deprecated: 完成
[2026-04-13 01:59:22] dialite: 完成
[2026-04-13 01:59:25] dill: 完成
[2026-04-13 01:59:29] dirty-equals: 完成
[2026-04-13 01:59:32] distlib: 完成
[2026-04-13 01:59:35] distro: 完成
[2026-04-13 01:59:38] dnspython: 完成
[2026-04-13 01:59:44] docker: 完成
[2026-04-13 01:59:59] docopt: 完成
[2026-04-13 02:00:02] docopt-ng: 完成
[2026-04-13 02:00:05] docstring-parser: 完成
[2026-04-13 02:00:09] docutils: 完成
[2026-04-13 02:00:12] donfig: 完成
[2026-04-13 02:00:17] dulwich: 完成
[2026-04-13 02:00:20] dunamai: 完成
[2026-04-13 02:00:23] durationpy: 完成
[2026-04-13 02:00:27] dynaconf: 完成
[2026-04-13 02:00:30] easyprocess: 完成
[2026-04-13 02:08:17] elastic-transport: 完成
[2026-04-13 02:08:22] elasticsearch: 完成
[2026-04-13 02:08:26] elasticsearch-dsl: 完成
[2026-04-13 02:08:30] email-validator: 完成
[2026-04-13 02:08:33] emoji: 完成
[2026-04-13 02:11:17] enaml: 完成
[2026-04-13 02:11:21] entrypoint2: 完成
[2026-04-13 02:11:24] entrypoints: 完成
[2026-04-13 02:11:27] et-xmlfile: 完成
[2026-04-13 02:11:30] everett: 完成
[2026-04-13 02:11:33] exceptiongroup: 完成
[2026-04-13 02:11:36] executing: 完成
[2026-04-13 02:11:40] extra-platforms: 完成
[2026-04-13 02:23:35] face: 完成
[2026-04-13 02:23:39] fake-useragent: 完成
[2026-04-13 02:23:43] faker: 完成
[2026-04-13 02:23:47] fakeredis: 完成
[2026-04-13 02:31:47] fastcore: 完成
[2026-04-13 02:31:50] fastjsonschema: 完成
[2026-04-13 02:32:19] faust: 完成
[2026-04-13 02:32:34] feedparser: 完成
[2026-04-13 02:32:50] filedepot: 完成
[2026-04-13 02:32:53] filelock: 完成
[2026-04-13 02:32:56] filetype: 完成
[2026-04-13 02:33:00] findpython: 完成
[2026-04-13 02:33:03] fire: 完成
[2026-04-13 02:33:08] flask: 完成
[2026-04-13 02:33:14] flask-restful: 完成
[2026-04-13 02:33:17] flatbuffers: 完成
[2026-04-13 02:33:36] flexx: 完成
[2026-04-13 02:33:39] flupy: 完成
[2026-04-13 02:33:44] fonttools: 完成
[2026-04-13 02:33:47] fqdn: 完成
[2026-04-13 02:40:48] free-proxy: 完成
[2026-04-13 02:40:52] frozenlist: 完成
[2026-04-13 02:40:57] fs: 完成
[2026-04-13 02:41:00] fsspec: 完成
[2026-04-13 02:41:04] funcy: 完成
[2026-04-13 02:41:07] future: 完成
[2026-04-13 02:41:10] future-typing: 完成
[2026-04-13 02:41:25] futures: 完成
[2026-04-13 02:41:32] gdown: 完成
[2026-04-13 02:49:01] gin-config: 完成
[2026-04-13 02:49:28] gino: 完成
[2026-04-13 02:49:31] gitdb: 完成
[2026-04-13 02:49:35] gitpython: 完成
[2026-04-13 02:49:39] glom: 完成
[2026-04-13 03:21:41] google-crc32c: 完成
[2026-04-13 03:21:45] google-resumable-media: 完成
[2026-04-13 03:21:50] googleapis-common-protos: 完成
[2026-04-13 03:21:53] graphviz: 完成
[2026-04-13 03:25:51] greenback: 完成
[2026-04-13 03:25:56] greenlet: 完成
[2026-04-13 03:26:00] griffe: 完成
[2026-04-13 03:26:03] griffecli: 完成
[2026-04-13 03:26:06] griffelib: 完成
[2026-04-13 03:31:56] h11: 完成
[2026-04-13 03:32:00] h2: 完成
[2026-04-13 03:33:32] happybase: 完成
[2026-04-13 03:45:22] hiredis: 完成
[2026-04-13 03:45:26] holidays: 完成
[2026-04-13 03:45:29] hpack: 完成
[2026-04-13 03:45:33] html5lib: 完成
[2026-04-13 03:45:36] httpcore: 完成
[2026-04-13 03:45:40] httplib2: 完成
[2026-04-13 03:46:18] httptools: 完成
[2026-04-13 03:46:22] httpx: 完成
[2026-04-13 03:57:50] huey: 完成
[2026-04-13 03:57:53] humanize: 完成
[2026-04-13 03:57:58] humbug: 完成
[2026-04-13 03:58:01] hyperframe: 完成
[2026-04-13 03:58:07] ibis-framework: 完成
[2026-04-13 03:58:10] id: 完成
[2026-04-13 03:58:14] identify: 完成
[2026-04-13 03:58:17] idna: 完成
[2026-04-13 03:58:34] ijson: 完成
[2026-04-13 03:58:37] imagesize: 完成
[2026-04-13 03:58:58] immutables: 完成
[2026-04-13 03:59:02] importlib-metadata: 完成
[2026-04-13 03:59:05] importlib-resources: 完成
[2026-04-13 03:59:09] inflect: 完成
[2026-04-13 03:59:12] inflection: 完成
[2026-04-13 03:59:18] influxdb: 完成
[2026-04-13 03:59:22] installer: 完成
[2026-04-13 03:59:26] intake: 完成
[2026-04-13 03:59:30] interchange: 完成
[2026-04-13 03:59:33] invoke: 完成
[2026-04-13 03:59:39] ipdb: 完成
[2026-04-13 04:00:00] ipython: 完成
[2026-04-13 04:00:03] ipython-genutils: 完成
[2026-04-13 04:00:07] ipython-pygments-lexers: 完成
[2026-04-13 04:00:14] ipywidgets: 完成
[2026-04-13 04:00:17] iso8601: 完成
[2026-04-13 04:00:20] isodate: 完成
[2026-04-13 04:00:24] isoduration: 完成
[2026-04-13 04:00:27] itsdangerous: 完成
[2026-04-13 04:00:30] janus: 完成
[2026-04-13 04:00:33] jaraco-classes: 完成
[2026-04-13 04:00:37] jaraco-context: 完成
[2026-04-13 04:00:40] jaraco-functools: 完成
[2026-04-13 04:00:44] jedi: 完成
[2026-04-13 04:00:47] jeepney: 完成
[2026-04-13 04:00:50] jinja2: 完成
[2026-04-13 04:00:55] jinja2-ansible-filters: 完成
[2026-04-13 04:00:59] jinja2-humanize-extension: 完成
[2026-04-13 04:01:02] jmespath: 完成
[2026-04-13 04:01:05] joblib: 完成
[2026-04-13 04:01:20] json-table-schema: 完成
[2026-04-13 04:01:23] json5: 完成
[2026-04-13 04:01:26] jsonlines: 完成
[2026-04-13 04:01:30] jsonpatch: 完成
[2026-04-13 04:01:33] jsonpickle: 完成
[2026-04-13 04:01:37] jsonpointer: 完成
[2026-04-13 04:01:40] jsonref: 完成
[2026-04-13 04:09:08] jupyter-client: 完成
[2026-04-13 04:09:30] jupyter-core: 完成
[2026-04-13 04:20:40] jupyter-server-terminals: 完成
[2026-04-13 04:21:08] jupyterlab-pygments: 完成
[2026-04-13 04:24:52] jupyterlab-widgets: 完成
[2026-04-13 04:28:33] kafka-python: 完成
[2026-04-13 04:28:57] kedro: 完成
[2026-04-13 04:29:09] kedro-telemetry: 完成
[2026-04-13 04:29:12] keyboard: 完成
[2026-04-13 04:29:16] keyring: 完成
[2026-04-13 04:33:17] kfp-pipeline-spec: 完成
[2026-04-13 04:33:33] kfp-server-api: 完成
[2026-04-13 04:33:38] kivy-garden: 完成
[2026-04-13 04:33:41] kiwisolver: 完成
[2026-04-13 04:33:45] kombu: 完成
[2026-04-13 04:39:03] kubernetes: 完成
[2026-04-13 04:39:06] lark: 完成
[2026-04-13 04:39:22] lazy-import: 完成
[2026-04-13 04:39:42] lazy-object-proxy: 完成
[2026-04-13 04:39:53] lazydata: 完成
[2026-04-13 04:39:56] leather: 完成
[2026-04-13 04:45:52] libcst: 完成
[2026-04-13 04:46:07] linear-tsv: 完成
[2026-04-13 04:46:10] linkify-it-py: 完成
[2026-04-13 04:46:13] lml: 完成
[2026-04-13 04:46:16] locket: 完成
[2026-04-13 04:46:19] lockfile: 完成
[2026-04-13 04:46:24] luigi: 完成
[2026-04-13 04:53:36] lxml: 完成
[2026-04-13 04:53:58] lz4: 完成
[2026-04-13 04:54:02] mako: 完成
[2026-04-13 04:55:01] mara-db: 完成
[2026-04-13 04:55:06] mara-page: 完成
[2026-04-13 04:55:22] markdown: 完成
[2026-04-13 04:55:26] markdown-it-py: 完成
[2026-04-13 04:55:29] markupsafe: 完成
[2026-04-13 04:55:33] marshmallow: 完成
[2026-04-13 05:03:58] matplotlib-inline: 完成
[2026-04-13 05:07:28] mdit-py-plugins: 完成
[2026-04-13 05:07:31] mdurl: 完成
[2026-04-13 05:07:51] messytables: 完成
[2026-04-13 05:07:54] methodtools: 完成
[2026-04-13 05:08:26] meza: 完成
[2026-04-13 05:08:30] mezmorize: 完成
[2026-04-13 05:08:45] millify: 完成
[2026-04-13 05:10:22] minio: 完成
[2026-04-13 05:10:26] mistune: 完成
[2026-04-13 05:21:43] mo-dots: 完成
[2026-04-13 05:21:46] mo-future: 完成
[2026-04-13 05:21:49] mo-imports: 完成
[2026-04-13 05:21:53] mo-kwargs: 完成
[2026-04-13 05:21:57] mo-logs: 完成
[2026-04-13 05:22:00] mode: 完成
[2026-04-13 05:34:19] mongo-connector: 完成
[2026-04-13 05:34:26] mongoengine: 完成
[2026-04-13 05:34:29] monotonic: 完成
[2026-04-13 05:34:32] more-itertools: 完成
[2026-04-13 05:34:38] motor: 完成
[2026-04-13 05:35:53] moz-sql-parser: 完成
[2026-04-13 05:35:57] mpmath: 完成
[2026-04-13 05:36:00] mrjob: 完成
[2026-04-13 05:36:04] msgpack: 完成
[2026-04-13 05:53:00] msgspec: 完成
[2026-04-13 05:53:04] mss: 完成
[2026-04-13 05:53:09] multidict: 完成
[2026-04-13 05:53:12] multimethod: 完成
[2026-04-13 05:53:15] multiprocess: 完成
[2026-04-13 05:53:18] munch: 完成
[2026-04-13 05:53:21] mypy-extensions: 完成
[2026-04-13 05:53:24] narwhals: 完成
[2026-04-13 05:53:28] natsort: 完成
[2026-04-13 06:08:41] neo4j-driver: 完成
[2026-04-13 06:08:43] nest-asyncio: 完成
[2026-04-13 06:13:38] networkx: 完成
[2026-04-13 06:17:52] nodeenv: 完成
[2026-04-13 06:23:39] ntc-templates: 完成
[2026-04-13 07:16:18] oauthlib: 完成
[2026-04-13 07:19:40] olefile: 完成
[2026-04-13 07:19:44] omegaconf: 完成
[2026-04-13 07:20:08] onecite: 完成
[2026-04-13 07:32:08] openpyxl: 完成
[2026-04-13 07:32:12] opentelemetry-api: 完成
[2026-04-13 07:33:09] opentelemetry-exporter-otlp-proto-common: 完成
[2026-04-13 07:34:06] opentelemetry-exporter-otlp-proto-http: 完成
[2026-04-13 07:34:27] opentelemetry-instrumentation: 完成
[2026-04-13 07:34:33] opentelemetry-instrumentation-grpc: 完成
[2026-04-13 07:34:38] opentelemetry-proto: 完成
[2026-04-13 07:34:42] opentelemetry-sdk: 完成
[2026-04-13 07:34:45] opentelemetry-semantic-conventions: 完成
[2026-04-13 07:35:00] opentracing: 完成
[2026-04-13 07:35:03] ordered-set: 完成
[2026-04-13 07:35:05] orderly-set: 完成
[2026-04-13 07:38:18] outcome: 完成
[2026-04-13 07:38:21] packaging: 完成
[2026-04-13 07:38:24] pampy: 完成
[2026-04-13 08:52:57] pandocfilters: 完成
[2026-04-13 08:53:02] pansi: 完成
[2026-04-13 08:56:24] param: 完成
[2026-04-13 08:59:36] parse: 完成
[2026-04-13 08:59:39] parsedatetime: 完成
[2026-04-13 08:59:41] parso: 完成
[2026-04-13 08:59:44] parsy: 完成
[2026-04-13 08:59:48] partd: 完成
[2026-04-13 08:59:51] path: 完成
[2026-04-13 08:59:54] pathlib: 完成
[2026-04-13 08:59:57] pathlib-abc: 完成
[2026-04-13 09:00:00] pathlib2: 完成
[2026-04-13 09:00:03] pathos: 完成
[2026-04-13 09:00:06] pathspec: 完成
[2026-04-13 09:00:09] pbs-installer: 完成
[2026-04-13 09:01:36] pdfminer: 完成
[2026-04-13 09:11:53] peewee: 完成
[2026-04-13 09:11:56] pegen: 完成
[2026-04-13 09:11:59] pendulum: 完成
[2026-04-13 09:12:03] petl: 完成
[2026-04-13 09:12:06] pexpect: 完成
[2026-04-13 09:12:11] phonenumbers: 完成
[2026-04-13 09:18:34] pillow: 完成
[2026-04-13 09:18:38] pinject: 完成
[2026-04-13 09:18:41] pkginfo: 完成
[2026-04-13 09:18:44] platformdirs: 完成
[2026-04-13 09:19:21] ploomber-core: 完成
[2026-04-13 09:22:45] ploomber-extension: 完成
[2026-04-13 09:22:49] ploomber-scaffold: 完成
[2026-04-13 09:22:52] pluggy: 完成
[2026-04-13 09:23:06] pluginbase: 完成
[2026-04-13 09:23:08] plumbum: 完成
[2026-04-13 09:23:11] ply: 完成
[2026-04-13 09:27:12] poetry: 完成
[2026-04-13 09:27:16] poetry-core: 完成
[2026-04-13 09:27:18] pony: 完成
[2026-04-13 09:27:24] portalocker: 完成
[2026-04-13 09:27:30] posthog: 完成
[2026-04-13 09:27:33] powerline-shell: 完成
[2026-04-13 09:27:36] pox: 完成
[2026-04-13 09:27:39] ppft: 完成
[2026-04-13 09:27:44] pre-commit: 完成
[2026-04-13 09:31:00] prettytable: 完成
[2026-04-13 09:31:03] price-parser: 完成
[2026-04-13 09:34:16] prometheus-client: 完成
[2026-04-13 09:34:20] prompt-toolkit: 完成
[2026-04-13 09:34:23] propcache: 完成
[2026-04-13 09:34:27] proto-plus: 完成
[2026-04-13 09:34:32] protobuf: 完成
[2026-04-13 09:34:34] pscript: 完成
[2026-04-13 09:35:33] psycopg2: 完成
[2026-04-13 09:35:37] psycopg2-binary: 完成
[2026-04-13 09:35:40] ptyprocess: 完成
[2026-04-13 09:35:47] pugsql: 完成
[2026-04-13 09:36:46] pure-eval: 完成
[2026-04-13 09:36:50] py-key-value-aio: 完成
[2026-04-13 09:37:04] py-lru-cache: 完成
[2026-04-13 09:37:10] py2neo: 完成
[2026-04-13 09:37:14] py4j: 完成
[2026-04-13 09:37:33] pyahocorasick: 完成
[2026-04-13 09:37:36] pyasn1: 完成
[2026-04-13 09:37:39] pyasn1-modules: 完成
[2026-04-13 09:38:04] pybars3: 完成
[2026-04-13 09:38:07] pycodestyle: 完成
[2026-04-13 09:38:10] pycparser: 完成
[2026-04-13 09:38:14] pycryptodome: 完成
[2026-04-13 09:39:43] pycryptodomex: 完成
[2026-04-13 10:02:40] pyexcel-io: 完成
[2026-04-13 10:02:44] pyexcel-xlsx: 完成
[2026-04-13 10:02:47] pyfiglet: 完成
[2026-04-13 10:02:50] pyflakes: 完成
[2026-04-13 10:02:54] pyfunctional: 完成
[2026-04-13 10:08:51] pygame: 完成
[2026-04-13 10:08:54] pygments: 完成
[2026-04-13 10:08:58] pygogo: 完成
[2026-04-13 10:12:16] pygtrie: 完成
[2026-04-13 10:12:30] pyhdb: 完成
[2026-04-13 10:16:37] pyjwt: 完成
[2026-04-13 10:16:40] pymeta3: 完成
[2026-04-13 10:17:07] pymodm: 完成
[2026-04-13 10:17:14] pymongo: 完成
[2026-04-13 10:17:17] pympler: 完成
[2026-04-13 10:17:21] pymysql: 完成
