========================================
[2026-04-18 22:52:03] a2wsgi: 完成
[2026-04-18 22:52:05] addict: 完成
[2026-04-18 22:52:07] agate: 完成
[2026-04-18 22:52:11] agate-dbf: 完成
[2026-04-18 22:52:14] agate-excel: 完成
[2026-04-18 22:52:31] agate-sql: 完成
[2026-04-18 22:52:56] aioboto3: 完成
[2026-04-18 22:53:03] aiobotocore: 完成
[2026-04-18 22:53:04] aiocache: 完成
[2026-04-18 22:53:06] aiofiles: 完成
[2026-04-18 22:53:07] aiohappyeyeballs: 完成
[2026-04-18 22:53:12] aiohttp: 完成
[2026-04-18 22:53:18] aiohttp-cors: 完成
[2026-04-18 22:53:19] aioitertools: 完成
[2026-04-18 22:53:21] aiomisc: 完成
[2026-04-18 23:00:03] aioprometheus: 完成
[2026-04-18 23:00:05] aiosignal: 完成
[2026-04-18 23:00:07] aiosmtplib: 完成
[2026-04-18 23:00:09] aiosqlite: 完成
[2026-04-18 23:00:10] aiothreads: 完成
[2026-04-18 23:00:12] alabaster: 完成
[2026-04-18 23:00:23] alembic: 完成
[2026-04-18 23:00:25] algorithms: 完成
[2026-04-18 23:01:29] altair: 完成
[2026-04-18 23:01:30] amplitude-analytics: 完成
[2026-04-18 23:01:32] amqp: 完成
[2026-04-18 23:01:34] aniso8601: 完成
[2026-04-18 23:01:35] annotated-doc: 完成
[2026-04-18 23:01:37] annotated-types: 完成
[2026-04-18 23:03:50] ansible: 完成
[2026-04-18 23:03:54] ansible-core: 完成
[2026-04-18 23:03:56] antlr4-python3-runtime: 完成
[2026-04-18 23:03:57] anyascii: 完成
[2026-04-18 23:03:59] anyio: 完成
[2026-04-18 23:04:01] anytree: 完成
[2026-04-18 23:08:22] apache-libcloud: 完成
[2026-04-18 23:08:23] appdirs: 完成
[2026-04-18 23:08:27] apprise: 完成
[2026-04-18 23:08:28] argcomplete: 完成
[2026-04-18 23:08:38] argo-models: 完成
[2026-04-18 23:08:51] argon2-cffi: 完成
[2026-04-18 23:08:53] argon2-cffi-bindings: 完成
[2026-04-18 23:08:55] argparse: 完成
[2026-04-18 23:09:02] args: 完成
[2026-04-18 23:09:14] arq: 完成
[2026-04-18 23:13:17] arraykit: 完成
[2026-04-18 23:13:20] arrow: 完成
[2026-04-18 23:14:05] asciimatics: 完成
[2026-04-18 23:14:07] asgi-lifespan: 完成
[2026-04-18 23:14:09] asgiref: 完成
[2026-04-18 23:14:11] asn1crypto: 完成
[2026-04-18 23:14:12] asttokens: 完成
[2026-04-18 23:14:14] async-lru: 完成
[2026-04-18 23:14:17] asyncer: 完成
[2026-04-18 23:15:08] asyncpg: 完成
[2026-04-18 23:16:07] atom: 完成
[2026-04-18 23:16:09] atpublic: 完成
[2026-04-18 23:16:10] attrs: 完成
[2026-04-18 23:16:12] autocommand: 完成
[2026-04-18 23:16:14] autopep8: 完成
[2026-04-18 23:16:33] awesome-slugify: 完成
[2026-04-18 23:16:40] awscli: 完成
[2026-04-18 23:21:16] azure-core: 完成
[2026-04-18 23:21:21] azure-storage-blob: 完成
[2026-04-18 23:21:23] babel: 完成
[2026-04-18 23:21:25] backoff: 完成
[2026-04-18 23:21:27] banal: 完成
[2026-04-18 23:21:35] bashplotlib: 完成
[2026-04-18 23:40:29] bcrypt: 完成
[2026-04-18 23:40:37] beaker: 完成
[2026-04-18 23:40:39] beartype: 完成
[2026-04-18 23:40:42] beautifulsoup4: 完成
[2026-04-18 23:40:50] bibtexparser: 完成
[2026-04-18 23:40:52] bidict: 完成
[2026-04-18 23:40:54] billiard: 完成
[2026-04-18 23:40:55] binaryornot: 完成
[2026-04-18 23:40:58] birch: 完成
[2026-04-18 23:41:01] black: 完成
[2026-04-18 23:41:03] bleach: 完成
[2026-04-18 23:41:05] blessings: 完成
[2026-04-18 23:41:07] blinker: 完成
[2026-04-18 23:41:09] boltons: 完成
[2026-04-18 23:42:14] botflow: 完成
[2026-04-18 23:42:19] boto3: 完成
[2026-04-18 23:42:22] botocore: 完成
[2026-04-18 23:42:24] bottle: 完成
[2026-04-18 23:46:22] bottleneck: 完成
[2026-04-18 23:46:24] bracex: 完成
[2026-04-18 23:46:25] build: 完成
[2026-04-18 23:46:27] bytecode: 完成
[2026-04-18 23:46:39] cachecontrol: 完成
[2026-04-18 23:46:41] cached-property: 完成
[2026-04-18 23:46:42] cachelib: 完成
[2026-04-18 23:46:44] cachetools: 完成
[2026-04-18 23:46:52] cachier: 完成
[2026-04-18 23:52:03] cadwyn: 完成
[2026-04-18 23:52:05] catalogue: 完成
[2026-04-18 23:52:08] celery: 完成
[2026-04-18 23:52:10] cerberus: 完成
[2026-04-18 23:52:12] certifi: 完成
[2026-04-18 23:52:14] cffi: 完成
[2026-04-18 23:52:15] cfgv: 完成
[2026-04-18 23:52:17] chardet: 完成
[2026-04-18 23:52:19] charset-normalizer: 完成
[2026-04-18 23:52:28] ciso8601: 完成
[2026-04-18 23:56:11] cleo: 完成
[2026-04-18 23:56:18] cleverdict: 完成
[2026-04-18 23:56:20] click: 完成
[2026-04-18 23:56:22] click-didyoumean: 完成
[2026-04-18 23:56:25] click-extra: 完成
[2026-04-18 23:56:28] click-option-group: 完成
[2026-04-18 23:56:30] click-plugins: 完成
[2026-04-18 23:56:32] click-repl: 完成
[2026-04-18 23:56:39] clint: 完成
[2026-04-18 23:56:42] cloudant: 完成
[2026-04-18 23:56:44] cloudpickle: 完成
[2026-04-18 23:56:46] cloup: 完成
[2026-04-18 23:56:47] colorama: 完成
[2026-04-18 23:56:49] colorclass: 完成
[2026-04-18 23:56:50] colored: 完成
[2026-04-18 23:56:52] colorlog: 完成
[2026-04-18 23:56:54] colout: 完成
[2026-04-18 23:56:56] comm: 完成
[2026-04-18 23:57:03] commonregex: 完成
[2026-04-18 23:57:04] configargparse: 完成
[2026-04-18 23:57:06] configobj: 完成
[2026-04-18 23:57:08] configupdater: 完成
[2026-04-18 23:57:09] constraints-txt: 完成
[2026-04-18 23:57:10] contextlib2: 完成
[2026-04-18 23:58:47] contourpy: 完成
[2026-04-18 23:58:56] cookiecutter: 完成
[2026-04-18 23:59:01] coolname: 完成
[2026-04-18 23:59:12] copier: 完成
[2026-04-18 23:59:17] crashtest: 完成
[2026-04-18 23:59:19] cron-descriptor: 完成
[2026-04-18 23:59:21] croniter: 完成
[2026-04-18 23:59:23] cronsim: 完成
[2026-04-18 23:59:27] cryptography: 完成
[2026-04-18 23:59:35] csvkit: 完成
[2026-04-18 23:59:49] csvs-to-sqlite: 完成
[2026-04-18 23:59:50] cycler: 完成
[2026-04-18 23:59:54] cyclopts: 完成
[2026-04-18 23:59:57] cython: 完成
[2026-04-19 00:00:38] daffy: 完成
[2026-04-19 00:00:42] dask: 完成
[2026-04-19 00:00:46] databases: 完成
[2026-04-19 00:00:48] dataclasses: 完成
[2026-04-19 00:00:53] dataset: 完成
[2026-04-19 00:00:57] datasketch: 完成
[2026-04-19 00:00:59] datatest: 完成
[2026-04-19 00:01:02] datatile: 完成
[2026-04-19 00:01:06] dateparser: 完成
[2026-04-19 00:01:10] datetime: 完成
[2026-04-19 00:02:14] db-py: 完成
[2026-04-19 00:02:16] dbfread: 完成
[2026-04-19 00:02:18] debuglater: 完成
[2026-04-19 00:02:20] debugpy: 完成
[2026-04-19 00:02:22] decorator: 完成
[2026-04-19 00:02:24] decore: 完成
[2026-04-19 00:02:27] deepdiff: 完成
[2026-04-19 00:03:54] deeplake: 完成
[2026-04-19 00:03:56] deepmerge: 完成
[2026-04-19 00:03:58] defusedxml: 完成
[2026-04-19 00:04:01] deprecated: 完成
[2026-04-19 00:04:03] dialite: 完成
[2026-04-19 00:04:04] dill: 完成
[2026-04-19 00:04:06] dirty-equals: 完成
[2026-04-19 00:04:08] distlib: 完成
[2026-04-19 00:04:10] distro: 完成
[2026-04-19 00:04:12] dnspython: 完成
[2026-04-19 00:04:16] docker: 完成
[2026-04-19 00:04:24] docopt: 完成
[2026-04-19 00:04:26] docopt-ng: 完成
[2026-04-19 00:04:27] docstring-parser: 完成
[2026-04-19 00:04:29] docutils: 完成
[2026-04-19 00:04:31] donfig: 完成
[2026-04-19 00:04:35] dulwich: 完成
[2026-04-19 00:04:37] dunamai: 完成
[2026-04-19 00:04:39] durationpy: 完成
[2026-04-19 00:04:41] dynaconf: 完成
[2026-04-19 00:04:43] easyprocess: 完成
[2026-04-19 00:08:13] elastic-transport: 完成
[2026-04-19 00:08:18] elasticsearch: 完成
[2026-04-19 00:08:21] elasticsearch-dsl: 完成
[2026-04-19 00:08:24] email-validator: 完成
[2026-04-19 00:08:26] emoji: 完成
[2026-04-19 00:09:46] enaml: 完成
[2026-04-19 00:09:53] entrypoint2: 完成
[2026-04-19 00:09:55] entrypoints: 完成
[2026-04-19 00:09:56] et-xmlfile: 完成
[2026-04-19 00:09:58] everett: 完成
[2026-04-19 00:10:00] exceptiongroup: 完成
[2026-04-19 00:10:02] executing: 完成
[2026-04-19 00:10:03] extra-platforms: 完成
[2026-04-19 00:15:16] fabric: 完成
[2026-04-19 00:15:22] fabric39: 完成
[2026-04-19 00:15:34] fabtools: 完成
[2026-04-19 00:15:36] face: 完成
[2026-04-19 00:15:38] fake-useragent: 完成
[2026-04-19 00:15:40] faker: 完成
[2026-04-19 00:15:43] fakeredis: 完成
[2026-04-19 00:15:48] fastapi: 完成
[2026-04-19 00:19:11] fastapi-cli: 完成
[2026-04-19 00:19:18] fastcore: 完成
[2026-04-19 00:19:24] fastjsonschema: 完成
[2026-04-19 00:19:46] faust: 完成
[2026-04-19 00:19:58] feedparser: 完成
[2026-04-19 00:20:06] filedepot: 完成
[2026-04-19 00:20:07] filelock: 完成
[2026-04-19 00:20:09] filetype: 完成
[2026-04-19 00:20:12] findpython: 完成
[2026-04-19 00:20:14] fire: 完成
[2026-04-19 00:20:17] flask: 完成
[2026-04-19 00:20:21] flask-restful: 完成
[2026-04-19 00:20:23] flatbuffers: 完成
[2026-04-19 00:20:26] flexx: 完成
[2026-04-19 00:20:27] flupy: 完成
[2026-04-19 00:20:30] fonttools: 完成
[2026-04-19 00:20:33] fqdn: 完成
[2026-04-19 00:20:43] free-proxy: 完成
[2026-04-19 00:20:45] frozenlist: 完成
[2026-04-19 00:20:48] fs: 完成
[2026-04-19 00:20:49] fsspec: 完成
[2026-04-19 00:20:51] funcy: 完成
[2026-04-19 00:20:53] future: 完成
[2026-04-19 00:20:55] future-typing: 完成
[2026-04-19 00:21:03] futures: 完成
[2026-04-19 00:21:09] gdown: 完成
[2026-04-19 00:24:19] gin-config: 完成
[2026-04-19 00:24:35] gino: 完成
[2026-04-19 00:24:37] gitdb: 完成
[2026-04-19 00:24:40] gitpython: 完成
[2026-04-19 00:24:42] glom: 完成
[2026-04-19 00:24:59] google-api-core: 完成
[2026-04-19 00:25:08] google-api-python-client: 完成
[2026-04-19 00:25:11] google-auth: 完成
[2026-04-19 00:25:15] google-auth-httplib2: 完成
[2026-04-19 00:25:21] google-auth-oauthlib: 完成
[2026-04-19 00:26:03] google-cloud-core: 完成
[2026-04-19 00:26:10] google-cloud-storage: 完成
[2026-04-19 00:26:11] google-crc32c: 完成
[2026-04-19 00:26:13] google-resumable-media: 完成
[2026-04-19 00:26:16] googleapis-common-protos: 完成
[2026-04-19 00:26:18] graphviz: 完成
[2026-04-19 00:26:31] great-expectations: 完成
[2026-04-19 00:26:33] greenback: 完成
[2026-04-19 00:26:35] greenlet: 完成
[2026-04-19 00:26:37] griffe: 完成
[2026-04-19 00:26:39] griffecli: 完成
[2026-04-19 00:26:40] griffelib: 完成
[2026-04-19 00:28:05] gsheetsdb: 完成
[2026-04-19 00:28:09] h11: 完成
[2026-04-19 00:28:11] h2: 完成
[2026-04-19 00:28:37] happybase: 完成
[2026-04-19 00:28:57] hiredis: 完成
[2026-04-19 00:28:59] holidays: 完成
[2026-04-19 00:29:01] hpack: 完成
[2026-04-19 00:29:03] html5lib: 完成
[2026-04-19 00:29:05] httpcore: 完成
[2026-04-19 00:29:07] httplib2: 完成
[2026-04-19 00:29:09] httptools: 完成
[2026-04-19 00:29:12] httpx: 完成
[2026-04-19 00:29:29] hub: 完成
[2026-04-19 00:29:35] huey: 完成
[2026-04-19 00:29:39] humanize: 完成
[2026-04-19 00:29:42] humbug: 完成
[2026-04-19 00:29:43] hyperframe: 完成
[2026-04-19 00:29:46] ibis-framework: 完成
[2026-04-19 00:29:48] id: 完成
[2026-04-19 00:29:50] identify: 完成
[2026-04-19 00:29:52] idna: 完成
[2026-04-19 00:30:00] ijson: 完成
[2026-04-19 00:30:02] imagesize: 完成
[2026-04-19 00:30:14] immutables: 完成
[2026-04-19 00:30:21] importlib-metadata: 完成
[2026-04-19 00:30:23] importlib-resources: 完成
[2026-04-19 00:30:25] inflect: 完成
[2026-04-19 00:30:27] inflection: 完成
[2026-04-19 00:30:30] influxdb: 完成
[2026-04-19 00:30:32] installer: 完成
[2026-04-19 00:30:40] intake: 完成
[2026-04-19 00:30:42] interchange: 完成
[2026-04-19 00:30:43] invoke: 完成
[2026-04-19 00:30:47] ipdb: 完成
[2026-04-19 00:31:06] ipython: 完成
[2026-04-19 00:31:08] ipython-genutils: 完成
[2026-04-19 00:31:10] ipython-pygments-lexers: 完成
[2026-04-19 00:31:24] ipywidgets: 完成
[2026-04-19 00:31:26] iso8601: 完成
[2026-04-19 00:31:27] isodate: 完成
[2026-04-19 00:31:29] isoduration: 完成
[2026-04-19 00:31:31] itsdangerous: 完成
[2026-04-19 00:31:35] janus: 完成
[2026-04-19 00:31:37] jaraco-classes: 完成
[2026-04-19 00:31:38] jaraco-context: 完成
[2026-04-19 00:31:41] jaraco-functools: 完成
[2026-04-19 00:31:43] jedi: 完成
[2026-04-19 00:31:44] jeepney: 完成
[2026-04-19 00:31:46] jinja2: 完成
[2026-04-19 00:31:48] jinja2-ansible-filters: 完成
[2026-04-19 00:31:50] jinja2-humanize-extension: 完成
[2026-04-19 00:31:51] jmespath: 完成
[2026-04-19 00:31:53] joblib: 完成
[2026-04-19 00:32:00] json-table-schema: 完成
[2026-04-19 00:32:01] json5: 完成
[2026-04-19 00:32:03] jsonlines: 完成
[2026-04-19 00:32:05] jsonpatch: 完成
[2026-04-19 00:32:06] jsonpickle: 完成
[2026-04-19 00:32:08] jsonpointer: 完成
[2026-04-19 00:32:09] jsonref: 完成
[2026-04-19 00:32:12] jsonschema: 完成
[2026-04-19 00:32:14] jsonschema-specifications: 完成
[2026-04-19 00:32:46] jupyter-client: 完成
[2026-04-19 00:32:56] jupyter-core: 完成
[2026-04-19 00:33:00] jupyter-events: 完成
[2026-04-19 00:33:11] jupyter-lsp: 完成
[2026-04-19 00:33:20] jupyter-server: 完成
[2026-04-19 00:33:25] jupyter-server-terminals: 完成
[2026-04-19 00:33:39] jupyterlab-pygments: 完成
[2026-04-19 00:33:51] jupyterlab-server: 完成
[2026-04-19 00:33:52] jupyterlab-widgets: 完成
[2026-04-19 00:33:56] jupytext: 完成
[2026-04-19 00:33:58] kafka-python: 完成
[2026-04-19 00:34:11] kedro: 完成
[2026-04-19 00:34:17] kedro-telemetry: 完成
[2026-04-19 00:34:21] keyboard: 完成
[2026-04-19 00:34:23] keyring: 完成
[2026-04-19 00:34:37] kfp: 完成
[2026-04-19 00:34:41] kfp-pipeline-spec: 完成
[2026-04-19 00:34:43] kfp-server-api: 完成
[2026-04-19 00:34:46] kivy-garden: 完成
[2026-04-19 00:34:47] kiwisolver: 完成
[2026-04-19 00:34:49] kombu: 完成
[2026-04-19 00:36:04] kubeflow-kale: 完成
[2026-04-19 00:36:12] kubernetes: 完成
[2026-04-19 00:36:14] lark: 完成
[2026-04-19 00:36:21] lazy-import: 完成
[2026-04-19 00:36:32] lazy-object-proxy: 完成
[2026-04-19 00:36:36] lazydata: 完成
[2026-04-19 00:36:38] leather: 完成
[2026-04-19 00:39:15] libcst: 完成
[2026-04-19 00:39:27] linear-tsv: 完成
[2026-04-19 00:39:29] linkify-it-py: 完成
[2026-04-19 00:39:33] lml: 完成
[2026-04-19 00:39:35] locket: 完成
[2026-04-19 00:39:37] lockfile: 完成
[2026-04-19 00:39:39] luigi: 完成
[2026-04-19 00:43:12] lxml: 完成
[2026-04-19 00:43:14] lz4: 完成
[2026-04-19 00:43:16] mako: 完成
[2026-04-19 00:43:41] mara-db: 完成
[2026-04-19 00:43:44] mara-page: 完成
[2026-04-19 00:43:52] markdown: 完成
[2026-04-19 00:43:54] markdown-it-py: 完成
[2026-04-19 00:43:56] markupsafe: 完成
[2026-04-19 00:43:58] marshmallow: 完成
[2026-04-19 00:48:16] matplotlib: 完成
[2026-04-19 00:48:19] matplotlib-inline: 完成
[2026-04-19 00:48:23] maturin: 完成
[2026-04-19 00:48:25] mdit-py-plugins: 完成
[2026-04-19 00:48:26] mdurl: 完成
[2026-04-19 00:48:36] messytables: 完成
[2026-04-19 00:48:38] methodtools: 完成
[2026-04-19 00:48:54] meza: 完成
[2026-04-19 00:48:57] mezmorize: 完成
[2026-04-19 00:49:07] millify: 完成
[2026-04-19 00:49:42] minio: 完成
[2026-04-19 00:49:44] mistune: 完成
[2026-04-19 01:20:37] mleap: 完成
[2026-04-19 01:20:40] mo-dots: 完成
[2026-04-19 01:20:42] mo-future: 完成
[2026-04-19 01:20:43] mo-imports: 完成
[2026-04-19 01:20:45] mo-kwargs: 完成
[2026-04-19 01:20:48] mo-logs: 完成
[2026-04-19 01:20:49] mode: 完成
[2026-04-19 01:21:45] mongo-connector: 完成
[2026-04-19 01:21:48] mongoengine: 完成
[2026-04-19 01:21:50] monotonic: 完成
[2026-04-19 01:21:51] more-itertools: 完成
[2026-04-19 01:21:54] motor: 完成
[2026-04-19 01:21:57] moz-sql-parser: 完成
[2026-04-19 01:21:58] mpmath: 完成
[2026-04-19 01:22:00] mrjob: 完成
[2026-04-19 01:22:02] msgpack: 完成
[2026-04-19 01:22:05] msgpack-numpy: 完成
[2026-04-19 01:22:18] msgspec: 完成
[2026-04-19 01:22:20] mss: 完成
[2026-04-19 01:22:22] multidict: 完成
[2026-04-19 01:22:24] multimethod: 完成
[2026-04-19 01:22:26] multiprocess: 完成
[2026-04-19 01:22:28] munch: 完成
[2026-04-19 01:22:30] mypy-extensions: 完成
[2026-04-19 01:22:32] narwhals: 完成
[2026-04-19 01:22:34] natsort: 完成
[2026-04-19 01:22:56] nbclient: 完成
[2026-04-19 01:23:03] nbconvert: 完成
[2026-04-19 01:23:07] nbformat: 完成
[2026-04-19 01:23:09] neo4j-driver: 完成
[2026-04-19 01:23:10] nest-asyncio: 完成
[2026-04-19 01:23:16] netmiko: 完成
[2026-04-19 01:23:18] networkx: 完成
[2026-04-19 01:24:48] nh3: 完成
[2026-04-19 01:24:50] nodeenv: 完成
[2026-04-19 01:25:13] notebook-shim: 完成
[2026-04-19 01:25:14] ntc-templates: 完成
[2026-04-19 01:27:06] numcodecs: 完成
[2026-04-19 01:27:26] numexpr: 完成
[2026-04-19 01:27:28] numpy: 完成
[2026-04-19 01:27:30] numpy-groupies: 完成
[2026-04-19 01:27:32] oauthlib: 完成
[2026-04-19 01:27:37] odmantic: 完成
[2026-04-19 01:27:40] olefile: 完成
[2026-04-19 01:27:42] omegaconf: 完成
[2026-04-19 01:27:47] onecite: 完成
[2026-04-19 01:45:44] openpyxl: 完成
[2026-04-19 01:45:46] opentelemetry-api: 完成
[2026-04-19 01:46:13] opentelemetry-exporter-otlp-proto-common: 完成
[2026-04-19 01:46:39] opentelemetry-exporter-otlp-proto-http: 完成
[2026-04-19 01:46:43] opentelemetry-instrumentation: 完成
[2026-04-19 01:46:47] opentelemetry-instrumentation-grpc: 完成
[2026-04-19 01:46:49] opentelemetry-proto: 完成
[2026-04-19 01:46:51] opentelemetry-sdk: 完成
[2026-04-19 01:46:53] opentelemetry-semantic-conventions: 完成
[2026-04-19 01:47:01] opentracing: 完成
[2026-04-19 01:47:03] ordered-set: 完成
[2026-04-19 01:47:04] orderly-set: 完成
[2026-04-19 01:47:07] orjson: 完成
[2026-04-19 01:47:09] outcome: 完成
[2026-04-19 01:47:10] packaging: 完成
[2026-04-19 01:47:12] pampy: 完成
[2026-04-19 01:47:48] pandas: 完成
[2026-04-19 01:47:52] pandas-datareader: 完成
[2026-04-19 01:48:14] pandas-summary: 完成
[2026-04-19 01:48:24] pandasql: 完成
[2026-04-19 01:48:29] pandera: 完成
[2026-04-19 01:48:32] pandocfilters: 完成
[2026-04-19 01:48:34] pansi: 完成
[2026-04-19 01:48:40] papermill: 完成
[2026-04-19 01:48:42] param: 完成
[2026-04-19 01:48:46] paramiko: 完成
[2026-04-19 01:48:47] parse: 完成
[2026-04-19 01:48:49] parsedatetime: 完成
[2026-04-19 01:48:50] parso: 完成
[2026-04-19 01:48:52] parsy: 完成
[2026-04-19 01:48:54] partd: 完成
[2026-04-19 01:48:55] path: 完成
[2026-04-19 01:48:57] pathlib: 完成
[2026-04-19 01:48:59] pathlib-abc: 完成
[2026-04-19 01:49:00] pathlib2: 完成
[2026-04-19 01:49:02] pathos: 完成
[2026-04-19 01:49:04] pathspec: 完成
[2026-04-19 01:49:05] pbs-installer: 完成
[2026-04-19 01:49:47] pdfminer: 完成
[2026-04-19 01:49:52] pdpipe: 完成
[2026-04-19 01:49:54] peewee: 完成
[2026-04-19 01:49:55] pegen: 完成
[2026-04-19 01:49:57] pendulum: 完成
[2026-04-19 01:49:59] petl: 完成
[2026-04-19 01:50:01] pexpect: 完成
[2026-04-19 01:50:03] phonenumbers: 完成
[2026-04-19 01:50:09] piccolo: 完成
[2026-04-19 01:50:12] pickledb: 完成
[2026-04-19 01:50:14] pillow: 完成
[2026-04-19 01:50:16] pinject: 完成
[2026-04-19 01:50:17] pkginfo: 完成
[2026-04-19 01:50:19] platformdirs: 完成
[2026-04-19 01:50:37] ploomber-core: 完成
[2026-04-19 01:50:48] ploomber-engine: 完成
[2026-04-19 01:50:51] ploomber-extension: 完成
[2026-04-19 01:50:53] ploomber-scaffold: 完成
[2026-04-19 01:50:55] pluggy: 完成
[2026-04-19 01:51:02] pluginbase: 完成
[2026-04-19 01:51:03] plumbum: 完成
[2026-04-19 01:51:05] ply: 完成
[2026-04-19 01:51:54] poetry: 完成
[2026-04-19 01:51:56] poetry-core: 完成
[2026-04-19 01:51:58] pony: 完成
[2026-04-19 01:51:59] portalocker: 完成
[2026-04-19 01:52:03] posthog: 完成
[2026-04-19 01:52:05] powerline-shell: 完成
[2026-04-19 01:52:07] pox: 完成
[2026-04-19 01:52:09] ppft: 完成
[2026-04-19 01:52:12] pre-commit: 完成
[2026-04-19 01:56:17] prettytable: 完成
[2026-04-19 01:56:19] price-parser: 完成
[2026-04-19 01:56:25] prisma: 完成
[2026-04-19 01:56:27] prometheus-client: 完成
[2026-04-19 01:56:28] prompt-toolkit: 完成
[2026-04-19 01:56:31] propcache: 完成
[2026-04-19 01:56:33] proto-plus: 完成
[2026-04-19 01:56:35] protobuf: 完成
[2026-04-19 01:56:36] pscript: 完成
[2026-04-19 01:57:04] psycopg2: 完成
[2026-04-19 01:57:06] psycopg2-binary: 完成
[2026-04-19 01:57:08] ptyprocess: 完成
[2026-04-19 01:57:12] pugsql: 完成
[2026-04-19 01:57:38] pure-eval: 完成
[2026-04-19 01:57:40] py-key-value-aio: 完成
[2026-04-19 01:57:42] py-lru-cache: 完成
[2026-04-19 01:57:45] py2neo: 完成
[2026-04-19 01:57:47] py4j: 完成
[2026-04-19 01:57:55] pyahocorasick: 完成
[2026-04-19 01:57:57] pyasn1: 完成
[2026-04-19 01:57:59] pyasn1-modules: 完成
[2026-04-19 01:58:00] pybars3: 完成
[2026-04-19 01:58:02] pycodestyle: 完成
[2026-04-19 01:58:04] pycparser: 完成
[2026-04-19 01:58:06] pycryptodome: 完成
[2026-04-19 01:58:38] pycryptodomex: 完成
[2026-04-19 01:58:44] pydantic: 完成
[2026-04-19 01:58:47] pydantic-core: 完成
[2026-04-19 01:58:52] pydantic-extra-types: 完成
[2026-04-19 01:58:56] pydantic-settings: 完成
[2026-04-19 01:59:01] pydata-google-auth: 完成
[2026-04-19 02:02:34] pyexcel-io: 完成
[2026-04-19 02:02:36] pyexcel-xlsx: 完成
[2026-04-19 02:02:38] pyfiglet: 完成
[2026-04-19 02:02:39] pyflakes: 完成
[2026-04-19 02:02:41] pyfunctional: 完成
[2026-04-19 02:03:59] pygame: 完成
[2026-04-19 02:04:01] pygments: 完成
[2026-04-19 02:04:03] pygogo: 完成
[2026-04-19 02:04:09] pygsheets: 完成
[2026-04-19 02:04:11] pygtrie: 完成
[2026-04-19 02:04:19] pyhdb: 完成
[2026-04-19 02:07:36] pyjwt: 完成
[2026-04-19 02:07:37] pymeta3: 完成
[2026-04-19 02:07:50] pymodm: 完成
[2026-04-19 02:07:53] pymongo: 完成
[2026-04-19 02:07:54] pympler: 完成
[2026-04-19 02:07:56] pymysql: 完成
[2026-04-19 02:07:58] pynacl: 完成
[2026-04-19 02:08:01] pynamodb: 完成
[2026-04-19 02:08:04] pyparsing: 完成
[2026-04-19 02:08:11] pypattyrn: 完成
[2026-04-19 02:08:19] pypeln: 完成
[2026-04-19 02:08:21] pypika: 完成
[2026-04-19 02:08:23] pypika-tortoise: 完成
[2026-04-19 02:08:24] pyproject-hooks: 完成
[2026-04-19 02:08:27] pypyr: 完成
[2026-04-19 02:08:29] pyrsistent: 完成
[2026-04-19 02:08:32] pyscaffold: 完成
[2026-04-19 02:08:33] pyscreenshot: 完成
[2026-04-19 02:08:35] pyserial: 完成
[2026-04-19 02:09:07] pysimdjson: 完成
[2026-04-19 02:09:10] pysimplegui: 完成
[2026-04-19 02:09:11] pysocks: 完成
[2026-04-19 02:09:24] pysolr: 完成
[2026-04-19 02:09:33] pysparkling: 完成
[2026-04-19 02:09:35] pystorm: 完成
[2026-04-19 02:09:38] python-benedict: 完成
[2026-04-19 02:09:40] python-box: 完成
[2026-04-19 02:09:41] python-daemon: 完成
[2026-04-19 02:09:43] python-dateutil: 完成
[2026-04-19 02:09:44] python-decouple: 完成
[2026-04-19 02:09:46] python-discovery: 完成
[2026-04-19 02:09:47] python-dotenv: 完成
[2026-04-19 02:09:49] python-fsutil: 完成
[2026-04-19 02:09:50] python-json-logger: 完成
[2026-04-19 02:09:52] python-magic: 完成
[2026-04-19 02:09:54] python-multipart: 完成
[2026-04-19 02:10:10] python-rapidjson: 完成
[2026-04-19 02:10:12] python-slugify: 完成
[2026-04-19 02:10:13] pythondialog: 完成
[2026-04-19 02:10:15] pytimeparse: 完成
[2026-04-19 02:10:16] pytokens: 完成
[2026-04-19 02:10:18] pytz: 完成
[2026-04-19 02:10:20] pyyaml: 完成
[2026-04-19 02:10:22] pyyaml-ft: 完成
[2026-04-19 02:10:24] pyzmq: 完成
[2026-04-19 02:10:26] quantile-python: 完成
[2026-04-19 02:10:35] queries: 完成
[2026-04-19 02:10:36] questionary: 完成
[2026-04-19 02:10:39] rapidfuzz: 完成
[2026-04-19 02:10:44] rasgoql: 完成
[2026-04-19 02:10:46] rasgotransforms: 完成
[2026-04-19 02:10:53] ratelimit: 完成
[2026-04-19 02:10:55] readchar: 完成
[2026-04-19 02:10:57] readme-renderer: 完成
[2026-04-19 02:11:00] records: 完成
[2026-04-19 02:11:02] redis: 完成
[2026-04-19 02:11:04] redis-py-cluster: 完成
[2026-04-19 02:11:06] referencing: 完成
[2026-04-19 02:11:09] regex: 完成
[2026-04-19 02:11:11] requests: 完成
[2026-04-19 02:11:14] requests-oauthlib: 完成
[2026-04-19 02:11:16] requests-toolbelt: 完成
[2026-04-19 02:11:18] resolvelib: 完成
[2026-04-19 02:11:20] retrying: 完成
[2026-04-19 02:11:21] returns: 完成
[2026-04-19 02:11:23] rfc3339-validator: 完成
[2026-04-19 02:11:24] rfc3986: 完成
[2026-04-19 02:11:26] rfc3986-validator: 完成
[2026-04-19 02:11:27] rfc3987-syntax: 完成
[2026-04-19 02:11:30] rich: 完成
[2026-04-19 02:11:32] rich-argparse: 完成
[2026-04-19 02:11:35] rich-rst: 完成
[2026-04-19 02:11:37] rich-toolkit: 完成
[2026-04-19 02:11:43] riko: 完成
[2026-04-19 02:11:45] robinhood-aiokafka: 完成
[2026-04-19 02:11:46] roman-numerals: 完成
[2026-04-19 02:11:53] rows: 完成
[2026-04-19 02:11:56] rpds-py: 完成
[2026-04-19 02:11:58] rq: 完成
[2026-04-19 02:12:00] rsa: 完成
[2026-04-19 02:13:23] rtoml: 完成
[2026-04-19 02:13:26] ruamel-yaml: 完成
[2026-04-19 02:13:28] ruamel-yaml-clib: 完成
[2026-04-19 02:13:36] s3fs: 完成
[2026-04-19 02:13:39] s3transfer: 完成
[2026-04-19 02:13:47] scandir: 完成
[2026-04-19 02:13:48] schedule: 完成
[2026-04-19 02:13:50] schema: 完成
[2026-04-19 02:13:52] schematics: 完成
[2026-04-19 02:14:02] scholarly: 完成
[2026-04-19 02:14:05] scikit-learn: 完成
[2026-04-19 02:14:08] scipy: 完成
[2026-04-19 02:14:13] scp: 完成
[2026-04-19 02:14:19] seaborn: 完成
[2026-04-19 02:14:22] secretstorage: 完成
[2026-04-19 02:14:26] selenium: 完成
[2026-04-19 02:14:27] semver: 完成
[2026-04-19 02:14:29] send2trash: 完成
[2026-04-19 02:14:39] setproctitle: 完成
[2026-04-19 02:14:40] setuptools: 完成
[2026-04-19 02:14:43] setuptools-scm: 完成
[2026-04-19 02:14:44] sgmllib3k: 完成
[2026-04-19 02:14:46] sh: 完成
[2026-04-19 02:14:47] shellingham: 完成
[2026-04-19 02:14:49] simplejson: 完成
[2026-04-19 02:14:58] singer-python: 完成
[2026-04-19 02:15:00] six: 完成
[2026-04-19 02:15:02] skutil: 完成
[2026-04-19 02:15:05] smart-open: 完成
[2026-04-19 02:15:06] smmap: 完成
[2026-04-19 02:15:08] sniffio: 完成
[2026-04-19 02:15:09] snowballstemmer: 完成
[2026-04-19 02:15:11] sortedcontainers: 完成
[2026-04-19 02:15:13] soupsieve: 完成
[2026-04-19 02:15:18] sphinx: 完成
[2026-04-19 02:15:23] sphinx-rtd-theme: 完成
[2026-04-19 02:15:24] sphinxcontrib-applehelp: 完成
[2026-04-19 02:15:26] sphinxcontrib-devhelp: 完成
[2026-04-19 02:15:27] sphinxcontrib-htmlhelp: 完成
[2026-04-19 02:15:31] sphinxcontrib-jquery: 完成
[2026-04-19 02:15:33] sphinxcontrib-jsmath: 完成
[2026-04-19 02:15:34] sphinxcontrib-qthelp: 完成
[2026-04-19 02:15:36] sphinxcontrib-serializinghtml: 完成
[2026-04-19 02:15:39] sqlalchemy: 完成
[2026-04-19 02:15:42] sqlalchemy-jsonfield: 完成
[2026-04-19 02:15:45] sqlalchemy-utils: 完成
[2026-04-19 02:15:48] sqlglot: 完成
[2026-04-19 02:15:55] sqlitedict: 完成
[2026-04-19 02:16:01] sqlmodel: 完成
[2026-04-19 02:16:03] sqlparse: 完成
[2026-04-19 02:17:09] srsly: 完成
[2026-04-19 02:17:29] sshtunnel: 完成
[2026-04-19 02:17:32] stack-data: 完成
[2026-04-19 02:17:34] starlette: 完成
[2026-04-19 02:17:37] static-frame: 完成
[2026-04-19 02:17:39] stopit: 完成
[2026-04-19 02:17:47] storm: 完成
[2026-04-19 02:17:49] strct: 完成
[2026-04-19 02:17:57] streamparse: 完成
[2026-04-19 02:17:59] strictyaml: 完成
[2026-04-19 02:18:01] structlog: 完成
[2026-04-19 02:18:03] supervisor: 完成
[2026-04-19 02:18:05] svcs: 完成
[2026-04-19 02:18:19] sympy: 完成
[2026-04-19 02:18:20] tablib: 完成
[2026-04-19 02:18:22] tabulate: 完成
[2026-04-19 02:18:30] tabulator: 完成
[2026-04-19 02:18:32] targ: 完成
[2026-04-19 02:18:40] tasktiger: 完成
[2026-04-19 02:18:41] tenacity: 完成
[2026-04-19 02:18:43] termcolor: 完成
[2026-04-19 02:18:45] terminado: 完成
[2026-04-19 02:18:46] terminaltables: 完成
[2026-04-19 02:18:48] text-unidecode: 完成
[2026-04-19 02:18:49] textfsm: 完成
[2026-04-19 02:18:51] texttable: 完成
[2026-04-19 02:18:54] thefuzz: 完成
[2026-04-19 02:18:55] threadpoolctl: 完成
[2026-04-19 02:18:57] thriftpy2: 完成
[2026-04-19 02:18:59] tinycss2: 完成
[2026-04-19 02:19:01] tinydb: 完成
[2026-04-19 02:19:03] toga: 完成
[2026-04-19 02:19:05] toga-android: 完成
[2026-04-19 02:19:06] toga-core: 完成
[2026-04-19 02:19:08] toml: 完成
[2026-04-19 02:19:10] tomli: 完成
[2026-04-19 02:19:11] tomli-w: 完成
[2026-04-19 02:19:13] tomlkit: 完成
[2026-04-19 02:19:14] toolz: 完成
[2026-04-19 02:19:16] tornado: 完成
[2026-04-19 02:19:19] tortoise-orm: 完成
[2026-04-19 02:19:20] tqdm: 完成
[2026-04-19 02:19:22] traceml: 完成
[2026-04-19 02:19:24] traitlets: 完成
[2026-04-19 02:19:25] transitions: 完成
[2026-04-19 02:19:27] travertino: 完成
[2026-04-19 02:19:29] trio: 完成
[2026-04-19 02:19:31] trio-websocket: 完成
[2026-04-19 02:19:33] trove-classifiers: 完成
[2026-04-19 02:19:37] twine: 完成
[2026-04-19 02:19:40] typeguard: 完成
[2026-04-19 02:19:42] typer: 完成
[2026-04-19 02:19:45] types-python-dateutil: 完成
[2026-04-19 02:19:47] typical: 完成
[2026-04-19 02:19:54] typing: 完成
[2026-04-19 02:19:55] typing-extensions: 完成
[2026-04-19 02:19:57] typing-inspect: 完成
[2026-04-19 02:19:59] typing-inspection: 完成
[2026-04-19 02:20:01] tzdata: 完成
[2026-04-19 02:20:02] tzlocal: 完成
[2026-04-19 02:20:04] ubelt: 完成
[2026-04-19 02:20:06] uc-micro-py: 完成
[2026-04-19 02:20:24] ujson: 完成
[2026-04-19 02:20:27] umongo: 完成
[2026-04-19 02:20:29] uncalled-for: 完成
[2026-04-19 02:20:31] unicodecsv: 完成
[2026-04-19 02:20:32] unidecode: 完成
[2026-04-19 02:20:39] unipath: 完成
[2026-04-19 02:20:41] universal-pathlib: 完成
[2026-04-19 02:20:43] uri-template: 完成
[2026-04-19 02:20:45] uritemplate: 完成
[2026-04-19 02:20:47] urllib3: 完成
[2026-04-19 02:20:48] useful-types: 完成
[2026-04-19 02:20:50] uuid6: 完成
[2026-04-19 02:20:52] uvicorn: 完成
[2026-04-19 02:20:54] uvloop: 完成
[2026-04-19 02:20:55] validators: 完成
[2026-04-19 02:21:05] valideer: 完成
[2026-04-19 02:21:19] validr: 完成
[2026-04-19 02:21:22] vcs-versioning: 完成
[2026-04-19 02:21:24] venusian: 完成
[2026-04-19 02:21:25] vine: 完成
[2026-04-19 02:21:27] virtualenv: 完成
[2026-04-19 02:21:29] voluptuous: 完成
[2026-04-19 02:21:31] watchdog: 完成
[2026-04-19 02:21:33] watchfiles: 完成
[2026-04-19 02:21:34] wcmatch: 完成
[2026-04-19 02:21:36] wcwidth: 完成
[2026-04-19 02:21:38] webcolors: 完成
[2026-04-19 02:21:39] webencodings: 完成
[2026-04-19 02:21:41] webruntime: 完成
[2026-04-19 02:21:42] websocket-client: 完成
[2026-04-19 02:21:44] websockets: 完成
[2026-04-19 02:21:46] werkzeug: 完成
[2026-04-19 02:21:48] whenever: 完成
[2026-04-19 02:21:50] widgetsnbextension: 完成
[2026-04-19 02:21:53] wirerope: 完成
[2026-04-19 02:21:55] wrapt: 完成
[2026-04-19 02:21:58] wsproto: 完成
[2026-04-19 02:22:05] wssh: 完成
[2026-04-19 02:22:08] xarray: 完成
[2026-04-19 02:22:10] xlrd: 完成
[2026-04-19 02:22:12] xlsxwriter: 完成
[2026-04-19 02:22:14] xlwings: 完成
[2026-04-19 02:22:15] xmltodict: 完成
[2026-04-19 02:22:19] yarl: 完成
[2026-04-19 02:22:22] zarr: 完成
[2026-04-19 02:22:32] zipp: 完成
[2026-04-19 02:22:34] zope-event: 完成
[2026-04-19 02:22:36] zope-interface: 完成
[2026-04-19 02:22:38] zstandard: 完成
